<!doctype html public "-//w3c//dtd html 4.0 transitional//en">
<html><head>
<title>Static Call Graph - [.\output\stm32H7_bl_V1.0]</title></head>
<body><HR>
<H1>Static Call Graph for image .\output\stm32H7_bl_V1.0</H1><HR>
<BR><P>#&#060CALLGRAPH&#062# ARM Linker, 5060750: Last Updated: Thu Jan 15 11:02:16 2026
<BR><P>
<H3>Maximum Stack Usage =        344 bytes + Unknown(Cycles, Untraceable Function Pointers)</H3><H3>
Call chain for Maximum Stack Depth:</H3>
main &rArr; App_Usart_Init &rArr; UartInitial &rArr; HAL_UART_Init &rArr; HAL_UART_MspInit &rArr; HAL_NVIC_SetPriority &rArr; __NVIC_SetPriority
<P>
<H3>
Mutually Recursive functions
</H3> <LI><a href="#[1]">NMI_Handler</a>&nbsp;&nbsp;&nbsp;&rArr;&nbsp;&nbsp;&nbsp;<a href="#[1]">NMI_Handler</a><BR>
 <LI><a href="#[2]">HardFault_Handler</a>&nbsp;&nbsp;&nbsp;&rArr;&nbsp;&nbsp;&nbsp;<a href="#[2]">HardFault_Handler</a><BR>
 <LI><a href="#[3]">MemManage_Handler</a>&nbsp;&nbsp;&nbsp;&rArr;&nbsp;&nbsp;&nbsp;<a href="#[3]">MemManage_Handler</a><BR>
 <LI><a href="#[4]">BusFault_Handler</a>&nbsp;&nbsp;&nbsp;&rArr;&nbsp;&nbsp;&nbsp;<a href="#[4]">BusFault_Handler</a><BR>
 <LI><a href="#[5]">UsageFault_Handler</a>&nbsp;&nbsp;&nbsp;&rArr;&nbsp;&nbsp;&nbsp;<a href="#[5]">UsageFault_Handler</a><BR>
 <LI><a href="#[6]">SVC_Handler</a>&nbsp;&nbsp;&nbsp;&rArr;&nbsp;&nbsp;&nbsp;<a href="#[6]">SVC_Handler</a><BR>
 <LI><a href="#[7]">DebugMon_Handler</a>&nbsp;&nbsp;&nbsp;&rArr;&nbsp;&nbsp;&nbsp;<a href="#[7]">DebugMon_Handler</a><BR>
 <LI><a href="#[8]">PendSV_Handler</a>&nbsp;&nbsp;&nbsp;&rArr;&nbsp;&nbsp;&nbsp;<a href="#[8]">PendSV_Handler</a><BR>
 <LI><a href="#[81]">ADC3_IRQHandler</a>&nbsp;&nbsp;&nbsp;&rArr;&nbsp;&nbsp;&nbsp;<a href="#[81]">ADC3_IRQHandler</a><BR>
</UL>
<P>
<H3>
Function Pointers
</H3><UL>
 <LI><a href="#[81]">ADC3_IRQHandler</a> from startup_stm32h743xx.o(.text) referenced from startup_stm32h743xx.o(RESET)
 <LI><a href="#[1c]">ADC_IRQHandler</a> from startup_stm32h743xx.o(.text) referenced from startup_stm32h743xx.o(RESET)
 <LI><a href="#[83]">BDMA_Channel0_IRQHandler</a> from startup_stm32h743xx.o(.text) referenced from startup_stm32h743xx.o(RESET)
 <LI><a href="#[84]">BDMA_Channel1_IRQHandler</a> from startup_stm32h743xx.o(.text) referenced from startup_stm32h743xx.o(RESET)
 <LI><a href="#[85]">BDMA_Channel2_IRQHandler</a> from startup_stm32h743xx.o(.text) referenced from startup_stm32h743xx.o(RESET)
 <LI><a href="#[86]">BDMA_Channel3_IRQHandler</a> from startup_stm32h743xx.o(.text) referenced from startup_stm32h743xx.o(RESET)
 <LI><a href="#[87]">BDMA_Channel4_IRQHandler</a> from startup_stm32h743xx.o(.text) referenced from startup_stm32h743xx.o(RESET)
 <LI><a href="#[88]">BDMA_Channel5_IRQHandler</a> from startup_stm32h743xx.o(.text) referenced from startup_stm32h743xx.o(RESET)
 <LI><a href="#[89]">BDMA_Channel6_IRQHandler</a> from startup_stm32h743xx.o(.text) referenced from startup_stm32h743xx.o(RESET)
 <LI><a href="#[8a]">BDMA_Channel7_IRQHandler</a> from startup_stm32h743xx.o(.text) referenced from startup_stm32h743xx.o(RESET)
 <LI><a href="#[4]">BusFault_Handler</a> from startup_stm32h743xx.o(.text) referenced from startup_stm32h743xx.o(RESET)
 <LI><a href="#[62]">CEC_IRQHandler</a> from startup_stm32h743xx.o(.text) referenced from startup_stm32h743xx.o(RESET)
 <LI><a href="#[8b]">COMP1_IRQHandler</a> from startup_stm32h743xx.o(.text) referenced from startup_stm32h743xx.o(RESET)
 <LI><a href="#[91]">CRS_IRQHandler</a> from startup_stm32h743xx.o(.text) referenced from startup_stm32h743xx.o(RESET)
 <LI><a href="#[53]">DCMI_IRQHandler</a> from startup_stm32h743xx.o(.text) referenced from startup_stm32h743xx.o(RESET)
 <LI><a href="#[72]">DFSDM1_FLT0_IRQHandler</a> from startup_stm32h743xx.o(.text) referenced from startup_stm32h743xx.o(RESET)
 <LI><a href="#[73]">DFSDM1_FLT1_IRQHandler</a> from startup_stm32h743xx.o(.text) referenced from startup_stm32h743xx.o(RESET)
 <LI><a href="#[74]">DFSDM1_FLT2_IRQHandler</a> from startup_stm32h743xx.o(.text) referenced from startup_stm32h743xx.o(RESET)
 <LI><a href="#[75]">DFSDM1_FLT3_IRQHandler</a> from startup_stm32h743xx.o(.text) referenced from startup_stm32h743xx.o(RESET)
 <LI><a href="#[15]">DMA1_Stream0_IRQHandler</a> from startup_stm32h743xx.o(.text) referenced from startup_stm32h743xx.o(RESET)
 <LI><a href="#[16]">DMA1_Stream1_IRQHandler</a> from startup_stm32h743xx.o(.text) referenced from startup_stm32h743xx.o(RESET)
 <LI><a href="#[17]">DMA1_Stream2_IRQHandler</a> from startup_stm32h743xx.o(.text) referenced from startup_stm32h743xx.o(RESET)
 <LI><a href="#[18]">DMA1_Stream3_IRQHandler</a> from startup_stm32h743xx.o(.text) referenced from startup_stm32h743xx.o(RESET)
 <LI><a href="#[19]">DMA1_Stream4_IRQHandler</a> from startup_stm32h743xx.o(.text) referenced from startup_stm32h743xx.o(RESET)
 <LI><a href="#[1a]">DMA1_Stream5_IRQHandler</a> from startup_stm32h743xx.o(.text) referenced from startup_stm32h743xx.o(RESET)
 <LI><a href="#[1b]">DMA1_Stream6_IRQHandler</a> from startup_stm32h743xx.o(.text) referenced from startup_stm32h743xx.o(RESET)
 <LI><a href="#[38]">DMA1_Stream7_IRQHandler</a> from startup_stm32h743xx.o(.text) referenced from startup_stm32h743xx.o(RESET)
 <LI><a href="#[5e]">DMA2D_IRQHandler</a> from startup_stm32h743xx.o(.text) referenced from startup_stm32h743xx.o(RESET)
 <LI><a href="#[41]">DMA2_Stream0_IRQHandler</a> from startup_stm32h743xx.o(.text) referenced from startup_stm32h743xx.o(RESET)
 <LI><a href="#[42]">DMA2_Stream1_IRQHandler</a> from startup_stm32h743xx.o(.text) referenced from startup_stm32h743xx.o(RESET)
 <LI><a href="#[43]">DMA2_Stream2_IRQHandler</a> from startup_stm32h743xx.o(.text) referenced from startup_stm32h743xx.o(RESET)
 <LI><a href="#[44]">DMA2_Stream3_IRQHandler</a> from startup_stm32h743xx.o(.text) referenced from startup_stm32h743xx.o(RESET)
 <LI><a href="#[45]">DMA2_Stream4_IRQHandler</a> from startup_stm32h743xx.o(.text) referenced from startup_stm32h743xx.o(RESET)
 <LI><a href="#[49]">DMA2_Stream5_IRQHandler</a> from startup_stm32h743xx.o(.text) referenced from startup_stm32h743xx.o(RESET)
 <LI><a href="#[4a]">DMA2_Stream6_IRQHandler</a> from startup_stm32h743xx.o(.text) referenced from startup_stm32h743xx.o(RESET)
 <LI><a href="#[4b]">DMA2_Stream7_IRQHandler</a> from startup_stm32h743xx.o(.text) referenced from startup_stm32h743xx.o(RESET)
 <LI><a href="#[6a]">DMAMUX1_OVR_IRQHandler</a> from startup_stm32h743xx.o(.text) referenced from startup_stm32h743xx.o(RESET)
 <LI><a href="#[82]">DMAMUX2_OVR_IRQHandler</a> from startup_stm32h743xx.o(.text) referenced from startup_stm32h743xx.o(RESET)
 <LI><a href="#[7]">DebugMon_Handler</a> from startup_stm32h743xx.o(.text) referenced from startup_stm32h743xx.o(RESET)
 <LI><a href="#[92]">ECC_IRQHandler</a> from startup_stm32h743xx.o(.text) referenced from startup_stm32h743xx.o(RESET)
 <LI><a href="#[46]">ETH_IRQHandler</a> from startup_stm32h743xx.o(.text) referenced from startup_stm32h743xx.o(RESET)
 <LI><a href="#[47]">ETH_WKUP_IRQHandler</a> from startup_stm32h743xx.o(.text) referenced from startup_stm32h743xx.o(RESET)
 <LI><a href="#[10]">EXTI0_IRQHandler</a> from startup_stm32h743xx.o(.text) referenced from startup_stm32h743xx.o(RESET)
 <LI><a href="#[32]">EXTI15_10_IRQHandler</a> from startup_stm32h743xx.o(.text) referenced from startup_stm32h743xx.o(RESET)
 <LI><a href="#[11]">EXTI1_IRQHandler</a> from startup_stm32h743xx.o(.text) referenced from startup_stm32h743xx.o(RESET)
 <LI><a href="#[12]">EXTI2_IRQHandler</a> from startup_stm32h743xx.o(.text) referenced from startup_stm32h743xx.o(RESET)
 <LI><a href="#[13]">EXTI3_IRQHandler</a> from startup_stm32h743xx.o(.text) referenced from startup_stm32h743xx.o(RESET)
 <LI><a href="#[14]">EXTI4_IRQHandler</a> from startup_stm32h743xx.o(.text) referenced from startup_stm32h743xx.o(RESET)
 <LI><a href="#[21]">EXTI9_5_IRQHandler</a> from startup_stm32h743xx.o(.text) referenced from startup_stm32h743xx.o(RESET)
 <LI><a href="#[1d]">FDCAN1_IT0_IRQHandler</a> from startup_stm32h743xx.o(.text) referenced from startup_stm32h743xx.o(RESET)
 <LI><a href="#[1f]">FDCAN1_IT1_IRQHandler</a> from startup_stm32h743xx.o(.text) referenced from startup_stm32h743xx.o(RESET)
 <LI><a href="#[1e]">FDCAN2_IT0_IRQHandler</a> from startup_stm32h743xx.o(.text) referenced from startup_stm32h743xx.o(RESET)
 <LI><a href="#[20]">FDCAN2_IT1_IRQHandler</a> from startup_stm32h743xx.o(.text) referenced from startup_stm32h743xx.o(RESET)
 <LI><a href="#[48]">FDCAN_CAL_IRQHandler</a> from startup_stm32h743xx.o(.text) referenced from startup_stm32h743xx.o(RESET)
 <LI><a href="#[e]">FLASH_IRQHandler</a> from startup_stm32h743xx.o(.text) referenced from startup_stm32h743xx.o(RESET)
 <LI><a href="#[39]">FMC_IRQHandler</a> from startup_stm32h743xx.o(.text) referenced from startup_stm32h743xx.o(RESET)
 <LI><a href="#[55]">FPU_IRQHandler</a> from startup_stm32h743xx.o(.text) referenced from startup_stm32h743xx.o(RESET)
 <LI><a href="#[71]">HRTIM1_FLT_IRQHandler</a> from startup_stm32h743xx.o(.text) referenced from startup_stm32h743xx.o(RESET)
 <LI><a href="#[6b]">HRTIM1_Master_IRQHandler</a> from startup_stm32h743xx.o(.text) referenced from startup_stm32h743xx.o(RESET)
 <LI><a href="#[6c]">HRTIM1_TIMA_IRQHandler</a> from startup_stm32h743xx.o(.text) referenced from startup_stm32h743xx.o(RESET)
 <LI><a href="#[6d]">HRTIM1_TIMB_IRQHandler</a> from startup_stm32h743xx.o(.text) referenced from startup_stm32h743xx.o(RESET)
 <LI><a href="#[6e]">HRTIM1_TIMC_IRQHandler</a> from startup_stm32h743xx.o(.text) referenced from startup_stm32h743xx.o(RESET)
 <LI><a href="#[6f]">HRTIM1_TIMD_IRQHandler</a> from startup_stm32h743xx.o(.text) referenced from startup_stm32h743xx.o(RESET)
 <LI><a href="#[70]">HRTIM1_TIME_IRQHandler</a> from startup_stm32h743xx.o(.text) referenced from startup_stm32h743xx.o(RESET)
 <LI><a href="#[80]">HSEM1_IRQHandler</a> from startup_stm32h743xx.o(.text) referenced from startup_stm32h743xx.o(RESET)
 <LI><a href="#[2]">HardFault_Handler</a> from startup_stm32h743xx.o(.text) referenced from startup_stm32h743xx.o(RESET)
 <LI><a href="#[2a]">I2C1_ER_IRQHandler</a> from startup_stm32h743xx.o(.text) referenced from startup_stm32h743xx.o(RESET)
 <LI><a href="#[29]">I2C1_EV_IRQHandler</a> from startup_stm32h743xx.o(.text) referenced from startup_stm32h743xx.o(RESET)
 <LI><a href="#[2c]">I2C2_ER_IRQHandler</a> from startup_stm32h743xx.o(.text) referenced from startup_stm32h743xx.o(RESET)
 <LI><a href="#[2b]">I2C2_EV_IRQHandler</a> from startup_stm32h743xx.o(.text) referenced from startup_stm32h743xx.o(RESET)
 <LI><a href="#[4e]">I2C3_ER_IRQHandler</a> from startup_stm32h743xx.o(.text) referenced from startup_stm32h743xx.o(RESET)
 <LI><a href="#[4d]">I2C3_EV_IRQHandler</a> from startup_stm32h743xx.o(.text) referenced from startup_stm32h743xx.o(RESET)
 <LI><a href="#[64]">I2C4_ER_IRQHandler</a> from startup_stm32h743xx.o(.text) referenced from startup_stm32h743xx.o(RESET)
 <LI><a href="#[63]">I2C4_EV_IRQHandler</a> from startup_stm32h743xx.o(.text) referenced from startup_stm32h743xx.o(RESET)
 <LI><a href="#[7d]">JPEG_IRQHandler</a> from startup_stm32h743xx.o(.text) referenced from startup_stm32h743xx.o(RESET)
 <LI><a href="#[61]">LPTIM1_IRQHandler</a> from startup_stm32h743xx.o(.text) referenced from startup_stm32h743xx.o(RESET)
 <LI><a href="#[8c]">LPTIM2_IRQHandler</a> from startup_stm32h743xx.o(.text) referenced from startup_stm32h743xx.o(RESET)
 <LI><a href="#[8d]">LPTIM3_IRQHandler</a> from startup_stm32h743xx.o(.text) referenced from startup_stm32h743xx.o(RESET)
 <LI><a href="#[8e]">LPTIM4_IRQHandler</a> from startup_stm32h743xx.o(.text) referenced from startup_stm32h743xx.o(RESET)
 <LI><a href="#[8f]">LPTIM5_IRQHandler</a> from startup_stm32h743xx.o(.text) referenced from startup_stm32h743xx.o(RESET)
 <LI><a href="#[90]">LPUART1_IRQHandler</a> from startup_stm32h743xx.o(.text) referenced from startup_stm32h743xx.o(RESET)
 <LI><a href="#[5d]">LTDC_ER_IRQHandler</a> from startup_stm32h743xx.o(.text) referenced from startup_stm32h743xx.o(RESET)
 <LI><a href="#[5c]">LTDC_IRQHandler</a> from startup_stm32h743xx.o(.text) referenced from startup_stm32h743xx.o(RESET)
 <LI><a href="#[7c]">MDIOS_IRQHandler</a> from startup_stm32h743xx.o(.text) referenced from startup_stm32h743xx.o(RESET)
 <LI><a href="#[7b]">MDIOS_WKUP_IRQHandler</a> from startup_stm32h743xx.o(.text) referenced from startup_stm32h743xx.o(RESET)
 <LI><a href="#[7e]">MDMA_IRQHandler</a> from startup_stm32h743xx.o(.text) referenced from startup_stm32h743xx.o(RESET)
 <LI><a href="#[3]">MemManage_Handler</a> from startup_stm32h743xx.o(.text) referenced from startup_stm32h743xx.o(RESET)
 <LI><a href="#[1]">NMI_Handler</a> from startup_stm32h743xx.o(.text) referenced from startup_stm32h743xx.o(RESET)
 <LI><a href="#[67]">OTG_FS_EP1_IN_IRQHandler</a> from startup_stm32h743xx.o(.text) referenced from startup_stm32h743xx.o(RESET)
 <LI><a href="#[66]">OTG_FS_EP1_OUT_IRQHandler</a> from startup_stm32h743xx.o(.text) referenced from startup_stm32h743xx.o(RESET)
 <LI><a href="#[69]">OTG_FS_IRQHandler</a> from startup_stm32h743xx.o(.text) referenced from startup_stm32h743xx.o(RESET)
 <LI><a href="#[68]">OTG_FS_WKUP_IRQHandler</a> from startup_stm32h743xx.o(.text) referenced from startup_stm32h743xx.o(RESET)
 <LI><a href="#[50]">OTG_HS_EP1_IN_IRQHandler</a> from startup_stm32h743xx.o(.text) referenced from startup_stm32h743xx.o(RESET)
 <LI><a href="#[4f]">OTG_HS_EP1_OUT_IRQHandler</a> from startup_stm32h743xx.o(.text) referenced from startup_stm32h743xx.o(RESET)
 <LI><a href="#[52]">OTG_HS_IRQHandler</a> from startup_stm32h743xx.o(.text) referenced from startup_stm32h743xx.o(RESET)
 <LI><a href="#[51]">OTG_HS_WKUP_IRQHandler</a> from startup_stm32h743xx.o(.text) referenced from startup_stm32h743xx.o(RESET)
 <LI><a href="#[b]">PVD_AVD_IRQHandler</a> from startup_stm32h743xx.o(.text) referenced from startup_stm32h743xx.o(RESET)
 <LI><a href="#[8]">PendSV_Handler</a> from startup_stm32h743xx.o(.text) referenced from startup_stm32h743xx.o(RESET)
 <LI><a href="#[60]">QUADSPI_IRQHandler</a> from startup_stm32h743xx.o(.text) referenced from startup_stm32h743xx.o(RESET)
 <LI><a href="#[f]">RCC_IRQHandler</a> from startup_stm32h743xx.o(.text) referenced from startup_stm32h743xx.o(RESET)
 <LI><a href="#[54]">RNG_IRQHandler</a> from startup_stm32h743xx.o(.text) referenced from startup_stm32h743xx.o(RESET)
 <LI><a href="#[33]">RTC_Alarm_IRQHandler</a> from startup_stm32h743xx.o(.text) referenced from startup_stm32h743xx.o(RESET)
 <LI><a href="#[d]">RTC_WKUP_IRQHandler</a> from startup_stm32h743xx.o(.text) referenced from startup_stm32h743xx.o(RESET)
 <LI><a href="#[0]">Reset_Handler</a> from startup_stm32h743xx.o(.text) referenced from startup_stm32h743xx.o(RESET)
 <LI><a href="#[5b]">SAI1_IRQHandler</a> from startup_stm32h743xx.o(.text) referenced from startup_stm32h743xx.o(RESET)
 <LI><a href="#[5f]">SAI2_IRQHandler</a> from startup_stm32h743xx.o(.text) referenced from startup_stm32h743xx.o(RESET)
 <LI><a href="#[76]">SAI3_IRQHandler</a> from startup_stm32h743xx.o(.text) referenced from startup_stm32h743xx.o(RESET)
 <LI><a href="#[93]">SAI4_IRQHandler</a> from startup_stm32h743xx.o(.text) referenced from startup_stm32h743xx.o(RESET)
 <LI><a href="#[3a]">SDMMC1_IRQHandler</a> from startup_stm32h743xx.o(.text) referenced from startup_stm32h743xx.o(RESET)
 <LI><a href="#[7f]">SDMMC2_IRQHandler</a> from startup_stm32h743xx.o(.text) referenced from startup_stm32h743xx.o(RESET)
 <LI><a href="#[65]">SPDIF_RX_IRQHandler</a> from startup_stm32h743xx.o(.text) referenced from startup_stm32h743xx.o(RESET)
 <LI><a href="#[2d]">SPI1_IRQHandler</a> from startup_stm32h743xx.o(.text) referenced from startup_stm32h743xx.o(RESET)
 <LI><a href="#[2e]">SPI2_IRQHandler</a> from startup_stm32h743xx.o(.text) referenced from startup_stm32h743xx.o(RESET)
 <LI><a href="#[3c]">SPI3_IRQHandler</a> from startup_stm32h743xx.o(.text) referenced from startup_stm32h743xx.o(RESET)
 <LI><a href="#[58]">SPI4_IRQHandler</a> from startup_stm32h743xx.o(.text) referenced from startup_stm32h743xx.o(RESET)
 <LI><a href="#[59]">SPI5_IRQHandler</a> from startup_stm32h743xx.o(.text) referenced from startup_stm32h743xx.o(RESET)
 <LI><a href="#[5a]">SPI6_IRQHandler</a> from startup_stm32h743xx.o(.text) referenced from startup_stm32h743xx.o(RESET)
 <LI><a href="#[6]">SVC_Handler</a> from startup_stm32h743xx.o(.text) referenced from startup_stm32h743xx.o(RESET)
 <LI><a href="#[77]">SWPMI1_IRQHandler</a> from startup_stm32h743xx.o(.text) referenced from startup_stm32h743xx.o(RESET)
 <LI><a href="#[9]">SysTick_Handler</a> from main.o(i.SysTick_Handler) referenced from startup_stm32h743xx.o(RESET)
 <LI><a href="#[96]">SystemInit</a> from system_stm32h7xx.o(i.SystemInit) referenced from startup_stm32h743xx.o(.text)
 <LI><a href="#[c]">TAMP_STAMP_IRQHandler</a> from startup_stm32h743xx.o(.text) referenced from startup_stm32h743xx.o(RESET)
 <LI><a href="#[78]">TIM15_IRQHandler</a> from startup_stm32h743xx.o(.text) referenced from startup_stm32h743xx.o(RESET)
 <LI><a href="#[79]">TIM16_IRQHandler</a> from startup_stm32h743xx.o(.text) referenced from startup_stm32h743xx.o(RESET)
 <LI><a href="#[7a]">TIM17_IRQHandler</a> from startup_stm32h743xx.o(.text) referenced from startup_stm32h743xx.o(RESET)
 <LI><a href="#[22]">TIM1_BRK_IRQHandler</a> from startup_stm32h743xx.o(.text) referenced from startup_stm32h743xx.o(RESET)
 <LI><a href="#[25]">TIM1_CC_IRQHandler</a> from startup_stm32h743xx.o(.text) referenced from startup_stm32h743xx.o(RESET)
 <LI><a href="#[24]">TIM1_TRG_COM_IRQHandler</a> from startup_stm32h743xx.o(.text) referenced from startup_stm32h743xx.o(RESET)
 <LI><a href="#[23]">TIM1_UP_IRQHandler</a> from startup_stm32h743xx.o(.text) referenced from startup_stm32h743xx.o(RESET)
 <LI><a href="#[26]">TIM2_IRQHandler</a> from startup_stm32h743xx.o(.text) referenced from startup_stm32h743xx.o(RESET)
 <LI><a href="#[27]">TIM3_IRQHandler</a> from startup_stm32h743xx.o(.text) referenced from startup_stm32h743xx.o(RESET)
 <LI><a href="#[28]">TIM4_IRQHandler</a> from startup_stm32h743xx.o(.text) referenced from startup_stm32h743xx.o(RESET)
 <LI><a href="#[3b]">TIM5_IRQHandler</a> from startup_stm32h743xx.o(.text) referenced from startup_stm32h743xx.o(RESET)
 <LI><a href="#[3f]">TIM6_DAC_IRQHandler</a> from startup_stm32h743xx.o(.text) referenced from startup_stm32h743xx.o(RESET)
 <LI><a href="#[40]">TIM7_IRQHandler</a> from startup_stm32h743xx.o(.text) referenced from startup_stm32h743xx.o(RESET)
 <LI><a href="#[34]">TIM8_BRK_TIM12_IRQHandler</a> from startup_stm32h743xx.o(.text) referenced from startup_stm32h743xx.o(RESET)
 <LI><a href="#[37]">TIM8_CC_IRQHandler</a> from startup_stm32h743xx.o(.text) referenced from startup_stm32h743xx.o(RESET)
 <LI><a href="#[36]">TIM8_TRG_COM_TIM14_IRQHandler</a> from startup_stm32h743xx.o(.text) referenced from startup_stm32h743xx.o(RESET)
 <LI><a href="#[35]">TIM8_UP_TIM13_IRQHandler</a> from startup_stm32h743xx.o(.text) referenced from startup_stm32h743xx.o(RESET)
 <LI><a href="#[3d]">UART4_IRQHandler</a> from startup_stm32h743xx.o(.text) referenced from startup_stm32h743xx.o(RESET)
 <LI><a href="#[3e]">UART5_IRQHandler</a> from startup_stm32h743xx.o(.text) referenced from startup_stm32h743xx.o(RESET)
 <LI><a href="#[56]">UART7_IRQHandler</a> from startup_stm32h743xx.o(.text) referenced from startup_stm32h743xx.o(RESET)
 <LI><a href="#[57]">UART8_IRQHandler</a> from startup_stm32h743xx.o(.text) referenced from startup_stm32h743xx.o(RESET)
 <LI><a href="#[98]">UART_DMAAbortOnError</a> from stm32h7xx_hal_uart.o(i.UART_DMAAbortOnError) referenced from stm32h7xx_hal_uart.o(i.HAL_UART_IRQHandler)
 <LI><a href="#[99]">UART_RxISR_16BIT</a> from stm32h7xx_hal_uart.o(i.UART_RxISR_16BIT) referenced from stm32h7xx_hal_uart.o(i.UART_RxISR_16BIT_FIFOEN)
 <LI><a href="#[99]">UART_RxISR_16BIT</a> from stm32h7xx_hal_uart.o(i.UART_RxISR_16BIT) referenced from stm32h7xx_hal_uart.o(i.UART_Start_Receive_IT)
 <LI><a href="#[9b]">UART_RxISR_16BIT_FIFOEN</a> from stm32h7xx_hal_uart.o(i.UART_RxISR_16BIT_FIFOEN) referenced from stm32h7xx_hal_uart.o(i.UART_Start_Receive_IT)
 <LI><a href="#[9a]">UART_RxISR_8BIT</a> from stm32h7xx_hal_uart.o(i.UART_RxISR_8BIT) referenced from stm32h7xx_hal_uart.o(i.UART_RxISR_8BIT_FIFOEN)
 <LI><a href="#[9a]">UART_RxISR_8BIT</a> from stm32h7xx_hal_uart.o(i.UART_RxISR_8BIT) referenced from stm32h7xx_hal_uart.o(i.UART_Start_Receive_IT)
 <LI><a href="#[9c]">UART_RxISR_8BIT_FIFOEN</a> from stm32h7xx_hal_uart.o(i.UART_RxISR_8BIT_FIFOEN) referenced from stm32h7xx_hal_uart.o(i.UART_Start_Receive_IT)
 <LI><a href="#[2f]">USART1_IRQHandler</a> from driver_uart.o(i.USART1_IRQHandler) referenced from startup_stm32h743xx.o(RESET)
 <LI><a href="#[30]">USART2_IRQHandler</a> from startup_stm32h743xx.o(.text) referenced from startup_stm32h743xx.o(RESET)
 <LI><a href="#[31]">USART3_IRQHandler</a> from startup_stm32h743xx.o(.text) referenced from startup_stm32h743xx.o(RESET)
 <LI><a href="#[4c]">USART6_IRQHandler</a> from startup_stm32h743xx.o(.text) referenced from startup_stm32h743xx.o(RESET)
 <LI><a href="#[5]">UsageFault_Handler</a> from startup_stm32h743xx.o(.text) referenced from startup_stm32h743xx.o(RESET)
 <LI><a href="#[94]">WAKEUP_PIN_IRQHandler</a> from startup_stm32h743xx.o(.text) referenced from startup_stm32h743xx.o(RESET)
 <LI><a href="#[a]">WWDG_IRQHandler</a> from startup_stm32h743xx.o(.text) referenced from startup_stm32h743xx.o(RESET)
 <LI><a href="#[97]">__main</a> from entry.o(.ARM.Collect$$$$00000000) referenced from startup_stm32h743xx.o(.text)
 <LI><a href="#[95]">main</a> from main.o(i.main) referenced from entry9a.o(.ARM.Collect$$$$0000000B)
</UL>
<P>
<H3>
Global Symbols
</H3>
<P><STRONG><a name="[97]"></a>__main</STRONG> (Thumb, 0 bytes, Stack size unknown bytes, entry.o(.ARM.Collect$$$$00000000))
<BR>[Address Reference Count : 1]<UL><LI> startup_stm32h743xx.o(.text)
</UL>
<P><STRONG><a name="[10c]"></a>_main_stk</STRONG> (Thumb, 0 bytes, Stack size unknown bytes, entry2.o(.ARM.Collect$$$$00000001))

<P><STRONG><a name="[9d]"></a>_main_scatterload</STRONG> (Thumb, 0 bytes, Stack size unknown bytes, entry5.o(.ARM.Collect$$$$00000004))
<BR><BR>[Calls]<UL><LI><a href="#[9e]">&gt;&gt;</a>&nbsp;&nbsp;&nbsp;__scatterload
</UL>

<P><STRONG><a name="[a5]"></a>__main_after_scatterload</STRONG> (Thumb, 0 bytes, Stack size unknown bytes, entry5.o(.ARM.Collect$$$$00000004))
<BR><BR>[Called By]<UL><LI><a href="#[9e]">&gt;&gt;</a>&nbsp;&nbsp;&nbsp;__scatterload
</UL>

<P><STRONG><a name="[10d]"></a>_main_clock</STRONG> (Thumb, 0 bytes, Stack size unknown bytes, entry7b.o(.ARM.Collect$$$$00000008))

<P><STRONG><a name="[10e]"></a>_main_cpp_init</STRONG> (Thumb, 0 bytes, Stack size unknown bytes, entry8b.o(.ARM.Collect$$$$0000000A))

<P><STRONG><a name="[10f]"></a>_main_init</STRONG> (Thumb, 0 bytes, Stack size unknown bytes, entry9a.o(.ARM.Collect$$$$0000000B))

<P><STRONG><a name="[110]"></a>__rt_final_cpp</STRONG> (Thumb, 0 bytes, Stack size unknown bytes, entry10a.o(.ARM.Collect$$$$0000000D))

<P><STRONG><a name="[111]"></a>__rt_final_exit</STRONG> (Thumb, 0 bytes, Stack size unknown bytes, entry11a.o(.ARM.Collect$$$$0000000F))

<P><STRONG><a name="[0]"></a>Reset_Handler</STRONG> (Thumb, 8 bytes, Stack size 0 bytes, startup_stm32h743xx.o(.text))
<BR>[Address Reference Count : 1]<UL><LI> startup_stm32h743xx.o(RESET)
</UL>
<P><STRONG><a name="[1]"></a>NMI_Handler</STRONG> (Thumb, 2 bytes, Stack size 0 bytes, startup_stm32h743xx.o(.text))
<BR><BR>[Calls]<UL><LI><a href="#[1]">&gt;&gt;</a>&nbsp;&nbsp;&nbsp;NMI_Handler
</UL>
<BR>[Called By]<UL><LI><a href="#[1]">&gt;&gt;</a>&nbsp;&nbsp;&nbsp;NMI_Handler
</UL>
<BR>[Address Reference Count : 1]<UL><LI> startup_stm32h743xx.o(RESET)
</UL>
<P><STRONG><a name="[2]"></a>HardFault_Handler</STRONG> (Thumb, 2 bytes, Stack size 0 bytes, startup_stm32h743xx.o(.text))
<BR><BR>[Calls]<UL><LI><a href="#[2]">&gt;&gt;</a>&nbsp;&nbsp;&nbsp;HardFault_Handler
</UL>
<BR>[Called By]<UL><LI><a href="#[2]">&gt;&gt;</a>&nbsp;&nbsp;&nbsp;HardFault_Handler
</UL>
<BR>[Address Reference Count : 1]<UL><LI> startup_stm32h743xx.o(RESET)
</UL>
<P><STRONG><a name="[3]"></a>MemManage_Handler</STRONG> (Thumb, 2 bytes, Stack size 0 bytes, startup_stm32h743xx.o(.text))
<BR><BR>[Calls]<UL><LI><a href="#[3]">&gt;&gt;</a>&nbsp;&nbsp;&nbsp;MemManage_Handler
</UL>
<BR>[Called By]<UL><LI><a href="#[3]">&gt;&gt;</a>&nbsp;&nbsp;&nbsp;MemManage_Handler
</UL>
<BR>[Address Reference Count : 1]<UL><LI> startup_stm32h743xx.o(RESET)
</UL>
<P><STRONG><a name="[4]"></a>BusFault_Handler</STRONG> (Thumb, 2 bytes, Stack size 0 bytes, startup_stm32h743xx.o(.text))
<BR><BR>[Calls]<UL><LI><a href="#[4]">&gt;&gt;</a>&nbsp;&nbsp;&nbsp;BusFault_Handler
</UL>
<BR>[Called By]<UL><LI><a href="#[4]">&gt;&gt;</a>&nbsp;&nbsp;&nbsp;BusFault_Handler
</UL>
<BR>[Address Reference Count : 1]<UL><LI> startup_stm32h743xx.o(RESET)
</UL>
<P><STRONG><a name="[5]"></a>UsageFault_Handler</STRONG> (Thumb, 2 bytes, Stack size 0 bytes, startup_stm32h743xx.o(.text))
<BR><BR>[Calls]<UL><LI><a href="#[5]">&gt;&gt;</a>&nbsp;&nbsp;&nbsp;UsageFault_Handler
</UL>
<BR>[Called By]<UL><LI><a href="#[5]">&gt;&gt;</a>&nbsp;&nbsp;&nbsp;UsageFault_Handler
</UL>
<BR>[Address Reference Count : 1]<UL><LI> startup_stm32h743xx.o(RESET)
</UL>
<P><STRONG><a name="[6]"></a>SVC_Handler</STRONG> (Thumb, 2 bytes, Stack size 0 bytes, startup_stm32h743xx.o(.text))
<BR><BR>[Calls]<UL><LI><a href="#[6]">&gt;&gt;</a>&nbsp;&nbsp;&nbsp;SVC_Handler
</UL>
<BR>[Called By]<UL><LI><a href="#[6]">&gt;&gt;</a>&nbsp;&nbsp;&nbsp;SVC_Handler
</UL>
<BR>[Address Reference Count : 1]<UL><LI> startup_stm32h743xx.o(RESET)
</UL>
<P><STRONG><a name="[7]"></a>DebugMon_Handler</STRONG> (Thumb, 2 bytes, Stack size 0 bytes, startup_stm32h743xx.o(.text))
<BR><BR>[Calls]<UL><LI><a href="#[7]">&gt;&gt;</a>&nbsp;&nbsp;&nbsp;DebugMon_Handler
</UL>
<BR>[Called By]<UL><LI><a href="#[7]">&gt;&gt;</a>&nbsp;&nbsp;&nbsp;DebugMon_Handler
</UL>
<BR>[Address Reference Count : 1]<UL><LI> startup_stm32h743xx.o(RESET)
</UL>
<P><STRONG><a name="[8]"></a>PendSV_Handler</STRONG> (Thumb, 2 bytes, Stack size 0 bytes, startup_stm32h743xx.o(.text))
<BR><BR>[Calls]<UL><LI><a href="#[8]">&gt;&gt;</a>&nbsp;&nbsp;&nbsp;PendSV_Handler
</UL>
<BR>[Called By]<UL><LI><a href="#[8]">&gt;&gt;</a>&nbsp;&nbsp;&nbsp;PendSV_Handler
</UL>
<BR>[Address Reference Count : 1]<UL><LI> startup_stm32h743xx.o(RESET)
</UL>
<P><STRONG><a name="[81]"></a>ADC3_IRQHandler</STRONG> (Thumb, 0 bytes, Stack size 0 bytes, startup_stm32h743xx.o(.text))
<BR><BR>[Calls]<UL><LI><a href="#[81]">&gt;&gt;</a>&nbsp;&nbsp;&nbsp;ADC3_IRQHandler
</UL>
<BR>[Called By]<UL><LI><a href="#[81]">&gt;&gt;</a>&nbsp;&nbsp;&nbsp;ADC3_IRQHandler
</UL>
<BR>[Address Reference Count : 1]<UL><LI> startup_stm32h743xx.o(RESET)
</UL>
<P><STRONG><a name="[1c]"></a>ADC_IRQHandler</STRONG> (Thumb, 0 bytes, Stack size 0 bytes, startup_stm32h743xx.o(.text))
<BR>[Address Reference Count : 1]<UL><LI> startup_stm32h743xx.o(RESET)
</UL>
<P><STRONG><a name="[83]"></a>BDMA_Channel0_IRQHandler</STRONG> (Thumb, 0 bytes, Stack size 0 bytes, startup_stm32h743xx.o(.text))
<BR>[Address Reference Count : 1]<UL><LI> startup_stm32h743xx.o(RESET)
</UL>
<P><STRONG><a name="[84]"></a>BDMA_Channel1_IRQHandler</STRONG> (Thumb, 0 bytes, Stack size 0 bytes, startup_stm32h743xx.o(.text))
<BR>[Address Reference Count : 1]<UL><LI> startup_stm32h743xx.o(RESET)
</UL>
<P><STRONG><a name="[85]"></a>BDMA_Channel2_IRQHandler</STRONG> (Thumb, 0 bytes, Stack size 0 bytes, startup_stm32h743xx.o(.text))
<BR>[Address Reference Count : 1]<UL><LI> startup_stm32h743xx.o(RESET)
</UL>
<P><STRONG><a name="[86]"></a>BDMA_Channel3_IRQHandler</STRONG> (Thumb, 0 bytes, Stack size 0 bytes, startup_stm32h743xx.o(.text))
<BR>[Address Reference Count : 1]<UL><LI> startup_stm32h743xx.o(RESET)
</UL>
<P><STRONG><a name="[87]"></a>BDMA_Channel4_IRQHandler</STRONG> (Thumb, 0 bytes, Stack size 0 bytes, startup_stm32h743xx.o(.text))
<BR>[Address Reference Count : 1]<UL><LI> startup_stm32h743xx.o(RESET)
</UL>
<P><STRONG><a name="[88]"></a>BDMA_Channel5_IRQHandler</STRONG> (Thumb, 0 bytes, Stack size 0 bytes, startup_stm32h743xx.o(.text))
<BR>[Address Reference Count : 1]<UL><LI> startup_stm32h743xx.o(RESET)
</UL>
<P><STRONG><a name="[89]"></a>BDMA_Channel6_IRQHandler</STRONG> (Thumb, 0 bytes, Stack size 0 bytes, startup_stm32h743xx.o(.text))
<BR>[Address Reference Count : 1]<UL><LI> startup_stm32h743xx.o(RESET)
</UL>
<P><STRONG><a name="[8a]"></a>BDMA_Channel7_IRQHandler</STRONG> (Thumb, 0 bytes, Stack size 0 bytes, startup_stm32h743xx.o(.text))
<BR>[Address Reference Count : 1]<UL><LI> startup_stm32h743xx.o(RESET)
</UL>
<P><STRONG><a name="[62]"></a>CEC_IRQHandler</STRONG> (Thumb, 0 bytes, Stack size 0 bytes, startup_stm32h743xx.o(.text))
<BR>[Address Reference Count : 1]<UL><LI> startup_stm32h743xx.o(RESET)
</UL>
<P><STRONG><a name="[8b]"></a>COMP1_IRQHandler</STRONG> (Thumb, 0 bytes, Stack size 0 bytes, startup_stm32h743xx.o(.text))
<BR>[Address Reference Count : 1]<UL><LI> startup_stm32h743xx.o(RESET)
</UL>
<P><STRONG><a name="[91]"></a>CRS_IRQHandler</STRONG> (Thumb, 0 bytes, Stack size 0 bytes, startup_stm32h743xx.o(.text))
<BR>[Address Reference Count : 1]<UL><LI> startup_stm32h743xx.o(RESET)
</UL>
<P><STRONG><a name="[53]"></a>DCMI_IRQHandler</STRONG> (Thumb, 0 bytes, Stack size 0 bytes, startup_stm32h743xx.o(.text))
<BR>[Address Reference Count : 1]<UL><LI> startup_stm32h743xx.o(RESET)
</UL>
<P><STRONG><a name="[72]"></a>DFSDM1_FLT0_IRQHandler</STRONG> (Thumb, 0 bytes, Stack size 0 bytes, startup_stm32h743xx.o(.text))
<BR>[Address Reference Count : 1]<UL><LI> startup_stm32h743xx.o(RESET)
</UL>
<P><STRONG><a name="[73]"></a>DFSDM1_FLT1_IRQHandler</STRONG> (Thumb, 0 bytes, Stack size 0 bytes, startup_stm32h743xx.o(.text))
<BR>[Address Reference Count : 1]<UL><LI> startup_stm32h743xx.o(RESET)
</UL>
<P><STRONG><a name="[74]"></a>DFSDM1_FLT2_IRQHandler</STRONG> (Thumb, 0 bytes, Stack size 0 bytes, startup_stm32h743xx.o(.text))
<BR>[Address Reference Count : 1]<UL><LI> startup_stm32h743xx.o(RESET)
</UL>
<P><STRONG><a name="[75]"></a>DFSDM1_FLT3_IRQHandler</STRONG> (Thumb, 0 bytes, Stack size 0 bytes, startup_stm32h743xx.o(.text))
<BR>[Address Reference Count : 1]<UL><LI> startup_stm32h743xx.o(RESET)
</UL>
<P><STRONG><a name="[15]"></a>DMA1_Stream0_IRQHandler</STRONG> (Thumb, 0 bytes, Stack size 0 bytes, startup_stm32h743xx.o(.text))
<BR>[Address Reference Count : 1]<UL><LI> startup_stm32h743xx.o(RESET)
</UL>
<P><STRONG><a name="[16]"></a>DMA1_Stream1_IRQHandler</STRONG> (Thumb, 0 bytes, Stack size 0 bytes, startup_stm32h743xx.o(.text))
<BR>[Address Reference Count : 1]<UL><LI> startup_stm32h743xx.o(RESET)
</UL>
<P><STRONG><a name="[17]"></a>DMA1_Stream2_IRQHandler</STRONG> (Thumb, 0 bytes, Stack size 0 bytes, startup_stm32h743xx.o(.text))
<BR>[Address Reference Count : 1]<UL><LI> startup_stm32h743xx.o(RESET)
</UL>
<P><STRONG><a name="[18]"></a>DMA1_Stream3_IRQHandler</STRONG> (Thumb, 0 bytes, Stack size 0 bytes, startup_stm32h743xx.o(.text))
<BR>[Address Reference Count : 1]<UL><LI> startup_stm32h743xx.o(RESET)
</UL>
<P><STRONG><a name="[19]"></a>DMA1_Stream4_IRQHandler</STRONG> (Thumb, 0 bytes, Stack size 0 bytes, startup_stm32h743xx.o(.text))
<BR>[Address Reference Count : 1]<UL><LI> startup_stm32h743xx.o(RESET)
</UL>
<P><STRONG><a name="[1a]"></a>DMA1_Stream5_IRQHandler</STRONG> (Thumb, 0 bytes, Stack size 0 bytes, startup_stm32h743xx.o(.text))
<BR>[Address Reference Count : 1]<UL><LI> startup_stm32h743xx.o(RESET)
</UL>
<P><STRONG><a name="[1b]"></a>DMA1_Stream6_IRQHandler</STRONG> (Thumb, 0 bytes, Stack size 0 bytes, startup_stm32h743xx.o(.text))
<BR>[Address Reference Count : 1]<UL><LI> startup_stm32h743xx.o(RESET)
</UL>
<P><STRONG><a name="[38]"></a>DMA1_Stream7_IRQHandler</STRONG> (Thumb, 0 bytes, Stack size 0 bytes, startup_stm32h743xx.o(.text))
<BR>[Address Reference Count : 1]<UL><LI> startup_stm32h743xx.o(RESET)
</UL>
<P><STRONG><a name="[5e]"></a>DMA2D_IRQHandler</STRONG> (Thumb, 0 bytes, Stack size 0 bytes, startup_stm32h743xx.o(.text))
<BR>[Address Reference Count : 1]<UL><LI> startup_stm32h743xx.o(RESET)
</UL>
<P><STRONG><a name="[41]"></a>DMA2_Stream0_IRQHandler</STRONG> (Thumb, 0 bytes, Stack size 0 bytes, startup_stm32h743xx.o(.text))
<BR>[Address Reference Count : 1]<UL><LI> startup_stm32h743xx.o(RESET)
</UL>
<P><STRONG><a name="[42]"></a>DMA2_Stream1_IRQHandler</STRONG> (Thumb, 0 bytes, Stack size 0 bytes, startup_stm32h743xx.o(.text))
<BR>[Address Reference Count : 1]<UL><LI> startup_stm32h743xx.o(RESET)
</UL>
<P><STRONG><a name="[43]"></a>DMA2_Stream2_IRQHandler</STRONG> (Thumb, 0 bytes, Stack size 0 bytes, startup_stm32h743xx.o(.text))
<BR>[Address Reference Count : 1]<UL><LI> startup_stm32h743xx.o(RESET)
</UL>
<P><STRONG><a name="[44]"></a>DMA2_Stream3_IRQHandler</STRONG> (Thumb, 0 bytes, Stack size 0 bytes, startup_stm32h743xx.o(.text))
<BR>[Address Reference Count : 1]<UL><LI> startup_stm32h743xx.o(RESET)
</UL>
<P><STRONG><a name="[45]"></a>DMA2_Stream4_IRQHandler</STRONG> (Thumb, 0 bytes, Stack size 0 bytes, startup_stm32h743xx.o(.text))
<BR>[Address Reference Count : 1]<UL><LI> startup_stm32h743xx.o(RESET)
</UL>
<P><STRONG><a name="[49]"></a>DMA2_Stream5_IRQHandler</STRONG> (Thumb, 0 bytes, Stack size 0 bytes, startup_stm32h743xx.o(.text))
<BR>[Address Reference Count : 1]<UL><LI> startup_stm32h743xx.o(RESET)
</UL>
<P><STRONG><a name="[4a]"></a>DMA2_Stream6_IRQHandler</STRONG> (Thumb, 0 bytes, Stack size 0 bytes, startup_stm32h743xx.o(.text))
<BR>[Address Reference Count : 1]<UL><LI> startup_stm32h743xx.o(RESET)
</UL>
<P><STRONG><a name="[4b]"></a>DMA2_Stream7_IRQHandler</STRONG> (Thumb, 0 bytes, Stack size 0 bytes, startup_stm32h743xx.o(.text))
<BR>[Address Reference Count : 1]<UL><LI> startup_stm32h743xx.o(RESET)
</UL>
<P><STRONG><a name="[6a]"></a>DMAMUX1_OVR_IRQHandler</STRONG> (Thumb, 0 bytes, Stack size 0 bytes, startup_stm32h743xx.o(.text))
<BR>[Address Reference Count : 1]<UL><LI> startup_stm32h743xx.o(RESET)
</UL>
<P><STRONG><a name="[82]"></a>DMAMUX2_OVR_IRQHandler</STRONG> (Thumb, 0 bytes, Stack size 0 bytes, startup_stm32h743xx.o(.text))
<BR>[Address Reference Count : 1]<UL><LI> startup_stm32h743xx.o(RESET)
</UL>
<P><STRONG><a name="[92]"></a>ECC_IRQHandler</STRONG> (Thumb, 0 bytes, Stack size 0 bytes, startup_stm32h743xx.o(.text))
<BR>[Address Reference Count : 1]<UL><LI> startup_stm32h743xx.o(RESET)
</UL>
<P><STRONG><a name="[46]"></a>ETH_IRQHandler</STRONG> (Thumb, 0 bytes, Stack size 0 bytes, startup_stm32h743xx.o(.text))
<BR>[Address Reference Count : 1]<UL><LI> startup_stm32h743xx.o(RESET)
</UL>
<P><STRONG><a name="[47]"></a>ETH_WKUP_IRQHandler</STRONG> (Thumb, 0 bytes, Stack size 0 bytes, startup_stm32h743xx.o(.text))
<BR>[Address Reference Count : 1]<UL><LI> startup_stm32h743xx.o(RESET)
</UL>
<P><STRONG><a name="[10]"></a>EXTI0_IRQHandler</STRONG> (Thumb, 0 bytes, Stack size 0 bytes, startup_stm32h743xx.o(.text))
<BR>[Address Reference Count : 1]<UL><LI> startup_stm32h743xx.o(RESET)
</UL>
<P><STRONG><a name="[32]"></a>EXTI15_10_IRQHandler</STRONG> (Thumb, 0 bytes, Stack size 0 bytes, startup_stm32h743xx.o(.text))
<BR>[Address Reference Count : 1]<UL><LI> startup_stm32h743xx.o(RESET)
</UL>
<P><STRONG><a name="[11]"></a>EXTI1_IRQHandler</STRONG> (Thumb, 0 bytes, Stack size 0 bytes, startup_stm32h743xx.o(.text))
<BR>[Address Reference Count : 1]<UL><LI> startup_stm32h743xx.o(RESET)
</UL>
<P><STRONG><a name="[12]"></a>EXTI2_IRQHandler</STRONG> (Thumb, 0 bytes, Stack size 0 bytes, startup_stm32h743xx.o(.text))
<BR>[Address Reference Count : 1]<UL><LI> startup_stm32h743xx.o(RESET)
</UL>
<P><STRONG><a name="[13]"></a>EXTI3_IRQHandler</STRONG> (Thumb, 0 bytes, Stack size 0 bytes, startup_stm32h743xx.o(.text))
<BR>[Address Reference Count : 1]<UL><LI> startup_stm32h743xx.o(RESET)
</UL>
<P><STRONG><a name="[14]"></a>EXTI4_IRQHandler</STRONG> (Thumb, 0 bytes, Stack size 0 bytes, startup_stm32h743xx.o(.text))
<BR>[Address Reference Count : 1]<UL><LI> startup_stm32h743xx.o(RESET)
</UL>
<P><STRONG><a name="[21]"></a>EXTI9_5_IRQHandler</STRONG> (Thumb, 0 bytes, Stack size 0 bytes, startup_stm32h743xx.o(.text))
<BR>[Address Reference Count : 1]<UL><LI> startup_stm32h743xx.o(RESET)
</UL>
<P><STRONG><a name="[1d]"></a>FDCAN1_IT0_IRQHandler</STRONG> (Thumb, 0 bytes, Stack size 0 bytes, startup_stm32h743xx.o(.text))
<BR>[Address Reference Count : 1]<UL><LI> startup_stm32h743xx.o(RESET)
</UL>
<P><STRONG><a name="[1f]"></a>FDCAN1_IT1_IRQHandler</STRONG> (Thumb, 0 bytes, Stack size 0 bytes, startup_stm32h743xx.o(.text))
<BR>[Address Reference Count : 1]<UL><LI> startup_stm32h743xx.o(RESET)
</UL>
<P><STRONG><a name="[1e]"></a>FDCAN2_IT0_IRQHandler</STRONG> (Thumb, 0 bytes, Stack size 0 bytes, startup_stm32h743xx.o(.text))
<BR>[Address Reference Count : 1]<UL><LI> startup_stm32h743xx.o(RESET)
</UL>
<P><STRONG><a name="[20]"></a>FDCAN2_IT1_IRQHandler</STRONG> (Thumb, 0 bytes, Stack size 0 bytes, startup_stm32h743xx.o(.text))
<BR>[Address Reference Count : 1]<UL><LI> startup_stm32h743xx.o(RESET)
</UL>
<P><STRONG><a name="[48]"></a>FDCAN_CAL_IRQHandler</STRONG> (Thumb, 0 bytes, Stack size 0 bytes, startup_stm32h743xx.o(.text))
<BR>[Address Reference Count : 1]<UL><LI> startup_stm32h743xx.o(RESET)
</UL>
<P><STRONG><a name="[e]"></a>FLASH_IRQHandler</STRONG> (Thumb, 0 bytes, Stack size 0 bytes, startup_stm32h743xx.o(.text))
<BR>[Address Reference Count : 1]<UL><LI> startup_stm32h743xx.o(RESET)
</UL>
<P><STRONG><a name="[39]"></a>FMC_IRQHandler</STRONG> (Thumb, 0 bytes, Stack size 0 bytes, startup_stm32h743xx.o(.text))
<BR>[Address Reference Count : 1]<UL><LI> startup_stm32h743xx.o(RESET)
</UL>
<P><STRONG><a name="[55]"></a>FPU_IRQHandler</STRONG> (Thumb, 0 bytes, Stack size 0 bytes, startup_stm32h743xx.o(.text))
<BR>[Address Reference Count : 1]<UL><LI> startup_stm32h743xx.o(RESET)
</UL>
<P><STRONG><a name="[71]"></a>HRTIM1_FLT_IRQHandler</STRONG> (Thumb, 0 bytes, Stack size 0 bytes, startup_stm32h743xx.o(.text))
<BR>[Address Reference Count : 1]<UL><LI> startup_stm32h743xx.o(RESET)
</UL>
<P><STRONG><a name="[6b]"></a>HRTIM1_Master_IRQHandler</STRONG> (Thumb, 0 bytes, Stack size 0 bytes, startup_stm32h743xx.o(.text))
<BR>[Address Reference Count : 1]<UL><LI> startup_stm32h743xx.o(RESET)
</UL>
<P><STRONG><a name="[6c]"></a>HRTIM1_TIMA_IRQHandler</STRONG> (Thumb, 0 bytes, Stack size 0 bytes, startup_stm32h743xx.o(.text))
<BR>[Address Reference Count : 1]<UL><LI> startup_stm32h743xx.o(RESET)
</UL>
<P><STRONG><a name="[6d]"></a>HRTIM1_TIMB_IRQHandler</STRONG> (Thumb, 0 bytes, Stack size 0 bytes, startup_stm32h743xx.o(.text))
<BR>[Address Reference Count : 1]<UL><LI> startup_stm32h743xx.o(RESET)
</UL>
<P><STRONG><a name="[6e]"></a>HRTIM1_TIMC_IRQHandler</STRONG> (Thumb, 0 bytes, Stack size 0 bytes, startup_stm32h743xx.o(.text))
<BR>[Address Reference Count : 1]<UL><LI> startup_stm32h743xx.o(RESET)
</UL>
<P><STRONG><a name="[6f]"></a>HRTIM1_TIMD_IRQHandler</STRONG> (Thumb, 0 bytes, Stack size 0 bytes, startup_stm32h743xx.o(.text))
<BR>[Address Reference Count : 1]<UL><LI> startup_stm32h743xx.o(RESET)
</UL>
<P><STRONG><a name="[70]"></a>HRTIM1_TIME_IRQHandler</STRONG> (Thumb, 0 bytes, Stack size 0 bytes, startup_stm32h743xx.o(.text))
<BR>[Address Reference Count : 1]<UL><LI> startup_stm32h743xx.o(RESET)
</UL>
<P><STRONG><a name="[80]"></a>HSEM1_IRQHandler</STRONG> (Thumb, 0 bytes, Stack size 0 bytes, startup_stm32h743xx.o(.text))
<BR>[Address Reference Count : 1]<UL><LI> startup_stm32h743xx.o(RESET)
</UL>
<P><STRONG><a name="[2a]"></a>I2C1_ER_IRQHandler</STRONG> (Thumb, 0 bytes, Stack size 0 bytes, startup_stm32h743xx.o(.text))
<BR>[Address Reference Count : 1]<UL><LI> startup_stm32h743xx.o(RESET)
</UL>
<P><STRONG><a name="[29]"></a>I2C1_EV_IRQHandler</STRONG> (Thumb, 0 bytes, Stack size 0 bytes, startup_stm32h743xx.o(.text))
<BR>[Address Reference Count : 1]<UL><LI> startup_stm32h743xx.o(RESET)
</UL>
<P><STRONG><a name="[2c]"></a>I2C2_ER_IRQHandler</STRONG> (Thumb, 0 bytes, Stack size 0 bytes, startup_stm32h743xx.o(.text))
<BR>[Address Reference Count : 1]<UL><LI> startup_stm32h743xx.o(RESET)
</UL>
<P><STRONG><a name="[2b]"></a>I2C2_EV_IRQHandler</STRONG> (Thumb, 0 bytes, Stack size 0 bytes, startup_stm32h743xx.o(.text))
<BR>[Address Reference Count : 1]<UL><LI> startup_stm32h743xx.o(RESET)
</UL>
<P><STRONG><a name="[4e]"></a>I2C3_ER_IRQHandler</STRONG> (Thumb, 0 bytes, Stack size 0 bytes, startup_stm32h743xx.o(.text))
<BR>[Address Reference Count : 1]<UL><LI> startup_stm32h743xx.o(RESET)
</UL>
<P><STRONG><a name="[4d]"></a>I2C3_EV_IRQHandler</STRONG> (Thumb, 0 bytes, Stack size 0 bytes, startup_stm32h743xx.o(.text))
<BR>[Address Reference Count : 1]<UL><LI> startup_stm32h743xx.o(RESET)
</UL>
<P><STRONG><a name="[64]"></a>I2C4_ER_IRQHandler</STRONG> (Thumb, 0 bytes, Stack size 0 bytes, startup_stm32h743xx.o(.text))
<BR>[Address Reference Count : 1]<UL><LI> startup_stm32h743xx.o(RESET)
</UL>
<P><STRONG><a name="[63]"></a>I2C4_EV_IRQHandler</STRONG> (Thumb, 0 bytes, Stack size 0 bytes, startup_stm32h743xx.o(.text))
<BR>[Address Reference Count : 1]<UL><LI> startup_stm32h743xx.o(RESET)
</UL>
<P><STRONG><a name="[7d]"></a>JPEG_IRQHandler</STRONG> (Thumb, 0 bytes, Stack size 0 bytes, startup_stm32h743xx.o(.text))
<BR>[Address Reference Count : 1]<UL><LI> startup_stm32h743xx.o(RESET)
</UL>
<P><STRONG><a name="[61]"></a>LPTIM1_IRQHandler</STRONG> (Thumb, 0 bytes, Stack size 0 bytes, startup_stm32h743xx.o(.text))
<BR>[Address Reference Count : 1]<UL><LI> startup_stm32h743xx.o(RESET)
</UL>
<P><STRONG><a name="[8c]"></a>LPTIM2_IRQHandler</STRONG> (Thumb, 0 bytes, Stack size 0 bytes, startup_stm32h743xx.o(.text))
<BR>[Address Reference Count : 1]<UL><LI> startup_stm32h743xx.o(RESET)
</UL>
<P><STRONG><a name="[8d]"></a>LPTIM3_IRQHandler</STRONG> (Thumb, 0 bytes, Stack size 0 bytes, startup_stm32h743xx.o(.text))
<BR>[Address Reference Count : 1]<UL><LI> startup_stm32h743xx.o(RESET)
</UL>
<P><STRONG><a name="[8e]"></a>LPTIM4_IRQHandler</STRONG> (Thumb, 0 bytes, Stack size 0 bytes, startup_stm32h743xx.o(.text))
<BR>[Address Reference Count : 1]<UL><LI> startup_stm32h743xx.o(RESET)
</UL>
<P><STRONG><a name="[8f]"></a>LPTIM5_IRQHandler</STRONG> (Thumb, 0 bytes, Stack size 0 bytes, startup_stm32h743xx.o(.text))
<BR>[Address Reference Count : 1]<UL><LI> startup_stm32h743xx.o(RESET)
</UL>
<P><STRONG><a name="[90]"></a>LPUART1_IRQHandler</STRONG> (Thumb, 0 bytes, Stack size 0 bytes, startup_stm32h743xx.o(.text))
<BR>[Address Reference Count : 1]<UL><LI> startup_stm32h743xx.o(RESET)
</UL>
<P><STRONG><a name="[5d]"></a>LTDC_ER_IRQHandler</STRONG> (Thumb, 0 bytes, Stack size 0 bytes, startup_stm32h743xx.o(.text))
<BR>[Address Reference Count : 1]<UL><LI> startup_stm32h743xx.o(RESET)
</UL>
<P><STRONG><a name="[5c]"></a>LTDC_IRQHandler</STRONG> (Thumb, 0 bytes, Stack size 0 bytes, startup_stm32h743xx.o(.text))
<BR>[Address Reference Count : 1]<UL><LI> startup_stm32h743xx.o(RESET)
</UL>
<P><STRONG><a name="[7c]"></a>MDIOS_IRQHandler</STRONG> (Thumb, 0 bytes, Stack size 0 bytes, startup_stm32h743xx.o(.text))
<BR>[Address Reference Count : 1]<UL><LI> startup_stm32h743xx.o(RESET)
</UL>
<P><STRONG><a name="[7b]"></a>MDIOS_WKUP_IRQHandler</STRONG> (Thumb, 0 bytes, Stack size 0 bytes, startup_stm32h743xx.o(.text))
<BR>[Address Reference Count : 1]<UL><LI> startup_stm32h743xx.o(RESET)
</UL>
<P><STRONG><a name="[7e]"></a>MDMA_IRQHandler</STRONG> (Thumb, 0 bytes, Stack size 0 bytes, startup_stm32h743xx.o(.text))
<BR>[Address Reference Count : 1]<UL><LI> startup_stm32h743xx.o(RESET)
</UL>
<P><STRONG><a name="[67]"></a>OTG_FS_EP1_IN_IRQHandler</STRONG> (Thumb, 0 bytes, Stack size 0 bytes, startup_stm32h743xx.o(.text))
<BR>[Address Reference Count : 1]<UL><LI> startup_stm32h743xx.o(RESET)
</UL>
<P><STRONG><a name="[66]"></a>OTG_FS_EP1_OUT_IRQHandler</STRONG> (Thumb, 0 bytes, Stack size 0 bytes, startup_stm32h743xx.o(.text))
<BR>[Address Reference Count : 1]<UL><LI> startup_stm32h743xx.o(RESET)
</UL>
<P><STRONG><a name="[69]"></a>OTG_FS_IRQHandler</STRONG> (Thumb, 0 bytes, Stack size 0 bytes, startup_stm32h743xx.o(.text))
<BR>[Address Reference Count : 1]<UL><LI> startup_stm32h743xx.o(RESET)
</UL>
<P><STRONG><a name="[68]"></a>OTG_FS_WKUP_IRQHandler</STRONG> (Thumb, 0 bytes, Stack size 0 bytes, startup_stm32h743xx.o(.text))
<BR>[Address Reference Count : 1]<UL><LI> startup_stm32h743xx.o(RESET)
</UL>
<P><STRONG><a name="[50]"></a>OTG_HS_EP1_IN_IRQHandler</STRONG> (Thumb, 0 bytes, Stack size 0 bytes, startup_stm32h743xx.o(.text))
<BR>[Address Reference Count : 1]<UL><LI> startup_stm32h743xx.o(RESET)
</UL>
<P><STRONG><a name="[4f]"></a>OTG_HS_EP1_OUT_IRQHandler</STRONG> (Thumb, 0 bytes, Stack size 0 bytes, startup_stm32h743xx.o(.text))
<BR>[Address Reference Count : 1]<UL><LI> startup_stm32h743xx.o(RESET)
</UL>
<P><STRONG><a name="[52]"></a>OTG_HS_IRQHandler</STRONG> (Thumb, 0 bytes, Stack size 0 bytes, startup_stm32h743xx.o(.text))
<BR>[Address Reference Count : 1]<UL><LI> startup_stm32h743xx.o(RESET)
</UL>
<P><STRONG><a name="[51]"></a>OTG_HS_WKUP_IRQHandler</STRONG> (Thumb, 0 bytes, Stack size 0 bytes, startup_stm32h743xx.o(.text))
<BR>[Address Reference Count : 1]<UL><LI> startup_stm32h743xx.o(RESET)
</UL>
<P><STRONG><a name="[b]"></a>PVD_AVD_IRQHandler</STRONG> (Thumb, 0 bytes, Stack size 0 bytes, startup_stm32h743xx.o(.text))
<BR>[Address Reference Count : 1]<UL><LI> startup_stm32h743xx.o(RESET)
</UL>
<P><STRONG><a name="[60]"></a>QUADSPI_IRQHandler</STRONG> (Thumb, 0 bytes, Stack size 0 bytes, startup_stm32h743xx.o(.text))
<BR>[Address Reference Count : 1]<UL><LI> startup_stm32h743xx.o(RESET)
</UL>
<P><STRONG><a name="[f]"></a>RCC_IRQHandler</STRONG> (Thumb, 0 bytes, Stack size 0 bytes, startup_stm32h743xx.o(.text))
<BR>[Address Reference Count : 1]<UL><LI> startup_stm32h743xx.o(RESET)
</UL>
<P><STRONG><a name="[54]"></a>RNG_IRQHandler</STRONG> (Thumb, 0 bytes, Stack size 0 bytes, startup_stm32h743xx.o(.text))
<BR>[Address Reference Count : 1]<UL><LI> startup_stm32h743xx.o(RESET)
</UL>
<P><STRONG><a name="[33]"></a>RTC_Alarm_IRQHandler</STRONG> (Thumb, 0 bytes, Stack size 0 bytes, startup_stm32h743xx.o(.text))
<BR>[Address Reference Count : 1]<UL><LI> startup_stm32h743xx.o(RESET)
</UL>
<P><STRONG><a name="[d]"></a>RTC_WKUP_IRQHandler</STRONG> (Thumb, 0 bytes, Stack size 0 bytes, startup_stm32h743xx.o(.text))
<BR>[Address Reference Count : 1]<UL><LI> startup_stm32h743xx.o(RESET)
</UL>
<P><STRONG><a name="[5b]"></a>SAI1_IRQHandler</STRONG> (Thumb, 0 bytes, Stack size 0 bytes, startup_stm32h743xx.o(.text))
<BR>[Address Reference Count : 1]<UL><LI> startup_stm32h743xx.o(RESET)
</UL>
<P><STRONG><a name="[5f]"></a>SAI2_IRQHandler</STRONG> (Thumb, 0 bytes, Stack size 0 bytes, startup_stm32h743xx.o(.text))
<BR>[Address Reference Count : 1]<UL><LI> startup_stm32h743xx.o(RESET)
</UL>
<P><STRONG><a name="[76]"></a>SAI3_IRQHandler</STRONG> (Thumb, 0 bytes, Stack size 0 bytes, startup_stm32h743xx.o(.text))
<BR>[Address Reference Count : 1]<UL><LI> startup_stm32h743xx.o(RESET)
</UL>
<P><STRONG><a name="[93]"></a>SAI4_IRQHandler</STRONG> (Thumb, 0 bytes, Stack size 0 bytes, startup_stm32h743xx.o(.text))
<BR>[Address Reference Count : 1]<UL><LI> startup_stm32h743xx.o(RESET)
</UL>
<P><STRONG><a name="[3a]"></a>SDMMC1_IRQHandler</STRONG> (Thumb, 0 bytes, Stack size 0 bytes, startup_stm32h743xx.o(.text))
<BR>[Address Reference Count : 1]<UL><LI> startup_stm32h743xx.o(RESET)
</UL>
<P><STRONG><a name="[7f]"></a>SDMMC2_IRQHandler</STRONG> (Thumb, 0 bytes, Stack size 0 bytes, startup_stm32h743xx.o(.text))
<BR>[Address Reference Count : 1]<UL><LI> startup_stm32h743xx.o(RESET)
</UL>
<P><STRONG><a name="[65]"></a>SPDIF_RX_IRQHandler</STRONG> (Thumb, 0 bytes, Stack size 0 bytes, startup_stm32h743xx.o(.text))
<BR>[Address Reference Count : 1]<UL><LI> startup_stm32h743xx.o(RESET)
</UL>
<P><STRONG><a name="[2d]"></a>SPI1_IRQHandler</STRONG> (Thumb, 0 bytes, Stack size 0 bytes, startup_stm32h743xx.o(.text))
<BR>[Address Reference Count : 1]<UL><LI> startup_stm32h743xx.o(RESET)
</UL>
<P><STRONG><a name="[2e]"></a>SPI2_IRQHandler</STRONG> (Thumb, 0 bytes, Stack size 0 bytes, startup_stm32h743xx.o(.text))
<BR>[Address Reference Count : 1]<UL><LI> startup_stm32h743xx.o(RESET)
</UL>
<P><STRONG><a name="[3c]"></a>SPI3_IRQHandler</STRONG> (Thumb, 0 bytes, Stack size 0 bytes, startup_stm32h743xx.o(.text))
<BR>[Address Reference Count : 1]<UL><LI> startup_stm32h743xx.o(RESET)
</UL>
<P><STRONG><a name="[58]"></a>SPI4_IRQHandler</STRONG> (Thumb, 0 bytes, Stack size 0 bytes, startup_stm32h743xx.o(.text))
<BR>[Address Reference Count : 1]<UL><LI> startup_stm32h743xx.o(RESET)
</UL>
<P><STRONG><a name="[59]"></a>SPI5_IRQHandler</STRONG> (Thumb, 0 bytes, Stack size 0 bytes, startup_stm32h743xx.o(.text))
<BR>[Address Reference Count : 1]<UL><LI> startup_stm32h743xx.o(RESET)
</UL>
<P><STRONG><a name="[5a]"></a>SPI6_IRQHandler</STRONG> (Thumb, 0 bytes, Stack size 0 bytes, startup_stm32h743xx.o(.text))
<BR>[Address Reference Count : 1]<UL><LI> startup_stm32h743xx.o(RESET)
</UL>
<P><STRONG><a name="[77]"></a>SWPMI1_IRQHandler</STRONG> (Thumb, 0 bytes, Stack size 0 bytes, startup_stm32h743xx.o(.text))
<BR>[Address Reference Count : 1]<UL><LI> startup_stm32h743xx.o(RESET)
</UL>
<P><STRONG><a name="[c]"></a>TAMP_STAMP_IRQHandler</STRONG> (Thumb, 0 bytes, Stack size 0 bytes, startup_stm32h743xx.o(.text))
<BR>[Address Reference Count : 1]<UL><LI> startup_stm32h743xx.o(RESET)
</UL>
<P><STRONG><a name="[78]"></a>TIM15_IRQHandler</STRONG> (Thumb, 0 bytes, Stack size 0 bytes, startup_stm32h743xx.o(.text))
<BR>[Address Reference Count : 1]<UL><LI> startup_stm32h743xx.o(RESET)
</UL>
<P><STRONG><a name="[79]"></a>TIM16_IRQHandler</STRONG> (Thumb, 0 bytes, Stack size 0 bytes, startup_stm32h743xx.o(.text))
<BR>[Address Reference Count : 1]<UL><LI> startup_stm32h743xx.o(RESET)
</UL>
<P><STRONG><a name="[7a]"></a>TIM17_IRQHandler</STRONG> (Thumb, 0 bytes, Stack size 0 bytes, startup_stm32h743xx.o(.text))
<BR>[Address Reference Count : 1]<UL><LI> startup_stm32h743xx.o(RESET)
</UL>
<P><STRONG><a name="[22]"></a>TIM1_BRK_IRQHandler</STRONG> (Thumb, 0 bytes, Stack size 0 bytes, startup_stm32h743xx.o(.text))
<BR>[Address Reference Count : 1]<UL><LI> startup_stm32h743xx.o(RESET)
</UL>
<P><STRONG><a name="[25]"></a>TIM1_CC_IRQHandler</STRONG> (Thumb, 0 bytes, Stack size 0 bytes, startup_stm32h743xx.o(.text))
<BR>[Address Reference Count : 1]<UL><LI> startup_stm32h743xx.o(RESET)
</UL>
<P><STRONG><a name="[24]"></a>TIM1_TRG_COM_IRQHandler</STRONG> (Thumb, 0 bytes, Stack size 0 bytes, startup_stm32h743xx.o(.text))
<BR>[Address Reference Count : 1]<UL><LI> startup_stm32h743xx.o(RESET)
</UL>
<P><STRONG><a name="[23]"></a>TIM1_UP_IRQHandler</STRONG> (Thumb, 0 bytes, Stack size 0 bytes, startup_stm32h743xx.o(.text))
<BR>[Address Reference Count : 1]<UL><LI> startup_stm32h743xx.o(RESET)
</UL>
<P><STRONG><a name="[26]"></a>TIM2_IRQHandler</STRONG> (Thumb, 0 bytes, Stack size 0 bytes, startup_stm32h743xx.o(.text))
<BR>[Address Reference Count : 1]<UL><LI> startup_stm32h743xx.o(RESET)
</UL>
<P><STRONG><a name="[27]"></a>TIM3_IRQHandler</STRONG> (Thumb, 0 bytes, Stack size 0 bytes, startup_stm32h743xx.o(.text))
<BR>[Address Reference Count : 1]<UL><LI> startup_stm32h743xx.o(RESET)
</UL>
<P><STRONG><a name="[28]"></a>TIM4_IRQHandler</STRONG> (Thumb, 0 bytes, Stack size 0 bytes, startup_stm32h743xx.o(.text))
<BR>[Address Reference Count : 1]<UL><LI> startup_stm32h743xx.o(RESET)
</UL>
<P><STRONG><a name="[3b]"></a>TIM5_IRQHandler</STRONG> (Thumb, 0 bytes, Stack size 0 bytes, startup_stm32h743xx.o(.text))
<BR>[Address Reference Count : 1]<UL><LI> startup_stm32h743xx.o(RESET)
</UL>
<P><STRONG><a name="[3f]"></a>TIM6_DAC_IRQHandler</STRONG> (Thumb, 0 bytes, Stack size 0 bytes, startup_stm32h743xx.o(.text))
<BR>[Address Reference Count : 1]<UL><LI> startup_stm32h743xx.o(RESET)
</UL>
<P><STRONG><a name="[40]"></a>TIM7_IRQHandler</STRONG> (Thumb, 0 bytes, Stack size 0 bytes, startup_stm32h743xx.o(.text))
<BR>[Address Reference Count : 1]<UL><LI> startup_stm32h743xx.o(RESET)
</UL>
<P><STRONG><a name="[34]"></a>TIM8_BRK_TIM12_IRQHandler</STRONG> (Thumb, 0 bytes, Stack size 0 bytes, startup_stm32h743xx.o(.text))
<BR>[Address Reference Count : 1]<UL><LI> startup_stm32h743xx.o(RESET)
</UL>
<P><STRONG><a name="[37]"></a>TIM8_CC_IRQHandler</STRONG> (Thumb, 0 bytes, Stack size 0 bytes, startup_stm32h743xx.o(.text))
<BR>[Address Reference Count : 1]<UL><LI> startup_stm32h743xx.o(RESET)
</UL>
<P><STRONG><a name="[36]"></a>TIM8_TRG_COM_TIM14_IRQHandler</STRONG> (Thumb, 0 bytes, Stack size 0 bytes, startup_stm32h743xx.o(.text))
<BR>[Address Reference Count : 1]<UL><LI> startup_stm32h743xx.o(RESET)
</UL>
<P><STRONG><a name="[35]"></a>TIM8_UP_TIM13_IRQHandler</STRONG> (Thumb, 0 bytes, Stack size 0 bytes, startup_stm32h743xx.o(.text))
<BR>[Address Reference Count : 1]<UL><LI> startup_stm32h743xx.o(RESET)
</UL>
<P><STRONG><a name="[3d]"></a>UART4_IRQHandler</STRONG> (Thumb, 0 bytes, Stack size 0 bytes, startup_stm32h743xx.o(.text))
<BR>[Address Reference Count : 1]<UL><LI> startup_stm32h743xx.o(RESET)
</UL>
<P><STRONG><a name="[3e]"></a>UART5_IRQHandler</STRONG> (Thumb, 0 bytes, Stack size 0 bytes, startup_stm32h743xx.o(.text))
<BR>[Address Reference Count : 1]<UL><LI> startup_stm32h743xx.o(RESET)
</UL>
<P><STRONG><a name="[56]"></a>UART7_IRQHandler</STRONG> (Thumb, 0 bytes, Stack size 0 bytes, startup_stm32h743xx.o(.text))
<BR>[Address Reference Count : 1]<UL><LI> startup_stm32h743xx.o(RESET)
</UL>
<P><STRONG><a name="[57]"></a>UART8_IRQHandler</STRONG> (Thumb, 0 bytes, Stack size 0 bytes, startup_stm32h743xx.o(.text))
<BR>[Address Reference Count : 1]<UL><LI> startup_stm32h743xx.o(RESET)
</UL>
<P><STRONG><a name="[30]"></a>USART2_IRQHandler</STRONG> (Thumb, 0 bytes, Stack size 0 bytes, startup_stm32h743xx.o(.text))
<BR>[Address Reference Count : 1]<UL><LI> startup_stm32h743xx.o(RESET)
</UL>
<P><STRONG><a name="[31]"></a>USART3_IRQHandler</STRONG> (Thumb, 0 bytes, Stack size 0 bytes, startup_stm32h743xx.o(.text))
<BR>[Address Reference Count : 1]<UL><LI> startup_stm32h743xx.o(RESET)
</UL>
<P><STRONG><a name="[4c]"></a>USART6_IRQHandler</STRONG> (Thumb, 0 bytes, Stack size 0 bytes, startup_stm32h743xx.o(.text))
<BR>[Address Reference Count : 1]<UL><LI> startup_stm32h743xx.o(RESET)
</UL>
<P><STRONG><a name="[94]"></a>WAKEUP_PIN_IRQHandler</STRONG> (Thumb, 0 bytes, Stack size 0 bytes, startup_stm32h743xx.o(.text))
<BR>[Address Reference Count : 1]<UL><LI> startup_stm32h743xx.o(RESET)
</UL>
<P><STRONG><a name="[a]"></a>WWDG_IRQHandler</STRONG> (Thumb, 0 bytes, Stack size 0 bytes, startup_stm32h743xx.o(.text))
<BR>[Address Reference Count : 1]<UL><LI> startup_stm32h743xx.o(RESET)
</UL>
<P><STRONG><a name="[9f]"></a>__aeabi_uldivmod</STRONG> (Thumb, 98 bytes, Stack size 40 bytes, uldiv.o(.text))
<BR><BR>[Stack]<UL><LI>Max Depth = 40<LI>Call Chain = __aeabi_uldivmod
</UL>
<BR>[Calls]<UL><LI><a href="#[a0]">&gt;&gt;</a>&nbsp;&nbsp;&nbsp;__aeabi_llsr
<LI><a href="#[a1]">&gt;&gt;</a>&nbsp;&nbsp;&nbsp;__aeabi_llsl
</UL>
<BR>[Called By]<UL><LI><a href="#[e7]">&gt;&gt;</a>&nbsp;&nbsp;&nbsp;UART_SetConfig
</UL>

<P><STRONG><a name="[108]"></a>__aeabi_memcpy</STRONG> (Thumb, 36 bytes, Stack size 0 bytes, memcpya.o(.text))
<BR><BR>[Called By]<UL><LI><a href="#[ad]">&gt;&gt;</a>&nbsp;&nbsp;&nbsp;bsp_WriteCpuFlash
</UL>

<P><STRONG><a name="[112]"></a>__aeabi_memcpy4</STRONG> (Thumb, 0 bytes, Stack size 0 bytes, memcpya.o(.text), UNUSED)

<P><STRONG><a name="[113]"></a>__aeabi_memcpy8</STRONG> (Thumb, 0 bytes, Stack size 0 bytes, memcpya.o(.text), UNUSED)

<P><STRONG><a name="[a3]"></a>__aeabi_memset</STRONG> (Thumb, 14 bytes, Stack size 0 bytes, memseta.o(.text), UNUSED)
<BR><BR>[Called By]<UL><LI><a href="#[a4]">&gt;&gt;</a>&nbsp;&nbsp;&nbsp;_memset$wrapper
<LI><a href="#[a2]">&gt;&gt;</a>&nbsp;&nbsp;&nbsp;__aeabi_memclr
</UL>

<P><STRONG><a name="[114]"></a>__aeabi_memset4</STRONG> (Thumb, 0 bytes, Stack size 0 bytes, memseta.o(.text), UNUSED)

<P><STRONG><a name="[115]"></a>__aeabi_memset8</STRONG> (Thumb, 0 bytes, Stack size 0 bytes, memseta.o(.text), UNUSED)

<P><STRONG><a name="[a2]"></a>__aeabi_memclr</STRONG> (Thumb, 4 bytes, Stack size 0 bytes, memseta.o(.text), UNUSED)
<BR><BR>[Calls]<UL><LI><a href="#[a3]">&gt;&gt;</a>&nbsp;&nbsp;&nbsp;__aeabi_memset
</UL>

<P><STRONG><a name="[ec]"></a>__aeabi_memclr4</STRONG> (Thumb, 0 bytes, Stack size 0 bytes, memseta.o(.text))
<BR><BR>[Called By]<UL><LI><a href="#[e6]">&gt;&gt;</a>&nbsp;&nbsp;&nbsp;HAL_UART_MspInit
<LI><a href="#[95]">&gt;&gt;</a>&nbsp;&nbsp;&nbsp;main
<LI><a href="#[100]">&gt;&gt;</a>&nbsp;&nbsp;&nbsp;SystemClock_Config
<LI><a href="#[ff]">&gt;&gt;</a>&nbsp;&nbsp;&nbsp;PeriphCommonClock_Config
</UL>

<P><STRONG><a name="[116]"></a>__aeabi_memclr8</STRONG> (Thumb, 0 bytes, Stack size 0 bytes, memseta.o(.text), UNUSED)

<P><STRONG><a name="[a4]"></a>_memset$wrapper</STRONG> (Thumb, 18 bytes, Stack size 8 bytes, memseta.o(.text), UNUSED)
<BR><BR>[Calls]<UL><LI><a href="#[a3]">&gt;&gt;</a>&nbsp;&nbsp;&nbsp;__aeabi_memset
</UL>

<P><STRONG><a name="[a1]"></a>__aeabi_llsl</STRONG> (Thumb, 30 bytes, Stack size 0 bytes, llshl.o(.text))
<BR><BR>[Called By]<UL><LI><a href="#[9f]">&gt;&gt;</a>&nbsp;&nbsp;&nbsp;__aeabi_uldivmod
</UL>

<P><STRONG><a name="[117]"></a>_ll_shift_l</STRONG> (Thumb, 0 bytes, Stack size 0 bytes, llshl.o(.text), UNUSED)

<P><STRONG><a name="[a0]"></a>__aeabi_llsr</STRONG> (Thumb, 32 bytes, Stack size 0 bytes, llushr.o(.text))
<BR><BR>[Called By]<UL><LI><a href="#[9f]">&gt;&gt;</a>&nbsp;&nbsp;&nbsp;__aeabi_uldivmod
</UL>

<P><STRONG><a name="[118]"></a>_ll_ushift_r</STRONG> (Thumb, 0 bytes, Stack size 0 bytes, llushr.o(.text), UNUSED)

<P><STRONG><a name="[9e]"></a>__scatterload</STRONG> (Thumb, 28 bytes, Stack size 0 bytes, init.o(.text))
<BR><BR>[Calls]<UL><LI><a href="#[a5]">&gt;&gt;</a>&nbsp;&nbsp;&nbsp;__main_after_scatterload
</UL>
<BR>[Called By]<UL><LI><a href="#[9d]">&gt;&gt;</a>&nbsp;&nbsp;&nbsp;_main_scatterload
</UL>

<P><STRONG><a name="[119]"></a>__scatterload_rt2</STRONG> (Thumb, 0 bytes, Stack size 0 bytes, init.o(.text), UNUSED)

<P><STRONG><a name="[a6]"></a>App_Link_BinFileDownLoad</STRONG> (Thumb, 234 bytes, Stack size 40 bytes, app_link.o(i.App_Link_BinFileDownLoad))
<BR><BR>[Stack]<UL><LI>Max Depth = 192<LI>Call Chain = App_Link_BinFileDownLoad &rArr; App_Link_ReadData &rArr; App_Link_TxAckPacket &rArr; App_Usart_TxFrame &rArr; UartTxFrame &rArr; HAL_UART_Transmit &rArr; UART_WaitOnFlagUntilTimeout
</UL>
<BR>[Calls]<UL><LI><a href="#[ad]">&gt;&gt;</a>&nbsp;&nbsp;&nbsp;bsp_WriteCpuFlash
<LI><a href="#[ac]">&gt;&gt;</a>&nbsp;&nbsp;&nbsp;bsp_EraseCpuFlash
<LI><a href="#[ab]">&gt;&gt;</a>&nbsp;&nbsp;&nbsp;HAL_FLASH_Lock
<LI><a href="#[ae]">&gt;&gt;</a>&nbsp;&nbsp;&nbsp;App_Link_TxAckPacket
<LI><a href="#[a7]">&gt;&gt;</a>&nbsp;&nbsp;&nbsp;App_Link_ReadFileSize
<LI><a href="#[aa]">&gt;&gt;</a>&nbsp;&nbsp;&nbsp;App_Link_ReadData
<LI><a href="#[a9]">&gt;&gt;</a>&nbsp;&nbsp;&nbsp;App_Link_FLASH_PagesMask
<LI><a href="#[a8]">&gt;&gt;</a>&nbsp;&nbsp;&nbsp;SleepMs
</UL>
<BR>[Called By]<UL><LI><a href="#[95]">&gt;&gt;</a>&nbsp;&nbsp;&nbsp;main
</UL>

<P><STRONG><a name="[af]"></a>App_Link_CheckVerify</STRONG> (Thumb, 70 bytes, Stack size 20 bytes, app_link.o(i.App_Link_CheckVerify))
<BR><BR>[Stack]<UL><LI>Max Depth = 28<LI>Call Chain = App_Link_CheckVerify &rArr; App_Link_GetVerify
</UL>
<BR>[Calls]<UL><LI><a href="#[b0]">&gt;&gt;</a>&nbsp;&nbsp;&nbsp;App_Link_GetVerify
</UL>
<BR>[Called By]<UL><LI><a href="#[a7]">&gt;&gt;</a>&nbsp;&nbsp;&nbsp;App_Link_ReadFileSize
<LI><a href="#[aa]">&gt;&gt;</a>&nbsp;&nbsp;&nbsp;App_Link_ReadData
</UL>

<P><STRONG><a name="[a9]"></a>App_Link_FLASH_PagesMask</STRONG> (Thumb, 24 bytes, Stack size 0 bytes, app_link.o(i.App_Link_FLASH_PagesMask))
<BR><BR>[Called By]<UL><LI><a href="#[a6]">&gt;&gt;</a>&nbsp;&nbsp;&nbsp;App_Link_BinFileDownLoad
</UL>

<P><STRONG><a name="[b0]"></a>App_Link_GetVerify</STRONG> (Thumb, 36 bytes, Stack size 8 bytes, app_link.o(i.App_Link_GetVerify))
<BR><BR>[Stack]<UL><LI>Max Depth = 8<LI>Call Chain = App_Link_GetVerify
</UL>
<BR>[Called By]<UL><LI><a href="#[ae]">&gt;&gt;</a>&nbsp;&nbsp;&nbsp;App_Link_TxAckPacket
<LI><a href="#[af]">&gt;&gt;</a>&nbsp;&nbsp;&nbsp;App_Link_CheckVerify
</UL>

<P><STRONG><a name="[aa]"></a>App_Link_ReadData</STRONG> (Thumb, 222 bytes, Stack size 40 bytes, app_link.o(i.App_Link_ReadData))
<BR><BR>[Stack]<UL><LI>Max Depth = 152<LI>Call Chain = App_Link_ReadData &rArr; App_Link_TxAckPacket &rArr; App_Usart_TxFrame &rArr; UartTxFrame &rArr; HAL_UART_Transmit &rArr; UART_WaitOnFlagUntilTimeout
</UL>
<BR>[Calls]<UL><LI><a href="#[b1]">&gt;&gt;</a>&nbsp;&nbsp;&nbsp;App_Usart_GetFrame
<LI><a href="#[b2]">&gt;&gt;</a>&nbsp;&nbsp;&nbsp;App_Usart_ClearFrame
<LI><a href="#[ae]">&gt;&gt;</a>&nbsp;&nbsp;&nbsp;App_Link_TxAckPacket
<LI><a href="#[af]">&gt;&gt;</a>&nbsp;&nbsp;&nbsp;App_Link_CheckVerify
</UL>
<BR>[Called By]<UL><LI><a href="#[a6]">&gt;&gt;</a>&nbsp;&nbsp;&nbsp;App_Link_BinFileDownLoad
</UL>

<P><STRONG><a name="[a7]"></a>App_Link_ReadFileSize</STRONG> (Thumb, 184 bytes, Stack size 32 bytes, app_link.o(i.App_Link_ReadFileSize))
<BR><BR>[Stack]<UL><LI>Max Depth = 144<LI>Call Chain = App_Link_ReadFileSize &rArr; App_Link_TxAckPacket &rArr; App_Usart_TxFrame &rArr; UartTxFrame &rArr; HAL_UART_Transmit &rArr; UART_WaitOnFlagUntilTimeout
</UL>
<BR>[Calls]<UL><LI><a href="#[b1]">&gt;&gt;</a>&nbsp;&nbsp;&nbsp;App_Usart_GetFrame
<LI><a href="#[b2]">&gt;&gt;</a>&nbsp;&nbsp;&nbsp;App_Usart_ClearFrame
<LI><a href="#[ae]">&gt;&gt;</a>&nbsp;&nbsp;&nbsp;App_Link_TxAckPacket
<LI><a href="#[af]">&gt;&gt;</a>&nbsp;&nbsp;&nbsp;App_Link_CheckVerify
</UL>
<BR>[Called By]<UL><LI><a href="#[a6]">&gt;&gt;</a>&nbsp;&nbsp;&nbsp;App_Link_BinFileDownLoad
</UL>

<P><STRONG><a name="[ae]"></a>App_Link_TxAckPacket</STRONG> (Thumb, 52 bytes, Stack size 16 bytes, app_link.o(i.App_Link_TxAckPacket))
<BR><BR>[Stack]<UL><LI>Max Depth = 112<LI>Call Chain = App_Link_TxAckPacket &rArr; App_Usart_TxFrame &rArr; UartTxFrame &rArr; HAL_UART_Transmit &rArr; UART_WaitOnFlagUntilTimeout
</UL>
<BR>[Calls]<UL><LI><a href="#[b3]">&gt;&gt;</a>&nbsp;&nbsp;&nbsp;App_Usart_TxFrame
<LI><a href="#[b0]">&gt;&gt;</a>&nbsp;&nbsp;&nbsp;App_Link_GetVerify
</UL>
<BR>[Called By]<UL><LI><a href="#[a7]">&gt;&gt;</a>&nbsp;&nbsp;&nbsp;App_Link_ReadFileSize
<LI><a href="#[aa]">&gt;&gt;</a>&nbsp;&nbsp;&nbsp;App_Link_ReadData
<LI><a href="#[a6]">&gt;&gt;</a>&nbsp;&nbsp;&nbsp;App_Link_BinFileDownLoad
</UL>

<P><STRONG><a name="[b2]"></a>App_Usart_ClearFrame</STRONG> (Thumb, 12 bytes, Stack size 0 bytes, app_usart.o(i.App_Usart_ClearFrame))
<BR><BR>[Called By]<UL><LI><a href="#[a7]">&gt;&gt;</a>&nbsp;&nbsp;&nbsp;App_Link_ReadFileSize
<LI><a href="#[aa]">&gt;&gt;</a>&nbsp;&nbsp;&nbsp;App_Link_ReadData
</UL>

<P><STRONG><a name="[b1]"></a>App_Usart_GetFrame</STRONG> (Thumb, 14 bytes, Stack size 0 bytes, app_usart.o(i.App_Usart_GetFrame))
<BR><BR>[Called By]<UL><LI><a href="#[a7]">&gt;&gt;</a>&nbsp;&nbsp;&nbsp;App_Link_ReadFileSize
<LI><a href="#[aa]">&gt;&gt;</a>&nbsp;&nbsp;&nbsp;App_Link_ReadData
</UL>

<P><STRONG><a name="[b4]"></a>App_Usart_Init</STRONG> (Thumb, 38 bytes, Stack size 16 bytes, app_usart.o(i.App_Usart_Init))
<BR><BR>[Stack]<UL><LI>Max Depth = 320<LI>Call Chain = App_Usart_Init &rArr; UartInitial &rArr; HAL_UART_Init &rArr; HAL_UART_MspInit &rArr; HAL_NVIC_SetPriority &rArr; __NVIC_SetPriority
</UL>
<BR>[Calls]<UL><LI><a href="#[b5]">&gt;&gt;</a>&nbsp;&nbsp;&nbsp;UartInitial
</UL>
<BR>[Called By]<UL><LI><a href="#[95]">&gt;&gt;</a>&nbsp;&nbsp;&nbsp;main
</UL>

<P><STRONG><a name="[b6]"></a>App_Usart_Reset</STRONG> (Thumb, 18 bytes, Stack size 8 bytes, app_usart.o(i.App_Usart_Reset))
<BR><BR>[Stack]<UL><LI>Max Depth = 36<LI>Call Chain = App_Usart_Reset &rArr; HAL_UART_MspDeInit &rArr; HAL_GPIO_DeInit
</UL>
<BR>[Calls]<UL><LI><a href="#[b7]">&gt;&gt;</a>&nbsp;&nbsp;&nbsp;SleepUs
<LI><a href="#[b8]">&gt;&gt;</a>&nbsp;&nbsp;&nbsp;HAL_UART_MspDeInit
</UL>
<BR>[Called By]<UL><LI><a href="#[95]">&gt;&gt;</a>&nbsp;&nbsp;&nbsp;main
</UL>

<P><STRONG><a name="[b3]"></a>App_Usart_TxFrame</STRONG> (Thumb, 72 bytes, Stack size 16 bytes, app_usart.o(i.App_Usart_TxFrame))
<BR><BR>[Stack]<UL><LI>Max Depth = 96<LI>Call Chain = App_Usart_TxFrame &rArr; UartTxFrame &rArr; HAL_UART_Transmit &rArr; UART_WaitOnFlagUntilTimeout
</UL>
<BR>[Calls]<UL><LI><a href="#[ba]">&gt;&gt;</a>&nbsp;&nbsp;&nbsp;UartTxFrame
<LI><a href="#[b9]">&gt;&gt;</a>&nbsp;&nbsp;&nbsp;HAL_GPIO_WritePin
</UL>
<BR>[Called By]<UL><LI><a href="#[ae]">&gt;&gt;</a>&nbsp;&nbsp;&nbsp;App_Link_TxAckPacket
</UL>

<P><STRONG><a name="[ed]"></a>Error_Handler</STRONG> (Thumb, 6 bytes, Stack size 0 bytes, main.o(i.Error_Handler))
<BR><BR>[Called By]<UL><LI><a href="#[e6]">&gt;&gt;</a>&nbsp;&nbsp;&nbsp;HAL_UART_MspInit
<LI><a href="#[b5]">&gt;&gt;</a>&nbsp;&nbsp;&nbsp;UartInitial
<LI><a href="#[100]">&gt;&gt;</a>&nbsp;&nbsp;&nbsp;SystemClock_Config
<LI><a href="#[ff]">&gt;&gt;</a>&nbsp;&nbsp;&nbsp;PeriphCommonClock_Config
</UL>

<P><STRONG><a name="[c2]"></a>FLASH_Erase_Sector</STRONG> (Thumb, 88 bytes, Stack size 8 bytes, stm32h7xx_hal_flash_ex.o(i.FLASH_Erase_Sector))
<BR><BR>[Stack]<UL><LI>Max Depth = 8<LI>Call Chain = FLASH_Erase_Sector
</UL>
<BR>[Called By]<UL><LI><a href="#[c0]">&gt;&gt;</a>&nbsp;&nbsp;&nbsp;HAL_FLASHEx_Erase
</UL>

<P><STRONG><a name="[bb]"></a>FLASH_WaitForLastOperation</STRONG> (Thumb, 230 bytes, Stack size 24 bytes, stm32h7xx_hal_flash.o(i.FLASH_WaitForLastOperation))
<BR><BR>[Stack]<UL><LI>Max Depth = 24<LI>Call Chain = FLASH_WaitForLastOperation
</UL>
<BR>[Calls]<UL><LI><a href="#[bc]">&gt;&gt;</a>&nbsp;&nbsp;&nbsp;HAL_GetTick
</UL>
<BR>[Called By]<UL><LI><a href="#[c3]">&gt;&gt;</a>&nbsp;&nbsp;&nbsp;HAL_FLASH_Program
<LI><a href="#[c0]">&gt;&gt;</a>&nbsp;&nbsp;&nbsp;HAL_FLASHEx_Erase
</UL>

<P><STRONG><a name="[bd]"></a>GetBoardAddress</STRONG> (Thumb, 106 bytes, Stack size 16 bytes, main.o(i.GetBoardAddress))
<BR><BR>[Stack]<UL><LI>Max Depth = 16<LI>Call Chain = GetBoardAddress
</UL>
<BR>[Calls]<UL><LI><a href="#[be]">&gt;&gt;</a>&nbsp;&nbsp;&nbsp;HAL_GPIO_ReadPin
</UL>
<BR>[Called By]<UL><LI><a href="#[95]">&gt;&gt;</a>&nbsp;&nbsp;&nbsp;main
</UL>

<P><STRONG><a name="[bf]"></a>HAL_DMA_Abort</STRONG> (Thumb, 1236 bytes, Stack size 24 bytes, stm32h7xx_hal_dma.o(i.HAL_DMA_Abort))
<BR><BR>[Stack]<UL><LI>Max Depth = 24<LI>Call Chain = HAL_DMA_Abort
</UL>
<BR>[Calls]<UL><LI><a href="#[bc]">&gt;&gt;</a>&nbsp;&nbsp;&nbsp;HAL_GetTick
</UL>
<BR>[Called By]<UL><LI><a href="#[dc]">&gt;&gt;</a>&nbsp;&nbsp;&nbsp;HAL_UART_IRQHandler
</UL>

<P><STRONG><a name="[de]"></a>HAL_DMA_Abort_IT</STRONG> (Thumb, 906 bytes, Stack size 16 bytes, stm32h7xx_hal_dma.o(i.HAL_DMA_Abort_IT))
<BR><BR>[Stack]<UL><LI>Max Depth = 16<LI>Call Chain = HAL_DMA_Abort_IT
</UL>
<BR>[Called By]<UL><LI><a href="#[dc]">&gt;&gt;</a>&nbsp;&nbsp;&nbsp;HAL_UART_IRQHandler
</UL>

<P><STRONG><a name="[c0]"></a>HAL_FLASHEx_Erase</STRONG> (Thumb, 302 bytes, Stack size 24 bytes, stm32h7xx_hal_flash_ex.o(i.HAL_FLASHEx_Erase))
<BR><BR>[Stack]<UL><LI>Max Depth = 48<LI>Call Chain = HAL_FLASHEx_Erase &rArr; FLASH_WaitForLastOperation
</UL>
<BR>[Calls]<UL><LI><a href="#[c1]">&gt;&gt;</a>&nbsp;&nbsp;&nbsp;FLASH_MassErase
<LI><a href="#[c2]">&gt;&gt;</a>&nbsp;&nbsp;&nbsp;FLASH_Erase_Sector
<LI><a href="#[bb]">&gt;&gt;</a>&nbsp;&nbsp;&nbsp;FLASH_WaitForLastOperation
</UL>
<BR>[Called By]<UL><LI><a href="#[ac]">&gt;&gt;</a>&nbsp;&nbsp;&nbsp;bsp_EraseCpuFlash
</UL>

<P><STRONG><a name="[ab]"></a>HAL_FLASH_Lock</STRONG> (Thumb, 58 bytes, Stack size 0 bytes, stm32h7xx_hal_flash.o(i.HAL_FLASH_Lock))
<BR><BR>[Called By]<UL><LI><a href="#[ad]">&gt;&gt;</a>&nbsp;&nbsp;&nbsp;bsp_WriteCpuFlash
<LI><a href="#[ac]">&gt;&gt;</a>&nbsp;&nbsp;&nbsp;bsp_EraseCpuFlash
<LI><a href="#[a6]">&gt;&gt;</a>&nbsp;&nbsp;&nbsp;App_Link_BinFileDownLoad
</UL>

<P><STRONG><a name="[c3]"></a>HAL_FLASH_Program</STRONG> (Thumb, 286 bytes, Stack size 40 bytes, stm32h7xx_hal_flash.o(i.HAL_FLASH_Program))
<BR><BR>[Stack]<UL><LI>Max Depth = 64<LI>Call Chain = HAL_FLASH_Program &rArr; FLASH_WaitForLastOperation
</UL>
<BR>[Calls]<UL><LI><a href="#[bb]">&gt;&gt;</a>&nbsp;&nbsp;&nbsp;FLASH_WaitForLastOperation
</UL>
<BR>[Called By]<UL><LI><a href="#[ad]">&gt;&gt;</a>&nbsp;&nbsp;&nbsp;bsp_WriteCpuFlash
</UL>

<P><STRONG><a name="[105]"></a>HAL_FLASH_Unlock</STRONG> (Thumb, 78 bytes, Stack size 0 bytes, stm32h7xx_hal_flash.o(i.HAL_FLASH_Unlock))
<BR><BR>[Called By]<UL><LI><a href="#[ad]">&gt;&gt;</a>&nbsp;&nbsp;&nbsp;bsp_WriteCpuFlash
<LI><a href="#[ac]">&gt;&gt;</a>&nbsp;&nbsp;&nbsp;bsp_EraseCpuFlash
</UL>

<P><STRONG><a name="[ea]"></a>HAL_GPIO_DeInit</STRONG> (Thumb, 328 bytes, Stack size 20 bytes, stm32h7xx_hal_gpio.o(i.HAL_GPIO_DeInit))
<BR><BR>[Stack]<UL><LI>Max Depth = 20<LI>Call Chain = HAL_GPIO_DeInit
</UL>
<BR>[Called By]<UL><LI><a href="#[b8]">&gt;&gt;</a>&nbsp;&nbsp;&nbsp;HAL_UART_MspDeInit
</UL>

<P><STRONG><a name="[ee]"></a>HAL_GPIO_Init</STRONG> (Thumb, 456 bytes, Stack size 24 bytes, stm32h7xx_hal_gpio.o(i.HAL_GPIO_Init))
<BR><BR>[Stack]<UL><LI>Max Depth = 24<LI>Call Chain = HAL_GPIO_Init
</UL>
<BR>[Called By]<UL><LI><a href="#[e6]">&gt;&gt;</a>&nbsp;&nbsp;&nbsp;HAL_UART_MspInit
<LI><a href="#[95]">&gt;&gt;</a>&nbsp;&nbsp;&nbsp;main
</UL>

<P><STRONG><a name="[be]"></a>HAL_GPIO_ReadPin</STRONG> (Thumb, 16 bytes, Stack size 0 bytes, stm32h7xx_hal_gpio.o(i.HAL_GPIO_ReadPin))
<BR><BR>[Called By]<UL><LI><a href="#[bd]">&gt;&gt;</a>&nbsp;&nbsp;&nbsp;GetBoardAddress
</UL>

<P><STRONG><a name="[b9]"></a>HAL_GPIO_WritePin</STRONG> (Thumb, 12 bytes, Stack size 0 bytes, stm32h7xx_hal_gpio.o(i.HAL_GPIO_WritePin))
<BR><BR>[Called By]<UL><LI><a href="#[b3]">&gt;&gt;</a>&nbsp;&nbsp;&nbsp;App_Usart_TxFrame
<LI><a href="#[95]">&gt;&gt;</a>&nbsp;&nbsp;&nbsp;main
</UL>

<P><STRONG><a name="[d8]"></a>HAL_GetREVID</STRONG> (Thumb, 8 bytes, Stack size 0 bytes, stm32h7xx_hal.o(i.HAL_GetREVID))
<BR><BR>[Called By]<UL><LI><a href="#[d7]">&gt;&gt;</a>&nbsp;&nbsp;&nbsp;HAL_RCC_OscConfig
</UL>

<P><STRONG><a name="[bc]"></a>HAL_GetTick</STRONG> (Thumb, 6 bytes, Stack size 0 bytes, stm32h7xx_hal.o(i.HAL_GetTick))
<BR><BR>[Called By]<UL><LI><a href="#[d2]">&gt;&gt;</a>&nbsp;&nbsp;&nbsp;RCCEx_PLL3_Config
<LI><a href="#[d1]">&gt;&gt;</a>&nbsp;&nbsp;&nbsp;RCCEx_PLL2_Config
<LI><a href="#[bf]">&gt;&gt;</a>&nbsp;&nbsp;&nbsp;HAL_DMA_Abort
<LI><a href="#[f4]">&gt;&gt;</a>&nbsp;&nbsp;&nbsp;UART_WaitOnFlagUntilTimeout
<LI><a href="#[e9]">&gt;&gt;</a>&nbsp;&nbsp;&nbsp;UART_CheckIdleState
<LI><a href="#[f3]">&gt;&gt;</a>&nbsp;&nbsp;&nbsp;HAL_UART_Transmit
<LI><a href="#[d4]">&gt;&gt;</a>&nbsp;&nbsp;&nbsp;HAL_RCC_DeInit
<LI><a href="#[bb]">&gt;&gt;</a>&nbsp;&nbsp;&nbsp;FLASH_WaitForLastOperation
<LI><a href="#[d7]">&gt;&gt;</a>&nbsp;&nbsp;&nbsp;HAL_RCC_OscConfig
<LI><a href="#[d3]">&gt;&gt;</a>&nbsp;&nbsp;&nbsp;HAL_RCC_ClockConfig
<LI><a href="#[d0]">&gt;&gt;</a>&nbsp;&nbsp;&nbsp;HAL_RCCEx_PeriphCLKConfig
<LI><a href="#[cd]">&gt;&gt;</a>&nbsp;&nbsp;&nbsp;HAL_PWREx_ConfigSupply
</UL>

<P><STRONG><a name="[c4]"></a>HAL_Init</STRONG> (Thumb, 80 bytes, Stack size 8 bytes, stm32h7xx_hal.o(i.HAL_Init))
<BR><BR>[Stack]<UL><LI>Max Depth = 72<LI>Call Chain = HAL_Init &rArr; HAL_InitTick &rArr; HAL_NVIC_SetPriority &rArr; __NVIC_SetPriority
</UL>
<BR>[Calls]<UL><LI><a href="#[c8]">&gt;&gt;</a>&nbsp;&nbsp;&nbsp;HAL_MspInit
<LI><a href="#[c7]">&gt;&gt;</a>&nbsp;&nbsp;&nbsp;HAL_InitTick
<LI><a href="#[c6]">&gt;&gt;</a>&nbsp;&nbsp;&nbsp;HAL_RCC_GetSysClockFreq
<LI><a href="#[c5]">&gt;&gt;</a>&nbsp;&nbsp;&nbsp;HAL_NVIC_SetPriorityGrouping
</UL>
<BR>[Called By]<UL><LI><a href="#[95]">&gt;&gt;</a>&nbsp;&nbsp;&nbsp;main
</UL>

<P><STRONG><a name="[c7]"></a>HAL_InitTick</STRONG> (Thumb, 74 bytes, Stack size 16 bytes, stm32h7xx_hal.o(i.HAL_InitTick))
<BR><BR>[Stack]<UL><LI>Max Depth = 64<LI>Call Chain = HAL_InitTick &rArr; HAL_NVIC_SetPriority &rArr; __NVIC_SetPriority
</UL>
<BR>[Calls]<UL><LI><a href="#[c9]">&gt;&gt;</a>&nbsp;&nbsp;&nbsp;HAL_SYSTICK_Config
<LI><a href="#[ca]">&gt;&gt;</a>&nbsp;&nbsp;&nbsp;HAL_NVIC_SetPriority
</UL>
<BR>[Called By]<UL><LI><a href="#[d4]">&gt;&gt;</a>&nbsp;&nbsp;&nbsp;HAL_RCC_DeInit
<LI><a href="#[d3]">&gt;&gt;</a>&nbsp;&nbsp;&nbsp;HAL_RCC_ClockConfig
<LI><a href="#[c4]">&gt;&gt;</a>&nbsp;&nbsp;&nbsp;HAL_Init
</UL>

<P><STRONG><a name="[f7]"></a>HAL_MPU_ConfigRegion</STRONG> (Thumb, 88 bytes, Stack size 0 bytes, stm32h7xx_hal_cortex.o(i.HAL_MPU_ConfigRegion))
<BR><BR>[Called By]<UL><LI><a href="#[f5]">&gt;&gt;</a>&nbsp;&nbsp;&nbsp;MPU_Config
</UL>

<P><STRONG><a name="[f6]"></a>HAL_MPU_Disable</STRONG> (Thumb, 38 bytes, Stack size 0 bytes, stm32h7xx_hal_cortex.o(i.HAL_MPU_Disable))
<BR><BR>[Called By]<UL><LI><a href="#[f5]">&gt;&gt;</a>&nbsp;&nbsp;&nbsp;MPU_Config
</UL>

<P><STRONG><a name="[f8]"></a>HAL_MPU_Enable</STRONG> (Thumb, 58 bytes, Stack size 0 bytes, stm32h7xx_hal_cortex.o(i.HAL_MPU_Enable))
<BR><BR>[Called By]<UL><LI><a href="#[f5]">&gt;&gt;</a>&nbsp;&nbsp;&nbsp;MPU_Config
</UL>

<P><STRONG><a name="[c8]"></a>HAL_MspInit</STRONG> (Thumb, 2 bytes, Stack size 0 bytes, stm32h7xx_hal.o(i.HAL_MspInit))
<BR><BR>[Called By]<UL><LI><a href="#[c4]">&gt;&gt;</a>&nbsp;&nbsp;&nbsp;HAL_Init
</UL>

<P><STRONG><a name="[eb]"></a>HAL_NVIC_DisableIRQ</STRONG> (Thumb, 62 bytes, Stack size 8 bytes, stm32h7xx_hal_cortex.o(i.HAL_NVIC_DisableIRQ))
<BR><BR>[Stack]<UL><LI>Max Depth = 8<LI>Call Chain = HAL_NVIC_DisableIRQ
</UL>
<BR>[Called By]<UL><LI><a href="#[b8]">&gt;&gt;</a>&nbsp;&nbsp;&nbsp;HAL_UART_MspDeInit
</UL>

<P><STRONG><a name="[ef]"></a>HAL_NVIC_EnableIRQ</STRONG> (Thumb, 40 bytes, Stack size 0 bytes, stm32h7xx_hal_cortex.o(i.HAL_NVIC_EnableIRQ))
<BR><BR>[Called By]<UL><LI><a href="#[e6]">&gt;&gt;</a>&nbsp;&nbsp;&nbsp;HAL_UART_MspInit
</UL>

<P><STRONG><a name="[ca]"></a>HAL_NVIC_SetPriority</STRONG> (Thumb, 122 bytes, Stack size 40 bytes, stm32h7xx_hal_cortex.o(i.HAL_NVIC_SetPriority))
<BR><BR>[Stack]<UL><LI>Max Depth = 48<LI>Call Chain = HAL_NVIC_SetPriority &rArr; __NVIC_SetPriority
</UL>
<BR>[Calls]<UL><LI><a href="#[cc]">&gt;&gt;</a>&nbsp;&nbsp;&nbsp;__NVIC_SetPriority
<LI><a href="#[cb]">&gt;&gt;</a>&nbsp;&nbsp;&nbsp;__NVIC_GetPriorityGrouping
</UL>
<BR>[Called By]<UL><LI><a href="#[c7]">&gt;&gt;</a>&nbsp;&nbsp;&nbsp;HAL_InitTick
<LI><a href="#[e6]">&gt;&gt;</a>&nbsp;&nbsp;&nbsp;HAL_UART_MspInit
</UL>

<P><STRONG><a name="[c5]"></a>HAL_NVIC_SetPriorityGrouping</STRONG> (Thumb, 32 bytes, Stack size 0 bytes, stm32h7xx_hal_cortex.o(i.HAL_NVIC_SetPriorityGrouping))
<BR><BR>[Called By]<UL><LI><a href="#[c4]">&gt;&gt;</a>&nbsp;&nbsp;&nbsp;HAL_Init
</UL>

<P><STRONG><a name="[cd]"></a>HAL_PWREx_ConfigSupply</STRONG> (Thumb, 90 bytes, Stack size 16 bytes, stm32h7xx_hal_pwr_ex.o(i.HAL_PWREx_ConfigSupply))
<BR><BR>[Stack]<UL><LI>Max Depth = 16<LI>Call Chain = HAL_PWREx_ConfigSupply
</UL>
<BR>[Calls]<UL><LI><a href="#[bc]">&gt;&gt;</a>&nbsp;&nbsp;&nbsp;HAL_GetTick
</UL>
<BR>[Called By]<UL><LI><a href="#[100]">&gt;&gt;</a>&nbsp;&nbsp;&nbsp;SystemClock_Config
</UL>

<P><STRONG><a name="[ce]"></a>HAL_RCCEx_GetD3PCLK1Freq</STRONG> (Thumb, 26 bytes, Stack size 8 bytes, stm32h7xx_hal_rcc_ex.o(i.HAL_RCCEx_GetD3PCLK1Freq))
<BR><BR>[Stack]<UL><LI>Max Depth = 36<LI>Call Chain = HAL_RCCEx_GetD3PCLK1Freq &rArr; HAL_RCC_GetHCLKFreq &rArr; HAL_RCC_GetSysClockFreq
</UL>
<BR>[Calls]<UL><LI><a href="#[cf]">&gt;&gt;</a>&nbsp;&nbsp;&nbsp;HAL_RCC_GetHCLKFreq
</UL>
<BR>[Called By]<UL><LI><a href="#[e7]">&gt;&gt;</a>&nbsp;&nbsp;&nbsp;UART_SetConfig
</UL>

<P><STRONG><a name="[102]"></a>HAL_RCCEx_GetPLL2ClockFreq</STRONG> (Thumb, 536 bytes, Stack size 16 bytes, stm32h7xx_hal_rcc_ex.o(i.HAL_RCCEx_GetPLL2ClockFreq))
<BR><BR>[Stack]<UL><LI>Max Depth = 16<LI>Call Chain = HAL_RCCEx_GetPLL2ClockFreq
</UL>
<BR>[Called By]<UL><LI><a href="#[e7]">&gt;&gt;</a>&nbsp;&nbsp;&nbsp;UART_SetConfig
</UL>

<P><STRONG><a name="[103]"></a>HAL_RCCEx_GetPLL3ClockFreq</STRONG> (Thumb, 536 bytes, Stack size 16 bytes, stm32h7xx_hal_rcc_ex.o(i.HAL_RCCEx_GetPLL3ClockFreq))
<BR><BR>[Stack]<UL><LI>Max Depth = 16<LI>Call Chain = HAL_RCCEx_GetPLL3ClockFreq
</UL>
<BR>[Called By]<UL><LI><a href="#[e7]">&gt;&gt;</a>&nbsp;&nbsp;&nbsp;UART_SetConfig
</UL>

<P><STRONG><a name="[d0]"></a>HAL_RCCEx_PeriphCLKConfig</STRONG> (Thumb, 3432 bytes, Stack size 24 bytes, stm32h7xx_hal_rcc_ex.o(i.HAL_RCCEx_PeriphCLKConfig))
<BR><BR>[Stack]<UL><LI>Max Depth = 48<LI>Call Chain = HAL_RCCEx_PeriphCLKConfig &rArr; RCCEx_PLL3_Config
</UL>
<BR>[Calls]<UL><LI><a href="#[d2]">&gt;&gt;</a>&nbsp;&nbsp;&nbsp;RCCEx_PLL3_Config
<LI><a href="#[d1]">&gt;&gt;</a>&nbsp;&nbsp;&nbsp;RCCEx_PLL2_Config
<LI><a href="#[bc]">&gt;&gt;</a>&nbsp;&nbsp;&nbsp;HAL_GetTick
</UL>
<BR>[Called By]<UL><LI><a href="#[e6]">&gt;&gt;</a>&nbsp;&nbsp;&nbsp;HAL_UART_MspInit
<LI><a href="#[ff]">&gt;&gt;</a>&nbsp;&nbsp;&nbsp;PeriphCommonClock_Config
</UL>

<P><STRONG><a name="[d3]"></a>HAL_RCC_ClockConfig</STRONG> (Thumb, 774 bytes, Stack size 24 bytes, stm32h7xx_hal_rcc.o(i.HAL_RCC_ClockConfig))
<BR><BR>[Stack]<UL><LI>Max Depth = 88<LI>Call Chain = HAL_RCC_ClockConfig &rArr; HAL_InitTick &rArr; HAL_NVIC_SetPriority &rArr; __NVIC_SetPriority
</UL>
<BR>[Calls]<UL><LI><a href="#[c7]">&gt;&gt;</a>&nbsp;&nbsp;&nbsp;HAL_InitTick
<LI><a href="#[bc]">&gt;&gt;</a>&nbsp;&nbsp;&nbsp;HAL_GetTick
<LI><a href="#[c6]">&gt;&gt;</a>&nbsp;&nbsp;&nbsp;HAL_RCC_GetSysClockFreq
</UL>
<BR>[Called By]<UL><LI><a href="#[100]">&gt;&gt;</a>&nbsp;&nbsp;&nbsp;SystemClock_Config
</UL>

<P><STRONG><a name="[d4]"></a>HAL_RCC_DeInit</STRONG> (Thumb, 516 bytes, Stack size 8 bytes, stm32h7xx_hal_rcc.o(i.HAL_RCC_DeInit))
<BR><BR>[Stack]<UL><LI>Max Depth = 72<LI>Call Chain = HAL_RCC_DeInit &rArr; HAL_InitTick &rArr; HAL_NVIC_SetPriority &rArr; __NVIC_SetPriority
</UL>
<BR>[Calls]<UL><LI><a href="#[c7]">&gt;&gt;</a>&nbsp;&nbsp;&nbsp;HAL_InitTick
<LI><a href="#[bc]">&gt;&gt;</a>&nbsp;&nbsp;&nbsp;HAL_GetTick
</UL>
<BR>[Called By]<UL><LI><a href="#[109]">&gt;&gt;</a>&nbsp;&nbsp;&nbsp;iap_load_app
</UL>

<P><STRONG><a name="[cf]"></a>HAL_RCC_GetHCLKFreq</STRONG> (Thumb, 60 bytes, Stack size 8 bytes, stm32h7xx_hal_rcc.o(i.HAL_RCC_GetHCLKFreq))
<BR><BR>[Stack]<UL><LI>Max Depth = 28<LI>Call Chain = HAL_RCC_GetHCLKFreq &rArr; HAL_RCC_GetSysClockFreq
</UL>
<BR>[Calls]<UL><LI><a href="#[c6]">&gt;&gt;</a>&nbsp;&nbsp;&nbsp;HAL_RCC_GetSysClockFreq
</UL>
<BR>[Called By]<UL><LI><a href="#[d6]">&gt;&gt;</a>&nbsp;&nbsp;&nbsp;HAL_RCC_GetPCLK2Freq
<LI><a href="#[d5]">&gt;&gt;</a>&nbsp;&nbsp;&nbsp;HAL_RCC_GetPCLK1Freq
<LI><a href="#[ce]">&gt;&gt;</a>&nbsp;&nbsp;&nbsp;HAL_RCCEx_GetD3PCLK1Freq
</UL>

<P><STRONG><a name="[d5]"></a>HAL_RCC_GetPCLK1Freq</STRONG> (Thumb, 26 bytes, Stack size 4 bytes, stm32h7xx_hal_rcc.o(i.HAL_RCC_GetPCLK1Freq))
<BR><BR>[Stack]<UL><LI>Max Depth = 32<LI>Call Chain = HAL_RCC_GetPCLK1Freq &rArr; HAL_RCC_GetHCLKFreq &rArr; HAL_RCC_GetSysClockFreq
</UL>
<BR>[Calls]<UL><LI><a href="#[cf]">&gt;&gt;</a>&nbsp;&nbsp;&nbsp;HAL_RCC_GetHCLKFreq
</UL>
<BR>[Called By]<UL><LI><a href="#[e7]">&gt;&gt;</a>&nbsp;&nbsp;&nbsp;UART_SetConfig
</UL>

<P><STRONG><a name="[d6]"></a>HAL_RCC_GetPCLK2Freq</STRONG> (Thumb, 26 bytes, Stack size 4 bytes, stm32h7xx_hal_rcc.o(i.HAL_RCC_GetPCLK2Freq))
<BR><BR>[Stack]<UL><LI>Max Depth = 32<LI>Call Chain = HAL_RCC_GetPCLK2Freq &rArr; HAL_RCC_GetHCLKFreq &rArr; HAL_RCC_GetSysClockFreq
</UL>
<BR>[Calls]<UL><LI><a href="#[cf]">&gt;&gt;</a>&nbsp;&nbsp;&nbsp;HAL_RCC_GetHCLKFreq
</UL>
<BR>[Called By]<UL><LI><a href="#[e7]">&gt;&gt;</a>&nbsp;&nbsp;&nbsp;UART_SetConfig
</UL>

<P><STRONG><a name="[c6]"></a>HAL_RCC_GetSysClockFreq</STRONG> (Thumb, 524 bytes, Stack size 20 bytes, stm32h7xx_hal_rcc.o(i.HAL_RCC_GetSysClockFreq))
<BR><BR>[Stack]<UL><LI>Max Depth = 20<LI>Call Chain = HAL_RCC_GetSysClockFreq
</UL>
<BR>[Called By]<UL><LI><a href="#[cf]">&gt;&gt;</a>&nbsp;&nbsp;&nbsp;HAL_RCC_GetHCLKFreq
<LI><a href="#[d3]">&gt;&gt;</a>&nbsp;&nbsp;&nbsp;HAL_RCC_ClockConfig
<LI><a href="#[c4]">&gt;&gt;</a>&nbsp;&nbsp;&nbsp;HAL_Init
</UL>

<P><STRONG><a name="[d7]"></a>HAL_RCC_OscConfig</STRONG> (Thumb, 2130 bytes, Stack size 32 bytes, stm32h7xx_hal_rcc.o(i.HAL_RCC_OscConfig))
<BR><BR>[Stack]<UL><LI>Max Depth = 32<LI>Call Chain = HAL_RCC_OscConfig
</UL>
<BR>[Calls]<UL><LI><a href="#[bc]">&gt;&gt;</a>&nbsp;&nbsp;&nbsp;HAL_GetTick
[...]
</UL>
<BR>[Calls]<UL><LI><a href="#[fd]">&gt;&gt;</a>&nbsp;&nbsp;&nbsp;OTA_SwapToBase_FromStaging
<LI><a href="#[fa]">&gt;&gt;</a>&nbsp;&nbsp;&nbsp;meta_read
<LI><a href="#[fb]">&gt;&gt;</a>&nbsp;&nbsp;&nbsp;meta_clear
<LI><a href="#[fc]">&gt;&gt;</a>&nbsp;&nbsp;&nbsp;crc32_full_at
</UL>
<BR>[Called By]<UL><LI><a href="#[95]">&gt;&gt;</a>&nbsp;&nbsp;&nbsp;main
</UL>

<P><STRONG><a name="[fd]"></a>OTA_SwapToBase_FromStaging</STRONG> (Thumb, 12 bytes, Stack size 0 bytes, ota.o(i.OTA_SwapToBase_FromStaging))
<BR><BR>[Stack]<UL><LI>Max Depth = 152<LI>Call Chain = OTA_SwapToBase_FromStaging &rArr; ram_swap_copy &rArr; bsp_WriteCpuFlash &rArr; HAL_FLASH_Program &rArr; FLASH_WaitForLastOperation
</UL>
<BR>[Calls]<UL><LI><a href="#[fe]">&gt;&gt;</a>&nbsp;&nbsp;&nbsp;ram_swap_copy
</UL>
<BR>[Called By]<UL><LI><a href="#[f9]">&gt;&gt;</a>&nbsp;&nbsp;&nbsp;OTA_CheckAndSwap_Early
</UL>

<P><STRONG><a name="[ff]"></a>PeriphCommonClock_Config</STRONG> (Thumb, 72 bytes, Stack size 200 bytes, main.o(i.PeriphCommonClock_Config))
<BR><BR>[Stack]<UL><LI>Max Depth = 248<LI>Call Chain = PeriphCommonClock_Config &rArr; HAL_RCCEx_PeriphCLKConfig &rArr; RCCEx_PLL3_Config
</UL>
<BR>[Calls]<UL><LI><a href="#[ec]">&gt;&gt;</a>&nbsp;&nbsp;&nbsp;__aeabi_memclr4
<LI><a href="#[d0]">&gt;&gt;</a>&nbsp;&nbsp;&nbsp;HAL_RCCEx_PeriphCLKConfig
<LI><a href="#[ed]">&gt;&gt;</a>&nbsp;&nbsp;&nbsp;Error_Handler
</UL>
<BR>[Called By]<UL><LI><a href="#[95]">&gt;&gt;</a>&nbsp;&nbsp;&nbsp;main
</UL>

<P><STRONG><a name="[a8]"></a>SleepMs</STRONG> (Thumb, 30 bytes, Stack size 0 bytes, driver_sleep.o(i.SleepMs))
<BR><BR>[Called By]<UL><LI><a href="#[a6]">&gt;&gt;</a>&nbsp;&nbsp;&nbsp;App_Link_BinFileDownLoad
<LI><a href="#[95]">&gt;&gt;</a>&nbsp;&nbsp;&nbsp;main
</UL>

<P><STRONG><a name="[b7]"></a>SleepUs</STRONG> (Thumb, 26 bytes, Stack size 0 bytes, driver_sleep.o(i.SleepUs))
<BR><BR>[Called By]<UL><LI><a href="#[b6]">&gt;&gt;</a>&nbsp;&nbsp;&nbsp;App_Usart_Reset
</UL>

<P><STRONG><a name="[9]"></a>SysTick_Handler</STRONG> (Thumb, 2 bytes, Stack size 0 bytes, main.o(i.SysTick_Handler))
<BR>[Address Reference Count : 1]<UL><LI> startup_stm32h743xx.o(RESET)
</UL>
<P><STRONG><a name="[100]"></a>SystemClock_Config</STRONG> (Thumb, 318 bytes, Stack size 120 bytes, main.o(i.SystemClock_Config))
<BR><BR>[Stack]<UL><LI>Max Depth = 208<LI>Call Chain = SystemClock_Config &rArr; HAL_RCC_ClockConfig &rArr; HAL_InitTick &rArr; HAL_NVIC_SetPriority &rArr; __NVIC_SetPriority
</UL>
<BR>[Calls]<UL><LI><a href="#[ec]">&gt;&gt;</a>&nbsp;&nbsp;&nbsp;__aeabi_memclr4
<LI><a href="#[d7]">&gt;&gt;</a>&nbsp;&nbsp;&nbsp;HAL_RCC_OscConfig
<LI><a href="#[d3]">&gt;&gt;</a>&nbsp;&nbsp;&nbsp;HAL_RCC_ClockConfig
<LI><a href="#[cd]">&gt;&gt;</a>&nbsp;&nbsp;&nbsp;HAL_PWREx_ConfigSupply
<LI><a href="#[ed]">&gt;&gt;</a>&nbsp;&nbsp;&nbsp;Error_Handler
</UL>
<BR>[Called By]<UL><LI><a href="#[95]">&gt;&gt;</a>&nbsp;&nbsp;&nbsp;main
</UL>

<P><STRONG><a name="[96]"></a>SystemInit</STRONG> (Thumb, 220 bytes, Stack size 0 bytes, system_stm32h7xx.o(i.SystemInit))
<BR><BR>[Called By]<UL><LI><a href="#[95]">&gt;&gt;</a>&nbsp;&nbsp;&nbsp;main
</UL>
<BR>[Address Reference Count : 1]<UL><LI> startup_stm32h743xx.o(.text)
</UL>
<P><STRONG><a name="[e8]"></a>UART_AdvFeatureConfig</STRONG> (Thumb, 248 bytes, Stack size 0 bytes, stm32h7xx_hal_uart.o(i.UART_AdvFeatureConfig))
<BR><BR>[Called By]<UL><LI><a href="#[e5]">&gt;&gt;</a>&nbsp;&nbsp;&nbsp;HAL_UART_Init
</UL>

<P><STRONG><a name="[e9]"></a>UART_CheckIdleState</STRONG> (Thumb, 234 bytes, Stack size 16 bytes, stm32h7xx_hal_uart.o(i.UART_CheckIdleState))
<BR><BR>[Stack]<UL><LI>Max Depth = 40<LI>Call Chain = UART_CheckIdleState &rArr; UART_WaitOnFlagUntilTimeout
</UL>
<BR>[Calls]<UL><LI><a href="#[bc]">&gt;&gt;</a>&nbsp;&nbsp;&nbsp;HAL_GetTick
<LI><a href="#[f4]">&gt;&gt;</a>&nbsp;&nbsp;&nbsp;UART_WaitOnFlagUntilTimeout
</UL>
<BR>[Called By]<UL><LI><a href="#[e5]">&gt;&gt;</a>&nbsp;&nbsp;&nbsp;HAL_UART_Init
</UL>

<P><STRONG><a name="[e7]"></a>UART_SetConfig</STRONG> (Thumb, 1402 bytes, Stack size 72 bytes, stm32h7xx_hal_uart.o(i.UART_SetConfig))
<BR><BR>[Stack]<UL><LI>Max Depth = 112<LI>Call Chain = UART_SetConfig &rArr; __aeabi_uldivmod
</UL>
<BR>[Calls]<UL><LI><a href="#[d6]">&gt;&gt;</a>&nbsp;&nbsp;&nbsp;HAL_RCC_GetPCLK2Freq
<LI><a href="#[d5]">&gt;&gt;</a>&nbsp;&nbsp;&nbsp;HAL_RCC_GetPCLK1Freq
<LI><a href="#[103]">&gt;&gt;</a>&nbsp;&nbsp;&nbsp;HAL_RCCEx_GetPLL3ClockFreq
<LI><a href="#[102]">&gt;&gt;</a>&nbsp;&nbsp;&nbsp;HAL_RCCEx_GetPLL2ClockFreq
<LI><a href="#[ce]">&gt;&gt;</a>&nbsp;&nbsp;&nbsp;HAL_RCCEx_GetD3PCLK1Freq
<LI><a href="#[9f]">&gt;&gt;</a>&nbsp;&nbsp;&nbsp;__aeabi_uldivmod
</UL>
<BR>[Called By]<UL><LI><a href="#[e5]">&gt;&gt;</a>&nbsp;&nbsp;&nbsp;HAL_UART_Init
</UL>

<P><STRONG><a name="[f1]"></a>UART_Start_Receive_IT</STRONG> (Thumb, 332 bytes, Stack size 12 bytes, stm32h7xx_hal_uart.o(i.UART_Start_Receive_IT))
<BR><BR>[Stack]<UL><LI>Max Depth = 12<LI>Call Chain = UART_Start_Receive_IT
</UL>
<BR>[Called By]<UL><LI><a href="#[f0]">&gt;&gt;</a>&nbsp;&nbsp;&nbsp;HAL_UART_Receive_IT
</UL>

<P><STRONG><a name="[f4]"></a>UART_WaitOnFlagUntilTimeout</STRONG> (Thumb, 162 bytes, Stack size 24 bytes, stm32h7xx_hal_uart.o(i.UART_WaitOnFlagUntilTimeout))
<BR><BR>[Stack]<UL><LI>Max Depth = 24<LI>Call Chain = UART_WaitOnFlagUntilTimeout
</UL>
<BR>[Calls]<UL><LI><a href="#[bc]">&gt;&gt;</a>&nbsp;&nbsp;&nbsp;HAL_GetTick
<LI><a href="#[dd]">&gt;&gt;</a>&nbsp;&nbsp;&nbsp;UART_EndRxTransfer
</UL>
<BR>[Called By]<UL><LI><a href="#[e9]">&gt;&gt;</a>&nbsp;&nbsp;&nbsp;UART_CheckIdleState
<LI><a href="#[f3]">&gt;&gt;</a>&nbsp;&nbsp;&nbsp;HAL_UART_Transmit
</UL>

<P><STRONG><a name="[2f]"></a>USART1_IRQHandler</STRONG> (Thumb, 10 bytes, Stack size 8 bytes, driver_uart.o(i.USART1_IRQHandler))
<BR><BR>[Stack]<UL><LI>Max Depth = 64<LI>Call Chain = USART1_IRQHandler &rArr; HAL_UART_IRQHandler &rArr; HAL_DMA_Abort
</UL>
<BR>[Calls]<UL><LI><a href="#[dc]">&gt;&gt;</a>&nbsp;&nbsp;&nbsp;HAL_UART_IRQHandler
</UL>
<BR>[Address Reference Count : 1]<UL><LI> startup_stm32h743xx.o(RESET)
</UL>
<P><STRONG><a name="[b5]"></a>UartInitial</STRONG> (Thumb, 108 bytes, Stack size 16 bytes, driver_uart.o(i.UartInitial))
<BR><BR>[Stack]<UL><LI>Max Depth = 304<LI>Call Chain = UartInitial &rArr; HAL_UART_Init &rArr; HAL_UART_MspInit &rArr; HAL_NVIC_SetPriority &rArr; __NVIC_SetPriority
</UL>
<BR>[Calls]<UL><LI><a href="#[e5]">&gt;&gt;</a>&nbsp;&nbsp;&nbsp;HAL_UART_Init
<LI><a href="#[db]">&gt;&gt;</a>&nbsp;&nbsp;&nbsp;HAL_UARTEx_SetTxFifoThreshold
<LI><a href="#[d9]">&gt;&gt;</a>&nbsp;&nbsp;&nbsp;HAL_UARTEx_SetRxFifoThreshold
<LI><a href="#[104]">&gt;&gt;</a>&nbsp;&nbsp;&nbsp;HAL_UARTEx_DisableFifoMode
<LI><a href="#[f0]">&gt;&gt;</a>&nbsp;&nbsp;&nbsp;HAL_UART_Receive_IT
<LI><a href="#[ed]">&gt;&gt;</a>&nbsp;&nbsp;&nbsp;Error_Handler
</UL>
<BR>[Called By]<UL><LI><a href="#[b4]">&gt;&gt;</a>&nbsp;&nbsp;&nbsp;App_Usart_Init
</UL>

<P><STRONG><a name="[ba]"></a>UartTxFrame</STRONG> (Thumb, 20 bytes, Stack size 16 bytes, driver_uart.o(i.UartTxFrame))
<BR><BR>[Stack]<UL><LI>Max Depth = 80<LI>Call Chain = UartTxFrame &rArr; HAL_UART_Transmit &rArr; UART_WaitOnFlagUntilTimeout
</UL>
<BR>[Calls]<UL><LI><a href="#[f3]">&gt;&gt;</a>&nbsp;&nbsp;&nbsp;HAL_UART_Transmit
</UL>
<BR>[Called By]<UL><LI><a href="#[b3]">&gt;&gt;</a>&nbsp;&nbsp;&nbsp;App_Usart_TxFrame
</UL>

<P><STRONG><a name="[11a]"></a>__scatterload_copy</STRONG> (Thumb, 14 bytes, Stack size unknown bytes, handlers.o(i.__scatterload_copy), UNUSED)

<P><STRONG><a name="[11b]"></a>__scatterload_null</STRONG> (Thumb, 2 bytes, Stack size unknown bytes, handlers.o(i.__scatterload_null), UNUSED)

<P><STRONG><a name="[11c]"></a>__scatterload_zeroinit</STRONG> (Thumb, 14 bytes, Stack size unknown bytes, handlers.o(i.__scatterload_zeroinit), UNUSED)

<P><STRONG><a name="[107]"></a>bsp_CmpCpuFlash</STRONG> (Thumb, 68 bytes, Stack size 20 bytes, embeddedflashmemory.o(i.bsp_CmpCpuFlash))
<BR><BR>[Stack]<UL><LI>Max Depth = 20<LI>Call Chain = bsp_CmpCpuFlash
</UL>
<BR>[Called By]<UL><LI><a href="#[ad]">&gt;&gt;</a>&nbsp;&nbsp;&nbsp;bsp_WriteCpuFlash
</UL>

<P><STRONG><a name="[ac]"></a>bsp_EraseCpuFlash</STRONG> (Thumb, 76 bytes, Stack size 48 bytes, embeddedflashmemory.o(i.bsp_EraseCpuFlash))
<BR><BR>[Stack]<UL><LI>Max Depth = 96<LI>Call Chain = bsp_EraseCpuFlash &rArr; HAL_FLASHEx_Erase &rArr; FLASH_WaitForLastOperation
</UL>
<BR>[Calls]<UL><LI><a href="#[106]">&gt;&gt;</a>&nbsp;&nbsp;&nbsp;bsp_GetSector
<LI><a href="#[105]">&gt;&gt;</a>&nbsp;&nbsp;&nbsp;HAL_FLASH_Unlock
<LI><a href="#[ab]">&gt;&gt;</a>&nbsp;&nbsp;&nbsp;HAL_FLASH_Lock
<LI><a href="#[c0]">&gt;&gt;</a>&nbsp;&nbsp;&nbsp;HAL_FLASHEx_Erase
</UL>
<BR>[Called By]<UL><LI><a href="#[fe]">&gt;&gt;</a>&nbsp;&nbsp;&nbsp;ram_swap_copy
<LI><a href="#[fb]">&gt;&gt;</a>&nbsp;&nbsp;&nbsp;meta_clear
<LI><a href="#[a6]">&gt;&gt;</a>&nbsp;&nbsp;&nbsp;App_Link_BinFileDownLoad
</UL>

<P><STRONG><a name="[106]"></a>bsp_GetSector</STRONG> (Thumb, 232 bytes, Stack size 0 bytes, embeddedflashmemory.o(i.bsp_GetSector))
<BR><BR>[Called By]<UL><LI><a href="#[ac]">&gt;&gt;</a>&nbsp;&nbsp;&nbsp;bsp_EraseCpuFlash
</UL>

<P><STRONG><a name="[10a]"></a>bsp_ReadCpuFlash</STRONG> (Thumb, 44 bytes, Stack size 12 bytes, embeddedflashmemory.o(i.bsp_ReadCpuFlash))
<BR><BR>[Stack]<UL><LI>Max Depth = 12<LI>Call Chain = bsp_ReadCpuFlash
</UL>
<BR>[Called By]<UL><LI><a href="#[fe]">&gt;&gt;</a>&nbsp;&nbsp;&nbsp;ram_swap_copy
</UL>

<P><STRONG><a name="[ad]"></a>bsp_WriteCpuFlash</STRONG> (Thumb, 192 bytes, Stack size 56 bytes, embeddedflashmemory.o(i.bsp_WriteCpuFlash))
<BR><BR>[Stack]<UL><LI>Max Depth = 120<LI>Call Chain = bsp_WriteCpuFlash &rArr; HAL_FLASH_Program &rArr; FLASH_WaitForLastOperation
</UL>
<BR>[Calls]<UL><LI><a href="#[108]">&gt;&gt;</a>&nbsp;&nbsp;&nbsp;__aeabi_memcpy
<LI><a href="#[107]">&gt;&gt;</a>&nbsp;&nbsp;&nbsp;bsp_CmpCpuFlash
<LI><a href="#[105]">&gt;&gt;</a>&nbsp;&nbsp;&nbsp;HAL_FLASH_Unlock
<LI><a href="#[c3]">&gt;&gt;</a>&nbsp;&nbsp;&nbsp;HAL_FLASH_Program
<LI><a href="#[ab]">&gt;&gt;</a>&nbsp;&nbsp;&nbsp;HAL_FLASH_Lock
</UL>
<BR>[Called By]<UL><LI><a href="#[fe]">&gt;&gt;</a>&nbsp;&nbsp;&nbsp;ram_swap_copy
<LI><a href="#[a6]">&gt;&gt;</a>&nbsp;&nbsp;&nbsp;App_Link_BinFileDownLoad
</UL>

<P><STRONG><a name="[109]"></a>iap_load_app</STRONG> (Thumb, 94 bytes, Stack size 24 bytes, app_turntoapp.o(i.iap_load_app))
<BR><BR>[Stack]<UL><LI>Max Depth = 96<LI>Call Chain = iap_load_app &rArr; HAL_RCC_DeInit &rArr; HAL_InitTick &rArr; HAL_NVIC_SetPriority &rArr; __NVIC_SetPriority
</UL>
<BR>[Calls]<UL><LI><a href="#[d4]">&gt;&gt;</a>&nbsp;&nbsp;&nbsp;HAL_RCC_DeInit
</UL>
<BR>[Called By]<UL><LI><a href="#[95]">&gt;&gt;</a>&nbsp;&nbsp;&nbsp;main
</UL>

<P><STRONG><a name="[95]"></a>main</STRONG> (Thumb, 410 bytes, Stack size 24 bytes, main.o(i.main))
<BR><BR>[Stack]<UL><LI>Max Depth = 344<LI>Call Chain = main &rArr; App_Usart_Init &rArr; UartInitial &rArr; HAL_UART_Init &rArr; HAL_UART_MspInit &rArr; HAL_NVIC_SetPriority &rArr; __NVIC_SetPriority
</UL>
<BR>[Calls]<UL><LI><a href="#[ec]">&gt;&gt;</a>&nbsp;&nbsp;&nbsp;__aeabi_memclr4
<LI><a href="#[109]">&gt;&gt;</a>&nbsp;&nbsp;&nbsp;iap_load_app
<LI><a href="#[96]">&gt;&gt;</a>&nbsp;&nbsp;&nbsp;SystemInit
<LI><a href="#[a8]">&gt;&gt;</a>&nbsp;&nbsp;&nbsp;SleepMs
<LI><a href="#[f9]">&gt;&gt;</a>&nbsp;&nbsp;&nbsp;OTA_CheckAndSwap_Early
<LI><a href="#[c4]">&gt;&gt;</a>&nbsp;&nbsp;&nbsp;HAL_Init
<LI><a href="#[b9]">&gt;&gt;</a>&nbsp;&nbsp;&nbsp;HAL_GPIO_WritePin
<LI><a href="#[ee]">&gt;&gt;</a>&nbsp;&nbsp;&nbsp;HAL_GPIO_Init
<LI><a href="#[b6]">&gt;&gt;</a>&nbsp;&nbsp;&nbsp;App_Usart_Reset
<LI><a href="#[b4]">&gt;&gt;</a>&nbsp;&nbsp;&nbsp;App_Usart_Init
<LI><a href="#[a6]">&gt;&gt;</a>&nbsp;&nbsp;&nbsp;App_Link_BinFileDownLoad
<LI><a href="#[100]">&gt;&gt;</a>&nbsp;&nbsp;&nbsp;SystemClock_Config
<LI><a href="#[ff]">&gt;&gt;</a>&nbsp;&nbsp;&nbsp;PeriphCommonClock_Config
<LI><a href="#[f5]">&gt;&gt;</a>&nbsp;&nbsp;&nbsp;MPU_Config
<LI><a href="#[bd]">&gt;&gt;</a>&nbsp;&nbsp;&nbsp;GetBoardAddress
</UL>
<BR>[Address Reference Count : 1]<UL><LI> entry9a.o(.ARM.Collect$$$$0000000B)
</UL><P>
<H3>
Local Symbols
</H3>
<P><STRONG><a name="[10b]"></a>__NVIC_SystemReset</STRONG> (Thumb, 56 bytes, Stack size 0 bytes, ota.o(i.__NVIC_SystemReset))
<BR><BR>[Called By]<UL><LI><a href="#[fe]">&gt;&gt;</a>&nbsp;&nbsp;&nbsp;ram_swap_copy
</UL>

<P><STRONG><a name="[fc]"></a>crc32_full_at</STRONG> (Thumb, 56 bytes, Stack size 12 bytes, ota.o(i.crc32_full_at))
<BR><BR>[Stack]<UL><LI>Max Depth = 12<LI>Call Chain = crc32_full_at
</UL>
<BR>[Called By]<UL><LI><a href="#[f9]">&gt;&gt;</a>&nbsp;&nbsp;&nbsp;OTA_CheckAndSwap_Early
</UL>

<P><STRONG><a name="[fb]"></a>meta_clear</STRONG> (Thumb, 10 bytes, Stack size 8 bytes, ota.o(i.meta_clear))
<BR><BR>[Stack]<UL><LI>Max Depth = 104<LI>Call Chain = meta_clear &rArr; bsp_EraseCpuFlash &rArr; HAL_FLASHEx_Erase &rArr; FLASH_WaitForLastOperation
</UL>
<BR>[Calls]<UL><LI><a href="#[ac]">&gt;&gt;</a>&nbsp;&nbsp;&nbsp;bsp_EraseCpuFlash
</UL>
<BR>[Called By]<UL><LI><a href="#[f9]">&gt;&gt;</a>&nbsp;&nbsp;&nbsp;OTA_CheckAndSwap_Early
</UL>

<P><STRONG><a name="[fa]"></a>meta_read</STRONG> (Thumb, 38 bytes, Stack size 8 bytes, ota.o(i.meta_read))
<BR><BR>[Stack]<UL><LI>Max Depth = 8<LI>Call Chain = meta_read
</UL>
<BR>[Called By]<UL><LI><a href="#[f9]">&gt;&gt;</a>&nbsp;&nbsp;&nbsp;OTA_CheckAndSwap_Early
</UL>

<P><STRONG><a name="[fe]"></a>ram_swap_copy</STRONG> (Thumb, 108 bytes, Stack size 32 bytes, ota.o(i.ram_swap_copy))
<BR><BR>[Stack]<UL><LI>Max Depth = 152<LI>Call Chain = ram_swap_copy &rArr; bsp_WriteCpuFlash &rArr; HAL_FLASH_Program &rArr; FLASH_WaitForLastOperation
</UL>
<BR>[Calls]<UL><LI><a href="#[10b]">&gt;&gt;</a>&nbsp;&nbsp;&nbsp;__NVIC_SystemReset
<LI><a href="#[10a]">&gt;&gt;</a>&nbsp;&nbsp;&nbsp;bsp_ReadCpuFlash
<LI><a href="#[ad]">&gt;&gt;</a>&nbsp;&nbsp;&nbsp;bsp_WriteCpuFlash
<LI><a href="#[ac]">&gt;&gt;</a>&nbsp;&nbsp;&nbsp;bsp_EraseCpuFlash
</UL>
<BR>[Called By]<UL><LI><a href="#[fd]">&gt;&gt;</a>&nbsp;&nbsp;&nbsp;OTA_SwapToBase_FromStaging
</UL>

<P><STRONG><a name="[c1]"></a>FLASH_MassErase</STRONG> (Thumb, 150 bytes, Stack size 0 bytes, stm32h7xx_hal_flash_ex.o(i.FLASH_MassErase))
<BR><BR>[Called By]<UL><LI><a href="#[c0]">&gt;&gt;</a>&nbsp;&nbsp;&nbsp;HAL_FLASHEx_Erase
</UL>

<P><STRONG><a name="[d1]"></a>RCCEx_PLL2_Config</STRONG> (Thumb, 350 bytes, Stack size 24 bytes, stm32h7xx_hal_rcc_ex.o(i.RCCEx_PLL2_Config))
<BR><BR>[Stack]<UL><LI>Max Depth = 24<LI>Call Chain = RCCEx_PLL2_Config
</UL>
<BR>[Calls]<UL><LI><a href="#[bc]">&gt;&gt;</a>&nbsp;&nbsp;&nbsp;HAL_GetTick
</UL>
<BR>[Called By]<UL><LI><a href="#[d0]">&gt;&gt;</a>&nbsp;&nbsp;&nbsp;HAL_RCCEx_PeriphCLKConfig
</UL>

<P><STRONG><a name="[d2]"></a>RCCEx_PLL3_Config</STRONG> (Thumb, 350 bytes, Stack size 24 bytes, stm32h7xx_hal_rcc_ex.o(i.RCCEx_PLL3_Config))
<BR><BR>[Stack]<UL><LI>Max Depth = 24<LI>Call Chain = RCCEx_PLL3_Config
</UL>
<BR>[Calls]<UL><LI><a href="#[bc]">&gt;&gt;</a>&nbsp;&nbsp;&nbsp;HAL_GetTick
</UL>
<BR>[Called By]<UL><LI><a href="#[d0]">&gt;&gt;</a>&nbsp;&nbsp;&nbsp;HAL_RCCEx_PeriphCLKConfig
</UL>

<P><STRONG><a name="[98]"></a>UART_DMAAbortOnError</STRONG> (Thumb, 24 bytes, Stack size 16 bytes, stm32h7xx_hal_uart.o(i.UART_DMAAbortOnError))
<BR><BR>[Stack]<UL><LI>Max Depth = 16<LI>Call Chain = UART_DMAAbortOnError
</UL>
<BR>[Calls]<UL><LI><a href="#[df]">&gt;&gt;</a>&nbsp;&nbsp;&nbsp;HAL_UART_ErrorCallback
</UL>
<BR>[Address Reference Count : 1]<UL><LI> stm32h7xx_hal_uart.o(i.HAL_UART_IRQHandler)
</UL>
<P><STRONG><a name="[dd]"></a>UART_EndRxTransfer</STRONG> (Thumb, 104 bytes, Stack size 0 bytes, stm32h7xx_hal_uart.o(i.UART_EndRxTransfer))
<BR><BR>[Called By]<UL><LI><a href="#[f4]">&gt;&gt;</a>&nbsp;&nbsp;&nbsp;UART_WaitOnFlagUntilTimeout
<LI><a href="#[dc]">&gt;&gt;</a>&nbsp;&nbsp;&nbsp;HAL_UART_IRQHandler
</UL>

<P><STRONG><a name="[e2]"></a>UART_EndTransmit_IT</STRONG> (Thumb, 48 bytes, Stack size 8 bytes, stm32h7xx_hal_uart.o(i.UART_EndTransmit_IT))
<BR><BR>[Stack]<UL><LI>Max Depth = 8<LI>Call Chain = UART_EndTransmit_IT
</UL>
<BR>[Calls]<UL><LI><a href="#[101]">&gt;&gt;</a>&nbsp;&nbsp;&nbsp;HAL_UART_TxCpltCallback
</UL>
<BR>[Called By]<UL><LI><a href="#[dc]">&gt;&gt;</a>&nbsp;&nbsp;&nbsp;HAL_UART_IRQHandler
</UL>

<P><STRONG><a name="[99]"></a>UART_RxISR_16BIT</STRONG> (Thumb, 256 bytes, Stack size 24 bytes, stm32h7xx_hal_uart.o(i.UART_RxISR_16BIT))
<BR><BR>[Stack]<UL><LI>Max Depth = 60<LI>Call Chain = UART_RxISR_16BIT &rArr; HAL_UART_RxCpltCallback &rArr; HAL_UART_Receive_IT &rArr; UART_Start_Receive_IT
</UL>
<BR>[Calls]<UL><LI><a href="#[e0]">&gt;&gt;</a>&nbsp;&nbsp;&nbsp;HAL_UARTEx_RxEventCallback
<LI><a href="#[f2]">&gt;&gt;</a>&nbsp;&nbsp;&nbsp;HAL_UART_RxCpltCallback
</UL>
<BR>[Address Reference Count : 2]<UL><LI> stm32h7xx_hal_uart.o(i.UART_RxISR_16BIT_FIFOEN)
<LI> stm32h7xx_hal_uart.o(i.UART_Start_Receive_IT)
</UL>
<P><STRONG><a name="[9b]"></a>UART_RxISR_16BIT_FIFOEN</STRONG> (Thumb, 494 bytes, Stack size 40 bytes, stm32h7xx_hal_uart.o(i.UART_RxISR_16BIT_FIFOEN))
<BR><BR>[Stack]<UL><LI>Max Depth = 76<LI>Call Chain = UART_RxISR_16BIT_FIFOEN &rArr; HAL_UART_RxCpltCallback &rArr; HAL_UART_Receive_IT &rArr; UART_Start_Receive_IT
</UL>
<BR>[Calls]<UL><LI><a href="#[df]">&gt;&gt;</a>&nbsp;&nbsp;&nbsp;HAL_UART_ErrorCallback
<LI><a href="#[e0]">&gt;&gt;</a>&nbsp;&nbsp;&nbsp;HAL_UARTEx_RxEventCallback
<LI><a href="#[f2]">&gt;&gt;</a>&nbsp;&nbsp;&nbsp;HAL_UART_RxCpltCallback
</UL>
<BR>[Address Reference Count : 1]<UL><LI> stm32h7xx_hal_uart.o(i.UART_Start_Receive_IT)
</UL>
<P><STRONG><a name="[9a]"></a>UART_RxISR_8BIT</STRONG> (Thumb, 254 bytes, Stack size 16 bytes, stm32h7xx_hal_uart.o(i.UART_RxISR_8BIT))
<BR><BR>[Stack]<UL><LI>Max Depth = 52<LI>Call Chain = UART_RxISR_8BIT &rArr; HAL_UART_RxCpltCallback &rArr; HAL_UART_Receive_IT &rArr; UART_Start_Receive_IT
</UL>
<BR>[Calls]<UL><LI><a href="#[e0]">&gt;&gt;</a>&nbsp;&nbsp;&nbsp;HAL_UARTEx_RxEventCallback
<LI><a href="#[f2]">&gt;&gt;</a>&nbsp;&nbsp;&nbsp;HAL_UART_RxCpltCallback
</UL>
<BR>[Address Reference Count : 2]<UL><LI> stm32h7xx_hal_uart.o(i.UART_RxISR_8BIT_FIFOEN)
<LI> stm32h7xx_hal_uart.o(i.UART_Start_Receive_IT)
</UL>
<P><STRONG><a name="[9c]"></a>UART_RxISR_8BIT_FIFOEN</STRONG> (Thumb, 492 bytes, Stack size 40 bytes, stm32h7xx_hal_uart.o(i.UART_RxISR_8BIT_FIFOEN))
<BR><BR>[Stack]<UL><LI>Max Depth = 76<LI>Call Chain = UART_RxISR_8BIT_FIFOEN &rArr; HAL_UART_RxCpltCallback &rArr; HAL_UART_Receive_IT &rArr; UART_Start_Receive_IT
</UL>
<BR>[Calls]<UL><LI><a href="#[df]">&gt;&gt;</a>&nbsp;&nbsp;&nbsp;HAL_UART_ErrorCallback
<LI><a href="#[e0]">&gt;&gt;</a>&nbsp;&nbsp;&nbsp;HAL_UARTEx_RxEventCallback
<LI><a href="#[f2]">&gt;&gt;</a>&nbsp;&nbsp;&nbsp;HAL_UART_RxCpltCallback
</UL>
<BR>[Address Reference Count : 1]<UL><LI> stm32h7xx_hal_uart.o(i.UART_Start_Receive_IT)
</UL>
<P><STRONG><a name="[da]"></a>UARTEx_SetNbDataToProcess</STRONG> (Thumb, 78 bytes, Stack size 16 bytes, stm32h7xx_hal_uart_ex.o(i.UARTEx_SetNbDataToProcess))
<BR><BR>[Stack]<UL><LI>Max Depth = 16<LI>Call Chain = UARTEx_SetNbDataToProcess
</UL>
<BR>[Called By]<UL><LI><a href="#[db]">&gt;&gt;</a>&nbsp;&nbsp;&nbsp;HAL_UARTEx_SetTxFifoThreshold
<LI><a href="#[d9]">&gt;&gt;</a>&nbsp;&nbsp;&nbsp;HAL_UARTEx_SetRxFifoThreshold
</UL>

<P><STRONG><a name="[cb]"></a>__NVIC_GetPriorityGrouping</STRONG> (Thumb, 10 bytes, Stack size 0 bytes, stm32h7xx_hal_cortex.o(i.__NVIC_GetPriorityGrouping))
<BR><BR>[Called By]<UL><LI><a href="#[ca]">&gt;&gt;</a>&nbsp;&nbsp;&nbsp;HAL_NVIC_SetPriority
</UL>

<P><STRONG><a name="[cc]"></a>__NVIC_SetPriority</STRONG> (Thumb, 32 bytes, Stack size 8 bytes, stm32h7xx_hal_cortex.o(i.__NVIC_SetPriority))
<BR><BR>[Stack]<UL><LI>Max Depth = 8<LI>Call Chain = __NVIC_SetPriority
</UL>
<BR>[Called By]<UL><LI><a href="#[c9]">&gt;&gt;</a>&nbsp;&nbsp;&nbsp;HAL_SYSTICK_Config
<LI><a href="#[ca]">&gt;&gt;</a>&nbsp;&nbsp;&nbsp;HAL_NVIC_SetPriority
</UL>
<P>
<H3>
Undefined Global Symbols
</H3><HR></body></html>
