Component: ARM Compiler 5.06 update 6 (build 750) Tool: armlink [4d35ed]

==============================================================================

Section Cross References

    startup_stm32h743xx.o(RESET) refers to startup_stm32h743xx.o(STACK) for __initial_sp
    startup_stm32h743xx.o(RESET) refers to startup_stm32h743xx.o(.text) for Reset_Handler
    startup_stm32h743xx.o(RESET) refers to stm32h7xx_it.o(i.NMI_Handler) for NMI_Handler
    startup_stm32h743xx.o(RESET) refers to stm32h7xx_it.o(i.HardFault_Handler) for HardFault_Handler
    startup_stm32h743xx.o(RESET) refers to stm32h7xx_it.o(i.MemManage_Handler) for MemManage_Handler
    startup_stm32h743xx.o(RESET) refers to stm32h7xx_it.o(i.BusFault_Handler) for BusFault_Handler
    startup_stm32h743xx.o(RESET) refers to stm32h7xx_it.o(i.UsageFault_Handler) for UsageFault_Handler
    startup_stm32h743xx.o(RESET) refers to port.o(.emb_text) for SVC_Handler
    startup_stm32h743xx.o(RESET) refers to stm32h7xx_it.o(i.DebugMon_Handler) for DebugMon_Handler
    startup_stm32h743xx.o(RESET) refers to cmsis_os2.o(i.SysTick_Handler) for SysTick_Handler
    startup_stm32h743xx.o(RESET) refers to driver_uart.o(i.USART1_IRQHandler) for USART1_IRQHandler
    startup_stm32h743xx.o(RESET) refers to driver_uart.o(i.USART3_IRQHandler) for USART3_IRQHandler
    startup_stm32h743xx.o(RESET) refers to stm32h7xx_hal_msp.o(i.TIM7_IRQHandler) for TIM7_IRQHandler
    startup_stm32h743xx.o(RESET) refers to networkinterface.o(i.ETH_IRQHandler) for ETH_IRQHandler
    startup_stm32h743xx.o(.text) refers to system_stm32h7xx.o(i.SystemInit) for SystemInit
    startup_stm32h743xx.o(.text) refers to entry.o(.ARM.Collect$$$$00000000) for __main
    stm32h7xx_hal_msp.o(i.HAL_MspInit) refers to memseta.o(.text) for __aeabi_memclr4
    stm32h7xx_hal_msp.o(i.HAL_MspInit) refers to stm32h7xx_hal_msp.o(i.TIM7_Init) for TIM7_Init
    stm32h7xx_hal_msp.o(i.HAL_MspInit) refers to stm32h7xx_hal_gpio.o(i.HAL_GPIO_Init) for HAL_GPIO_Init
    stm32h7xx_hal_msp.o(i.HAL_MspInit) refers to stm32h7xx_hal_gpio.o(i.HAL_GPIO_WritePin) for HAL_GPIO_WritePin
    stm32h7xx_hal_msp.o(i.HAL_MspInit) refers to stm32h7xx_hal.o(i.HAL_Delay) for HAL_Delay
    stm32h7xx_hal_msp.o(i.HAL_TIM_PeriodElapsedCallback) refers to stm32h7xx_hal.o(i.HAL_IncTick) for HAL_IncTick
    stm32h7xx_hal_msp.o(i.SystemClock_Config) refers to memseta.o(.text) for __aeabi_memclr4
    stm32h7xx_hal_msp.o(i.SystemClock_Config) refers to stm32h7xx_hal_pwr_ex.o(i.HAL_PWREx_ConfigSupply) for HAL_PWREx_ConfigSupply
    stm32h7xx_hal_msp.o(i.SystemClock_Config) refers to stm32h7xx_hal_rcc.o(i.HAL_RCC_OscConfig) for HAL_RCC_OscConfig
    stm32h7xx_hal_msp.o(i.SystemClock_Config) refers to stm32h7xx_hal_rcc.o(i.HAL_RCC_ClockConfig) for HAL_RCC_ClockConfig
    stm32h7xx_hal_msp.o(i.SystemClock_Config) refers to stm32h7xx_hal_rcc.o(i.HAL_RCC_EnableCSS) for HAL_RCC_EnableCSS
    stm32h7xx_hal_msp.o(i.TIM7_IRQHandler) refers to stm32h7xx_hal_tim.o(i.HAL_TIM_IRQHandler) for HAL_TIM_IRQHandler
    stm32h7xx_hal_msp.o(i.TIM7_IRQHandler) refers to stm32h7xx_hal_msp.o(.bss) for htim7
    stm32h7xx_hal_msp.o(i.TIM7_Init) refers to stm32h7xx_hal_tim.o(i.HAL_TIM_Base_Init) for HAL_TIM_Base_Init
    stm32h7xx_hal_msp.o(i.TIM7_Init) refers to stm32h7xx_hal_cortex.o(i.HAL_NVIC_SetPriority) for HAL_NVIC_SetPriority
    stm32h7xx_hal_msp.o(i.TIM7_Init) refers to stm32h7xx_hal_cortex.o(i.HAL_NVIC_EnableIRQ) for HAL_NVIC_EnableIRQ
    stm32h7xx_hal_msp.o(i.TIM7_Init) refers to stm32h7xx_hal_tim.o(i.HAL_TIM_Base_Start_IT) for HAL_TIM_Base_Start_IT
    stm32h7xx_hal_msp.o(i.TIM7_Init) refers to stm32h7xx_hal_msp.o(.bss) for htim7
    stm32h7xx_it.o(i.NMI_Handler) refers to stm32h7xx_hal_rcc.o(i.HAL_RCC_NMI_IRQHandler) for HAL_RCC_NMI_IRQHandler
    system_stm32h7xx.o(i.SystemCoreClockUpdate) refers to system_stm32h7xx.o(.constdata) for D1CorePrescTable
    system_stm32h7xx.o(i.SystemCoreClockUpdate) refers to system_stm32h7xx.o(.data) for SystemD2Clock
    main.o(i.ControlHardAddress) refers to memseta.o(.text) for __aeabi_memclr4
    main.o(i.ControlHardAddress) refers to stm32h7xx_hal_gpio.o(i.HAL_GPIO_Init) for HAL_GPIO_Init
    main.o(i.ControlHardAddress) refers to stm32h7xx_hal_gpio.o(i.HAL_GPIO_ReadPin) for HAL_GPIO_ReadPin
    main.o(i.main) refers to networkinterface.o(i.MPU_Config) for MPU_Config
    main.o(i.main) refers to stm32h7xx_hal.o(i.HAL_Init) for HAL_Init
    main.o(i.main) refers to stm32h7xx_hal_msp.o(i.SystemClock_Config) for SystemClock_Config
    main.o(i.main) refers to system_stm32h7xx.o(i.SystemCoreClockUpdate) for SystemCoreClockUpdate
    main.o(i.main) refers to stm32h7xx_hal_rcc.o(i.HAL_RCC_GetSysClockFreq) for HAL_RCC_GetSysClockFreq
    main.o(i.main) refers to main.o(i.ControlHardAddress) for ControlHardAddress
    main.o(i.main) refers to controlparam.o(i.HardParamInit) for HardParamInit
    main.o(i.main) refers to controlparam.o(i.ControlParamInit) for ControlParamInit
[...]
    0x0802bfe0   0x0802bfe0   0x00000100   Code   RO        14117    i.HAL_UART_MspInit  driver_uart.o
    0x0802c0e0   0x0802c0e0   0x00000064   Code   RO         4556    i.HAL_UART_Receive_IT  stm32h7xx_hal_uart.o
    0x0802c144   0x0802c144   0x000000a4   Code   RO         1533    i.HAL_UART_RxCpltCallback  comhandle.o
    0x0802c1e8   0x0802c1e8   0x000000d6   Code   RO         4560    i.HAL_UART_Transmit  stm32h7xx_hal_uart.o
    0x0802c2be   0x0802c2be   0x00000002   Code   RO         4563    i.HAL_UART_TxCpltCallback  stm32h7xx_hal_uart.o
    0x0802c2c0   0x0802c2c0   0x00000004   Code   RO          229    i.HardFault_Handler  stm32h7xx_it.o
    0x0802c2c4   0x0802c2c4   0x00000054   Code   RO         1182    i.HardParamInit     controlparam.o
    0x0802c318   0x0802c318   0x00000028   Code   RO         2859    i.I2C_Flush_TXDR    stm32h7xx_hal_i2c.o
    0x0802c340   0x0802c340   0x00000098   Code   RO         2867    i.I2C_IsAcknowledgeFailed  stm32h7xx_hal_i2c.o
    0x0802c3d8   0x0802c3d8   0x0000007c   Code   RO         2870    i.I2C_RequestMemoryRead  stm32h7xx_hal_i2c.o
    0x0802c454   0x0802c454   0x0000007c   Code   RO         2871    i.I2C_RequestMemoryWrite  stm32h7xx_hal_i2c.o
    0x0802c4d0   0x0802c4d0   0x00000034   Code   RO         2874    i.I2C_TransferConfig  stm32h7xx_hal_i2c.o
    0x0802c504   0x0802c504   0x0000005e   Code   RO         2876    i.I2C_WaitOnFlagUntilTimeout  stm32h7xx_hal_i2c.o
    0x0802c562   0x0802c562   0x00000056   Code   RO         2878    i.I2C_WaitOnSTOPFlagUntilTimeout  stm32h7xx_hal_i2c.o
    0x0802c5b8   0x0802c5b8   0x0000005a   Code   RO         2879    i.I2C_WaitOnTXISFlagUntilTimeout  stm32h7xx_hal_i2c.o
    0x0802c612   0x0802c612   0x00000002   PAD
    0x0802c614   0x0802c614   0x0000010c   Code   RO         1183    i.I2cDriverCtrlInit  controlparam.o
    0x0802c720   0x0802c720   0x0000018c   Code   RO         1184    i.I2cMainControlInit  controlparam.o
    0x0802c8ac   0x0802c8ac   0x00000124   Code   RO         1185    i.I2cSamplingChipInit  controlparam.o
    0x0802c9d0   0x0802c9d0   0x0000011c   Code   RO         1388    i.LDCurrentSetBit_OneStep  functionset.o
    0x0802caec   0x0802caec   0x00000398   Code   RO         1389    i.LDCurrentSetdown  functionset.o
    0x0802ce84   0x0802ce84   0x000001dc   Code   RO         1390    i.LDCurrentSetdown_OneStep  functionset.o
    0x0802d060   0x0802d060   0x00000028   Code   RO        13968    i.LinkAllFreeCommandInfoCell  commandframe_1.o
    0x0802d088   0x0802d088   0x00000038   Code   RO         1186    i.LinkLedControlEntry  controlparam.o
    0x0802d0c0   0x0802d0c0   0x00000086   Code   RO        11501    i.MPU_Config        networkinterface.o
    0x0802d146   0x0802d146   0x00000058   Code   RO         6702    i.MQTT_CalculateStateAck  core_mqtt_state.o
    0x0802d19e   0x0802d19e   0x00000032   Code   RO         6703    i.MQTT_CalculateStatePublish  core_mqtt_state.o
    0x0802d1d0   0x0802d1d0   0x0000009e   Code   RO         6287    i.MQTT_Connect      core_mqtt.o
    0x0802d26e   0x0802d26e   0x000000a8   Code   RO         6497    i.MQTT_DeserializeAck  core_mqtt_serializer.o
    0x0802d316   0x0802d316   0x0000003e   Code   RO         6498    i.MQTT_DeserializePublish  core_mqtt_serializer.o
    0x0802d354   0x0802d354   0x00000082   Code   RO         6499    i.MQTT_GetConnectPacketSize  core_mqtt_serializer.o
    0x0802d3d6   0x0802d3d6   0x0000005a   Code   RO         6501    i.MQTT_GetIncomingPacketTypeAndLength  core_mqtt_serializer.o
    0x0802d430   0x0802d430   0x0000002a   Code   RO         6289    i.MQTT_GetPacketId  core_mqtt.o
    0x0802d45a   0x0802d45a   0x00000010   Code   RO         6502    i.MQTT_GetPingreqPacketSize  core_mqtt_serializer.o
    0x0802d46a   0x0802d46a   0x00000036   Code   RO         6503    i.MQTT_GetPublishPacketSize  core_mqtt_serializer.o
    0x0802d4a0   0x0802d4a0   0x00000042   Code   RO         6290    i.MQTT_GetSubAckStatusCodes  core_mqtt.o
    0x0802d4e2   0x0802d4e2   0x0000003c   Code   RO         6504    i.MQTT_GetSubscribePacketSize  core_mqtt_serializer.o
    0x0802d51e   0x0802d51e   0x00000078   Code   RO         6291    i.MQTT_Init         core_mqtt.o
    0x0802d596   0x0802d596   0x0000004e   Code   RO         6293    i.MQTT_Ping         core_mqtt.o
    0x0802d5e4   0x0802d5e4   0x0000005e   Code   RO         6294    i.MQTT_ProcessLoop  core_mqtt.o
    0x0802d642   0x0802d642   0x00000078   Code   RO         6295    i.MQTT_Publish      core_mqtt.o
    0x0802d6ba   0x0802d6ba   0x0000003a   Code   RO         6705    i.MQTT_PubrelToResend  core_mqtt_state.o
    0x0802d6f4   0x0802d6f4   0x0000002c   Code   RO         6706    i.MQTT_ReserveState  core_mqtt_state.o
    0x0802d720   0x0802d720   0x0000005a   Code   RO         6506    i.MQTT_SerializeAck  core_mqtt_serializer.o
    0x0802d77a   0x0802d77a   0x0000005c   Code   RO         6507    i.MQTT_SerializeConnect  core_mqtt_serializer.o
    0x0802d7d6   0x0802d7d6   0x0000002a   Code   RO         6509    i.MQTT_SerializePingreq  core_mqtt_serializer.o
    0x0802d800   0x0802d800   0x0000009a   Code   RO         6511    i.MQTT_SerializePublishHeader  core_mqtt_serializer.o
    0x0802d89a   0x0802d89a   0x00000080   Code   RO         6512    i.MQTT_SerializeSubscribe  core_mqtt_serializer.o
    0x0802d91a   0x0802d91a   0x00000064   Code   RO         6298    i.MQTT_Subscribe    core_mqtt.o
    0x0802d97e   0x0802d97e   0x000000ae   Code   RO         6708    i.MQTT_UpdateStateAck  core_mqtt_state.o
    0x0802da2c   0x0802da2c   0x000000a0   Code   RO         6709    i.MQTT_UpdateStatePublish  core_mqtt_state.o
    0x0802dacc   0x0802dacc   0x000000fc   Code   RO         1187    i.MainTCA9535Bit    controlparam.o
    0x0802dbc8   0x0802dbc8   0x00000004   Code   RO          230    i.MemManage_Handler  stm32h7xx_it.o
    0x0802dbcc   0x0802dbcc   0x0000004c   Code   RO          425    i.MessageAnalyseEntry  messagepass.o
    0x0802dc18   0x0802dc18   0x000006d0   Code   RO          426    i.MessagePassInit   messagepass.o
    0x0802e2e8   0x0802e2e8   0x00000108   Code   RO         1188    i.MpdthTCA9535Bit   controlparam.o
    0x0802e3f0   0x0802e3f0   0x00000008   Code   RO          231    i.NMI_Handler       stm32h7xx_it.o
    0x0802e3f8   0x0802e3f8   0x000000b4   Code   RO          427    i.OtaCommit         messagepass.o
    0x0802e4ac   0x0802e4ac   0x000000c4   Code   RO          428    i.OtaStart          messagepass.o
    0x0802e570   0x0802e570   0x00000094   Code   RO          429    i.OtaVerfyMark      messagepass.o
    0x0802e604   0x0802e604   0x0000005c   Code   RO         1391    i.OtherItemEntry    functionset.o
    0x0802e660   0x0802e660   0x00000250   Code   RO        14438    i.PID_Function      pid.o
    0x0802e8b0   0x0802e8b0   0x00000048   Code   RO        14439    i.PID_Initial       pid.o
    0x0802e8f8   0x0802e8f8   0x0000006a   Code   RO        13870    i.ParaSeparate      commandframe.o
    0x0802e962   0x0802e962   0x00000002   PAD
    0x0802e964   0x0802e964   0x000000d8   Code   RO         6884    i.Plaintext_FreeRTOS_Connect  using_plaintext.o
    0x0802ea3c   0x0802ea3c   0x00000034   Code   RO         6886    i.Plaintext_FreeRTOS_recv  using_plaintext.o
    0x0802ea70   0x0802ea70   0x00000032   Code   RO         6887    i.Plaintext_FreeRTOS_send  using_plaintext.o
    0x0802eaa2   0x0802eaa2   0x00000002   PAD
    0x0802eaa4   0x0802eaa4   0x00000060   Code   RO         1392    i.PortAPCPidInitial  functionset.o
    0x0802eb04   0x0802eb04   0x0000070c   Code   RO         1393    i.PortInformationInit  functionset.o
    0x0802f210   0x0802f210   0x0000004c   Code   RO         8768    i.Prepare_CacheLookup  freertos_dns_cache.o
    0x0802f25c   0x0802f25c   0x00000036   Code   RO         8996    i.ProcessICMPPacket  freertos_icmp.o
    0x0802f292   0x0802f292   0x00000002   PAD
    0x0802f294   0x0802f294   0x00000164   Code   RO         2643    i.RCCEx_PLL2_Config  stm32h7xx_hal_rcc_ex.o
    0x0802f3f8   0x0802f3f8   0x00000164   Code   RO         2644    i.RCCEx_PLL3_Config  stm32h7xx_hal_rcc_ex.o
    0x0802f55c   0x0802f55c   0x00000074   Code   RO         1534    i.RS485ControlInit  comhandle.o
    0x0802f5d0   0x0802f5d0   0x0000004c   Code   RO         1535    i.RS485SendFrame    comhandle.o
    0x0802f61c   0x0802f61c   0x00000070   Code   RO          430    i.ReadBoardLineInf  messagepass.o
    0x0802f68c   0x0802f68c   0x000000c8   Code   RO          431    i.ReadBurnInBoard   messagepass.o
    0x0802f754   0x0802f754   0x0000009c   Code   RO          432    i.ReadDrvierType    messagepass.o
    0x0802f7f0   0x0802f7f0   0x00000134   Code   RO          433    i.ReadDutAllResult  messagepass.o
    0x0802f924   0x0802f924   0x0000042c   Code   RO          434    i.ReadDutBitResult  messagepass.o
    0x0802fd50   0x0802fd50   0x000000ac   Code   RO         1189    i.ReadE2promInfor   controlparam.o
    0x0802fdfc   0x0802fdfc   0x00000070   Code   RO          435    i.ReadIICBoardInf   messagepass.o
    0x0802fe6c   0x0802fe6c   0x000002cc   Code   RO          436    i.ReadLDCurrentProcess  messagepass.o
    0x08030138   0x08030138   0x000001a4   Code   RO          437    i.ReadLDIthProcess  messagepass.o
    0x080302dc   0x080302dc   0x00000070   Code   RO          438    i.ReadLDScanStatusProcess  messagepass.o
    0x0803034c   0x0803034c   0x000001b0   Code   RO          439    i.ReadLDVoltageProcess  messagepass.o
    0x080304fc   0x080304fc   0x0000012c   Code   RO          440    i.ReadMonitAllResult  messagepass.o
    0x08030628   0x08030628   0x000004d0   Code   RO          441    i.ReadMonitBitResult  messagepass.o
    0x08030af8   0x08030af8   0x00000294   Code   RO          442    i.ReadPDCurrentProcess  messagepass.o
    0x08030d8c   0x08030d8c   0x00000154   Code   RO         1190    i.ReadPDandMPD      controlparam.o
    0x08030ee0   0x08030ee0   0x00000070   Code   RO          443    i.ReadPowerStatusProcess  messagepass.o
    0x08030f50   0x08030f50   0x00000154   Code   RO         1191    i.ReadSampDUT       controlparam.o
    0x080310a4   0x080310a4   0x0000006c   Code   RO         1192    i.ReadScanPIV       controlparam.o
    0x08031110   0x08031110   0x00000070   Code   RO          444    i.ReadSetupAllStatus  messagepass.o
    0x08031180   0x08031180   0x000000f8   Code   RO         1193    i.ReadTMP112Temp    controlparam.o
    0x08031278   0x08031278   0x00000154   Code   RO          445    i.ReadTempInf       messagepass.o
    0x080313cc   0x080313cc   0x00000034   Code   RO        13871    i.RegisterCommand   commandframe.o
    0x08031400   0x08031400   0x00000164   Code   RO         1536    i.Rs485ReceiveEntry  comhandle.o
    0x08031564   0x08031564   0x00000030   Code   RO         1194    i.RunLedControlEntry  controlparam.o
    0x08031594   0x08031594   0x000000d6   Code   RO         5094    i.SPI_CloseTransfer  stm32h7xx_hal_spi.o
    0x0803166a   0x0803166a   0x0000001a   Code   RO         5105    i.SPI_GetPacketSize  stm32h7xx_hal_spi.o
    0x08031684   0x08031684   0x00000040   Code   RO         5112    i.SPI_WaitOnFlagUntilTimeout  stm32h7xx_hal_spi.o
    0x080316c4   0x080316c4   0x0000006c   Code   RO         1394    i.SampDutEntry      functionset.o
    0x08031730   0x08031730   0x00000180   Code   RO         1395    i.SampMonitEntry    functionset.o
    0x080318b0   0x080318b0   0x00000130   Code   RO         1396    i.ScanCurrentOutPut  functionset.o
    0x080319e0   0x080319e0   0x000005bc   Code   RO         1397    i.ScanLDIthEntry    functionset.o
    0x08031f9c   0x08031f9c   0x00000058   Code   RO         1195    i.SecondLedControlEntry  controlparam.o
    0x08031ff4   0x08031ff4   0x0000012c   Code   RO          446    i.SetAPCModelPID    messagepass.o
    0x08032120   0x08032120   0x000000a8   Code   RO          447    i.SetAutoOutage     messagepass.o
    0x080321c8   0x080321c8   0x00000cec   Code   RO          448    i.SetCalDataProcess  messagepass.o
    0x08032eb4   0x08032eb4   0x00000070   Code   RO         1398    i.SetFuncValue      functionset.o
    0x08032f24   0x08032f24   0x000000d4   Code   RO          449    i.SetLDAllPowerDownProcess  messagepass.o
    0x08032ff8   0x08032ff8   0x00000618   Code   RO          450    i.SetLDVCCSwitchProcess  messagepass.o
    0x08033610   0x08033610   0x000000cc   Code   RO          451    i.SetOnChipFlag     messagepass.o
    0x080336dc   0x080336dc   0x0000006c   Code   RO         1399    i.SetPortDutvalue   functionset.o
    0x08033748   0x08033748   0x0000002c   Code   RO          452    i.SetReset          messagepass.o
    0x08033774   0x08033774   0x00000060   Code   RO         1400    i.SetupAllEntry     functionset.o
    0x080337d4   0x080337d4   0x0000017c   Code   RO         6809    i.Sockets_Connect   sockets_wrapper.o
    0x08033950   0x08033950   0x000000fc   Code   RO          453    i.StartLDScanTestProcess  messagepass.o
    0x08033a4c   0x08033a4c   0x000000c0   Code   RO        13872    i.StrCompara        commandframe.o
    0x08033b0c   0x08033b0c   0x000000d4   Code   RO         1196    i.SwitchDUTSamp     controlparam.o
    0x08033be0   0x08033be0   0x000000c4   Code   RO         1197    i.SwitchMPDTH       controlparam.o
    0x08033ca4   0x08033ca4   0x00000016   Code   RO         5690    i.SysTick_Handler   cmsis_os2.o
    0x08033cba   0x08033cba   0x00000002   PAD
    0x08033cbc   0x08033cbc   0x0000013c   Code   RO           15    i.SystemClock_Config  stm32h7xx_hal_msp.o
    0x08033df8   0x08033df8   0x00000234   Code   RO          284    i.SystemCoreClockUpdate  system_stm32h7xx.o
    0x0803402c   0x0803402c   0x00000108   Code   RO          285    i.SystemInit        system_stm32h7xx.o
    0x08034134   0x08034134   0x000003bc   Code   RO         1401    i.SystemsDataInit   functionset.o
    0x080344f0   0x080344f0   0x000000a0   Code   RO        14351    i.TCA9535ConfigInit  tca9535.o
    0x08034590   0x08034590   0x0000005a   Code   RO        14352    i.TCA9535ReadBit    tca9535.o
    0x080345ea   0x080345ea   0x00000058   Code   RO        14353    i.TCA9535SetOutput  tca9535.o
    0x08034642   0x08034642   0x00000002   PAD
    0x08034644   0x08034644   0x00000010   Code   RO           16    i.TIM7_IRQHandler   stm32h7xx_hal_msp.o
    0x08034654   0x08034654   0x00000068   Code   RO           17    i.TIM7_Init         stm32h7xx_hal_msp.o
    0x080346bc   0x080346bc   0x000000cc   Code   RO         3599    i.TIM_Base_SetConfig  stm32h7xx_hal_tim.o
    0x08034788   0x08034788   0x00000090   Code   RO          454    i.TaskSampResume    messagepass.o
    0x08034818   0x08034818   0x000000a8   Code   RO          455    i.TaskSampSuspend   messagepass.o
    0x080348c0   0x080348c0   0x00000058   Code   RO         1198    i.ThirdLedControlEntry  controlparam.o
    0x08034918   0x08034918   0x000000ac   Code   RO        14417    i.Tmp112ReadTemperature  tmp112.o
    0x080349c4   0x080349c4   0x00000018   Code   RO        14118    i.TranTxFrame       driver_uart.o
    0x080349dc   0x080349dc   0x00000090   Code   RO          456    i.TransBandSpeed    messagepass.o
    0x08034a6c   0x08034a6c   0x0000011c   Code   RO         1537    i.TransReceiveEntry  comhandle.o
    0x08034b88   0x08034b88   0x0000004c   Code   RO         1538    i.TransSendFrame    comhandle.o
    0x08034bd4   0x08034bd4   0x00000098   Code   RO          457    i.TranspondAscii    messagepass.o
    0x08034c6c   0x08034c6c   0x000000e8   Code   RO          458    i.TranspondHex      messagepass.o
    0x08034d54   0x08034d54   0x00000058   Code   RO         4960    i.UARTEx_SetNbDataToProcess  stm32h7xx_hal_uart_ex.o
    0x08034dac   0x08034dac   0x000000f8   Code   RO         4565    i.UART_AdvFeatureConfig  stm32h7xx_hal_uart.o
    0x08034ea4   0x08034ea4   0x00000076   Code   RO         4566    i.UART_CheckIdleState  stm32h7xx_hal_uart.o
    0x08034f1a   0x08034f1a   0x00000018   Code   RO         4567    i.UART_DMAAbortOnError  stm32h7xx_hal_uart.o
    0x08034f32   0x08034f32   0x00000002   PAD
    0x08034f34   0x08034f34   0x0000003c   Code   RO         4577    i.UART_EndRxTransfer  stm32h7xx_hal_uart.o
    0x08034f70   0x08034f70   0x00000022   Code   RO         4578    i.UART_EndTransmit_IT  stm32h7xx_hal_uart.o
    0x08034f92   0x08034f92   0x00000092   Code   RO         4580    i.UART_RxISR_16BIT  stm32h7xx_hal_uart.o
    0x08035024   0x08035024   0x00000164   Code   RO         4581    i.UART_RxISR_16BIT_FIFOEN  stm32h7xx_hal_uart.o
    0x08035188   0x08035188   0x0000008e   Code   RO         4582    i.UART_RxISR_8BIT   stm32h7xx_hal_uart.o
    0x08035216   0x08035216   0x00000002   PAD
    0x08035218   0x08035218   0x00000164   Code   RO         4583    i.UART_RxISR_8BIT_FIFOEN  stm32h7xx_hal_uart.o
    0x0803537c   0x0803537c   0x0000058c   Code   RO         4584    i.UART_SetConfig    stm32h7xx_hal_uart.o
    0x08035908   0x08035908   0x00000110   Code   RO         4586    i.UART_Start_Receive_IT  stm32h7xx_hal_uart.o
    0x08035a18   0x08035a18   0x000000be   Code   RO         4591    i.UART_WaitOnFlagUntilTimeout  stm32h7xx_hal_uart.o
    0x08035ad6   0x08035ad6   0x00000002   PAD
    0x08035ad8   0x08035ad8   0x00000010   Code   RO        14119    i.USART1_IRQHandler  driver_uart.o
    0x08035ae8   0x08035ae8   0x00000010   Code   RO        14120    i.USART3_IRQHandler  driver_uart.o
    0x08035af8   0x08035af8   0x00000018   Code   RO         1539    i.UartSendMessage   comhandle.o
    0x08035b10   0x08035b10   0x00000018   Code   RO        14121    i.UartTxFrame       driver_uart.o
    0x08035b28   0x08035b28   0x00000004   Code   RO          232    i.UsageFault_Handler  stm32h7xx_it.o
    0x08035b2c   0x08035b2c   0x000000cc   Code   RO          459    i.WriteBurnInBoard  messagepass.o
    0x08035bf8   0x08035bf8   0x000000ac   Code   RO         1199    i.WriteE2promInfor  controlparam.o
    0x08035ca4   0x08035ca4   0x00000030   Code   RO        14883    i.__0snprintf       mc_w.l(printfa.o)
    0x08035cd4   0x08035cd4   0x00000028   Code   RO        14884    i.__0sprintf        mc_w.l(printfa.o)
    0x08035cfc   0x08035cfc   0x00000010   Code   RO         1944    i.__NVIC_GetPriorityGrouping  stm32h7xx_hal_cortex.o
    0x08035d0c   0x08035d0c   0x00000028   Code   RO         1945    i.__NVIC_SetPriority  stm32h7xx_hal_cortex.o
    0x08035d34   0x08035d34   0x00000028   Code   RO        14464    i.__NVIC_SystemReset  ota.o
    0x08035d5c   0x08035d5c   0x0000009c   Code   RO        14543    i.__aeabi_assert    retarget_io.o
    0x08035df8   0x08035df8   0x00000008   Code   RO        14957    i.__aeabi_errno_addr  mc_w.l(errno.o)
    0x08035e00   0x08035e00   0x00000014   Code   RO        14590    i.__hardfp_fabs     m_wm.l(fabs.o)
    0x08035e14   0x08035e14   0x00000004   PAD
    0x08035e18   0x08035e18   0x00000028   Code   RO        14596    i.__hardfp_strtod   m_wm.l(strtod.o)
    0x08035e40   0x08035e40   0x0000000e   Code   RO        15026    i.__scatterload_copy  mc_w.l(handlers.o)
    0x08035e4e   0x08035e4e   0x00000002   Code   RO        15027    i.__scatterload_null  mc_w.l(handlers.o)
    0x08035e50   0x08035e50   0x0000000e   Code   RO        15028    i.__scatterload_zeroinit  mc_w.l(handlers.o)
    0x08035e5e   0x08035e5e   0x00000002   PAD
    0x08035e60   0x08035e60   0x00000184   Code   RO        14889    i._fp_digits        mc_w.l(printfa.o)
    0x08035fe4   0x08035fe4   0x0000000e   Code   RO        15007    i._is_digit         mc_w.l(scanf_fp.o)
    0x08035ff2   0x08035ff2   0x00000002   PAD
    0x08035ff4   0x08035ff4   0x000006dc   Code   RO        14890    i._printf_core      mc_w.l(printfa.o)
    0x080366d0   0x080366d0   0x00000024   Code   RO        14891    i._printf_post_padding  mc_w.l(printfa.o)
    0x080366f4   0x080366f4   0x0000002e   Code   RO        14892    i._printf_pre_padding  mc_w.l(printfa.o)
    0x08036722   0x08036722   0x00000016   Code   RO        14893    i._snputc           mc_w.l(printfa.o)
    0x08036738   0x08036738   0x0000000a   Code   RO        14894    i._sputc            mc_w.l(printfa.o)
    0x08036742   0x08036742   0x00000004   Code   RO        14545    i.abort             retarget_io.o
    0x08036746   0x08036746   0x00000002   PAD
    0x08036748   0x08036748   0x0000010c   Code   RO         6710    i.addRecord         core_mqtt_state.o
    0x08036854   0x08036854   0x00000042   Code   RO         7758    i.bMayConnect       freertos_sockets.o
    0x08036896   0x08036896   0x00000002   PAD
    0x08036898   0x08036898   0x00000048   Code   RO        14016    i.bsp_CmpCpuFlash   embeddedflashmemory.o
    0x080368e0   0x080368e0   0x0000004c   Code   RO        14017    i.bsp_EraseCpuFlash  embeddedflashmemory.o
    0x0803692c   0x0803692c   0x00000124   Code   RO        14018    i.bsp_GetSector     embeddedflashmemory.o
    0x08036a50   0x08036a50   0x000000c4   Code   RO        14020    i.bsp_WriteCpuFlash  embeddedflashmemory.o
    0x08036b14   0x08036b14   0x00000006   Code   RO         6300    i.calculateElapsedTime  core_mqtt.o
    0x08036b1a   0x08036b1a   0x00000002   PAD
    0x08036b1c   0x08036b1c   0x00000114   Code   RO         6514    i.calculatePublishPacketSize  core_mqtt_serializer.o
    0x08036c30   0x08036c30   0x00000164   Code   RO         6515    i.calculateSubscriptionPacketSize  core_mqtt_serializer.o
    0x08036d94   0x08036d94   0x0000001a   Code   RO         6516    i.checkPublishRemainingLength  core_mqtt_serializer.o
    0x08036dae   0x08036dae   0x00000002   PAD
    0x08036db0   0x08036db0   0x0000007c   Code   RO        14465    i.commit_ota        ota.o
    0x08036e2c   0x08036e2c   0x000000a8   Code   RO         6711    i.compactRecords    core_mqtt_state.o
    0x08036ed4   0x08036ed4   0x0000003c   Code   RO        14466    i.crc32_full_at     ota.o
    0x08036f10   0x08036f10   0x000000e0   Code   RO         6517    i.deserializeConnack  core_mqtt_serializer.o
    0x08036ff0   0x08036ff0   0x0000006c   Code   RO         6518    i.deserializePingresp  core_mqtt_serializer.o
    0x0803705c   0x0803705c   0x00000188   Code   RO         6519    i.deserializePublish  core_mqtt_serializer.o
    0x080371e4   0x080371e4   0x000000b0   Code   RO         6520    i.deserializeSimpleAck  core_mqtt_serializer.o
    0x08037294   0x08037294   0x000000c4   Code   RO         6521    i.deserializeSuback  core_mqtt_serializer.o
    0x08037358   0x08037358   0x000000fc   Code   RO         6301    i.discardPacket     core_mqtt.o
    0x08037454   0x08037454   0x000000a8   Code   RO         6966    i.eARPGetCacheEntry  freertos_arp.o
    0x080374fc   0x080374fc   0x00000062   Code   RO         6967    i.eARPGetCacheEntryGateWay  freertos_arp.o
    0x0803755e   0x0803755e   0x00000002   PAD
    0x08037560   0x08037560   0x000001d0   Code   RO         6968    i.eARPProcessPacket  freertos_arp.o
    0x08037730   0x08037730   0x000000d4   Code   RO         7409    i.eConsiderFrameForProcessing  freertos_ip.o
    0x08037804   0x08037804   0x0000009c   Code   RO        13044    i.eTaskGetState     tasks.o
    0x080378a0   0x080378a0   0x0000008c   Code   RO         6522    i.encodeRemainingLength  core_mqtt_serializer.o
    0x0803792c   0x0803792c   0x00000094   Code   RO         6523    i.encodeString      core_mqtt_serializer.o
    0x080379c0   0x080379c0   0x000000b0   Code   RO         6712    i.findInRecord      core_mqtt_state.o
    0x08037a70   0x08037a70   0x00000008   Code   RO        14547    i.fputc             retarget_io.o
    0x08037a78   0x08037a78   0x00000018   Code   RO        14605    i.fputs             mc_w.l(fputs.o)
    0x08037a90   0x08037a90   0x0000009c   Code   RO         6302    i.getAckFromPacketType  core_mqtt.o
    0x08037b2c   0x08037b2c   0x0000003c   Code   RO         6303    i.getAckTypeToSend  core_mqtt.o
    0x08037b68   0x08037b68   0x0000007e   Code   RO         6524    i.getRemainingLength  core_mqtt_serializer.o
    0x08037be6   0x08037be6   0x00000002   PAD
    0x08037be8   0x08037be8   0x00000170   Code   RO         6304    i.handleIncomingAck  core_mqtt.o
    0x08037d58   0x08037d58   0x00000130   Code   RO         6305    i.handleIncomingPublish  core_mqtt.o
    0x08037e88   0x08037e88   0x000000d8   Code   RO         6306    i.handleKeepAlive   core_mqtt.o
    0x08037f60   0x08037f60   0x00000120   Code   RO         6307    i.handlePublishAcks  core_mqtt.o
    0x08038080   0x08038080   0x000000b4   Code   RO         6308    i.handleSessionResumption  core_mqtt.o
    0x08038134   0x08038134   0x00000048   Code   RO         6525    i.incomingPacketValid  core_mqtt_serializer.o
    0x0803817c   0x0803817c   0x00000038   Code   RO         6713    i.isPublishOutgoing  core_mqtt_state.o
    0x080381b4   0x080381b4   0x00000042   Code   RO         7759    i.lTCPAddRxdata     freertos_sockets.o
    0x080381f6   0x080381f6   0x00000028   Code   RO        11153    i.lTCPWindowRxCheck  freertos_tiny_tcp.o
    0x0803821e   0x0803821e   0x00000002   PAD
    0x08038220   0x08038220   0x00000080   Code   RO        11154    i.lTCPWindowTxAdd   freertos_tiny_tcp.o
    0x080382a0   0x080382a0   0x00000078   Code   RO         6526    i.logConnackResponse  core_mqtt_serializer.o
    0x08038318   0x08038318   0x0000009c   Code   RO          323    i.main              main.o
    0x080383b4   0x080383b4   0x00000236   Code   RO         8947    i.parseDNSAnswer    freertos_dns_parser.o
    0x080385ea   0x080385ea   0x00000002   PAD
    0x080385ec   0x080385ec   0x00000010   Code   RO         1009    i.pcApplicationHostnameHook  ethernettcpip.o
    0x080385fc   0x080385fc   0x000000a0   Code   RO         8948    i.prepareReplyDNSMessage  freertos_dns_parser.o
    0x0803869c   0x0803869c   0x000000a8   Code   RO         6527    i.processPublishFlags  core_mqtt_serializer.o
    0x08038744   0x08038744   0x00000054   Code   RO        11502    i.prvAcceptPacket   networkinterface.o
    0x08038798   0x08038798   0x00000040   Code   RO        11503    i.prvAddAllowedMACAddress  networkinterface.o
    0x080387d8   0x080387d8   0x000000b0   Code   RO        13046    i.prvAddCurrentTaskToDelayedList  tasks.o
    0x08038888   0x08038888   0x00000058   Code   RO        11504    i.prvAddDestMACAddrHash  networkinterface.o
    0x080388e0   0x080388e0   0x000000ac   Code   RO        11505    i.prvAddDestMACAddrMatch  networkinterface.o
    0x0803898c   0x0803898c   0x000000f8   Code   RO        13047    i.prvAddNewTaskToReadyList  tasks.o
    0x08038a84   0x08038a84   0x00000134   Code   RO         9475    i.prvAllowIPPacketIPv4  freertos_ipv4.o
    0x08038bb8   0x08038bb8   0x00000050   Code   RO         6969    i.prvCacheLookup    freertos_arp.o
    0x08038c08   0x08038c08   0x00000044   Code   RO        11506    i.prvCalcCrc32      networkinterface.o
    0x08038c4c   0x08038c4c   0x00000010   Code   RO         7410    i.prvCallDHCP_RA_Handler  freertos_ip.o
    0x08038c5c   0x08038c5c   0x0000005c   Code   RO        13488    i.prvCheckForValidListAndQueue  timers.o
    0x08038cb8   0x08038cb8   0x0000007a   Code   RO         9476    i.prvCheckIP4HeaderOptions  freertos_ipv4.o
    0x08038d32   0x08038d32   0x0000009a   Code   RO        10330    i.prvCheckOptions   freertos_tcp_reception.o
    0x08038dcc   0x08038dcc   0x000000b6   Code   RO        10331    i.prvCheckRxData    freertos_tcp_reception.o
    0x08038e82   0x08038e82   0x00000002   PAD
    0x08038e84   0x08038e84   0x00000048   Code   RO        13048    i.prvCheckTasksWaitingTermination  tasks.o
    0x08038ecc   0x08038ecc   0x000001a8   Code   RO          842    i.prvConnectToServerWithBackoffRetries  plaintextmqtt.o
    0x08039074   0x08039074   0x0000002a   Code   RO        12602    i.prvCopyDataFromQueue  queue.o
    0x0803909e   0x0803909e   0x0000007e   Code   RO        12603    i.prvCopyDataToQueue  queue.o
    0x0803911c   0x0803911c   0x00000084   Code   RO         7205    i.prvCreateDNSMessage  freertos_dns.o
    0x080391a0   0x080391a0   0x0000009c   Code   RO        13049    i.prvCreateIdleTasks  tasks.o
    0x0803923c   0x0803923c   0x000000a4   Code   RO          843    i.prvCreateMQTTConnectionWithBroker  plaintextmqtt.o
    0x080392e0   0x080392e0   0x0000004c   Code   RO        13050    i.prvCreateStaticTask  tasks.o
    0x0803932c   0x0803932c   0x0000005e   Code   RO        13051    i.prvCreateTask     tasks.o
    0x0803938a   0x0803938a   0x0000003a   Code   RO         7206    i.prvDNSReply       freertos_dns.o
    0x080393c4   0x080393c4   0x00000028   Code   RO        13052    i.prvDeleteTCB      tasks.o
    0x080393ec   0x080393ec   0x00000058   Code   RO         7761    i.prvDetermineSocketSize  freertos_sockets.o
    0x08039444   0x08039444   0x000000e0   Code   RO        11507    i.prvEMACHandlerTask  networkinterface.o
    0x08039524   0x08039524   0x00000094   Code   RO        11508    i.prvEMACTaskStart  networkinterface.o
    0x080395b8   0x080395b8   0x0000014c   Code   RO        11509    i.prvEthConfigInit  networkinterface.o
    0x08039704   0x08039704   0x00000024   Code   RO          844    i.prvEventCallback  plaintextmqtt.o
    0x08039728   0x08039728   0x00000108   Code   RO         7207    i.prvFillSockAddress  freertos_dns.o
    0x08039830   0x08039830   0x000000b8   Code   RO         6970    i.prvFindCacheEntry  freertos_arp.o
    0x080398e8   0x080398e8   0x00000074   Code   RO         8769    i.prvFindEntryIndex  freertos_dns_cache.o
    0x0803995c   0x0803995c   0x00000016   Code   RO         7411    i.prvForwardTxPacket  freertos_ip.o
    0x08039972   0x08039972   0x00000002   PAD
    0x08039974   0x08039974   0x000000c4   Code   RO         8770    i.prvGetCacheIPEntry  freertos_dns_cache.o
    0x08039a38   0x08039a38   0x00000014   Code   RO        12604    i.prvGetHighestPriorityOfWaitToReceiveList  queue.o
    0x08039a4c   0x08039a4c   0x00000050   Code   RO         7208    i.prvGetHostByName  freertos_dns.o
    0x08039a9c   0x08039a9c   0x000000ca   Code   RO         7209    i.prvGetHostByNameOp  freertos_dns.o
    0x08039b66   0x08039b66   0x0000003a   Code   RO         7210    i.prvGetHostByNameOp_WithRetry  freertos_dns.o
    0x08039ba0   0x08039ba0   0x00000016   Code   RO        11510    i.prvGetMacHashIndex  networkinterface.o
    0x08039bb6   0x08039bb6   0x00000002   PAD
    0x08039bb8   0x08039bb8   0x00000028   Code   RO        13489    i.prvGetNextExpireTime  timers.o
    0x08039be0   0x08039be0   0x00000034   Code   RO         7211    i.prvGetPayloadBuffer  freertos_dns.o
    0x08039c14   0x08039c14   0x00000014   Code   RO        11511    i.prvGetPhyLinkStatus  networkinterface.o
    0x08039c28   0x08039c28   0x00000074   Code   RO         7763    i.prvGetPrivatePortNumber  freertos_sockets.o
    0x08039c9c   0x08039c9c   0x0000001c   Code   RO          845    i.prvGetTimeMs      plaintextmqtt.o
    0x08039cb8   0x08039cb8   0x0000001a   Code   RO        11512    i.prvHAL_ETH_ClearDestMACAddrMatch  networkinterface.o
    0x08039cd2   0x08039cd2   0x00000044   Code   RO        11513    i.prvHAL_ETH_SetDestMACAddrMatch  networkinterface.o
    0x08039d16   0x08039d16   0x00000002   PAD
    0x08039d18   0x08039d18   0x000001d8   Code   RO        10414    i.prvHandleEstablished  freertos_tcp_state_handling.o
    0x08039ef0   0x08039ef0   0x0000001a   Code   RO         7412    i.prvHandleEthernetPacket  freertos_ip.o
    0x08039f0a   0x08039f0a   0x00000026   Code   RO        10415    i.prvHandleListen   freertos_tcp_state_handling.o
    0x08039f30   0x08039f30   0x00000194   Code   RO        10520    i.prvHandleListen_IPV4  freertos_tcp_state_handling_ipv4.o
    0x0803a0c4   0x0803a0c4   0x00000166   Code   RO        10416    i.prvHandleSynReceived  freertos_tcp_state_handling.o
    0x0803a22a   0x0803a22a   0x00000002   PAD
    0x0803a22c   0x0803a22c   0x0000006c   Code   RO        13692    i.prvHeapInit       heap_4.o
    0x0803a298   0x0803a298   0x00000010   Code   RO         7413    i.prvIPTask         freertos_ip.o
    0x0803a2a8   0x0803a2a8   0x00000040   Code   RO         7414    i.prvIPTask_CheckPendingEvents  freertos_ip.o
    0x0803a2e8   0x0803a2e8   0x00000048   Code   RO         7415    i.prvIPTask_Initialise  freertos_ip.o
    0x0803a330   0x0803a330   0x00000048   Code   RO         9073    i.prvIPTimerCheck   freertos_ip_timers.o
    0x0803a378   0x0803a378   0x00000012   Code   RO         9074    i.prvIPTimerReload  freertos_ip_timers.o
    0x0803a38a   0x0803a38a   0x00000030   Code   RO         9075    i.prvIPTimerStart   freertos_ip_timers.o
    0x0803a3ba   0x0803a3ba   0x00000008   Code   RO        13053    i.prvIdleTask       tasks.o
    0x0803a3c2   0x0803a3c2   0x0000002c   Code   RO         7212    i.prvIncreaseDNS4Index  freertos_dns.o
    0x0803a3ee   0x0803a3ee   0x00000002   PAD
    0x0803a3f0   0x0803a3f0   0x00000080   Code   RO        11514    i.prvInitMacAddresses  networkinterface.o
    0x0803a470   0x0803a470   0x0000007a   Code   RO        11515    i.prvInitPacketFilter  networkinterface.o
    0x0803a4ea   0x0803a4ea   0x0000001e   Code   RO        12605    i.prvInitialiseMutex  queue.o
    0x0803a508   0x0803a508   0x0000002a   Code   RO        12606    i.prvInitialiseNewQueue  queue.o
    0x0803a532   0x0803a532   0x00000086   Code   RO        13054    i.prvInitialiseNewTask  tasks.o
    0x0803a5b8   0x0803a5b8   0x00000030   Code   RO         7764    i.prvInitialiseTCPFields  freertos_sockets.o
    0x0803a5e8   0x0803a5e8   0x00000068   Code   RO        13055    i.prvInitialiseTaskLists  tasks.o
    0x0803a650   0x0803a650   0x00000068   Code   RO        13693    i.prvInsertBlockIntoFreeList  heap_4.o
    0x0803a6b8   0x0803a6b8   0x00000098   Code   RO         8771    i.prvInsertCacheEntry  freertos_dns_cache.o
    0x0803a750   0x0803a750   0x00000058   Code   RO        13491    i.prvInsertTimerInActiveList  timers.o
    0x0803a7a8   0x0803a7a8   0x0000001a   Code   RO        12607    i.prvIsQueueEmpty   queue.o
    0x0803a7c2   0x0803a7c2   0x0000001e   Code   RO        12608    i.prvIsQueueFull    queue.o
    0x0803a7e0   0x0803a7e0   0x000000c8   Code   RO          846    i.prvMQTTConnectTask  plaintextmqtt.o
    0x0803a8a8   0x0803a8a8   0x00000100   Code   RO          847    i.prvMQTTProcessIncomingPublish  plaintextmqtt.o
    0x0803a9a8   0x0803a9a8   0x00000180   Code   RO          848    i.prvMQTTProcessResponse  plaintextmqtt.o
    0x0803ab28   0x0803ab28   0x000000c0   Code   RO          849    i.prvMQTTPublishTask  plaintextmqtt.o
    0x0803abe8   0x0803abe8   0x00000060   Code   RO          850    i.prvMQTTPublishToTopicString  plaintextmqtt.o
    0x0803ac48   0x0803ac48   0x00000090   Code   RO          851    i.prvMQTTSubscribeTask  plaintextmqtt.o
    0x0803acd8   0x0803acd8   0x0000026c   Code   RO          852    i.prvMQTTSubscribeWithBackoffRetries  plaintextmqtt.o
    0x0803af44   0x0803af44   0x00000064   Code   RO        11516    i.prvMacUpdateConfig  networkinterface.o
    0x0803afa8   0x0803afa8   0x0000002a   Code   RO         7765    i.prvMakeSureSocketIsBound  freertos_sockets.o
    0x0803afd2   0x0803afd2   0x00000002   PAD
    0x0803afd4   0x0803afd4   0x000000c4   Code   RO        11517    i.prvNetworkInterfaceInitialise  networkinterface.o
    0x0803b098   0x0803b098   0x0000007c   Code   RO        11518    i.prvNetworkInterfaceInput  networkinterface.o
    0x0803b114   0x0803b114   0x00000128   Code   RO        11519    i.prvNetworkInterfaceOutput  networkinterface.o
    0x0803b23c   0x0803b23c   0x0000002e   Code   RO         9254    i.prvPacketBuffer_to_NetworkBuffer  freertos_ip_utils.o
    0x0803b26a   0x0803b26a   0x00000002   PAD
    0x0803b26c   0x0803b26c   0x00000028   Code   RO        11520    i.prvPhyInit        networkinterface.o
    0x0803b294   0x0803b294   0x00000028   Code   RO        11521    i.prvPhyReadReg     networkinterface.o
    0x0803b2bc   0x0803b2bc   0x0000004c   Code   RO        11522    i.prvPhyStart       networkinterface.o
    0x0803b308   0x0803b308   0x00000028   Code   RO        11523    i.prvPhyWriteReg    networkinterface.o
    0x0803b330   0x0803b330   0x000000de   Code   RO         7213    i.prvPrepareLookup  freertos_dns.o
    0x0803b40e   0x0803b40e   0x0000003c   Code   RO         7214    i.prvPrepare_ReadIPAddress  freertos_dns.o
    0x0803b44a   0x0803b44a   0x00000002   PAD
    0x0803b44c   0x0803b44c   0x000000dc   Code   RO         7416    i.prvProcessEthernetPacket  freertos_ip.o
    0x0803b528   0x0803b528   0x00000044   Code   RO        13492    i.prvProcessExpiredTimer  timers.o
    0x0803b56c   0x0803b56c   0x0000004c   Code   RO         8997    i.prvProcessICMPEchoReply  freertos_icmp.o
    0x0803b5b8   0x0803b5b8   0x00000028   Code   RO         8998    i.prvProcessICMPEchoRequest  freertos_icmp.o
    0x0803b5e0   0x0803b5e0   0x0000014c   Code   RO         7417    i.prvProcessIPEventsAndTimers  freertos_ip.o
    0x0803b72c   0x0803b72c   0x000000e8   Code   RO         7418    i.prvProcessIPPacket  freertos_ip.o
    0x0803b814   0x0803b814   0x000000a4   Code   RO         9255    i.prvProcessNetworkDownEvent  freertos_ip_utils.o
    0x0803b8b8   0x0803b8b8   0x00000120   Code   RO        13493    i.prvProcessReceivedCommands  timers.o
    0x0803b9d8   0x0803b9d8   0x00000074   Code   RO        13494    i.prvProcessTimerOrBlockTask  timers.o
    0x0803ba4c   0x0803ba4c   0x000000a0   Code   RO         7419    i.prvProcessUDPPacket  freertos_ip.o
    0x0803baec   0x0803baec   0x00000074   Code   RO         8772    i.prvReadDNSCache   freertos_dns_cache.o
    0x0803bb60   0x0803bb60   0x0000007c   Code   RO         7766    i.prvRecvData       freertos_sockets.o
    0x0803bbdc   0x0803bbdc   0x000000b4   Code   RO         7767    i.prvRecvFromWaitForPacket  freertos_sockets.o
    0x0803bc90   0x0803bc90   0x00000034   Code   RO         7768    i.prvRecvFrom_CopyPacket  freertos_sockets.o
    0x0803bcc4   0x0803bcc4   0x000000c4   Code   RO         7769    i.prvRecvWait       freertos_sockets.o
    0x0803bd88   0x0803bd88   0x0000001a   Code   RO        11524    i.prvReleaseNetworkBufferDescriptor  networkinterface.o
    0x0803bda2   0x0803bda2   0x00000002   PAD
    0x0803bda4   0x0803bda4   0x00000030   Code   RO        11525    i.prvReleaseTxPacket  networkinterface.o
    0x0803bdd4   0x0803bdd4   0x00000028   Code   RO        13495    i.prvReloadTimer    timers.o
    0x0803bdfc   0x0803bdfc   0x00000028   Code   RO        11526    i.prvRemoveAllowedMACAddress  networkinterface.o
    0x0803be24   0x0803be24   0x00000064   Code   RO        11527    i.prvRemoveDestMACAddrHash  networkinterface.o
    0x0803be88   0x0803be88   0x00000084   Code   RO        11528    i.prvRemoveDestMACAddrMatch  networkinterface.o
    0x0803bf0c   0x0803bf0c   0x00000030   Code   RO        13057    i.prvResetNextTaskUnblockTime  tasks.o
    0x0803bf3c   0x0803bf3c   0x0000002c   Code   RO        13496    i.prvSampleTimeNow  timers.o
    0x0803bf68   0x0803bf68   0x000000d0   Code   RO         7215    i.prvSendBuffer     freertos_dns.o
    0x0803c038   0x0803c038   0x00000060   Code   RO        10648    i.prvSendData       freertos_tcp_transmission.o
    0x0803c098   0x0803c098   0x0000002c   Code   RO        11529    i.prvSendRxEvent    networkinterface.o
    0x0803c0c4   0x0803c0c4   0x00000092   Code   RO         7770    i.prvSendTo_ActualSend  freertos_sockets.o
    0x0803c156   0x0803c156   0x00000002   PAD
    0x0803c158   0x0803c158   0x00000070   Code   RO         7771    i.prvSendUDPPacket  freertos_sockets.o
    0x0803c1c8   0x0803c1c8   0x0000004c   Code   RO        11530    i.prvSetNewDestMACAddrMatch  networkinterface.o
    0x0803c214   0x0803c214   0x0000002c   Code   RO         7772    i.prvSetOptionCloseAfterSend  freertos_sockets.o
    0x0803c240   0x0803c240   0x0000003e   Code   RO         7773    i.prvSetOptionLowHighWater  freertos_sockets.o
    0x0803c27e   0x0803c27e   0x0000002c   Code   RO         7774    i.prvSetOptionReuseListenSocket  freertos_sockets.o
    0x0803c2aa   0x0803c2aa   0x00000054   Code   RO         7775    i.prvSetOptionSetFullSize  freertos_sockets.o
    0x0803c2fe   0x0803c2fe   0x0000004a   Code   RO         7776    i.prvSetOptionStopRX  freertos_sockets.o
    0x0803c348   0x0803c348   0x00000078   Code   RO         7777    i.prvSetOptionTCPWindows  freertos_sockets.o
    0x0803c3c0   0x0803c3c0   0x00000024   Code   RO         7778    i.prvSetOptionTimeout  freertos_sockets.o
    0x0803c3e4   0x0803c3e4   0x00000070   Code   RO        10649    i.prvSetOptions     freertos_tcp_transmission.o
    0x0803c454   0x0803c454   0x0000001a   Code   RO        10650    i.prvSetSynAckOptions  freertos_tcp_transmission.o
    0x0803c46e   0x0803c46e   0x000000d4   Code   RO        10332    i.prvSingleStepTCPHeaderOptions  freertos_tcp_reception.o
    0x0803c542   0x0803c542   0x00000092   Code   RO         7779    i.prvSocketBindAdd  freertos_sockets.o
    0x0803c5d4   0x0803c5d4   0x0000001a   Code   RO        10958    i.prvSocketSetMSS   freertos_tcp_utils.o
    0x0803c5ee   0x0803c5ee   0x00000050   Code   RO        11025    i.prvSocketSetMSS_IPV4  freertos_tcp_utils_ipv4.o
    0x0803c63e   0x0803c63e   0x0000006e   Code   RO         7780    i.prvSockopt_so_buffer  freertos_sockets.o
    0x0803c6ac   0x0803c6ac   0x000000d2   Code   RO        10333    i.prvStoreRxData    freertos_tcp_reception.o
    0x0803c77e   0x0803c77e   0x00000002   PAD
    0x0803c780   0x0803c780   0x00000044   Code   RO        13497    i.prvSwitchTimerLists  timers.o
    0x0803c7c4   0x0803c7c4   0x0000003a   Code   RO        10651    i.prvTCPAddTxData   freertos_tcp_transmission.o
    0x0803c7fe   0x0803c7fe   0x00000002   PAD
    0x0803c800   0x0803c800   0x00000090   Code   RO        10652    i.prvTCPBufferResize  freertos_tcp_transmission.o
    0x0803c890   0x0803c890   0x000000cc   Code   RO         7781    i.prvTCPConnectStart  freertos_sockets.o
    0x0803c95c   0x0803c95c   0x000000c8   Code   RO         7782    i.prvTCPCreateStream  freertos_sockets.o
    0x0803ca24   0x0803ca24   0x00000048   Code   RO        10653    i.prvTCPCreateWindow  freertos_tcp_transmission.o
    0x0803ca6c   0x0803ca6c   0x0000010c   Code   RO        10417    i.prvTCPHandleFin   freertos_tcp_state_handling.o
    0x0803cb78   0x0803cb78   0x000001c6   Code   RO        10418    i.prvTCPHandleState  freertos_tcp_state_handling.o
    0x0803cd3e   0x0803cd3e   0x00000020   Code   RO        10654    i.prvTCPMakeSurePrepared  freertos_tcp_transmission.o
    0x0803cd5e   0x0803cd5e   0x000000fc   Code   RO         8357    i.prvTCPNextTimeout  freertos_tcp_ip.o
    0x0803ce5a   0x0803ce5a   0x00000020   Code   RO        10655    i.prvTCPPrepareConnect  freertos_tcp_transmission.o
    0x0803ce7a   0x0803ce7a   0x00000154   Code   RO        10815    i.prvTCPPrepareConnect_IPV4  freertos_tcp_transmission_ipv4.o
    0x0803cfce   0x0803cfce   0x00000002   PAD
    0x0803cfd0   0x0803cfd0   0x00000230   Code   RO        10656    i.prvTCPPrepareSend  freertos_tcp_transmission.o
    0x0803d200   0x0803d200   0x00000030   Code   RO        10657    i.prvTCPReturnPacket  freertos_tcp_transmission.o
    0x0803d230   0x0803d230   0x000001f4   Code   RO        10816    i.prvTCPReturnPacket_IPV4  freertos_tcp_transmission_ipv4.o
    0x0803d424   0x0803d424   0x00000092   Code   RO        10658    i.prvTCPReturn_CheckTCPWindow  freertos_tcp_transmission.o
    0x0803d4b6   0x0803d4b6   0x0000004c   Code   RO        10659    i.prvTCPReturn_SetEndPoint  freertos_tcp_transmission.o
    0x0803d502   0x0803d502   0x000000da   Code   RO        10660    i.prvTCPReturn_SetSequenceNumber  freertos_tcp_transmission.o
    0x0803d5dc   0x0803d5dc   0x00000052   Code   RO        10661    i.prvTCPSendChallengeAck  freertos_tcp_transmission.o
    0x0803d62e   0x0803d62e   0x00000074   Code   RO         7783    i.prvTCPSendCheck   freertos_sockets.o
    0x0803d6a2   0x0803d6a2   0x000000fe   Code   RO         7784    i.prvTCPSendLoop    freertos_sockets.o
    0x0803d7a0   0x0803d7a0   0x0000009e   Code   RO        10662    i.prvTCPSendPacket  freertos_tcp_transmission.o
    0x0803d83e   0x0803d83e   0x00000042   Code   RO        10663    i.prvTCPSendRepeated  freertos_tcp_transmission.o
    0x0803d880   0x0803d880   0x0000000e   Code   RO        10664    i.prvTCPSendReset   freertos_tcp_transmission.o
    0x0803d88e   0x0803d88e   0x00000028   Code   RO        10665    i.prvTCPSendSpecialPacketHelper  freertos_tcp_transmission.o
    0x0803d8b6   0x0803d8b6   0x00000074   Code   RO        10817    i.prvTCPSendSpecialPktHelper_IPV4  freertos_tcp_transmission_ipv4.o
    0x0803d92a   0x0803d92a   0x00000002   PAD
    0x0803d92c   0x0803d92c   0x00000090   Code   RO         7785    i.prvTCPSetSocketCount  freertos_sockets.o
    0x0803d9bc   0x0803d9bc   0x0000009e   Code   RO        10419    i.prvTCPSocketCopy  freertos_tcp_state_handling.o
    0x0803da5a   0x0803da5a   0x00000038   Code   RO        10420    i.prvTCPSocketIsActive  freertos_tcp_state_handling.o
    0x0803da92   0x0803da92   0x00000072   Code   RO        10421    i.prvTCPStatusAgeCheck  freertos_tcp_state_handling.o
    0x0803db04   0x0803db04   0x0000002c   Code   RO         8358    i.prvTCPTouchSocket  freertos_tcp_ip.o
    0x0803db30   0x0803db30   0x00000012   Code   RO        11155    i.prvTCPWindowTxHasSpace  freertos_tiny_tcp.o
    0x0803db42   0x0803db42   0x0000001a   Code   RO        13778    i.prvTaskExitError  port.o
    0x0803db5c   0x0803db5c   0x00000060   Code   RO        13059    i.prvTaskIsTaskSuspended  tasks.o
    0x0803dbbc   0x0803dbbc   0x0000001e   Code   RO        12420    i.prvTestWaitCondition  event_groups.o
    0x0803dbda   0x0803dbda   0x0000001a   Code   RO        13498    i.prvTimerTask      timers.o
    0x0803dbf4   0x0803dbf4   0x0000007e   Code   RO        12609    i.prvUnlockQueue    queue.o
    0x0803dc72   0x0803dc72   0x00000002   PAD
    0x0803dc74   0x0803dc74   0x00000054   Code   RO         8773    i.prvUpdateCacheEntry  freertos_dns_cache.o
    0x0803dcc8   0x0803dcc8   0x00000038   Code   RO          854    i.prvUpdateSubAckStatus  plaintextmqtt.o
    0x0803dd00   0x0803dd00   0x00000032   Code   RO         7786    i.prvValidSocket    freertos_sockets.o
    0x0803dd32   0x0803dd32   0x00000002   PAD
    0x0803dd34   0x0803dd34   0x00000104   Code   RO        13695    i.pvPortMalloc      heap_4.o
    0x0803de38   0x0803de38   0x00000014   Code   RO        13060    i.pvTaskIncrementMutexHeldCount  tasks.o
    0x0803de4c   0x0803de4c   0x00000044   Code   RO         9257    i.pxDuplicateNetworkBufferWithDescriptor  freertos_ip_utils.o
    0x0803de90   0x0803de90   0x000000ce   Code   RO        10053    i.pxEasyFit         freertos_routing.o
    0x0803df5e   0x0803df5e   0x00000010   Code   RO        11531    i.pxFillInterfaceDescriptor  networkinterface.o
    0x0803df6e   0x0803df6e   0x00000002   PAD
    0x0803df70   0x0803df70   0x000000ec   Code   RO        11399    i.pxGetNetworkBufferWithDescriptor  bufferallocation_2.o
    0x0803e05c   0x0803e05c   0x00000030   Code   RO         7788    i.pxListFindListItemWithValue  freertos_sockets.o
    0x0803e08c   0x0803e08c   0x00000082   Code   RO         7216    i.pxNew_AddrInfo    freertos_dns.o
    0x0803e10e   0x0803e10e   0x0000000e   Code   RO         9258    i.pxPacketBuffer_to_NetworkBuffer  freertos_ip_utils.o
    0x0803e11c   0x0803e11c   0x0000002c   Code   RO        13779    i.pxPortInitialiseStack  port.o
    0x0803e148   0x0803e148   0x0000005c   Code   RO        11532    i.pxSTM32_FillInterfaceDescriptor  networkinterface.o
    0x0803e1a4   0x0803e1a4   0x00000078   Code   RO         7789    i.pxTCPSocketLookup  freertos_sockets.o
    0x0803e21c   0x0803e21c   0x00000046   Code   RO         9259    i.pxUDPPayloadBuffer_to_NetworkBuffer  freertos_ip_utils.o
    0x0803e262   0x0803e262   0x00000002   PAD
    0x0803e264   0x0803e264   0x0000001c   Code   RO         7790    i.pxUDPSocketLookup  freertos_sockets.o
    0x0803e280   0x0803e280   0x000000b4   Code   RO         6528    i.readSubackStatus  core_mqtt_serializer.o
    0x0803e334   0x0803e334   0x0000017c   Code   RO         6312    i.receiveConnack    core_mqtt.o
    0x0803e4b0   0x0803e4b0   0x000000cc   Code   RO         6313    i.receivePacket     core_mqtt.o
    0x0803e57c   0x0803e57c   0x00000104   Code   RO         6314    i.receiveSingleIteration  core_mqtt.o
    0x0803e680   0x0803e680   0x000001f0   Code   RO         6315    i.recvExact         core_mqtt.o
    0x0803e870   0x0803e870   0x00000022   Code   RO         6529    i.remainingLengthEncodedSize  core_mqtt_serializer.o
    0x0803e892   0x0803e892   0x00000002   PAD
    0x0803e894   0x0803e894   0x0000019c   Code   RO         6316    i.sendPacket        core_mqtt.o
    0x0803ea30   0x0803ea30   0x00000138   Code   RO         6317    i.sendPublish       core_mqtt.o
    0x0803eb68   0x0803eb68   0x000000c8   Code   RO         6318    i.sendPublishAcks   core_mqtt.o
    0x0803ec30   0x0803ec30   0x000001bc   Code   RO         6530    i.serializeConnectPacket  core_mqtt_serializer.o
    0x0803edec   0x0803edec   0x000000e0   Code   RO         6319    i.serializePublish  core_mqtt.o
    0x0803eecc   0x0803eecc   0x000001d8   Code   RO         6531    i.serializePublishCommon  core_mqtt_serializer.o
    0x0803f0a4   0x0803f0a4   0x00000030   Code   RO        14470    i.start_ota         ota.o
    0x0803f0d4   0x0803f0d4   0x00000194   Code   RO         6714    i.stateSelect       core_mqtt_state.o
    0x0803f268   0x0803f268   0x000000f8   Code   RO          460    i.string2hex        messagepass.o
    0x0803f360   0x0803f360   0x00000014   Code   RO         1010    i.ulApplicationGetNextSequenceNumber  ethernettcpip.o
    0x0803f374   0x0803f374   0x00000018   Code   RO         9260    i.ulChar2u32        freertos_ip_utils.o
    0x0803f38c   0x0803f38c   0x00000054   Code   RO         7217    i.ulDNSHandlePacket  freertos_dns.o
    0x0803f3e0   0x0803f3e0   0x00000058   Code   RO        11156    i.ulTCPWindowTxAck  freertos_tiny_tcp.o
    0x0803f438   0x0803f438   0x00000066   Code   RO        11157    i.ulTCPWindowTxGet  freertos_tiny_tcp.o
    0x0803f49e   0x0803f49e   0x00000012   Code   RO        11158    i.ulTimerGetAge     freertos_tiny_tcp.o
    0x0803f4b0   0x0803f4b0   0x00000078   Code   RO         6715    i.updateRecord      core_mqtt_state.o
    0x0803f528   0x0803f528   0x000000c0   Code   RO         6716    i.updateStateAck    core_mqtt_state.o
    0x0803f5e8   0x0803f5e8   0x00000114   Code   RO         6717    i.updateStatePublish  core_mqtt_state.o
    0x0803f6fc   0x0803f6fc   0x0000000c   Code   RO         9261    i.usChar2u16        freertos_ip_utils.o
    0x0803f708   0x0803f708   0x00000018   Code   RO         7420    i.uxIPHeaderSizePacket  freertos_ip.o
    0x0803f720   0x0803f720   0x00000014   Code   RO         7421    i.uxIPHeaderSizeSocket  freertos_ip.o
    0x0803f734   0x0803f734   0x00000028   Code   RO        12551    i.uxListRemove      list.o
    0x0803f75c   0x0803f75c   0x00000012   Code   RO        12614    i.uxQueueMessagesWaiting  queue.o
    0x0803f76e   0x0803f76e   0x00000014   Code   RO         1011    i.uxRand            ethernettcpip.o
    0x0803f782   0x0803f782   0x000000a4   Code   RO         8263    i.uxStreamBufferAdd  freertos_stream_buffer.o
    0x0803f826   0x0803f826   0x00000014   Code   RO         8264    i.uxStreamBufferDistance  freertos_stream_buffer.o
    0x0803f83a   0x0803f83a   0x00000010   Code   RO         8265    i.uxStreamBufferFrontSpace  freertos_stream_buffer.o
    0x0803f84a   0x0803f84a   0x00000090   Code   RO         8266    i.uxStreamBufferGet  freertos_stream_buffer.o
    0x0803f8da   0x0803f8da   0x00000028   Code   RO         8267    i.uxStreamBufferGetPtr  freertos_stream_buffer.o
    0x0803f902   0x0803f902   0x00000010   Code   RO         8268    i.uxStreamBufferGetSize  freertos_stream_buffer.o
    0x0803f912   0x0803f912   0x00000010   Code   RO         8269    i.uxStreamBufferGetSpace  freertos_stream_buffer.o
    0x0803f922   0x0803f922   0x00000010   Code   RO         8270    i.uxStreamBufferMidSpace  freertos_stream_buffer.o
    0x0803f932   0x0803f932   0x00000016   Code   RO         8271    i.uxStreamBufferSpace  freertos_stream_buffer.o
    0x0803f948   0x0803f948   0x0000000c   Code   RO        13065    i.uxTaskGetNumberOfTasks  tasks.o
    0x0803f954   0x0803f954   0x0000001c   Code   RO        13071    i.uxTaskResetEventItemValue  tasks.o
    0x0803f970   0x0803f970   0x000000c8   Code   RO         6971    i.vARPAgeCache      freertos_arp.o
    0x0803fa38   0x0803fa38   0x00000050   Code   RO         6972    i.vARPGenerateRequestPacket  freertos_arp.o
    0x0803fa88   0x0803fa88   0x00000090   Code   RO         6973    i.vARPProcessPacketReply  freertos_arp.o
    0x0803fb18   0x0803fb18   0x0000005a   Code   RO         6974    i.vARPProcessPacketRequest  freertos_arp.o
    0x0803fb72   0x0803fb72   0x00000002   PAD
    0x0803fb74   0x0803fb74   0x000000c4   Code   RO         6975    i.vARPRefreshCacheEntry  freertos_arp.o
    0x0803fc38   0x0803fc38   0x00000044   Code   RO         6976    i.vARPRefreshCacheEntryAge  freertos_arp.o
    0x0803fc7c   0x0803fc7c   0x00000014   Code   RO         9076    i.vARPTimerReload   freertos_ip_timers.o
    0x0803fc90   0x0803fc90   0x00000018   Code   RO         5763    i.vApplicationGetIdleTaskMemory  cmsis_os2.o
    0x0803fca8   0x0803fca8   0x00000018   Code   RO         5764    i.vApplicationGetTimerTaskMemory  cmsis_os2.o
    0x0803fcc0   0x0803fcc0   0x00000064   Code   RO         1012    i.vApplicationIPNetworkEventHook  ethernettcpip.o
    0x0803fd24   0x0803fd24   0x0000004c   Code   RO         1013    i.vApplicationPingReplyHook  ethernettcpip.o
    0x0803fd70   0x0803fd70   0x00000002   Code   RO         5765    i.vApplicationStackOverflowHook  cmsis_os2.o
    0x0803fd72   0x0803fd72   0x00000002   PAD
    0x0803fd74   0x0803fd74   0x000000f0   Code   RO         9077    i.vCheckNetworkTimers  freertos_ip_timers.o
    0x0803fe64   0x0803fe64   0x00000010   Code   RO         8844    i.vDNSCallbackInitialise  freertos_dns_callback.o
    0x0803fe74   0x0803fe74   0x000000c4   Code   RO         8845    i.vDNSCheckCallBack  freertos_dns_callback.o
    0x0803ff38   0x0803ff38   0x00000008   Code   RO         7218    i.vDNSInitialise    freertos_dns.o
    0x0803ff40   0x0803ff40   0x00000014   Code   RO         9079    i.vDNSTimerReload   freertos_ip_timers.o
    0x0803ff54   0x0803ff54   0x0000002e   Code   RO        12423    i.vEventGroupDelete  event_groups.o
    0x0803ff82   0x0803ff82   0x00000028   Code   RO         7422    i.vIPNetworkUpCalls  freertos_ip.o
    0x0803ffaa   0x0803ffaa   0x00000002   PAD
    0x0803ffac   0x0803ffac   0x00000024   Code   RO         9080    i.vIPSetARPResolutionTimerEnableState  freertos_ip_timers.o
    0x0803ffd0   0x0803ffd0   0x00000024   Code   RO         9081    i.vIPSetARPTimerEnableState  freertos_ip_timers.o
    0x0803fff4   0x0803fff4   0x00000024   Code   RO         9083    i.vIPSetDNSTimerEnableState  freertos_ip_timers.o
    0x08040018   0x08040018   0x00000030   Code   RO         9084    i.vIPSetTCPTimerExpiredState  freertos_ip_timers.o
    0x08040048   0x08040048   0x00000014   Code   RO         9085    i.vIPTimerStartARPResolution  freertos_ip_timers.o
    0x0804005c   0x0804005c   0x0000001a   Code   RO        12552    i.vListInitialise   list.o
    0x08040076   0x08040076   0x00000006   Code   RO        12553    i.vListInitialiseItem  list.o
    0x0804007c   0x0804007c   0x00000034   Code   RO        12554    i.vListInsert       list.o
    0x080400b0   0x080400b0   0x00000018   Code   RO        12555    i.vListInsertEnd    list.o
    0x080400c8   0x080400c8   0x00000002   Code   RO         1014    i.vLoggingPrintf    ethernettcpip.o
    0x080400ca   0x080400ca   0x00000002   PAD
    0x080400cc   0x080400cc   0x00000018   Code   RO         7792    i.vNetworkSocketsInit  freertos_sockets.o
    0x080400e4   0x080400e4   0x00000014   Code   RO         9086    i.vNetworkTimerReload  freertos_ip_timers.o
    0x080400f8   0x080400f8   0x00000016   Code   RO        11799    i.vPhyInitialise    phyhandling.o
    0x0804010e   0x0804010e   0x00000002   PAD
    0x08040110   0x08040110   0x00000028   Code   RO        13781    i.vPortEnterCritical  port.o
    0x08040138   0x08040138   0x00000020   Code   RO        13782    i.vPortExitCritical  port.o
    0x08040158   0x08040158   0x0000004c   Code   RO        13696    i.vPortFree         heap_4.o
    0x080401a4   0x080401a4   0x00000028   Code   RO        13783    i.vPortSetupTimerInterrupt  port.o
    0x080401cc   0x080401cc   0x00000002   Code   RO         9264    i.vPreCheckConfigs  freertos_ip_utils.o
    0x080401ce   0x080401ce   0x0000001c   Code   RO         8536    i.vProcessGeneratedUDPPacket  freertos_udp_ip.o
    0x080401ea   0x080401ea   0x00000002   PAD
    0x080401ec   0x080401ec   0x00000140   Code   RO        11260    i.vProcessGeneratedUDPPacket_IPv4  freertos_udp_ipv4.o
    0x0804032c   0x0804032c   0x00000014   Code   RO        12617    i.vQueueDelete      queue.o
    0x08040340   0x08040340   0x0000004a   Code   RO        12619    i.vQueueWaitForMessageRestricted  queue.o
    0x0804038a   0x0804038a   0x00000012   Code   RO        11403    i.vReleaseNetworkBuffer  bufferallocation_2.o
    0x0804039c   0x0804039c   0x0000004c   Code   RO        11404    i.vReleaseNetworkBufferAndDescriptor  bufferallocation_2.o
    0x080403e8   0x080403e8   0x0000010a   Code   RO         7423    i.vReturnEthernetFrame  freertos_ip.o
    0x080404f2   0x080404f2   0x00000002   PAD
    0x080404f4   0x080404f4   0x0000000c   Code   RO         9087    i.vSetAllNetworksUp  freertos_ip_timers.o
    0x08040500   0x08040500   0x00000032   Code   RO         9663    i.vSetMultiCastIPv4MacAddress  freertos_ipv4_utils.o
    0x08040532   0x08040532   0x00000002   PAD
    0x08040534   0x08040534   0x0000007c   Code   RO         7793    i.vSocketBind       freertos_sockets.o
    0x080405b0   0x080405b0   0x0000006e   Code   RO         7794    i.vSocketClose      freertos_sockets.o
    0x0804061e   0x0804061e   0x00000002   PAD
    0x08040620   0x08040620   0x00000024   Code   RO         8359    i.vSocketCloseNextTime  freertos_tcp_ip.o
    0x08040644   0x08040644   0x0000002c   Code   RO         8360    i.vSocketListenNextTime  freertos_tcp_ip.o
    0x08040670   0x08040670   0x000000b8   Code   RO         7795    i.vSocketSelect     freertos_sockets.o
    0x08040728   0x08040728   0x000000e2   Code   RO         7796    i.vSocketSelectTCP  freertos_sockets.o
    0x0804080a   0x0804080a   0x00000040   Code   RO         7797    i.vSocketWakeUpUser  freertos_sockets.o
    0x0804084a   0x0804084a   0x00000002   PAD
    0x0804084c   0x0804084c   0x0000009c   Code   RO          855    i.vStartSimpleMQTTDemo  plaintextmqtt.o
    0x080408e8   0x080408e8   0x0000000c   Code   RO         8272    i.vStreamBufferClear  freertos_stream_buffer.o
    0x080408f4   0x080408f4   0x0000002a   Code   RO         8273    i.vStreamBufferMoveMid  freertos_stream_buffer.o
    0x0804091e   0x0804091e   0x00000060   Code   RO         7798    i.vTCPAddRxdata_Stored  freertos_sockets.o
    0x0804097e   0x0804097e   0x00000002   PAD
    0x08040980   0x08040980   0x00000040   Code   RO         8361    i.vTCPRemoveTCPChild  freertos_tcp_ip.o
    0x080409c0   0x080409c0   0x000001b2   Code   RO         8362    i.vTCPStateChange   freertos_tcp_ip.o
    0x08040b72   0x08040b72   0x00000002   PAD
    0x08040b74   0x08040b74   0x00000014   Code   RO         9088    i.vTCPTimerReload   freertos_ip_timers.o
    0x08040b88   0x08040b88   0x0000000c   Code   RO        11159    i.vTCPTimerSet      freertos_tiny_tcp.o
    0x08040b94   0x08040b94   0x0000005a   Code   RO         8490    i.vTCPWindowInit    freertos_tcp_win.o
    0x08040bee   0x08040bee   0x00000002   PAD
    0x08040bf0   0x08040bf0   0x00000034   Code   RO        13072    i.vTaskDelay        tasks.o
    0x08040c24   0x08040c24   0x00000018   Code   RO        13077    i.vTaskInternalSetTimeOutState  tasks.o
    0x08040c3c   0x08040c3c   0x0000000c   Code   RO        13078    i.vTaskMissedYield  tasks.o
    0x08040c48   0x08040c48   0x00000020   Code   RO        13079    i.vTaskPlaceOnEventList  tasks.o
    0x08040c68   0x08040c68   0x00000050   Code   RO        13080    i.vTaskPlaceOnEventListRestricted  tasks.o
    0x08040cb8   0x08040cb8   0x00000054   Code   RO        13081    i.vTaskPlaceOnUnorderedEventList  tasks.o
    0x08040d0c   0x08040d0c   0x000000c8   Code   RO        13082    i.vTaskPriorityDisinheritAfterTimeout  tasks.o
    0x08040dd4   0x08040dd4   0x000000e0   Code   RO        13084    i.vTaskRemoveFromUnorderedEventList  tasks.o
    0x08040eb4   0x08040eb4   0x000000bc   Code   RO        13086    i.vTaskResume       tasks.o
    0x08040f70   0x08040f70   0x00000024   Code   RO        13088    i.vTaskSetTimeOutState  tasks.o
    0x08040f94   0x08040f94   0x0000005c   Code   RO        13089    i.vTaskStartScheduler  tasks.o
    0x08040ff0   0x08040ff0   0x000000b0   Code   RO        13090    i.vTaskSuspend      tasks.o
    0x080410a0   0x080410a0   0x00000010   Code   RO        13091    i.vTaskSuspendAll   tasks.o
    0x080410b0   0x080410b0   0x000000d4   Code   RO        13092    i.vTaskSwitchContext  tasks.o
    0x08041184   0x08041184   0x00000024   Code   RO         6320    i.validatePublishParams  core_mqtt.o
    0x080411a8   0x080411a8   0x0000001a   Code   RO         6321    i.validateSubscribeUnsubscribeParams  core_mqtt.o
    0x080411c2   0x080411c2   0x00000058   Code   RO         6532    i.validateSubscriptionSerializeParams  core_mqtt_serializer.o
    0x0804121a   0x0804121a   0x00000094   Code   RO         6718    i.validateTransitionAck  core_mqtt_state.o
    0x080412ae   0x080412ae   0x00000090   Code   RO         6719    i.validateTransitionPublish  core_mqtt_state.o
    0x0804133e   0x0804133e   0x00000002   PAD
    0x08041340   0x08041340   0x00000050   Code   RO        14471    i.verfy_ota_and_mark  ota.o
    0x08041390   0x08041390   0x0000000a   Code   RO         9266    i.void_ptr_to_uintptr  freertos_ip_utils.o
    0x0804139a   0x0804139a   0x00000002   PAD
    0x0804139c   0x0804139c   0x00000034   Code   RO         1015    i.xApplicationDNSQueryHook  ethernettcpip.o
    0x080413d0   0x080413d0   0x0000000e   Code   RO         1016    i.xApplicationGetRandomNumber  ethernettcpip.o
    0x080413de   0x080413de   0x00000030   Code   RO         9477    i.xBadIPv4Loopback  freertos_ipv4.o
    0x0804140e   0x0804140e   0x00000002   PAD
    0x08041410   0x08041410   0x00000078   Code   RO         9089    i.xCalculateSleepTime  freertos_ip_timers.o
    0x08041488   0x08041488   0x000000ac   Code   RO         9478    i.xCheckIPv4SizeFields  freertos_ipv4.o
    0x08041534   0x08041534   0x0000003a   Code   RO         6979    i.xCheckRequiresARPResolution  freertos_arp.o
    0x0804156e   0x0804156e   0x00000022   Code   RO        10056    i.xCheckRequiresResolution  freertos_routing.o
    0x08041590   0x08041590   0x00000098   Code   RO         8846    i.xDNSDoCallback    freertos_dns_callback.o
    0x08041628   0x08041628   0x00000098   Code   RO         8847    i.xDNSSetCallBack   freertos_dns_callback.o
    0x080416c0   0x080416c0   0x00000020   Code   RO        12426    i.xEventGroupClearBits  event_groups.o
    0x080416e0   0x080416e0   0x0000001e   Code   RO        12428    i.xEventGroupCreate  event_groups.o
    0x080416fe   0x080416fe   0x00000098   Code   RO        12432    i.xEventGroupSetBits  event_groups.o
    0x08041796   0x08041796   0x00000002   PAD
    0x08041798   0x08041798   0x000000cc   Code   RO        12435    i.xEventGroupWaitBits  event_groups.o
    0x08041864   0x08041864   0x00000062   Code   RO         8363    i.xGetSourceAddrFromBuffer  freertos_tcp_ip.o
    0x080418c6   0x080418c6   0x00000002   PAD
    0x080418c8   0x080418c8   0x0000003c   Code   RO        11800    i.xHas_19_PHYCR     phyhandling.o
    0x08041904   0x08041904   0x0000000c   Code   RO         7424    i.xIPIsNetworkTaskReady  freertos_ip.o
    0x08041910   0x08041910   0x0000001c   Code   RO         9267    i.xIsCallingFromIPTask  freertos_ip_utils.o
    0x0804192c   0x0804192c   0x00000034   Code   RO         6980    i.xIsIPInARPCache   freertos_arp.o
    0x08041960   0x08041960   0x0000004a   Code   RO         9479    i.xIsIPv4Broadcast  freertos_ipv4.o
    0x080419aa   0x080419aa   0x0000002c   Code   RO         9480    i.xIsIPv4Loopback   freertos_ipv4.o
    0x080419d6   0x080419d6   0x0000002e   Code   RO         9481    i.xIsIPv4Multicast  freertos_ipv4.o
    0x08041a04   0x08041a04   0x00000094   Code   RO        11405    i.xNetworkBuffersInitialise  bufferallocation_2.o
    0x08041a98   0x08041a98   0x000000ce   Code   RO        11802    i.xPhyCheckLinkStatus  phyhandling.o
    0x08041b66   0x08041b66   0x0000017c   Code   RO        11803    i.xPhyConfigure     phyhandling.o
    0x08041ce2   0x08041ce2   0x00000076   Code   RO        11804    i.xPhyDiscover      phyhandling.o
    0x08041d58   0x08041d58   0x00000056   Code   RO        11805    i.xPhyFixedValue    phyhandling.o
    0x08041dae   0x08041dae   0x000000d8   Code   RO        11806    i.xPhyReset         phyhandling.o
    0x08041e86   0x08041e86   0x00000002   PAD
    0x08041e88   0x08041e88   0x00000048   Code   RO        13784    i.xPortStartScheduler  port.o
    0x08041ed0   0x08041ed0   0x00000038   Code   RO        13785    i.xPortSysTickHandler  port.o
    0x08041f08   0x08041f08   0x00000218   Code   RO         8364    i.xProcessReceivedTCPPacket  freertos_tcp_ip.o
    0x08042120   0x08042120   0x00000030   Code   RO         8537    i.xProcessReceivedUDPPacket  freertos_udp_ip.o
    0x08042150   0x08042150   0x000000e8   Code   RO        11261    i.xProcessReceivedUDPPacket_IPv4  freertos_udp_ipv4.o
    0x08042238   0x08042238   0x0000002a   Code   RO        12621    i.xQueueCreateCountingSemaphoreStatic  queue.o
    0x08042262   0x08042262   0x0000002a   Code   RO        12623    i.xQueueCreateMutexStatic  queue.o
    0x0804228c   0x0804228c   0x00000052   Code   RO        12624    i.xQueueGenericCreate  queue.o
    0x080422de   0x080422de   0x0000003e   Code   RO        12625    i.xQueueGenericCreateStatic  queue.o
    0x0804231c   0x0804231c   0x000000a0   Code   RO        12627    i.xQueueGenericReset  queue.o
    0x080423bc   0x080423bc   0x00000118   Code   RO        12628    i.xQueueGenericSend  queue.o
    0x080424d4   0x080424d4   0x0000009e   Code   RO        12629    i.xQueueGenericSendFromISR  queue.o
    0x08042572   0x08042572   0x00000002   PAD
    0x08042574   0x08042574   0x00000104   Code   RO        12638    i.xQueueReceive     queue.o
    0x08042678   0x08042678   0x00000130   Code   RO        12640    i.xQueueSemaphoreTake  queue.o
    0x080427a8   0x080427a8   0x00000018   Code   RO         9579    i.xRecv_Update_IPv4  freertos_ipv4_sockets.o
    0x080427c0   0x080427c0   0x00000068   Code   RO         7426    i.xSendEventStructToIPTask  freertos_ip.o
    0x08042828   0x08042828   0x00000018   Code   RO         7427    i.xSendEventToIPTask  freertos_ip.o
    0x08042840   0x08042840   0x00000014   Code   RO         9580    i.xSend_UDP_Update_IPv4  freertos_ipv4_sockets.o
    0x08042854   0x08042854   0x00000012   Code   RO         8491    i.xSequenceGreaterThan  freertos_tcp_win.o
    0x08042866   0x08042866   0x00000012   Code   RO         8492    i.xSequenceLessThan  freertos_tcp_win.o
    0x08042878   0x08042878   0x0000000e   Code   RO         7800    i.xSocketValid      freertos_sockets.o
    0x08042886   0x08042886   0x00000014   Code   RO         8274    i.xStreamBufferLessThenEqual  freertos_stream_buffer.o
    0x0804289a   0x0804289a   0x00000002   PAD
    0x0804289c   0x0804289c   0x00000050   Code   RO         8365    i.xTCPCheckNewClient  freertos_tcp_ip.o
    0x080428ec   0x080428ec   0x00000046   Code   RO         8366    i.xTCPSocketCheck   freertos_tcp_ip.o
    0x08042932   0x08042932   0x00000002   PAD
    0x08042934   0x08042934   0x000000a4   Code   RO         7801    i.xTCPTimerCheck    freertos_sockets.o
    0x080429d8   0x080429d8   0x00000038   Code   RO         8493    i.xTCPWindowCreate  freertos_tcp_win.o
    0x08042a10   0x08042a10   0x0000001a   Code   RO        11161    i.xTCPWindowRxEmpty  freertos_tiny_tcp.o
    0x08042a2a   0x08042a2a   0x0000000e   Code   RO        11162    i.xTCPWindowTxDone  freertos_tiny_tcp.o
    0x08042a38   0x08042a38   0x00000060   Code   RO        11163    i.xTCPWindowTxHasData  freertos_tiny_tcp.o
    0x08042a98   0x08042a98   0x00000060   Code   RO        13094    i.xTaskCheckForTimeOut  tasks.o
    0x08042af8   0x08042af8   0x00000038   Code   RO        13095    i.xTaskCreate       tasks.o
    0x08042b30   0x08042b30   0x00000040   Code   RO        13096    i.xTaskCreateStatic  tasks.o
    0x08042b70   0x08042b70   0x00000208   Code   RO        13099    i.xTaskGenericNotifyFromISR  tasks.o
    0x08042d78   0x08042d78   0x000000dc   Code   RO        13101    i.xTaskGenericNotifyWait  tasks.o
    0x08042e54   0x08042e54   0x0000000c   Code   RO        13102    i.xTaskGetCurrentTaskHandle  tasks.o
    0x08042e60   0x08042e60   0x00000020   Code   RO        13104    i.xTaskGetSchedulerState  tasks.o
    0x08042e80   0x08042e80   0x0000000c   Code   RO        13106    i.xTaskGetTickCount  tasks.o
    0x08042e8c   0x08042e8c   0x0000018c   Code   RO        13108    i.xTaskIncrementTick  tasks.o
    0x08043018   0x08043018   0x000000a0   Code   RO        13109    i.xTaskPriorityDisinherit  tasks.o
    0x080430b8   0x080430b8   0x000000e0   Code   RO        13110    i.xTaskPriorityInherit  tasks.o
    0x08043198   0x08043198   0x0000011c   Code   RO        13111    i.xTaskRemoveFromEventList  tasks.o
    0x080432b4   0x080432b4   0x00000178   Code   RO        13112    i.xTaskResumeAll    tasks.o
    0x0804342c   0x0804342c   0x00000060   Code   RO        13508    i.xTimerCreateTimerTask  timers.o
    0x0804348c   0x0804348c   0x00000010   Data   RO          286    .constdata          system_stm32h7xx.o
    0x0804349c   0x0804349c   0x00000004   Data   RO          462    .constdata          messagepass.o
    0x080434a0   0x080434a0   0x000000b8   Data   RO          857    .constdata          plaintextmqtt.o
    0x08043558   0x08043558   0x0000000c   Data   RO         1018    .constdata          ethernettcpip.o
    0x08043564   0x08043564   0x00000018   Data   RO         4592    .constdata          stm32h7xx_hal_uart.o
    0x0804357c   0x0804357c   0x00000010   Data   RO         4962    .constdata          stm32h7xx_hal_uart_ex.o
    0x0804358c   0x0804358c   0x00000018   Data   RO         6533    .constdata          core_mqtt_serializer.o
    0x080435a4   0x080435a4   0x00000010   Data   RO         6811    .constdata          sockets_wrapper.o
    0x080435b4   0x080435b4   0x00000039   Data   RO         6888    .constdata          using_plaintext.o
    0x080435ed   0x080435ed   0x00000026   Data   RO         6982    .constdata          freertos_arp.o
    0x08043613   0x08043613   0x00000024   Data   RO         7219    .constdata          freertos_dns.o
    0x08043637   0x08043637   0x00000001   PAD
    0x08043638   0x08043638   0x00000010   Data   RO         7429    .constdata          freertos_ip.o
    0x08043648   0x08043648   0x00000028   Data   RO         7803    .constdata          freertos_sockets.o
    0x08043670   0x08043670   0x00000018   Data   RO        11262    .constdata          freertos_udp_ipv4.o
    0x08043688   0x08043688   0x00000004   Data   RO        11407    .constdata          bufferallocation_2.o
    0x0804368c   0x0804368c   0x00000044   Data   RO        11538    .constdata          networkinterface.o
    0x080436d0   0x080436d0   0x00000010   Data   RO        14473    .constdata          ota.o
    0x080436e0   0x080436e0   0x00000081   Data   RO        14978    .constdata          mc_w.l(ctype_o.o)
    0x08043761   0x08043761   0x00000003   PAD
    0x08043764   0x08043764   0x00000004   Data   RO        14979    .constdata          mc_w.l(ctype_o.o)
    0x08043768   0x08043768   0x00000047   Data   RO          463    .conststring        messagepass.o
    0x080437af   0x080437af   0x00000001   PAD
    0x080437b0   0x080437b0   0x00000235   Data   RO          858    .conststring        plaintextmqtt.o
    0x080439e5   0x080439e5   0x00000003   PAD
    0x080439e8   0x080439e8   0x00000071   Data   RO         1019    .conststring        ethernettcpip.o
    0x08043a59   0x08043a59   0x00000003   PAD
    0x08043a5c   0x08043a5c   0x0000004b   Data   RO         6322    .conststring        core_mqtt.o
    0x08043aa7   0x08043aa7   0x00000001   PAD
    0x08043aa8   0x08043aa8   0x00000180   Data   RO         6534    .conststring        core_mqtt_serializer.o
    0x08043c28   0x08043c28   0x0000009f   Data   RO         6812    .conststring        sockets_wrapper.o
    0x08043cc7   0x08043cc7   0x00000001   PAD
    0x08043cc8   0x08043cc8   0x00000058   Data   RO         6889    .conststring        using_plaintext.o
    0x08043d20   0x08043d20   0x0000004e   Data   RO         6940    .conststring        backoff_algorithm.o
    0x08043d6e   0x08043d6e   0x00000002   PAD
    0x08043d70   0x08043d70   0x00000020   Data   RO        15024    Region$$Table       anon$$obj.o


    Execution Region RW_IRAM2 (Exec base: 0x24000000, Load base: 0x08043d90, Size: 0x000288a0, Max: 0x00080000, ABSOLUTE, COMPRESSED[0x00000058])

    Exec Addr    Load Addr    Size         Type   Attr      Idx    E Section Name        Object

    0x24000000   COMPRESSED   0x00000060   Data   RW        11535    .RxDescripSection   networkinterface.o
    0x24000060   COMPRESSED   0x00000060   Data   RW        11536    .TxDescripSection   networkinterface.o
    0x240000c0   COMPRESSED   0x00000008   Data   RW          287    .data               system_stm32h7xx.o
    0x240000c8   COMPRESSED   0x00000001   Data   RW          324    .data               main.o
    0x240000c9   COMPRESSED   0x00000003   PAD
    0x240000cc   COMPRESSED   0x0000003c   Data   RW          464    .data               messagepass.o
    0x24000108   COMPRESSED   0x00000024   Data   RW          859    .data               plaintextmqtt.o
    0x2400012c   COMPRESSED   0x0000001c   Data   RW         1020    .data               ethernettcpip.o
    0x24000148   COMPRESSED   0x00000060   Data   RW         1201    .data               controlparam.o
    0x240001a8   COMPRESSED   0x00000020   Data   RW         1403    .data               functionset.o
    0x240001c8   COMPRESSED   0x00000011   Data   RW         1541    .data               comhandle.o
    0x240001d9   COMPRESSED   0x00000003   PAD
    0x240001dc   COMPRESSED   0x00000009   Data   RW         1661    .data               stm32h7xx_hal.o
    0x240001e5   COMPRESSED   0x00000003   PAD
    0x240001e8   COMPRESSED   0x00000014   Data   RW         6983    .data               freertos_arp.o
    0x240001fc   COMPRESSED   0x00000001   Data   RW         7220    .data               freertos_dns.o
    0x240001fd   COMPRESSED   0x00000003   PAD
    0x24000200   COMPRESSED   0x0000001a   Data   RW         7430    .data               freertos_ip.o
    0x2400021a   COMPRESSED   0x00000002   PAD
    0x2400021c   COMPRESSED   0x00000004   Data   RW         7804    .data               freertos_sockets.o
    0x24000220   COMPRESSED   0x00000008   Data   RW         8367    .data               freertos_tcp_ip.o
    0x24000228   COMPRESSED   0x00000004   Data   RW         8775    .data               freertos_dns_cache.o
    0x2400022c   COMPRESSED   0x00000004   Data   RW         9091    .data               freertos_ip_timers.o
    0x24000230   COMPRESSED   0x00000008   Data   RW        10057    .data               freertos_routing.o
    0x24000238   COMPRESSED   0x00000004   Data   RW        11164    .data               freertos_tiny_tcp.o
    0x2400023c   COMPRESSED   0x00000008   Data   RW        11408    .data               bufferallocation_2.o
    0x24000244   COMPRESSED   0x00000028   Data   RW        11539    .data               networkinterface.o
    0x2400026c   COMPRESSED   0x00000040   Data   RW        13115    .data               tasks.o
    0x240002ac   COMPRESSED   0x00000014   Data   RW        13520    .data               timers.o
    0x240002c0   COMPRESSED   0x0000001c   Data   RW        13704    .data               heap_4.o
    0x240002dc   COMPRESSED   0x00000004   Data   RW        13786    .data               port.o
    0x240002e0   COMPRESSED   0x0000000c   Data   RW        13873    .data               commandframe.o
    0x240002ec   COMPRESSED   0x00000008   Data   RW        13969    .data               commandframe_1.o
    0x240002f4   COMPRESSED   0x00000002   Data   RW        14123    .data               driver_uart.o
    0x240002f6   COMPRESSED   0x00000002   PAD
    0x240002f8   COMPRESSED   0x00000008   Data   RW        14440    .data               pid.o
    0x24000300   COMPRESSED   0x00000004   Data   RW        14609    .data               mc_w.l(stderr.o)
    0x24000304   COMPRESSED   0x00000004   Data   RW        14613    .data               mc_w.l(rand.o)
    0x24000308   COMPRESSED   0x00000004   Data   RW        14638    .data               mc_w.l(strtok.o)
    0x2400030c   COMPRESSED   0x00000004   Data   RW        14960    .data               mc_w.l(errno.o)
    0x24000310        -       0x0000004c   Zero   RW           18    .bss                stm32h7xx_hal_msp.o
    0x2400035c   COMPRESSED   0x00000004   PAD
    0x24000360        -       0x0000a476   Zero   RW          461    .bss                messagepass.o
    0x2400a7d6   COMPRESSED   0x00000002   PAD
    0x2400a7d8        -       0x00000290   Zero   RW          856    .bss                plaintextmqtt.o
    0x2400aa68        -       0x00000032   Zero   RW         1017    .bss                ethernettcpip.o
    0x2400aa9a   COMPRESSED   0x00000006   PAD
    0x2400aaa0        -       0x00000038   Zero   RW         1200    .bss                controlparam.o
    0x2400aad8        -       0x00006d38   Zero   RW         1402    .bss                functionset.o
    0x24011810        -       0x00000048   Zero   RW         1540    .bss                comhandle.o
    0x24011858        -       0x0000001c   Zero   RW         5406    .bss                stm32h7xx_hal_flash.o
    0x24011874        -       0x000003f8   Zero   RW         5766    .bss                cmsis_os2.o
    0x24011c6c        -       0x00000060   Zero   RW         6981    .bss                freertos_arp.o
    0x24011ccc        -       0x00000c68   Zero   RW         7428    .bss                freertos_ip.o
    0x24012934        -       0x00000028   Zero   RW         7802    .bss                freertos_sockets.o
    0x2401295c        -       0x000000b0   Zero   RW         8774    .bss                freertos_dns_cache.o
    0x24012a0c        -       0x00000014   Zero   RW         8848    .bss                freertos_dns_callback.o
    0x24012a20        -       0x00000064   Zero   RW         9090    .bss                freertos_ip_timers.o
    0x24012a84        -       0x000007a8   Zero   RW        11406    .bss                bufferallocation_2.o
    0x2401322c        -       0x00000a3d   Zero   RW        11537    .bss                networkinterface.o
    0x24013c69   COMPRESSED   0x00000003   PAD
    0x24013c6c        -       0x000004c4   Zero   RW        13114    .bss                tasks.o
    0x24014130        -       0x000000c8   Zero   RW        13519    .bss                timers.o
    0x240141f8        -       0x00014000   Zero   RW        13703    .bss                heap_4.o
    0x240281f8        -       0x00000120   Zero   RW        14122    .bss                driver_uart.o
    0x24028318        -       0x000000e4   Zero   RW        14194    .bss                driver_i2c.o
    0x240283fc        -       0x00000088   Zero   RW        14275    .bss                sgm5348.o
    0x24028484        -       0x0000001c   Zero   RW        14472    .bss                ota.o
    0x240284a0        -       0x00000400   Zero   RW            1    STACK               startup_stm32h743xx.o


==============================================================================

Image component sizes


      Code (inc. data)   RO Data    RW Data    ZI Data      Debug   Object Name

       190          0          0          0          0       1939   ads1115.o
        88          0          0          0          0       1923   at24cm01.o
       224         76         78          0          0       3106   backoff_algorithm.o
       478         42          4          8       1960       5044   bufferallocation_2.o
        72         20          0          0       1016      54235   cmsis_os2.o
      1352        152          0         17         72       6900   comhandle.o
       850         16          0         12          0       9311   commandframe.o
       154         12          0          8          0       4603   commandframe_1.o
      5178        544          0         96         56      25465   controlparam.o
      5158       1876         75          0          0      26973   core_mqtt.o
      4832       1604        408          0          0      27876   core_mqtt_serializer.o
      2526        750          0          0          0      14804   core_mqtt_state.o
      1368        134          0          0        228       5067   driver_i2c.o
       700         64          0          2        288       6651   driver_uart.o
       636         68          0          0          0       9770   embeddedflashmemory.o
       364         66        125         28         50      18879   ethernettcpip.o
       494          6          0          0          0      42330   event_groups.o
      2062         78         38         20         96      36508   freertos_arp.o
         0          0          0          0          0      22192   freertos_dhcp.o
      1696         30         36          1          0      41053   freertos_dns.o
       914         40          0          4        176       8611   freertos_dns_cache.o
       516         20          0          0         20       4548   freertos_dns_callback.o
       222          0          0          0          0       4288   freertos_dns_networking.o
      1848         16          0          0          0       7978   freertos_dns_parser.o
       170          0          0          0          0      23800   freertos_icmp.o
      2328        144         16         26       3176      76864   freertos_ip.o
       766        110          0          4        100      18789   freertos_ip_timers.o
       500          0          0          0          0      31979   freertos_ip_utils.o
       814          6          0          0          0      27665   freertos_ipv4.o
       290          0          0          0          0      24884   freertos_ipv4_sockets.o
        50          0          0          0          0      21966   freertos_ipv4_utils.o
      1028         34          0          8          0      33794   freertos_routing.o
      6204        104         40          4         40      71452   freertos_sockets.o
       528          0          0          0          0       9956   freertos_stream_buffer.o
      1658         18          0          8          0      33572   freertos_tcp_ip.o
       758          0          0          0          0      26240   freertos_tcp_reception.o
      1918         46          0          0          0      29999   freertos_tcp_state_handling.o
       404          0          0          0          0      23007   freertos_tcp_state_handling_ipv4.o
      1980         26          0          0          0      37294   freertos_tcp_transmission.o
       956          4          0          0          0      25768   freertos_tcp_transmission_ipv4.o
        26          0          0          0          0      21974   freertos_tcp_utils.o
        80          0          0          0          0      22027   freertos_tcp_utils_ipv4.o
       182          4          0          0          0       4087   freertos_tcp_win.o
       542         12          0          4          0       8582   freertos_tiny_tcp.o
        76          0          0          0          0      23137   freertos_udp_ip.o
       552          8         24          0          0      24195   freertos_udp_ipv4.o
      9028        750          0         32      27960      17298   functionset.o
       548         56          0         28      81920       5279   heap_4.o
       148          0          0          0          0      36646   list.o
       458         28          0          1          0      21170   main.o
     23668       3600         75         60      42102     100289   messagepass.o
      4304        334         68        232       2621     148430   networkinterface.o
       352         60         16          0         28       5052   ota.o
      1088         12          0          0          0       8047   phyhandling.o
       664         44          0          8          0       2286   pid.o
      2756       1198        749         36        656      22970   plaintextmqtt.o
       504         56          0          4          0       9904   port.o
      1944         16          0          0          0      21109   queue.o
       168         46          0          0          0       3925   retarget_io.o
       362         32          0          0        136       3294   sgm5348.o
       380         82        175          0          0      21426   sockets_wrapper.o
        36          8        664          0       1024        864   startup_stm32h743xx.o
       292         56          0          9          0      23684   stm32h7xx_hal.o
       518         44          0          0          0      41743   stm32h7xx_hal_cortex.o
      2164         34          0          0          0       4215   stm32h7xx_hal_dma.o
      5116         90          0          0          0      29540   stm32h7xx_hal_eth.o
       460          0          0          0          0       4137   stm32h7xx_hal_eth_ex.o
       664         70          0          0         28      14302   stm32h7xx_hal_flash.o
       572         32          0          0          0       2753   stm32h7xx_hal_flash_ex.o
       548         52          0          0          0       2991   stm32h7xx_hal_gpio.o
      2196         42          0          0          0      13341   stm32h7xx_hal_i2c.o
       210          0          0          0          0       1959   stm32h7xx_hal_i2c_ex.o
       572         48          0          0         76    1375489   stm32h7xx_hal_msp.o
        96          6          0          0          0        741   stm32h7xx_hal_pwr_ex.o
      3582        118          0          0          0       8235   stm32h7xx_hal_rcc.o
      4784        110          0          0          0       7021   stm32h7xx_hal_rcc_ex.o
      1384         14          0          0          0       4810   stm32h7xx_hal_spi.o
       944         68          0          0          0       6270   stm32h7xx_hal_tim.o
         6          0          0          0          0       2128   stm32h7xx_hal_tim_ex.o
      4784        182         24          0          0      34753   stm32h7xx_hal_uart.o
       360         10         16          0          0       5270   stm32h7xx_hal_uart_ex.o
        26          0          0          0          0       2821   stm32h7xx_it.o
       828         86         16          8          0       2514   system_stm32h7xx.o
      5348        524          0         64       1220      83426   tasks.o
       338          0          0          0          0       2696   tca9535.o
        74          0          0          0          0       1166   tca9548.o
       966        112          0         20        200      11940   timers.o
       172         18          0          0          0       1332   tmp112.o
       318         86        145          0          0       5901   using_plaintext.o

    ----------------------------------------------------------------------
    137628      14254       2836        768     165264    3134252   Object Totals
         0          0         32          0          0          0   (incl. Generated)
       166          0         12         16         15          0   (incl. Padding)

    ----------------------------------------------------------------------

      Code (inc. data)   RO Data    RW Data    ZI Data      Debug   Library Member Name

        20          0          0          0          0        124   fabs.o
        40         10          0          0          0        128   strtod.o
        86          0          0          0          0          0   __dczerorl2.o
        28          0          0          0          0         68   _chval.o
        64          0          0          0          0         84   _sgetc.o
       158          0          0          0          0         92   _strtoul.o
        26          0          0          0          0         80   atoi.o
         8          4        133          0          0         68   ctype_o.o
         0          0          0          0          0          0   entry.o
         0          0          0          0          0          0   entry10a.o
         0          0          0          0          0          0   entry11a.o
         8          4          0          0          0          0   entry2.o
         4          0          0          0          0          0   entry5.o
         0          0          0          0          0          0   entry7b.o
         0          0          0          0          0          0   entry8b.o
         8          4          0          0          0          0   entry9a.o
         8          4          0          4          0         68   errno.o
        24          0          0          0          0         80   fputs.o
        30          0          0          0          0          0   handlers.o
        36          8          0          0          0         68   init.o
        18          0          0          0          0         76   isspace_o.o
         0          0          0          0          0          0   iusefp.o
        30          0          0          0          0         68   llshl.o
        36          0          0          0          0         68   llsshr.o
        32          0          0          0          0         68   llushr.o
        26          0          0          0          0         80   memcmp.o
        64          0          0          0          0         76   memmovea.o
        36          0          0          0          0        108   memseta.o
      2346         90          0          0          0        672   printfa.o
        36         10          0          4          0        136   rand.o
       878         12          0          0          0        216   scanf_fp.o
         0          0          0          4          0          0   stderr.o
        42          0          0          0          0         84   strcasecmp.o
        24          0          0          0          0         68   strcat.o
        20          0          0          0          0         68   strchr.o
        28          0          0          0          0         76   strcmp.o
        18          0          0          0          0         68   strcpy.o
        14          0          0          0          0         68   strlen.o
        30          0          0          0          0         80   strncmp.o
        24          0          0          0          0         76   strncpy.o
       156         12          0          0          0        120   strtod.o
        68          6          0          4          0         80   strtok.o
       112          0          0          0          0         88   strtol.o
        12          0          0          0          0         68   tolower.o
        44          0          0          0          0         80   uidiv.o
        98          0          0          0          0         92   uldiv.o
        48          0          0          0          0         68   cdcmple.o
        48          0          0          0          0         68   cdrcmple.o
        56          0          0          0          0         88   d2f.o
       334          0          0          0          0        148   dadd.o
       222          0          0          0          0        100   ddiv.o
       186          0          0          0          0        176   depilogue.o
        62          0          0          0          0         80   dfixi.o
        50          0          0          0          0         76   dfixui.o
        48          0          0          0          0         68   dfixul.o
        34          0          0          0          0         76   dflti.o
        26          0          0          0          0         76   dfltui.o
        24          0          0          0          0         76   dfltul.o
       228          0          0          0          0         96   dmul.o
       110          0          0          0          0        168   fepilogue.o

    ----------------------------------------------------------------------
      6232        164        136         16          0       4908   Library Totals
        16          0          3          0          0          0   (incl. Padding)

    ----------------------------------------------------------------------

      Code (inc. data)   RO Data    RW Data    ZI Data      Debug   Library Name

        60         10          0          0          0        252   m_wm.l
      4680        154        133         16          0       3292   mc_w.l
      1476          0          0          0          0       1364   mf_w.l

    ----------------------------------------------------------------------
      6232        164        136         16          0       4908   Library Totals

    ----------------------------------------------------------------------

==============================================================================


      Code (inc. data)   RO Data    RW Data    ZI Data      Debug   

    143860      14418       2972        784     165264    3051992   Grand Totals
    143860      14418       2972         88     165264    3051992   ELF Image Totals (compressed)
    143860      14418       2972         88          0          0   ROM Totals

==============================================================================

    Total RO  Size (Code + RO Data)               146832 ( 143.39kB)
    Total RW  Size (RW Data + ZI Data)            166048 ( 162.16kB)
    Total ROM Size (Code + RO Data + RW Data)     146920 ( 143.48kB)

==============================================================================

