Component: ARM Compiler 5.06 update 6 (build 750) Tool: armlink [4d35ed]

==============================================================================

Section Cross References

    startup_stm32h743xx.o(STACK) refers (Special) to heapauxi.o(.text) for __use_two_region_memory
    startup_stm32h743xx.o(HEAP) refers (Special) to heapauxi.o(.text) for __use_two_region_memory
    startup_stm32h743xx.o(RESET) refers (Special) to heapauxi.o(.text) for __use_two_region_memory
    startup_stm32h743xx.o(RESET) refers to startup_stm32h743xx.o(STACK) for __initial_sp
    startup_stm32h743xx.o(RESET) refers to startup_stm32h743xx.o(.text) for Reset_Handler
    startup_stm32h743xx.o(RESET) refers to stm32h7xx_it.o(i.NMI_Handler) for NMI_Handler
    startup_stm32h743xx.o(RESET) refers to stm32h7xx_it.o(i.HardFault_Handler) for HardFault_Handler
    startup_stm32h743xx.o(RESET) refers to stm32h7xx_it.o(i.MemManage_Handler) for MemManage_Handler
    startup_stm32h743xx.o(RESET) refers to stm32h7xx_it.o(i.BusFault_Handler) for BusFault_Handler
    startup_stm32h743xx.o(RESET) refers to stm32h7xx_it.o(i.UsageFault_Handler) for UsageFault_Handler
    startup_stm32h743xx.o(RESET) refers to port.o(.emb_text) for SVC_Handler
    startup_stm32h743xx.o(RESET) refers to stm32h7xx_it.o(i.DebugMon_Handler) for DebugMon_Handler
    startup_stm32h743xx.o(RESET) refers to cmsis_os2.o(i.SysTick_Handler) for SysTick_Handler
    startup_stm32h743xx.o(RESET) refers to main.o(i.TIM7_IRQHandler) for TIM7_IRQHandler
    startup_stm32h743xx.o(RESET) refers to networkinterface.o(i.ETH_IRQHandler) for ETH_IRQHandler
    startup_stm32h743xx.o(.text) refers (Special) to heapauxi.o(.text) for __use_two_region_memory
    startup_stm32h743xx.o(.text) refers to system_stm32h7xx.o(i.SystemInit) for SystemInit
    startup_stm32h743xx.o(.text) refers to __main.o(!!!main) for __main
    startup_stm32h743xx.o(.text) refers to startup_stm32h743xx.o(HEAP) for Heap_Mem
    startup_stm32h743xx.o(.text) refers to startup_stm32h743xx.o(STACK) for Stack_Mem
    stm32h7xx_hal_msp.o(i.HAL_ETH_MspDeInit) refers to stm32h7xx_hal_gpio.o(i.HAL_GPIO_DeInit) for HAL_GPIO_DeInit
    stm32h7xx_hal_msp.o(i.HAL_ETH_MspInit) refers to rt_memclr_w.o(.text) for __aeabi_memclr4
    stm32h7xx_hal_msp.o(i.HAL_ETH_MspInit) refers to stm32h7xx_hal_gpio.o(i.HAL_GPIO_Init) for HAL_GPIO_Init
    stm32h7xx_hal_msp.o(i.HAL_ETH_MspInit) refers to stm32h7xx_hal_gpio.o(i.HAL_GPIO_WritePin) for HAL_GPIO_WritePin
    stm32h7xx_hal_msp.o(i.HAL_ETH_MspInit) refers to stm32h7xx_hal_msp.o(i.HAL_DelayMs) for HAL_DelayMs
    stm32h7xx_hal_msp.o(i.HAL_ETH_MspInit) refers to stm32h7xx_hal_cortex.o(i.HAL_NVIC_SetPriority) for HAL_NVIC_SetPriority
    stm32h7xx_hal_msp.o(i.HAL_ETH_MspInit) refers to stm32h7xx_hal_cortex.o(i.HAL_NVIC_EnableIRQ) for HAL_NVIC_EnableIRQ
    stm32h7xx_it.o(i.NMI_Handler) refers to stm32h7xx_hal_rcc.o(i.HAL_RCC_NMI_IRQHandler) for HAL_RCC_NMI_IRQHandler
    system_stm32h7xx.o(i.SystemCoreClockUpdate) refers to system_stm32h7xx.o(.constdata) for .constdata
    system_stm32h7xx.o(i.SystemCoreClockUpdate) refers to system_stm32h7xx.o(.data) for .data
    main.o(i.ControlHardAddress) refers to rt_memclr_w.o(.text) for __aeabi_memclr4
    main.o(i.ControlHardAddress) refers to stm32h7xx_hal_gpio.o(i.HAL_GPIO_Init) for HAL_GPIO_Init
    main.o(i.ControlHardAddress) refers to stm32h7xx_hal_gpio.o(i.HAL_GPIO_ReadPin) for HAL_GPIO_ReadPin
    main.o(i.HAL_TIM_PeriodElapsedCallback) refers to stm32h7xx_hal.o(i.HAL_IncTick) for HAL_IncTick
    main.o(i.MPU_Configuration) refers to stm32h7xx_hal_cortex.o(i.HAL_MPU_Disable) for HAL_MPU_Disable
    main.o(i.MPU_Configuration) refers to stm32h7xx_hal_cortex.o(i.HAL_MPU_ConfigRegion) for HAL_MPU_ConfigRegion
    main.o(i.MPU_Configuration) refers to stm32h7xx_hal_cortex.o(i.HAL_MPU_Enable) for HAL_MPU_Enable
    main.o(i.SystemClock_Config) refers to rt_memclr_w.o(.text) for __aeabi_memclr4
    main.o(i.SystemClock_Config) refers to stm32h7xx_hal_pwr_ex.o(i.HAL_PWREx_ConfigSupply) for HAL_PWREx_ConfigSupply
    main.o(i.SystemClock_Config) refers to stm32h7xx_hal_rcc.o(i.HAL_RCC_OscConfig) for HAL_RCC_OscConfig
    main.o(i.SystemClock_Config) refers to stm32h7xx_hal_rcc.o(i.HAL_RCC_ClockConfig) for HAL_RCC_ClockConfig
    main.o(i.SystemClock_Config) refers to stm32h7xx_hal_rcc.o(i.HAL_RCC_EnableCSS) for HAL_RCC_EnableCSS
    main.o(i.TIM7_IRQHandler) refers to stm32h7xx_hal_tim.o(i.HAL_TIM_IRQHandler) for HAL_TIM_IRQHandler
    main.o(i.TIM7_IRQHandler) refers to main.o(.bss) for .bss
    main.o(i.TIM7_Init) refers to stm32h7xx_hal_tim.o(i.HAL_TIM_Base_Init) for HAL_TIM_Base_Init
    main.o(i.TIM7_Init) refers to stm32h7xx_hal_cortex.o(i.HAL_NVIC_SetPriority) for HAL_NVIC_SetPriority
    main.o(i.TIM7_Init) refers to stm32h7xx_hal_cortex.o(i.HAL_NVIC_EnableIRQ) for HAL_NVIC_EnableIRQ
    main.o(i.TIM7_Init) refers to stm32h7xx_hal_tim.o(i.HAL_TIM_Base_Start_IT) for HAL_TIM_Base_Start_IT
[...]
    0x08002d06   0x08002d06   0x00000002   Code   RO         2728    i.HAL_TIM_OC_DelayElapsedCallback  stm32h7xx_hal_tim.o
    0x08002d08   0x08002d08   0x00000002   Code   RO         2768    i.HAL_TIM_TriggerCallback  stm32h7xx_hal_tim.o
    0x08002d0a   0x08002d0a   0x00000002   PAD
    0x08002d0c   0x08002d0c   0x00000088   Code   RO         2038    i.I2C_IsAcknowledgeFailed  stm32h7xx_hal_i2c.o
    0x08002d94   0x08002d94   0x0000002c   Code   RO         2045    i.I2C_TransferConfig  stm32h7xx_hal_i2c.o
    0x08002dc0   0x08002dc0   0x0000005a   Code   RO         2047    i.I2C_WaitOnFlagUntilTimeout  stm32h7xx_hal_i2c.o
    0x08002e1a   0x08002e1a   0x00000002   PAD
    0x08002e1c   0x08002e1c   0x00000024   Code   RO        11570    i.LinkAllFreeCommandInfoCell  commandframe_1.o
    0x08002e40   0x08002e40   0x00000072   Code   RO        11662    i.MCP4725ConfigDacbit  mcp4725.o
    0x08002eb2   0x08002eb2   0x0000006c   Code   RO        11663    i.MCP4725ConfigInit  mcp4725.o
    0x08002f1e   0x08002f1e   0x00000076   Code   RO          295    i.MPU_Configuration  main.o
    0x08002f94   0x08002f94   0x00000048   Code   RO         4683    i.MQTT_CalculateStateAck  core_mqtt_state.o
    0x08002fdc   0x08002fdc   0x00000028   Code   RO         4684    i.MQTT_CalculateStatePublish  core_mqtt_state.o
    0x08003004   0x08003004   0x000000e6   Code   RO         4339    i.MQTT_Connect      core_mqtt.o
    0x080030ea   0x080030ea   0x0000005e   Code   RO         4515    i.MQTT_GetConnectPacketSize  core_mqtt_serializer.o
    0x08003148   0x08003148   0x000000b4   Code   RO         4517    i.MQTT_GetIncomingPacketTypeAndLength  core_mqtt_serializer.o
    0x080031fc   0x080031fc   0x00000022   Code   RO         4341    i.MQTT_GetPacketId  core_mqtt.o
    0x0800321e   0x0800321e   0x00000094   Code   RO         4347    i.MQTT_Publish      core_mqtt.o
    0x080032b2   0x080032b2   0x0000002c   Code   RO         4686    i.MQTT_PubrelToResend  core_mqtt_state.o
    0x080032de   0x080032de   0x00000026   Code   RO         4687    i.MQTT_ReserveState  core_mqtt_state.o
    0x08003304   0x08003304   0x00000044   Code   RO         4522    i.MQTT_SerializeAck  core_mqtt_serializer.o
    0x08003348   0x08003348   0x0000004a   Code   RO         4523    i.MQTT_SerializeConnect  core_mqtt_serializer.o
    0x08003392   0x08003392   0x0000005c   Code   RO         4528    i.MQTT_SerializeSubscribe  core_mqtt_serializer.o
    0x080033ee   0x080033ee   0x00000098   Code   RO         4690    i.MQTT_UpdateStatePublish  core_mqtt_state.o
    0x08003486   0x08003486   0x00000002   Code   RO          202    i.MemManage_Handler  stm32h7xx_it.o
    0x08003488   0x08003488   0x00000016   Code   RO         4853    i.Plaintext_FreeRTOS_send  using_plaintext.o
    0x0800349e   0x0800349e   0x00000030   Code   RO         6574    i.Prepare_CacheLookup  freertos_dns_cache.o
    0x080034ce   0x080034ce   0x0000002e   Code   RO        11474    i.RegisterCommand   commandframe.o
    0x080034fc   0x080034fc   0x00000002   Code   RO          389    i.SetReset          messagepass.o
    0x080034fe   0x080034fe   0x00000002   PAD
    0x08003500   0x08003500   0x00000154   Code   RO         4775    i.Sockets_Connect   sockets_wrapper.o
    0x08003654   0x08003654   0x00000098   Code   RO        11475    i.StrCompara        commandframe.o
    0x080036ec   0x080036ec   0x0000001a   Code   RO         3746    i.SysTick_Handler   cmsis_os2.o
    0x08003706   0x08003706   0x00000002   PAD
    0x08003708   0x08003708   0x000000e0   Code   RO          296    i.SystemClock_Config  main.o
    0x080037e8   0x080037e8   0x000000e4   Code   RO          257    i.SystemInit        system_stm32h7xx.o
    0x080038cc   0x080038cc   0x0000000c   Code   RO          297    i.TIM7_IRQHandler   main.o
    0x080038d8   0x080038d8   0x000000c4   Code   RO         2770    i.TIM_Base_SetConfig  stm32h7xx_hal_tim.o
    0x0800399c   0x0800399c   0x00000004   PAD
    0x080039a0   0x080039a0   0x000000d0   Code   RO        12068    i.__hardfp_ldexp    m_wm.l(ldexp.o)
    0x08003a70   0x08003a70   0x00000028   Code   RO        11786    i.__hardfp_strtod   m_wm.l(strtod.o)
    0x08003a98   0x08003a98   0x00000020   Code   RO        12106    i.__mathlib_dbl_overflow  m_wm.l(dunder.o)
    0x08003ab8   0x08003ab8   0x00000048   Code   RO         3682    i.__user_perthread_libspace  clib_arm.o
    0x08003b00   0x08003b00   0x0000001e   Code   RO         3686    i._mutex_release    clib_arm.o
    0x08003b1e   0x08003b1e   0x00000002   Code   RO         3687    i._platform_post_stackheap_init  clib_arm.o
    0x08003b20   0x08003b20   0x000000b4   Code   RO         4691    i.addRecord         core_mqtt_state.o
    0x08003bd4   0x08003bd4   0x0000006c   Code   RO         4531    i.calculateSubscriptionPacketSize  core_mqtt_serializer.o
    0x08003c40   0x08003c40   0x00000012   Code   RO         4532    i.checkPublishRemainingLength  core_mqtt_serializer.o
    0x08003c52   0x08003c52   0x00000002   PAD
    0x08003c54   0x08003c54   0x00000058   Code   RO         4533    i.deserializeConnack  core_mqtt_serializer.o
    0x08003cac   0x08003cac   0x000000a6   Code   RO         4534    i.deserializePublish  core_mqtt_serializer.o
    0x08003d52   0x08003d52   0x0000004e   Code   RO         4535    i.deserializeSuback  core_mqtt_serializer.o
    0x08003da0   0x08003da0   0x00000062   Code   RO         4352    i.discardPacket     core_mqtt.o
    0x08003e02   0x08003e02   0x00000002   PAD
    0x08003e04   0x08003e04   0x0000018c   Code   RO         4933    i.eARPProcessPacket  freertos_arp.o
    0x08003f90   0x08003f90   0x00000070   Code   RO        10673    i.eTaskGetState     tasks.o
    0x08004000   0x08004000   0x00000020   Code   RO         4536    i.encodeRemainingLength  core_mqtt_serializer.o
    0x08004020   0x08004020   0x00000022   Code   RO         4537    i.encodeString      core_mqtt_serializer.o
    0x08004042   0x08004042   0x00000006   PAD
    0x08004048   0x08004048   0x0000008c   Code   RO        12051    i.frexp             m_wm.l(frexp.o)
    0x080040d4   0x080040d4   0x000000a8   Code   RO         4354    i.handleIncomingAck  core_mqtt.o
    0x0800417c   0x0800417c   0x00000074   Code   RO         4356    i.handlePublishAcks  core_mqtt.o
    0x080041f0   0x080041f0   0x00000038   Code   RO         8889    i.lTCPWindowTxAdd   freertos_tiny_tcp.o
    0x08004228   0x08004228   0x00000048   Code   RO          299    i.main              main.o
    0x08004270   0x08004270   0x00000012   Code   RO         3688    i.os_kernel_is_active  clib_arm.o
    0x08004282   0x08004282   0x00000002   PAD
    0x08004284   0x08004284   0x000001b0   Code   RO         6738    i.parseDNSAnswer    freertos_dns_parser.o
    0x08004434   0x08004434   0x00000080   Code   RO        10675    i.prvAddCurrentTaskToDelayedList  tasks.o
    0x080044b4   0x080044b4   0x00000044   Code   RO         9220    i.prvAddDestMACAddrHash  networkinterface.o
    0x080044f8   0x080044f8   0x00000058   Code   RO         7236    i.prvCheckIP4HeaderOptions  freertos_ipv4.o
    0x08004550   0x08004550   0x0000006c   Code   RO         8077    i.prvCheckOptions   freertos_tcp_reception.o
    0x080045bc   0x080045bc   0x00000194   Code   RO          476    i.prvConnectToServerWithBackoffRetries  plaintextmqtt.o
    0x08004750   0x08004750   0x00000026   Code   RO        10241    i.prvCopyDataFromQueue  queue.o
    0x08004776   0x08004776   0x0000006c   Code   RO        10242    i.prvCopyDataToQueue  queue.o
    0x080047e2   0x080047e2   0x00000002   PAD
    0x080047e4   0x080047e4   0x00000068   Code   RO        10678    i.prvCreateIdleTasks  tasks.o
    0x0800484c   0x0800484c   0x000000d0   Code   RO         9222    i.prvEMACHandlerTask  networkinterface.o
    0x0800491c   0x0800491c   0x00000018   Code   RO          478    i.prvEventCallback  plaintextmqtt.o
    0x08004934   0x08004934   0x00000088   Code   RO         4934    i.prvFindCacheEntry  freertos_arp.o
    0x080049bc   0x080049bc   0x00000084   Code   RO         6575    i.prvGetCacheIPEntry  freertos_dns_cache.o
    0x08004a40   0x08004a40   0x0000003c   Code   RO         9225    i.prvGetMacHashIndex  networkinterface.o
    0x08004a7c   0x08004a7c   0x00000122   Code   RO         8161    i.prvHandleEstablished  freertos_tcp_state_handling.o
    0x08004b9e   0x08004b9e   0x00000102   Code   RO         8267    i.prvHandleListen_IPV4  freertos_tcp_state_handling_ipv4.o
    0x08004ca0   0x08004ca0   0x000000f6   Code   RO         8163    i.prvHandleSynReceived  freertos_tcp_state_handling.o
    0x08004d96   0x08004d96   0x00000038   Code   RO         6854    i.prvIPTimerCheck   freertos_ip_timers.o
    0x08004dce   0x08004dce   0x00000006   Code   RO         6855    i.prvIPTimerReload  freertos_ip_timers.o
    0x08004dd4   0x08004dd4   0x00000026   Code   RO         6856    i.prvIPTimerStart   freertos_ip_timers.o
    0x08004dfa   0x08004dfa   0x00000002   PAD
    0x08004dfc   0x08004dfc   0x00000070   Code   RO         9227    i.prvInitMacAddresses  networkinterface.o
    0x08004e6c   0x08004e6c   0x00000016   Code   RO        10243    i.prvInitialiseMutex  queue.o
    0x08004e82   0x08004e82   0x00000002   PAD
    0x08004e84   0x08004e84   0x00000022   Code   RO        10244    i.prvInitialiseNewQueue  queue.o
    0x08004ea6   0x08004ea6   0x00000002   PAD
    0x08004ea8   0x08004ea8   0x0000004c   Code   RO        11296    i.prvInsertBlockIntoFreeList  heap_4.o
    0x08004ef4   0x08004ef4   0x0000003c   Code   RO        11103    i.prvInsertTimerInActiveList  timers.o
    0x08004f30   0x08004f30   0x0000022c   Code   RO          485    i.prvMQTTSubscribeWithBackoffRetries  plaintextmqtt.o
    0x0800515c   0x0800515c   0x00000068   Code   RO         9229    i.prvMacUpdateConfig  networkinterface.o
    0x080051c4   0x080051c4   0x00000084   Code   RO         9231    i.prvNetworkInterfaceInput  networkinterface.o
    0x08005248   0x08005248   0x000000e0   Code   RO         9232    i.prvNetworkInterfaceOutput  networkinterface.o
    0x08005328   0x08005328   0x00000014   Code   RO         7031    i.prvPacketBuffer_to_NetworkBuffer  freertos_ip_utils.o
    0x0800533c   0x0800533c   0x0000001c   Code   RO         9233    i.prvPhyReadReg     networkinterface.o
    0x08005358   0x08005358   0x00000094   Code   RO         5338    i.prvProcessEthernetPacket  freertos_ip.o
    0x080053ec   0x080053ec   0x00000134   Code   RO         5339    i.prvProcessIPEventsAndTimers  freertos_ip.o
    0x08005520   0x08005520   0x000000bc   Code   RO         5340    i.prvProcessIPPacket  freertos_ip.o
    0x080055dc   0x080055dc   0x0000008e   Code   RO         7032    i.prvProcessNetworkDownEvent  freertos_ip_utils.o
    0x0800566a   0x0800566a   0x00000084   Code   RO         5341    i.prvProcessUDPPacket  freertos_ip.o
    0x080056ee   0x080056ee   0x0000009e   Code   RO         5662    i.prvRecvFromWaitForPacket  freertos_sockets.o
    0x0800578c   0x0800578c   0x00000030   Code   RO         9236    i.prvReleaseTxPacket  networkinterface.o
    0x080057bc   0x080057bc   0x00000028   Code   RO        11107    i.prvReloadTimer    timers.o
    0x080057e4   0x080057e4   0x00000024   Code   RO         9237    i.prvRemoveAllowedMACAddress  networkinterface.o
    0x08005808   0x08005808   0x00000060   Code   RO         9239    i.prvRemoveDestMACAddrMatch  networkinterface.o
    0x08005868   0x08005868   0x0000001c   Code   RO        10683    i.prvResetNextTaskUnblockTime  tasks.o
    0x08005884   0x08005884   0x00000048   Code   RO        11108    i.prvSampleTimeNow  timers.o
    0x080058cc   0x080058cc   0x000000c8   Code   RO         5163    i.prvSendBuffer     freertos_dns.o
    0x08005994   0x08005994   0x00000024   Code   RO         8395    i.prvSendData       freertos_tcp_transmission.o
    0x080059b8   0x080059b8   0x00000020   Code   RO         5665    i.prvSetOptionTimeout  freertos_sockets.o
    0x080059d8   0x080059d8   0x0000004c   Code   RO         8396    i.prvSetOptions     freertos_tcp_transmission.o
    0x08005a24   0x08005a24   0x00000082   Code   RO         8079    i.prvSingleStepTCPHeaderOptions  freertos_tcp_reception.o
    0x08005aa6   0x08005aa6   0x00000032   Code   RO         8398    i.prvTCPAddTxData   freertos_tcp_transmission.o
    0x08005ad8   0x08005ad8   0x00000098   Code   RO         5669    i.prvTCPCreateStream  freertos_sockets.o
    0x08005b70   0x08005b70   0x000000ac   Code   RO         8164    i.prvTCPHandleFin   freertos_tcp_state_handling.o
    0x08005c1c   0x08005c1c   0x00000086   Code   RO         6174    i.prvTCPNextTimeout  freertos_tcp_ip.o
    0x08005ca2   0x08005ca2   0x000000da   Code   RO         8550    i.prvTCPPrepareConnect_IPV4  freertos_tcp_transmission_ipv4.o
    0x08005d7c   0x08005d7c   0x000001c4   Code   RO         8401    i.prvTCPPrepareSend  freertos_tcp_transmission.o
    0x08005f40   0x08005f40   0x00000148   Code   RO         8551    i.prvTCPReturnPacket_IPV4  freertos_tcp_transmission_ipv4.o
    0x08006088   0x08006088   0x00000060   Code   RO         5670    i.prvTCPSendCheck   freertos_sockets.o
    0x080060e8   0x080060e8   0x0000003e   Code   RO         8408    i.prvTCPSendRepeated  freertos_tcp_transmission.o
    0x08006126   0x08006126   0x0000001e   Code   RO         8410    i.prvTCPSendSpecialPacketHelper  freertos_tcp_transmission.o
    0x08006144   0x08006144   0x0000001c   Code   RO         8167    i.prvTCPSocketIsActive  freertos_tcp_state_handling.o
    0x08006160   0x08006160   0x00000048   Code   RO         8168    i.prvTCPStatusAgeCheck  freertos_tcp_state_handling.o
    0x080061a8   0x080061a8   0x00000014   Code   RO        11381    i.prvTaskExitError  port.o
    0x080061bc   0x080061bc   0x00000024   Code   RO        11109    i.prvTimerTask      timers.o
    0x080061e0   0x080061e0   0x0000006a   Code   RO        10246    i.prvUnlockQueue    queue.o
    0x0800624a   0x0800624a   0x00000028   Code   RO         5673    i.prvValidSocket    freertos_sockets.o
    0x08006272   0x08006272   0x000000a4   Code   RO         7806    i.pxEasyFit         freertos_routing.o
    0x08006316   0x08006316   0x00000002   PAD
    0x08006318   0x08006318   0x00000054   Code   RO         5676    i.pxTCPSocketLookup  freertos_sockets.o
    0x0800636c   0x0800636c   0x00000018   Code   RO         5677    i.pxUDPSocketLookup  freertos_sockets.o
    0x08006384   0x08006384   0x000000b8   Code   RO         4359    i.receiveConnack    core_mqtt.o
    0x0800643c   0x0800643c   0x00000034   Code   RO         4360    i.receivePacket     core_mqtt.o
    0x08006470   0x08006470   0x000000a4   Code   RO         4361    i.receiveSingleIteration  core_mqtt.o
    0x08006514   0x08006514   0x00000074   Code   RO         4365    i.sendPublishAcks   core_mqtt.o
    0x08006588   0x08006588   0x00000090   Code   RO         4540    i.serializePublishCommon  core_mqtt_serializer.o
    0x08006618   0x08006618   0x00000004   Code   RO          630    i.ulApplicationGetNextSequenceNumber  ethernettcpip.o
    0x0800661c   0x0800661c   0x0000000e   Code   RO         7037    i.ulChar2u32        freertos_ip_utils.o
    0x0800662a   0x0800662a   0x00000020   Code   RO         8890    i.ulTCPWindowTxAck  freertos_tiny_tcp.o
    0x0800664a   0x0800664a   0x0000006a   Code   RO         4695    i.updateStatePublish  core_mqtt_state.o
    0x080066b4   0x080066b4   0x00000006   Code   RO         7038    i.usChar2u16        freertos_ip_utils.o
    0x080066ba   0x080066ba   0x00000014   Code   RO         5342    i.uxIPHeaderSizePacket  freertos_ip.o
    0x080066ce   0x080066ce   0x00000012   Code   RO        10251    i.uxQueueMessagesWaiting  queue.o
    0x080066e0   0x080066e0   0x00000012   Code   RO          631    i.uxRand            ethernettcpip.o
    0x080066f2   0x080066f2   0x00000008   Code   RO         6090    i.uxStreamBufferGetSize  freertos_stream_buffer.o
    0x080066fa   0x080066fa   0x00000008   Code   RO         6092    i.uxStreamBufferMidSpace  freertos_stream_buffer.o
    0x08006702   0x08006702   0x00000002   PAD
    0x08006704   0x08006704   0x00000078   Code   RO         4935    i.vARPAgeCache      freertos_arp.o
    0x0800677c   0x0800677c   0x00000044   Code   RO         4936    i.vARPGenerateRequestPacket  freertos_arp.o
    0x080067c0   0x080067c0   0x0000007c   Code   RO         4938    i.vARPRefreshCacheEntry  freertos_arp.o
    0x0800683c   0x0800683c   0x00000040   Code   RO         4939    i.vARPRefreshCacheEntryAge  freertos_arp.o
    0x0800687c   0x0800687c   0x0000000c   Code   RO         6857    i.vARPTimerReload   freertos_ip_timers.o
    0x08006888   0x08006888   0x00000018   Code   RO         3820    i.vApplicationGetTimerTaskMemory  cmsis_os2.o
    0x080068a0   0x080068a0   0x00000020   Code   RO          633    i.vApplicationPingReplyHook  ethernettcpip.o
    0x080068c0   0x080068c0   0x00000028   Code   RO         5344    i.vIPNetworkUpCalls  freertos_ip.o
    0x080068e8   0x080068e8   0x0000001c   Code   RO         6862    i.vIPSetARPTimerEnableState  freertos_ip_timers.o
    0x08006904   0x08006904   0x00000020   Code   RO         6865    i.vIPSetTCPTimerExpiredState  freertos_ip_timers.o
    0x08006924   0x08006924   0x0000000c   Code   RO         6866    i.vIPTimerStartARPResolution  freertos_ip_timers.o
    0x08006930   0x08006930   0x00000006   Code   RO        10192    i.vListInitialiseItem  list.o
    0x08006936   0x08006936   0x00000018   Code   RO        10194    i.vListInsertEnd    list.o
    0x0800694e   0x0800694e   0x00000014   Code   RO         9458    i.vPhyInitialise    phyhandling.o
    0x08006962   0x08006962   0x00000002   Code   RO         7041    i.vPreCheckConfigs  freertos_ip_utils.o
    0x08006964   0x08006964   0x00000012   Code   RO         6342    i.vProcessGeneratedUDPPacket  freertos_udp_ip.o
    0x08006976   0x08006976   0x00000002   PAD
    0x08006978   0x08006978   0x000000e8   Code   RO         8980    i.vProcessGeneratedUDPPacket_IPv4  freertos_udp_ipv4.o
    0x08006a60   0x08006a60   0x0000000e   Code   RO        10254    i.vQueueDelete      queue.o
    0x08006a6e   0x08006a6e   0x00000044   Code   RO        10256    i.vQueueWaitForMessageRestricted  queue.o
    0x08006ab2   0x08006ab2   0x0000000c   Code   RO         9123    i.vReleaseNetworkBuffer  bufferallocation_2.o
    0x08006abe   0x08006abe   0x000000b4   Code   RO         5345    i.vReturnEthernetFrame  freertos_ip.o
    0x08006b72   0x08006b72   0x00000002   PAD
    0x08006b74   0x08006b74   0x0000000c   Code   RO         6868    i.vSetAllNetworksUp  freertos_ip_timers.o
    0x08006b80   0x08006b80   0x0000001e   Code   RO         7417    i.vSetMultiCastIPv4MacAddress  freertos_ipv4_utils.o
    0x08006b9e   0x08006b9e   0x00000002   PAD
    0x08006ba0   0x08006ba0   0x000000bc   Code   RO         5680    i.vSocketBind       freertos_sockets.o
    0x08006c5c   0x08006c5c   0x00000090   Code   RO         5683    i.vSocketSelectTCP  freertos_sockets.o
    0x08006cec   0x08006cec   0x00000034   Code   RO         5684    i.vSocketWakeUpUser  freertos_sockets.o
    0x08006d20   0x08006d20   0x00000090   Code   RO          486    i.vStartSimpleMQTTDemo  plaintextmqtt.o
    0x08006db0   0x08006db0   0x0000000c   Code   RO         6094    i.vStreamBufferClear  freertos_stream_buffer.o
    0x08006dbc   0x08006dbc   0x00000022   Code   RO         6095    i.vStreamBufferMoveMid  freertos_stream_buffer.o
    0x08006dde   0x08006dde   0x00000002   PAD
    0x08006de0   0x08006de0   0x00000030   Code   RO        10698    i.vTaskDelay        tasks.o
    0x08006e10   0x08006e10   0x00000010   Code   RO        10703    i.vTaskInternalSetTimeOutState  tasks.o
    0x08006e20   0x08006e20   0x0000000c   Code   RO        10704    i.vTaskMissedYield  tasks.o
    0x08006e2c   0x08006e2c   0x00000040   Code   RO        10706    i.vTaskPlaceOnEventListRestricted  tasks.o
    0x08006e6c   0x08006e6c   0x0000008c   Code   RO        10708    i.vTaskPriorityDisinheritAfterTimeout  tasks.o
    0x08006ef8   0x08006ef8   0x00000020   Code   RO        10714    i.vTaskSetTimeOutState  tasks.o
    0x08006f18   0x08006f18   0x00000040   Code   RO        10715    i.vTaskStartScheduler  tasks.o
    0x08006f58   0x08006f58   0x0000003e   Code   RO         4697    i.validateTransitionPublish  core_mqtt_state.o
    0x08006f96   0x08006f96   0x00000030   Code   RO         4942    i.xCheckRequiresARPResolution  freertos_arp.o
    0x08006fc6   0x08006fc6   0x0000001a   Code   RO         7809    i.xCheckRequiresResolution  freertos_routing.o
    0x08006fe0   0x08006fe0   0x00000074   Code   RO         6637    i.xDNSDoCallback    freertos_dns_callback.o
    0x08007054   0x08007054   0x00000080   Code   RO         6638    i.xDNSSetCallBack   freertos_dns_callback.o
    0x080070d4   0x080070d4   0x0000001c   Code   RO        10067    i.xEventGroupCreate  event_groups.o
    0x080070f0   0x080070f0   0x000000b0   Code   RO        10074    i.xEventGroupWaitBits  event_groups.o
    0x080071a0   0x080071a0   0x0000006c   Code   RO         9125    i.xNetworkBuffersInitialise  bufferallocation_2.o
    0x0800720c   0x0800720c   0x00000154   Code   RO         9460    i.xPhyConfigure     phyhandling.o
    0x08007360   0x08007360   0x0000004a   Code   RO         9462    i.xPhyFixedValue    phyhandling.o
    0x080073aa   0x080073aa   0x00000002   PAD
    0x080073ac   0x080073ac   0x00000040   Code   RO        11387    i.xPortStartScheduler  port.o
    0x080073ec   0x080073ec   0x00000030   Code   RO        11388    i.xPortSysTickHandler  port.o
    0x0800741c   0x0800741c   0x000000b8   Code   RO         8981    i.xProcessReceivedUDPPacket_IPv4  freertos_udp_ipv4.o
    0x080074d4   0x080074d4   0x00000028   Code   RO        10258    i.xQueueCreateCountingSemaphoreStatic  queue.o
    0x080074fc   0x080074fc   0x0000001a   Code   RO        10260    i.xQueueCreateMutexStatic  queue.o
    0x08007516   0x08007516   0x00000046   Code   RO        10261    i.xQueueGenericCreate  queue.o
    0x0800755c   0x0800755c   0x000000a0   Code   RO        10264    i.xQueueGenericReset  queue.o
    0x080075fc   0x080075fc   0x000000f8   Code   RO        10265    i.xQueueGenericSend  queue.o
    0x080076f4   0x080076f4   0x000000f0   Code   RO        10275    i.xQueueReceive     queue.o
    0x080077e4   0x080077e4   0x00000014   Code   RO         7333    i.xRecv_Update_IPv4  freertos_ipv4_sockets.o
    0x080077f8   0x080077f8   0x0000004c   Code   RO         5348    i.xSendEventStructToIPTask  freertos_ip.o
    0x08007844   0x08007844   0x00000012   Code   RO         5349    i.xSendEventToIPTask  freertos_ip.o
    0x08007856   0x08007856   0x00000012   Code   RO         7334    i.xSend_UDP_Update_IPv4  freertos_ipv4_sockets.o
    0x08007868   0x08007868   0x0000000c   Code   RO         6298    i.xSequenceLessThan  freertos_tcp_win.o
    0x08007874   0x08007874   0x00000010   Code   RO         6096    i.xStreamBufferLessThenEqual  freertos_stream_buffer.o
    0x08007884   0x08007884   0x0000003a   Code   RO         6181    i.xTCPSocketCheck   freertos_tcp_ip.o
    0x080078be   0x080078be   0x0000001a   Code   RO         6299    i.xTCPWindowCreate  freertos_tcp_win.o
    0x080078d8   0x080078d8   0x00000050   Code   RO        10720    i.xTaskCheckForTimeOut  tasks.o
    0x08007928   0x08007928   0x00000130   Code   RO        10725    i.xTaskGenericNotifyFromISR  tasks.o
    0x08007a58   0x08007a58   0x0000000c   Code   RO        10732    i.xTaskGetTickCount  tasks.o
    0x08007a64   0x08007a64   0x0000007c   Code   RO        10735    i.xTaskPriorityDisinherit  tasks.o
    0x08007ae0   0x08007ae0   0x000000cc   Code   RO        10737    i.xTaskRemoveFromEventList  tasks.o
    0x08007bac   0x08007bac   0x00000134   Code   RO        10738    i.xTaskResumeAll    tasks.o
    0x08007ce0   0x08007ce0   0x00000054   Code   RO        11119    i.xTimerCreateTimerTask  timers.o
    0x08007d34   0x08007d34   0x0000002c   Code   RO        11901    locale$$code        c_w.l(lc_numeric_c.o)
    0x08007d60   0x08007d60   0x00000062   Code   RO        12043    x$fpl$d2f           fz_wm.l(d2f.o)
    0x08007dc2   0x08007dc2   0x00000002   PAD
    0x08007dc4   0x08007dc4   0x00000010   Code   RO        12123    x$fpl$dcheck1       fz_wm.l(dcheck1.o)
    0x08007dd4   0x08007dd4   0x000002b0   Code   RO        11777    x$fpl$ddiv          fz_wm.l(ddiv.o)
    0x08008084   0x08008084   0x00000078   Code   RO        12045    x$fpl$deqf          fz_wm.l(deqf.o)
    0x080080fc   0x080080fc   0x0000005a   Code   RO        11780    x$fpl$dfixu         fz_wm.l(dfixu.o)
    0x08008156   0x08008156   0x0000009c   Code   RO        11865    x$fpl$dnaninf       fz_wm.l(dnaninf.o)
    0x080081f2   0x080081f2   0x0000000c   Code   RO        11867    x$fpl$dretinf       fz_wm.l(dretinf.o)
    0x080081fe   0x080081fe   0x0000000a   Code   RO        11909    x$fpl$fpinit        fz_wm.l(fpinit.o)
    0x08008208   0x08008208   0x0000000a   Code   RO        12066    x$fpl$fretinf       fz_wm.l(fretinf.o)
    0x08008212   0x08008212   0x00000004   Code   RO        11911    x$fpl$scanf1        fz_wm.l(scanf1.o)
    0x08008216   0x08008216   0x00000008   Code   RO        12002    x$fpl$scanf2        fz_wm.l(scanf2.o)
    0x0800821e   0x0800821e   0x00000000   Code   RO        11869    x$fpl$usenofp       fz_wm.l(usenofp.o)
    0x0800821e   0x0800821e   0x00000010   Data   RO          258    .constdata          system_stm32h7xx.o
    0x0800822e   0x0800822e   0x0000000c   Data   RO          638    .constdata          ethernettcpip.o
    0x0800823a   0x0800823a   0x00000002   PAD
    0x0800823c   0x0800823c   0x00000018   Data   RO         4542    .constdata          core_mqtt_serializer.o
    0x08008254   0x08008254   0x00000010   Data   RO         4777    .constdata          sockets_wrapper.o
    0x08008264   0x08008264   0x00000006   Data   RO         5167    .constdata          freertos_dns.o
    0x0800826a   0x0800826a   0x00000006   Data   RO         5169    .constdata          freertos_dns.o
    0x08008270   0x08008270   0x00000010   Data   RO         5351    .constdata          freertos_ip.o
    0x08008280   0x08008280   0x00000004   Data   RO         9127    .constdata          bufferallocation_2.o
    0x08008284   0x08008284   0x00000094   Data   RO        11964    .constdata          c_w.l(bigflt0.o)
    0x08008318   0x08008318   0x00000235   Data   RO          490    .conststring        plaintextmqtt.o
    0x0800854d   0x0800854d   0x00000003   PAD
    0x08008550   0x08008550   0x000000f3   Data   RO         4543    .conststring        core_mqtt_serializer.o
    0x08008643   0x08008643   0x00000001   PAD
    0x08008644   0x08008644   0x0000009f   Data   RO         4778    .conststring        sockets_wrapper.o
    0x080086e3   0x080086e3   0x00000001   PAD
    0x080086e4   0x080086e4   0x00000020   Data   RO        12129    Region$$Table       anon$$obj.o
    0x08008704   0x08008704   0x0000001c   Data   RO        11900    locale$$data        c_w.l(lc_numeric_c.o)
    0x08008720   0x08008720   0x00000110   Data   RO        11924    locale$$data        c_w.l(lc_ctype_c.o)


    Execution Region RW_IRAM1 (Exec base: 0x20000000, Load base: 0x08008830, Size: 0x00000000, Max: 0x00020000, ABSOLUTE)

    **** No section assigned to this execution region ****


    Execution Region RW_IRAM2 (Exec base: 0x24000000, Load base: 0x08008830, Size: 0x00010f90, Max: 0x00080000, ABSOLUTE, COMPRESSED[0x00000040])

    Exec Addr    Load Addr    Size         Type   Attr      Idx    E Section Name        Object

    0x24000000   COMPRESSED   0x00000060   Data   RW         9244    .RxDescripSection   networkinterface.o
    0x24000060   COMPRESSED   0x00000060   Data   RW         9245    .TxDescripSection   networkinterface.o
    0x240000c0   COMPRESSED   0x00000008   Data   RW          259    .data               system_stm32h7xx.o
    0x240000c8   COMPRESSED   0x00000001   Data   RW          302    .data               main.o
    0x240000c9   COMPRESSED   0x00000003   PAD
    0x240000cc   COMPRESSED   0x0000001c   Data   RW          393    .data               messagepass.o
    0x240000e8   COMPRESSED   0x0000000a   Data   RW          394    .data               messagepass.o
    0x240000f2   COMPRESSED   0x00000002   PAD
    0x240000f4   COMPRESSED   0x00000020   Data   RW          491    .data               plaintextmqtt.o
    0x24000114   COMPRESSED   0x0000000e   Data   RW          639    .data               ethernettcpip.o
    0x24000122   COMPRESSED   0x00000002   PAD
    0x24000124   COMPRESSED   0x0000000c   Data   RW          837    .data               stm32h7xx_hal.o
    0x24000130   COMPRESSED   0x00000014   Data   RW         4946    .data               freertos_arp.o
    0x24000144   COMPRESSED   0x00000001   Data   RW         5172    .data               freertos_dns.o
    0x24000145   COMPRESSED   0x00000003   PAD
    0x24000148   COMPRESSED   0x00000018   Data   RW         5352    .data               freertos_ip.o
    0x24000160   COMPRESSED   0x00000002   Data   RW         5353    .data               freertos_ip.o
    0x24000162   COMPRESSED   0x00000002   PAD
    0x24000164   COMPRESSED   0x00000004   Data   RW         5690    .data               freertos_sockets.o
    0x24000168   COMPRESSED   0x00000008   Data   RW         6182    .data               freertos_tcp_ip.o
    0x24000170   COMPRESSED   0x00000004   Data   RW         6578    .data               freertos_dns_cache.o
    0x24000174   COMPRESSED   0x00000004   Data   RW         6872    .data               freertos_ip_timers.o
    0x24000178   COMPRESSED   0x00000008   Data   RW         7810    .data               freertos_routing.o
    0x24000180   COMPRESSED   0x00000008   Data   RW         9128    .data               bufferallocation_2.o
    0x24000188   COMPRESSED   0x00000028   Data   RW         9248    .data               networkinterface.o
    0x240001b0   COMPRESSED   0x00000040   Data   RW        10741    .data               tasks.o
    0x240001f0   COMPRESSED   0x00000014   Data   RW        11131    .data               timers.o
    0x24000204   COMPRESSED   0x0000001c   Data   RW        11307    .data               heap_4.o
    0x24000220   COMPRESSED   0x00000004   Data   RW        11389    .data               port.o
    0x24000224   COMPRESSED   0x0000000c   Data   RW        11476    .data               commandframe.o
    0x24000230   COMPRESSED   0x00000008   Data   RW        11571    .data               commandframe_1.o
    0x24000238        -       0x0000004c   Zero   RW          301    .bss                main.o
    0x24000284        -       0x00000c8c   Zero   RW          390    .bss                messagepass.o
    0x24000f10        -       0x0000003d   Zero   RW          391    .bss                messagepass.o
    0x24000f4d        -       0x0000003d   Zero   RW          392    .bss                messagepass.o
    0x24000f8a   COMPRESSED   0x00000002   PAD
    0x24000f8c        -       0x0000009c   Zero   RW          487    .bss                plaintextmqtt.o
    0x24001028        -       0x000001f4   Zero   RW          488    .bss                plaintextmqtt.o
    0x2400121c        -       0x00000032   Zero   RW          637    .bss                ethernettcpip.o
    0x2400124e   COMPRESSED   0x00000002   PAD
    0x24001250        -       0x00000394   Zero   RW         3689    .bss                clib_arm.o
    0x240015e4        -       0x000003f8   Zero   RW         3822    .bss                cmsis_os2.o
    0x240019dc        -       0x00000060   Zero   RW         4944    .bss                freertos_arp.o
    0x24001a3c        -       0x00000c68   Zero   RW         5350    .bss                freertos_ip.o
    0x240026a4        -       0x00000028   Zero   RW         5688    .bss                freertos_sockets.o
    0x240026cc        -       0x000000b0   Zero   RW         6577    .bss                freertos_dns_cache.o
    0x2400277c        -       0x00000014   Zero   RW         6639    .bss                freertos_dns_callback.o
    0x24002790        -       0x00000064   Zero   RW         6871    .bss                freertos_ip_timers.o
    0x240027f4        -       0x000007a8   Zero   RW         9126    .bss                bufferallocation_2.o
    0x24002f9c        -       0x00000a40   Zero   RW         9246    .bss                networkinterface.o
    0x240039dc        -       0x000004c4   Zero   RW        10740    .bss                tasks.o
    0x24003ea0        -       0x000000c8   Zero   RW        11130    .bss                timers.o
    0x24003f68        -       0x0000c800   Zero   RW        11306    .bss                heap_4.o
    0x24010768        -       0x000000e4   Zero   RW        11616    .bss                driver_i2c.o
    0x2401084c        -       0x000000e4   Zero   RW        11739    .bss                c_w.l(rand.o)
    0x24010930        -       0x00000060   Zero   RW        11950    .bss                c_w.l(libspace.o)
    0x24010990        -       0x00000200   Zero   RW            2    HEAP                startup_stm32h743xx.o
    0x24010b90        -       0x00000400   Zero   RW            1    STACK               startup_stm32h743xx.o



  Load Region LR_IROM2 (Base: 0x08100000, Size: 0x00008714, Max: 0x00080000, ABSOLUTE)

    Execution Region ER_IROM2 (Exec base: 0x08100000, Load base: 0x08100000, Size: 0x00008714, Max: 0x00080000, ABSOLUTE)

    Exec Addr    Load Addr    Size         Type   Attr      Idx    E Section Name        Object

    0x08100000   0x08100000   0x00000002   Code   RO        11944    .ARM.Collect$$libinit$$00000000  c_w.l(libinit.o)
    0x08100002   0x08100002   0x00000004   Code   RO        11820    .ARM.Collect$$libinit$$00000001  c_w.l(libinit2.o)
    0x08100006   0x08100006   0x00000000   Code   RO        11823    .ARM.Collect$$libinit$$00000004  c_w.l(libinit2.o)
    0x08100006   0x08100006   0x00000000   Code   RO        11826    .ARM.Collect$$libinit$$0000000A  c_w.l(libinit2.o)
    0x08100006   0x08100006   0x00000000   Code   RO        11828    .ARM.Collect$$libinit$$0000000C  c_w.l(libinit2.o)
    0x08100006   0x08100006   0x00000004   Code   RO        11829    .ARM.Collect$$libinit$$0000000D  c_w.l(libinit2.o)
    0x0810000a   0x0810000a   0x00000000   Code   RO        11830    .ARM.Collect$$libinit$$0000000E  c_w.l(libinit2.o)
    0x0810000a   0x0810000a   0x00000006   Code   RO        11831    .ARM.Collect$$libinit$$0000000F  c_w.l(libinit2.o)
    0x08100010   0x08100010   0x00000000   Code   RO        11833    .ARM.Collect$$libinit$$00000011  c_w.l(libinit2.o)
    0x08100010   0x08100010   0x0000000c   Code   RO        11834    .ARM.Collect$$libinit$$00000012  c_w.l(libinit2.o)
    0x0810001c   0x0810001c   0x00000000   Code   RO        11835    .ARM.Collect$$libinit$$00000013  c_w.l(libinit2.o)
    0x0810001c   0x0810001c   0x00000000   Code   RO        11837    .ARM.Collect$$libinit$$00000015  c_w.l(libinit2.o)
    0x0810001c   0x0810001c   0x0000000a   Code   RO        11838    .ARM.Collect$$libinit$$00000016  c_w.l(libinit2.o)
    0x08100026   0x08100026   0x00000000   Code   RO        11839    .ARM.Collect$$libinit$$00000017  c_w.l(libinit2.o)
    0x08100026   0x08100026   0x00000000   Code   RO        11841    .ARM.Collect$$libinit$$00000019  c_w.l(libinit2.o)
    0x08100026   0x08100026   0x00000000   Code   RO        11843    .ARM.Collect$$libinit$$0000001B  c_w.l(libinit2.o)
    0x08100026   0x08100026   0x00000000   Code   RO        11845    .ARM.Collect$$libinit$$0000001D  c_w.l(libinit2.o)
    0x08100026   0x08100026   0x00000000   Code   RO        11847    .ARM.Collect$$libinit$$0000001F  c_w.l(libinit2.o)
    0x08100026   0x08100026   0x00000000   Code   RO        11849    .ARM.Collect$$libinit$$00000021  c_w.l(libinit2.o)
    0x08100026   0x08100026   0x00000000   Code   RO        11851    .ARM.Collect$$libinit$$00000023  c_w.l(libinit2.o)
    0x08100026   0x08100026   0x00000000   Code   RO        11853    .ARM.Collect$$libinit$$00000025  c_w.l(libinit2.o)
    0x08100026   0x08100026   0x00000000   Code   RO        11857    .ARM.Collect$$libinit$$0000002C  c_w.l(libinit2.o)
    0x08100026   0x08100026   0x00000000   Code   RO        11859    .ARM.Collect$$libinit$$0000002E  c_w.l(libinit2.o)
    0x08100026   0x08100026   0x00000000   Code   RO        11861    .ARM.Collect$$libinit$$00000030  c_w.l(libinit2.o)
    0x08100026   0x08100026   0x00000000   Code   RO        11863    .ARM.Collect$$libinit$$00000032  c_w.l(libinit2.o)
    0x08100026   0x08100026   0x00000002   Code   RO        11864    .ARM.Collect$$libinit$$00000033  c_w.l(libinit2.o)
    0x08100028   0x08100028   0x00000002   Code   RO        12061    .ARM.Collect$$libshutdown$$00000000  c_w.l(libshutdown.o)
    0x0810002a   0x0810002a   0x00000000   Code   RO        12085    .ARM.Collect$$libshutdown$$00000002  c_w.l(libshutdown2.o)
    0x0810002a   0x0810002a   0x00000000   Code   RO        12087    .ARM.Collect$$libshutdown$$00000004  c_w.l(libshutdown2.o)
    0x0810002a   0x0810002a   0x00000000   Code   RO        12090    .ARM.Collect$$libshutdown$$00000007  c_w.l(libshutdown2.o)
    0x0810002a   0x0810002a   0x00000000   Code   RO        12093    .ARM.Collect$$libshutdown$$0000000A  c_w.l(libshutdown2.o)
    0x0810002a   0x0810002a   0x00000000   Code   RO        12095    .ARM.Collect$$libshutdown$$0000000C  c_w.l(libshutdown2.o)
    0x0810002a   0x0810002a   0x00000000   Code   RO        12098    .ARM.Collect$$libshutdown$$0000000F  c_w.l(libshutdown2.o)
    0x0810002a   0x0810002a   0x00000002   Code   RO        12099    .ARM.Collect$$libshutdown$$00000010  c_w.l(libshutdown2.o)
    0x0810002c   0x0810002c   0x00000002   Code   RO        11952    .ARM.Collect$$rtexit$$00000000  c_w.l(rtexit.o)
    0x0810002e   0x0810002e   0x00000000   Code   RO        12017    .ARM.Collect$$rtexit$$00000002  c_w.l(rtexit2.o)
    0x0810002e   0x0810002e   0x00000004   Code   RO        12018    .ARM.Collect$$rtexit$$00000003  c_w.l(rtexit2.o)
    0x08100032   0x08100032   0x00000006   Code   RO        12019    .ARM.Collect$$rtexit$$00000004  c_w.l(rtexit2.o)
    0x08100038   0x08100038   0x00000034   Code   RO        11737    .emb_text           c_w.l(rand.o)
    0x0810006c   0x0810006c   0x00000028   Code   RO        11703    .text               c_w.l(noretval__2sprintf.o)
    0x08100094   0x08100094   0x00000078   Code   RO        11711    .text               c_w.l(_printf_dec.o)
    0x0810010c   0x0810010c   0x0000003c   Code   RO        11738    .text               c_w.l(rand.o)
    0x08100148   0x08100148   0x00000016   Code   RO        11742    .text               c_w.l(abort.o)
    0x0810015e   0x0810015e   0x0000003e   Code   RO        11752    .text               c_w.l(strlen.o)
    0x0810019c   0x0810019c   0x00000096   Code   RO        11754    .text               c_w.l(strncmp.o)
    0x08100232   0x08100232   0x0000008a   Code   RO        11756    .text               c_w.l(rt_memcpy_v6.o)
    0x081002bc   0x081002bc   0x00000084   Code   RO        11758    .text               c_w.l(rt_memmove_v6.o)
    0x08100340   0x08100340   0x00000010   Code   RO        11762    .text               c_w.l(aeabi_memset.o)
    0x08100350   0x08100350   0x00000068   Code   RO        11770    .text               c_w.l(strcmpv7m_pel.o)
    0x081003b8   0x081003b8   0x00000006   Code   RO        11772    .text               c_w.l(heapauxi.o)
    0x081003be   0x081003be   0x0000001a   Code   RO        11799    .text               c_w.l(tolower.o)
    0x081003d8   0x081003d8   0x000000b2   Code   RO        11801    .text               c_w.l(_printf_intcommon.o)
    0x0810048a   0x0810048a   0x00000002   PAD
    0x0810048c   0x0810048c   0x00000030   Code   RO        11803    .text               c_w.l(_printf_char_common.o)
    0x081004bc   0x081004bc   0x0000002c   Code   RO        11809    .text               c_w.l(_printf_char.o)
    0x081004e8   0x081004e8   0x00000010   Code   RO        11888    .text               c_w.l(rt_ctype_table.o)
    0x081004f8   0x081004f8   0x00000012   Code   RO        11894    .text               c_w.l(isspace.o)
    0x0810050a   0x0810050a   0x00000040   Code   RO        11898    .text               c_w.l(_sgetc.o)
    0x0810054a   0x0810054a   0x0000000a   Code   RO        11903    .text               c_w.l(defsig_exit.o)
    0x08100554   0x08100554   0x0000004a   Code   RO        11913    .text               c_w.l(sys_stackheap_outer.o)
    0x0810059e   0x0810059e   0x0000000a   Code   RO        11920    .text               c_w.l(rt_locale_twolibspace.o)
    0x081005a8   0x081005a8   0x0000000e   Code   RO        11945    .text               c_w.l(sys_wrch.o)
    0x081005b6   0x081005b6   0x00000002   PAD
    0x081005b8   0x081005b8   0x00000008   Code   RO        11949    .text               c_w.l(libspace.o)
    0x081005c0   0x081005c0   0x00000004   Code   RO        11959    .text               c_w.l(rt_errno_addr_twolibspace.o)
    0x081005c4   0x081005c4   0x000000e4   Code   RO        11963    .text               c_w.l(bigflt0.o)
    0x081006a8   0x081006a8   0x00000320   Code   RO        12025    .text               c_w.l(scanf_hexfp.o)
    0x081009c8   0x081009c8   0x00000026   Code   RO        12055    .text               c_w.l(llshl.o)
    0x081009ee   0x081009ee   0x0000001c   Code   RO        12057    .text               c_w.l(_chval.o)
    0x08100a0a   0x08100a0a   0x000000dc   Code   RO        11973    CL$$btod_e2e        c_w.l(btod.o)
    0x08100ae6   0x08100ae6   0x0000002a   Code   RO        11969    CL$$btod_emul       c_w.l(btod.o)
    0x08100b10   0x08100b10   0x0000002a   Code   RO        11971    CL$$btod_emuld      c_w.l(btod.o)
    0x08100b3a   0x08100b3a   0x00000244   Code   RO        11975    CL$$btod_mult_common  c_w.l(btod.o)
    0x08100d7e   0x08100d7e   0x00000002   PAD
    0x08100d80   0x08100d80   0x00000004   Ven    RO        12139    Veneer$$Code        anon$$obj.o
    0x08100d84   0x08100d84   0x00000004   Ven    RO        12140    Veneer$$Code        anon$$obj.o
    0x08100d88   0x08100d88   0x00000004   Ven    RO        12141    Veneer$$Code        anon$$obj.o
    0x08100d8c   0x08100d8c   0x00000004   Ven    RO        12142    Veneer$$Code        anon$$obj.o
    0x08100d90   0x08100d90   0x00000044   Code   RO         4904    i.BackoffAlgorithm_GetNextBackoff  backoff_algorithm.o
    0x08100dd4   0x08100dd4   0x0000000e   Code   RO          384    i.BuffClear         messagepass.o
    0x08100de2   0x08100de2   0x0000000c   Code   RO        11568    i.CommandCellClear  commandframe_1.o
    0x08100dee   0x08100dee   0x00000002   PAD
    0x08100df0   0x08100df0   0x00000080   Code   RO        11463    i.CommandSearch     commandframe.o
    0x08100e70   0x08100e70   0x000000e8   Code   RO          293    i.ControlHardAddress  main.o
    0x08100f58   0x08100f58   0x00000042   Code   RO         6685    i.DNS_CreateSocket  freertos_dns_networking.o
    0x08100f9a   0x08100f9a   0x00000074   Code   RO         6736    i.DNS_ReadNameField  freertos_dns_parser.o
    0x0810100e   0x0810100e   0x00000022   Code   RO         6687    i.DNS_SendRequest   freertos_dns_networking.o
    0x08101030   0x08101030   0x00000068   Code   RO        11612    i.Driver_I2C_MasterWriteData  driver_i2c.o
    0x08101098   0x08101098   0x00000360   Code   RO         9561    i.ETH_Prepare_Tx_Descriptors  stm32h7xx_hal_eth.o
    0x081013f8   0x081013f8   0x000001a8   Code   RO         9563    i.ETH_SetMACConfig  stm32h7xx_hal_eth.o
    0x081015a0   0x081015a0   0x0000002c   Code   RO         5310    i.FreeRTOS_AllEndPointsUp  freertos_ip.o
    0x081015cc   0x081015cc   0x000000ac   Code   RO         7795    i.FreeRTOS_FillEndPoint  freertos_routing.o
    0x08101678   0x08101678   0x00000020   Code   RO         7796    i.FreeRTOS_FindEndPointOnIP_IPv4  freertos_routing.o
    0x08101698   0x08101698   0x00000034   Code   RO         7797    i.FreeRTOS_FindEndPointOnMAC  freertos_routing.o
    0x081016cc   0x081016cc   0x00000024   Code   RO         5311    i.FreeRTOS_GetAddressConfiguration  freertos_ip.o
    0x081016f0   0x081016f0   0x00000038   Code   RO         5321    i.FreeRTOS_IPInit   freertos_ip.o
    0x08101728   0x08101728   0x00000074   Code   RO         5322    i.FreeRTOS_IPInit_Multi  freertos_ip.o
    0x0810179c   0x0810179c   0x00000030   Code   RO         7802    i.FreeRTOS_InterfaceEndPointOnNetMask  freertos_routing.o
    0x081017cc   0x081017cc   0x00000012   Code   RO         5323    i.FreeRTOS_IsEndPointUp  freertos_ip.o
    0x081017de   0x081017de   0x0000001e   Code   RO         7804    i.FreeRTOS_NextEndPoint  freertos_routing.o
    0x081017fc   0x081017fc   0x00000008   Code   RO         7805    i.FreeRTOS_NextNetworkInterface  freertos_routing.o
    0x08101804   0x08101804   0x00000018   Code   RO         4929    i.FreeRTOS_OutputARPRequest  freertos_arp.o
    0x0810181c   0x0810181c   0x000000a0   Code   RO         5632    i.FreeRTOS_bind     freertos_sockets.o
    0x081018bc   0x081018bc   0x00000028   Code   RO         5633    i.FreeRTOS_closesocket  freertos_sockets.o
    0x081018e4   0x081018e4   0x00000084   Code   RO         5634    i.FreeRTOS_connect  freertos_sockets.o
    0x08101968   0x08101968   0x00000010   Code   RO         6571    i.FreeRTOS_dns_update  freertos_dns_cache.o
    0x08101978   0x08101978   0x00000014   Code   RO         5153    i.FreeRTOS_freeaddrinfo  freertos_dns.o
    0x0810198c   0x0810198c   0x0000000a   Code   RO         5156    i.FreeRTOS_gethostbyname  freertos_dns.o
    0x08101996   0x08101996   0x00000014   Code   RO         5639    i.FreeRTOS_inet_addr  freertos_sockets.o
    0x081019aa   0x081019aa   0x00000002   PAD
    0x081019ac   0x081019ac   0x00000082   Code   RO         7332    i.FreeRTOS_inet_pton4  freertos_ipv4_sockets.o
    0x08101a2e   0x08101a2e   0x00000022   Code   RO         5643    i.FreeRTOS_issocketconnected  freertos_sockets.o
    0x08101a50   0x08101a50   0x00000008   Code   RO         7023    i.FreeRTOS_min_int32  freertos_ip_utils.o
    0x08101a58   0x08101a58   0x00000008   Code   RO         7025    i.FreeRTOS_min_uint32  freertos_ip_utils.o
    0x08101a60   0x08101a60   0x000000b4   Code   RO         5648    i.FreeRTOS_recv     freertos_sockets.o
    0x08101b14   0x08101b14   0x0000009e   Code   RO         5649    i.FreeRTOS_recvfrom  freertos_sockets.o
    0x08101bb2   0x08101bb2   0x0000003c   Code   RO         5652    i.FreeRTOS_send     freertos_sockets.o
    0x08101bee   0x08101bee   0x000000dc   Code   RO         5656    i.FreeRTOS_socket   freertos_sockets.o
    0x08101cca   0x08101cca   0x0000001a   Code   RO         5657    i.FreeRTOS_tx_size  freertos_sockets.o
    0x08101ce4   0x08101ce4   0x00000020   Code   RO         5658    i.FreeRTOS_tx_space  freertos_sockets.o
    0x08101d04   0x08101d04   0x0000001c   Code   RO        11569    i.GetIdleCommandInfoCell  commandframe_1.o
    0x08101d20   0x08101d20   0x0000001c   Code   RO           13    i.HAL_DelayMs       stm32h7xx_hal_msp.o
    0x08101d3c   0x08101d3c   0x0000000c   Code   RO         9904    i.HAL_ETHEx_EnableL3L4Filtering  stm32h7xx_hal_eth_ex.o
    0x08101d48   0x08101d48   0x000000a6   Code   RO         9908    i.HAL_ETHEx_GetL3FilterConfig  stm32h7xx_hal_eth_ex.o
    0x08101dee   0x08101dee   0x000000c6   Code   RO         9914    i.HAL_ETHEx_SetL3FilterConfig  stm32h7xx_hal_eth_ex.o
    0x08101eb4   0x08101eb4   0x00000002   Code   RO         9566    i.HAL_ETH_EEECallback  stm32h7xx_hal_eth.o
    0x08101eb6   0x08101eb6   0x000001cc   Code   RO         9573    i.HAL_ETH_GetMACConfig  stm32h7xx_hal_eth.o
    0x08102082   0x08102082   0x0000007a   Code   RO         9575    i.HAL_ETH_GetMACFilterConfig  stm32h7xx_hal_eth.o
    0x081020fc   0x081020fc   0x0000000c   Code   RO         9577    i.HAL_ETH_GetRxDataErrorCode  stm32h7xx_hal_eth.o
    0x08102108   0x08102108   0x00000130   Code   RO         9579    i.HAL_ETH_IRQHandler  stm32h7xx_hal_eth.o
    0x08102238   0x08102238   0x000001cc   Code   RO         9580    i.HAL_ETH_Init      stm32h7xx_hal_eth.o
    0x08102404   0x08102404   0x0000011c   Code   RO           15    i.HAL_ETH_MspInit   stm32h7xx_hal_msp.o
    0x08102520   0x08102520   0x00000064   Code   RO         9585    i.HAL_ETH_ReadPHYRegister  stm32h7xx_hal_eth.o
    0x08102584   0x08102584   0x00000034   Code   RO         9215    i.HAL_ETH_RxCpltCallback  networkinterface.o
    0x081025b8   0x081025b8   0x00000018   Code   RO         9593    i.HAL_ETH_SetDMAConfig  stm32h7xx_hal_eth.o
    0x081025d0   0x081025d0   0x00000060   Code   RO         9596    i.HAL_ETH_SetMACFilterConfig  stm32h7xx_hal_eth.o
    0x08102630   0x08102630   0x00000068   Code   RO         9597    i.HAL_ETH_SetMDIOClockRange  stm32h7xx_hal_eth.o
    0x08102698   0x08102698   0x00000098   Code   RO         9602    i.HAL_ETH_Start_IT  stm32h7xx_hal_eth.o
    0x08102730   0x08102730   0x00000092   Code   RO         9604    i.HAL_ETH_Stop_IT   stm32h7xx_hal_eth.o
    0x081027c2   0x081027c2   0x00000002   PAD
    0x081027c4   0x081027c4   0x0000001c   Code   RO         9218    i.HAL_ETH_TxFreeCallback  networkinterface.o
    0x081027e0   0x081027e0   0x00000002   Code   RO         9612    i.HAL_ETH_WakeUpCallback  stm32h7xx_hal_eth.o
    0x081027e2   0x081027e2   0x00000002   PAD
    0x081027e4   0x081027e4   0x00000230   Code   RO         1245    i.HAL_GPIO_Init     stm32h7xx_hal_gpio.o
    0x08102a14   0x08102a14   0x0000000c   Code   RO          807    i.HAL_GetREVID      stm32h7xx_hal.o
    0x08102a20   0x08102a20   0x00000058   Code   RO         2434    i.HAL_I2CEx_ConfigAnalogFilter  stm32h7xx_hal_i2c_ex.o
    0x08102a78   0x08102a78   0x000000b8   Code   RO         1983    i.HAL_I2C_Init      stm32h7xx_hal_i2c.o
    0x08102b30   0x08102b30   0x00000002   Code   RO         2007    i.HAL_I2C_MspDeInit  stm32h7xx_hal_i2c.o
    0x08102b32   0x08102b32   0x00000002   PAD
    0x08102b34   0x08102b34   0x00000134   Code   RO        11615    i.HAL_I2C_MspInit   driver_i2c.o
    0x08102c68   0x08102c68   0x0000005c   Code   RO         1102    i.HAL_MPU_ConfigRegion  stm32h7xx_hal_cortex.o
    0x08102cc4   0x08102cc4   0x0000001c   Code   RO           16    i.HAL_MspInit       stm32h7xx_hal_msp.o
    0x08102ce0   0x08102ce0   0x00000040   Code   RO         1113    i.HAL_NVIC_SetPriority  stm32h7xx_hal_cortex.o
    0x08102d20   0x08102d20   0x00000054   Code   RO         1433    i.HAL_PWREx_ConfigSupply  stm32h7xx_hal_pwr_ex.o
    0x08102d74   0x08102d74   0x0000025c   Code   RO         1687    i.HAL_RCC_ClockConfig  stm32h7xx_hal_rcc.o
    0x08102fd0   0x08102fd0   0x00000010   Code   RO         1690    i.HAL_RCC_EnableCSS  stm32h7xx_hal_rcc.o
    0x08102fe0   0x08102fe0   0x00000044   Code   RO         1692    i.HAL_RCC_GetHCLKFreq  stm32h7xx_hal_rcc.o
    0x08103024   0x08103024   0x00000138   Code   RO         1696    i.HAL_RCC_GetSysClockFreq  stm32h7xx_hal_rcc.o
    0x0810315c   0x0810315c   0x00000508   Code   RO         1699    i.HAL_RCC_OscConfig  stm32h7xx_hal_rcc.o
    0x08103664   0x08103664   0x00000026   Code   RO         1118    i.HAL_SYSTICK_Config  stm32h7xx_hal_cortex.o
    0x0810368a   0x0810368a   0x00000002   Code   RO         3391    i.HAL_TIMEx_Break2Callback  stm32h7xx_hal_tim_ex.o
    0x0810368c   0x0810368c   0x00000002   Code   RO         3393    i.HAL_TIMEx_CommutCallback  stm32h7xx_hal_tim_ex.o
    0x0810368e   0x0810368e   0x00000002   PAD
    0x08103690   0x08103690   0x0000008c   Code   RO         2682    i.HAL_TIM_Base_Start_IT  stm32h7xx_hal_tim.o
    0x0810371c   0x0810371c   0x00000002   Code   RO         2711    i.HAL_TIM_IC_CaptureCallback  stm32h7xx_hal_tim.o
    0x0810371e   0x0810371e   0x00000182   Code   RO         2725    i.HAL_TIM_IRQHandler  stm32h7xx_hal_tim.o
    0x081038a0   0x081038a0   0x00000002   Code   RO         2755    i.HAL_TIM_PWM_PulseFinishedCallback  stm32h7xx_hal_tim.o
    0x081038a2   0x081038a2   0x00000002   PAD
    0x081038a4   0x081038a4   0x00000014   Code   RO          294    i.HAL_TIM_PeriodElapsedCallback  main.o
    0x081038b8   0x081038b8   0x00000002   Code   RO          201    i.HardFault_Handler  stm32h7xx_it.o
    0x081038ba   0x081038ba   0x00000022   Code   RO         2030    i.I2C_Flush_TXDR    stm32h7xx_hal_i2c.o
    0x081038dc   0x081038dc   0x00000064   Code   RO         2042    i.I2C_RequestMemoryWrite  stm32h7xx_hal_i2c.o
    0x08103940   0x08103940   0x0000004e   Code   RO         2049    i.I2C_WaitOnSTOPFlagUntilTimeout  stm32h7xx_hal_i2c.o
    0x0810398e   0x0810398e   0x00000052   Code   RO         2050    i.I2C_WaitOnTXISFlagUntilTimeout  stm32h7xx_hal_i2c.o
    0x081039e0   0x081039e0   0x00000090   Code   RO         4513    i.MQTT_DeserializeAck  core_mqtt_serializer.o
    0x08103a70   0x08103a70   0x00000022   Code   RO         4514    i.MQTT_DeserializePublish  core_mqtt_serializer.o
    0x08103a92   0x08103a92   0x00000012   Code   RO         4518    i.MQTT_GetPingreqPacketSize  core_mqtt_serializer.o
    0x08103aa4   0x08103aa4   0x00000020   Code   RO         4519    i.MQTT_GetPublishPacketSize  core_mqtt_serializer.o
    0x08103ac4   0x08103ac4   0x00000030   Code   RO         4342    i.MQTT_GetSubAckStatusCodes  core_mqtt.o
    0x08103af4   0x08103af4   0x00000018   Code   RO         4520    i.MQTT_GetSubscribePacketSize  core_mqtt_serializer.o
    0x08103b0c   0x08103b0c   0x00000060   Code   RO         4343    i.MQTT_Init         core_mqtt.o
    0x08103b6c   0x08103b6c   0x0000004a   Code   RO         4345    i.MQTT_Ping         core_mqtt.o
    0x08103bb6   0x08103bb6   0x00000046   Code   RO         4346    i.MQTT_ProcessLoop  core_mqtt.o
    0x08103bfc   0x08103bfc   0x00000028   Code   RO         4525    i.MQTT_SerializePingreq  core_mqtt_serializer.o
    0x08103c24   0x08103c24   0x00000078   Code   RO         4527    i.MQTT_SerializePublishHeader  core_mqtt_serializer.o
    0x08103c9c   0x08103c9c   0x0000005a   Code   RO         4350    i.MQTT_Subscribe    core_mqtt.o
    0x08103cf6   0x08103cf6   0x000000f0   Code   RO         4689    i.MQTT_UpdateStateAck  core_mqtt_state.o
    0x08103de6   0x08103de6   0x00000036   Code   RO          387    i.MessageAnalyseEntry  messagepass.o
    0x08103e1c   0x08103e1c   0x000000d4   Code   RO          388    i.MessagePassInit   messagepass.o
    0x08103ef0   0x08103ef0   0x00000006   Code   RO          203    i.NMI_Handler       stm32h7xx_it.o
    0x08103ef6   0x08103ef6   0x00000002   PAD
    0x08103ef8   0x08103ef8   0x000000b8   Code   RO         4850    i.Plaintext_FreeRTOS_Connect  using_plaintext.o
    0x08103fb0   0x08103fb0   0x00000028   Code   RO         4852    i.Plaintext_FreeRTOS_recv  using_plaintext.o
    0x08103fd8   0x08103fd8   0x00000070   Code   RO         6787    i.ProcessICMPPacket  freertos_icmp.o
    0x08104048   0x08104048   0x00000140   Code   RO          256    i.SystemCoreClockUpdate  system_stm32h7xx.o
    0x08104188   0x08104188   0x00000058   Code   RO          298    i.TIM7_Init         main.o
    0x081041e0   0x081041e0   0x00000002   Code   RO          204    i.UsageFault_Handler  stm32h7xx_it.o
    0x081041e2   0x081041e2   0x00000022   Code   RO         1120    i.__NVIC_SetPriority  stm32h7xx_hal_cortex.o
    0x08104204   0x08104204   0x00000004   PAD
    0x08104208   0x08104208   0x000000f8   Code   RO        12008    i.__hardfp___mathlib_tofloat  m_wm.l(narrow.o)
    0x08104300   0x08104300   0x00000020   Code   RO        12108    i.__mathlib_dbl_underflow  m_wm.l(dunder.o)
    0x08104320   0x08104320   0x00000012   Code   RO        12009    i.__mathlib_narrow  m_wm.l(narrow.o)
    0x08104332   0x08104332   0x00000014   Code   RO        12070    i.__support_ldexp   m_wm.l(ldexp.o)
    0x08104346   0x08104346   0x0000000e   Code   RO        11723    i._is_digit         c_w.l(__printf_wp.o)
    0x08104354   0x08104354   0x0000001c   Code   RO         3683    i._mutex_acquire    clib_arm.o
    0x08104370   0x08104370   0x0000002c   Code   RO         3684    i._mutex_free       clib_arm.o
    0x0810439c   0x0810439c   0x00000054   Code   RO         3685    i._mutex_initialize  clib_arm.o
    0x081043f0   0x081043f0   0x00000064   Code   RO         4530    i.calculatePublishPacketSize  core_mqtt_serializer.o
    0x08104454   0x08104454   0x00000094   Code   RO         4931    i.eARPGetCacheEntry  freertos_arp.o
    0x081044e8   0x081044e8   0x0000006c   Code   RO         4932    i.eARPGetCacheEntryGateWay  freertos_arp.o
    0x08104554   0x08104554   0x00000098   Code   RO         5336    i.eConsiderFrameForProcessing  freertos_ip.o
    0x081045ec   0x081045ec   0x00000036   Code   RO         4692    i.findInRecord      core_mqtt_state.o
    0x08104622   0x08104622   0x00000028   Code   RO         4353    i.getAckFromPacketType  core_mqtt.o
    0x0810464a   0x0810464a   0x0000008e   Code   RO         4355    i.handleIncomingPublish  core_mqtt.o
    0x081046d8   0x081046d8   0x0000007a   Code   RO         5659    i.lTCPAddRxdata     freertos_sockets.o
    0x08104752   0x08104752   0x0000001e   Code   RO         8888    i.lTCPWindowRxCheck  freertos_tiny_tcp.o
    0x08104770   0x08104770   0x00000010   Code   RO          629    i.pcApplicationHostnameHook  ethernettcpip.o
    0x08104780   0x08104780   0x00000084   Code   RO         6739    i.prepareReplyDNSMessage  freertos_dns_parser.o
    0x08104804   0x08104804   0x0000006c   Code   RO         9219    i.prvAddAllowedMACAddress  networkinterface.o
    0x08104870   0x08104870   0x00000060   Code   RO         9221    i.prvAddDestMACAddrMatch  networkinterface.o
    0x081048d0   0x081048d0   0x000000f0   Code   RO        10676    i.prvAddNewTaskToReadyList  tasks.o
    0x081049c0   0x081049c0   0x00000134   Code   RO         7235    i.prvAllowIPPacketIPv4  freertos_ipv4.o
    0x08104af4   0x08104af4   0x00000048   Code   RO        11101    i.prvCheckForValidListAndQueue  timers.o
    0x08104b3c   0x08104b3c   0x0000007c   Code   RO         8078    i.prvCheckRxData    freertos_tcp_reception.o
    0x08104bb8   0x08104bb8   0x0000003c   Code   RO        10677    i.prvCheckTasksWaitingTermination  tasks.o
    0x08104bf4   0x08104bf4   0x00000058   Code   RO         5159    i.prvCreateDNSMessage  freertos_dns.o
    0x08104c4c   0x08104c4c   0x000000a0   Code   RO          477    i.prvCreateMQTTConnectionWithBroker  plaintextmqtt.o
    0x08104cec   0x08104cec   0x00000022   Code   RO        10679    i.prvDeleteTCB      tasks.o
    0x08104d0e   0x08104d0e   0x00000002   PAD
    0x08104d10   0x08104d10   0x00000074   Code   RO         9223    i.prvEMACTaskStart  networkinterface.o
    0x08104d84   0x08104d84   0x000000d8   Code   RO         9224    i.prvEthConfigInit  networkinterface.o
    0x08104e5c   0x08104e5c   0x000000b4   Code   RO         5160    i.prvFillSockAddress  freertos_dns.o
    0x08104f10   0x08104f10   0x000000c8   Code   RO         5161    i.prvGetHostByNameOp  freertos_dns.o
    0x08104fd8   0x08104fd8   0x00000014   Code   RO         9226    i.prvGetPhyLinkStatus  networkinterface.o
    0x08104fec   0x08104fec   0x00000014   Code   RO          479    i.prvGetTimeMs      plaintextmqtt.o
    0x08105000   0x08105000   0x00000020   Code   RO         8162    i.prvHandleListen   freertos_tcp_state_handling.o
    0x08105020   0x08105020   0x00000048   Code   RO        11295    i.prvHeapInit       heap_4.o
    0x08105068   0x08105068   0x00000048   Code   RO         5337    i.prvIPTask         freertos_ip.o
    0x081050b0   0x081050b0   0x00000006   Code   RO        10680    i.prvIdleTask       tasks.o
    0x081050b6   0x081050b6   0x00000070   Code   RO         9228    i.prvInitPacketFilter  networkinterface.o
    0x08105126   0x08105126   0x00000084   Code   RO        10681    i.prvInitialiseNewTask  tasks.o
    0x081051aa   0x081051aa   0x00000002   PAD
    0x081051ac   0x081051ac   0x00000074   Code   RO         6576    i.prvInsertCacheEntry  freertos_dns_cache.o
    0x08105220   0x08105220   0x0000001c   Code   RO        10245    i.prvIsQueueEmpty   queue.o
    0x0810523c   0x0810523c   0x000000c0   Code   RO          480    i.prvMQTTConnectTask  plaintextmqtt.o
    0x081052fc   0x081052fc   0x000000f4   Code   RO          481    i.prvMQTTProcessIncomingPublish  plaintextmqtt.o
    0x081053f0   0x081053f0   0x0000016c   Code   RO          482    i.prvMQTTProcessResponse  plaintextmqtt.o
    0x0810555c   0x0810555c   0x000000f8   Code   RO          483    i.prvMQTTPublishTask  plaintextmqtt.o
    0x08105654   0x08105654   0x00000090   Code   RO          484    i.prvMQTTSubscribeTask  plaintextmqtt.o
    0x081056e4   0x081056e4   0x000000c0   Code   RO         9230    i.prvNetworkInterfaceInitialise  networkinterface.o
    0x081057a4   0x081057a4   0x0000001c   Code   RO         9234    i.prvPhyWriteReg    networkinterface.o
    0x081057c0   0x081057c0   0x00000110   Code   RO         5162    i.prvPrepareLookup  freertos_dns.o
    0x081058d0   0x081058d0   0x00000040   Code   RO        11104    i.prvProcessExpiredTimer  timers.o
    0x08105910   0x08105910   0x000000e8   Code   RO        11105    i.prvProcessReceivedCommands  timers.o
    0x081059f8   0x081059f8   0x0000006c   Code   RO        11106    i.prvProcessTimerOrBlockTask  timers.o
    0x08105a64   0x08105a64   0x0000009c   Code   RO         5663    i.prvRecvWait       freertos_sockets.o
    0x08105b00   0x08105b00   0x00000012   Code   RO         9235    i.prvReleaseNetworkBufferDescriptor  networkinterface.o
    0x08105b12   0x08105b12   0x00000002   PAD
    0x08105b14   0x08105b14   0x00000058   Code   RO         9238    i.prvRemoveDestMACAddrHash  networkinterface.o
    0x08105b6c   0x08105b6c   0x000000dc   Code   RO         5664    i.prvSendTo_ActualSend  freertos_sockets.o
    0x08105c48   0x08105c48   0x00000016   Code   RO         8397    i.prvSetSynAckOptions  freertos_tcp_transmission.o
    0x08105c5e   0x08105c5e   0x00000068   Code   RO         5666    i.prvSocketBindAdd  freertos_sockets.o
    0x08105cc6   0x08105cc6   0x0000000e   Code   RO         8693    i.prvSocketSetMSS   freertos_tcp_utils.o
    0x08105cd4   0x08105cd4   0x0000002a   Code   RO         8760    i.prvSocketSetMSS_IPV4  freertos_tcp_utils_ipv4.o
    0x08105cfe   0x08105cfe   0x0000004c   Code   RO         5667    i.prvSockopt_so_buffer  freertos_sockets.o
    0x08105d4a   0x08105d4a   0x00000086   Code   RO         8080    i.prvStoreRxData    freertos_tcp_reception.o
    0x08105dd0   0x08105dd0   0x00000080   Code   RO         8399    i.prvTCPBufferResize  freertos_tcp_transmission.o
    0x08105e50   0x08105e50   0x000000b6   Code   RO         5668    i.prvTCPConnectStart  freertos_sockets.o
    0x08105f06   0x08105f06   0x00000028   Code   RO         8400    i.prvTCPCreateWindow  freertos_tcp_transmission.o
    0x08105f2e   0x08105f2e   0x00000154   Code   RO         8165    i.prvTCPHandleState  freertos_tcp_state_handling.o
    0x08106082   0x08106082   0x00000004   Code   RO         8402    i.prvTCPReturnPacket  freertos_tcp_transmission.o
    0x08106086   0x08106086   0x0000006c   Code   RO         8403    i.prvTCPReturn_CheckTCPWindow  freertos_tcp_transmission.o
    0x081060f2   0x081060f2   0x00000024   Code   RO         8404    i.prvTCPReturn_SetEndPoint  freertos_tcp_transmission.o
    0x08106116   0x08106116   0x00000056   Code   RO         8405    i.prvTCPReturn_SetSequenceNumber  freertos_tcp_transmission.o
    0x0810616c   0x0810616c   0x00000026   Code   RO         8406    i.prvTCPSendChallengeAck  freertos_tcp_transmission.o
    0x08106192   0x08106192   0x000000ea   Code   RO         5671    i.prvTCPSendLoop    freertos_sockets.o
    0x0810627c   0x0810627c   0x00000090   Code   RO         8407    i.prvTCPSendPacket  freertos_tcp_transmission.o
    0x0810630c   0x0810630c   0x00000006   Code   RO         8409    i.prvTCPSendReset   freertos_tcp_transmission.o
    0x08106312   0x08106312   0x00000032   Code   RO         8552    i.prvTCPSendSpecialPktHelper_IPV4  freertos_tcp_transmission_ipv4.o
    0x08106344   0x08106344   0x00000068   Code   RO         5672    i.prvTCPSetSocketCount  freertos_sockets.o
    0x081063ac   0x081063ac   0x00000096   Code   RO         8166    i.prvTCPSocketCopy  freertos_tcp_state_handling.o
    0x08106442   0x08106442   0x00000024   Code   RO         6175    i.prvTCPTouchSocket  freertos_tcp_ip.o
    0x08106466   0x08106466   0x00000018   Code   RO        10059    i.prvTestWaitCondition  event_groups.o
    0x0810647e   0x0810647e   0x00000002   PAD
    0x08106480   0x08106480   0x000000ac   Code   RO        11298    i.pvPortMalloc      heap_4.o
    0x0810652c   0x0810652c   0x00000014   Code   RO        10686    i.pvTaskIncrementMutexHeldCount  tasks.o
    0x08106540   0x08106540   0x00000044   Code   RO         7034    i.pxDuplicateNetworkBufferWithDescriptor  freertos_ip_utils.o
    0x08106584   0x08106584   0x00000004   Code   RO         9240    i.pxFillInterfaceDescriptor  networkinterface.o
    0x08106588   0x08106588   0x000000b4   Code   RO         9119    i.pxGetNetworkBufferWithDescriptor  bufferallocation_2.o
    0x0810663c   0x0810663c   0x00000030   Code   RO         5675    i.pxListFindListItemWithValue  freertos_sockets.o
    0x0810666c   0x0810666c   0x00000060   Code   RO         5164    i.pxNew_AddrInfo    freertos_dns.o
    0x081066cc   0x081066cc   0x00000006   Code   RO         7035    i.pxPacketBuffer_to_NetworkBuffer  freertos_ip_utils.o
    0x081066d2   0x081066d2   0x00000002   PAD
    0x081066d4   0x081066d4   0x00000030   Code   RO        11382    i.pxPortInitialiseStack  port.o
    0x08106704   0x08106704   0x00000060   Code   RO         9241    i.pxSTM32_FillInterfaceDescriptor  networkinterface.o
    0x08106764   0x08106764   0x00000016   Code   RO         7036    i.pxUDPPayloadBuffer_to_NetworkBuffer  freertos_ip_utils.o
    0x0810677a   0x0810677a   0x0000006c   Code   RO         4362    i.recvExact         core_mqtt.o
    0x081067e6   0x081067e6   0x00000020   Code   RO         4538    i.remainingLengthEncodedSize  core_mqtt_serializer.o
    0x08106806   0x08106806   0x00000074   Code   RO         4363    i.sendPacket        core_mqtt.o
    0x0810687a   0x0810687a   0x00000048   Code   RO         4364    i.sendPublish       core_mqtt.o
    0x081068c2   0x081068c2   0x00000002   PAD
    0x081068c4   0x081068c4   0x000000cc   Code   RO         4539    i.serializeConnectPacket  core_mqtt_serializer.o
    0x08106990   0x08106990   0x0000004e   Code   RO         4693    i.stateSelect       core_mqtt_state.o
    0x081069de   0x081069de   0x0000003e   Code   RO         5165    i.ulDNSHandlePacket  freertos_dns.o
    0x08106a1c   0x08106a1c   0x00000050   Code   RO         8891    i.ulTCPWindowTxGet  freertos_tiny_tcp.o
    0x08106a6c   0x08106a6c   0x0000001a   Code   RO         4694    i.updateRecord      core_mqtt_state.o
    0x08106a86   0x08106a86   0x00000010   Code   RO         5343    i.uxIPHeaderSizeSocket  freertos_ip.o
    0x08106a96   0x08106a96   0x00000024   Code   RO        10190    i.uxListRemove      list.o
    0x08106aba   0x08106aba   0x00000094   Code   RO         6085    i.uxStreamBufferAdd  freertos_stream_buffer.o
    0x08106b4e   0x08106b4e   0x0000000e   Code   RO         6086    i.uxStreamBufferDistance  freertos_stream_buffer.o
    0x08106b5c   0x08106b5c   0x00000008   Code   RO         6087    i.uxStreamBufferFrontSpace  freertos_stream_buffer.o
    0x08106b64   0x08106b64   0x00000082   Code   RO         6088    i.uxStreamBufferGet  freertos_stream_buffer.o
    0x08106be6   0x08106be6   0x0000001e   Code   RO         6089    i.uxStreamBufferGetPtr  freertos_stream_buffer.o
    0x08106c04   0x08106c04   0x00000008   Code   RO         6091    i.uxStreamBufferGetSpace  freertos_stream_buffer.o
    0x08106c0c   0x08106c0c   0x00000010   Code   RO         6093    i.uxStreamBufferSpace  freertos_stream_buffer.o
    0x08106c1c   0x08106c1c   0x00000018   Code   RO        10697    i.uxTaskResetEventItemValue  tasks.o
    0x08106c34   0x08106c34   0x00000070   Code   RO         4937    i.vARPProcessPacketReply  freertos_arp.o
    0x08106ca4   0x08106ca4   0x00000018   Code   RO         3819    i.vApplicationGetIdleTaskMemory  cmsis_os2.o
    0x08106cbc   0x08106cbc   0x0000004c   Code   RO          632    i.vApplicationIPNetworkEventHook  ethernettcpip.o
    0x08106d08   0x08106d08   0x00000002   Code   RO         3821    i.vApplicationStackOverflowHook  cmsis_os2.o
    0x08106d0a   0x08106d0a   0x00000002   PAD
    0x08106d0c   0x08106d0c   0x000000e0   Code   RO         6858    i.vCheckNetworkTimers  freertos_ip_timers.o
    0x08106dec   0x08106dec   0x0000000c   Code   RO         6635    i.vDNSCallbackInitialise  freertos_dns_callback.o
    0x08106df8   0x08106df8   0x000000a4   Code   RO         6636    i.vDNSCheckCallBack  freertos_dns_callback.o
    0x08106e9c   0x08106e9c   0x00000004   Code   RO         5166    i.vDNSInitialise    freertos_dns.o
    0x08106ea0   0x08106ea0   0x0000000c   Code   RO         6860    i.vDNSTimerReload   freertos_ip_timers.o
    0x08106eac   0x08106eac   0x00000034   Code   RO        10062    i.vEventGroupDelete  event_groups.o
    0x08106ee0   0x08106ee0   0x0000001c   Code   RO         6861    i.vIPSetARPResolutionTimerEnableState  freertos_ip_timers.o
    0x08106efc   0x08106efc   0x0000001c   Code   RO         6864    i.vIPSetDNSTimerEnableState  freertos_ip_timers.o
    0x08106f18   0x08106f18   0x00000016   Code   RO        10191    i.vListInitialise   list.o
    0x08106f2e   0x08106f2e   0x00000030   Code   RO        10193    i.vListInsert       list.o
    0x08106f5e   0x08106f5e   0x00000002   Code   RO          634    i.vLoggingPrintf    ethernettcpip.o
    0x08106f60   0x08106f60   0x00000018   Code   RO         5679    i.vNetworkSocketsInit  freertos_sockets.o
    0x08106f78   0x08106f78   0x0000000c   Code   RO         6867    i.vNetworkTimerReload  freertos_ip_timers.o
    0x08106f84   0x08106f84   0x00000020   Code   RO        11384    i.vPortEnterCritical  port.o
    0x08106fa4   0x08106fa4   0x00000014   Code   RO        11385    i.vPortExitCritical  port.o
    0x08106fb8   0x08106fb8   0x00000044   Code   RO        11299    i.vPortFree         heap_4.o
    0x08106ffc   0x08106ffc   0x00000024   Code   RO        11386    i.vPortSetupTimerInterrupt  port.o
    0x08107020   0x08107020   0x0000004c   Code   RO         9124    i.vReleaseNetworkBufferAndDescriptor  bufferallocation_2.o
    0x0810706c   0x0810706c   0x00000064   Code   RO         5681    i.vSocketClose      freertos_sockets.o
    0x081070d0   0x081070d0   0x0000001c   Code   RO         6176    i.vSocketCloseNextTime  freertos_tcp_ip.o
    0x081070ec   0x081070ec   0x00000020   Code   RO         6177    i.vSocketListenNextTime  freertos_tcp_ip.o
    0x0810710c   0x0810710c   0x00000090   Code   RO         5682    i.vSocketSelect     freertos_sockets.o
    0x0810719c   0x0810719c   0x00000164   Code   RO         6178    i.vTCPStateChange   freertos_tcp_ip.o
    0x08107300   0x08107300   0x0000000c   Code   RO         6869    i.vTCPTimerReload   freertos_ip_timers.o
    0x0810730c   0x0810730c   0x0000004a   Code   RO         6296    i.vTCPWindowInit    freertos_tcp_win.o
    0x08107356   0x08107356   0x00000002   PAD
    0x08107358   0x08107358   0x00000020   Code   RO        10705    i.vTaskPlaceOnEventList  tasks.o
    0x08107378   0x08107378   0x00000040   Code   RO        10707    i.vTaskPlaceOnUnorderedEventList  tasks.o
    0x081073b8   0x081073b8   0x000000a4   Code   RO        10710    i.vTaskRemoveFromUnorderedEventList  tasks.o
    0x0810745c   0x0810745c   0x00000088   Code   RO        10716    i.vTaskSuspend      tasks.o
    0x081074e4   0x081074e4   0x00000010   Code   RO        10717    i.vTaskSuspendAll   tasks.o
    0x081074f4   0x081074f4   0x0000008c   Code   RO        10718    i.vTaskSwitchContext  tasks.o
    0x08107580   0x08107580   0x00000014   Code   RO         4366    i.validateSubscribeUnsubscribeParams  core_mqtt.o
    0x08107594   0x08107594   0x00000030   Code   RO         4541    i.validateSubscriptionSerializeParams  core_mqtt_serializer.o
    0x081075c4   0x081075c4   0x00000046   Code   RO         4696    i.validateTransitionAck  core_mqtt_state.o
    0x0810760a   0x0810760a   0x00000002   PAD
    0x0810760c   0x0810760c   0x0000002c   Code   RO          635    i.xApplicationDNSQueryHook  ethernettcpip.o
    0x08107638   0x08107638   0x0000000e   Code   RO          636    i.xApplicationGetRandomNumber  ethernettcpip.o
    0x08107646   0x08107646   0x00000028   Code   RO         7237    i.xBadIPv4Loopback  freertos_ipv4.o
    0x0810766e   0x0810766e   0x00000002   PAD
    0x08107670   0x08107670   0x00000060   Code   RO         6870    i.xCalculateSleepTime  freertos_ip_timers.o
    0x081076d0   0x081076d0   0x0000001a   Code   RO        10065    i.xEventGroupClearBits  event_groups.o
    0x081076ea   0x081076ea   0x00000064   Code   RO        10071    i.xEventGroupSetBits  event_groups.o
    0x0810774e   0x0810774e   0x00000002   PAD
    0x08107750   0x08107750   0x0000000c   Code   RO         5346    i.xIPIsNetworkTaskReady  freertos_ip.o
    0x0810775c   0x0810775c   0x00000018   Code   RO         7043    i.xIsCallingFromIPTask  freertos_ip_utils.o
    0x08107774   0x08107774   0x00000034   Code   RO         4943    i.xIsIPInARPCache   freertos_arp.o
    0x081077a8   0x081077a8   0x00000038   Code   RO         7238    i.xIsIPv4Broadcast  freertos_ipv4.o
    0x081077e0   0x081077e0   0x00000012   Code   RO         7239    i.xIsIPv4Loopback   freertos_ipv4.o
    0x081077f2   0x081077f2   0x00000014   Code   RO         7240    i.xIsIPv4Multicast  freertos_ipv4.o
    0x08107806   0x08107806   0x000000b0   Code   RO         9459    i.xPhyCheckLinkStatus  phyhandling.o
    0x081078b6   0x081078b6   0x00000062   Code   RO         9461    i.xPhyDiscover      phyhandling.o
    0x08107918   0x08107918   0x000000ba   Code   RO         9463    i.xPhyReset         phyhandling.o
    0x081079d2   0x081079d2   0x000001a6   Code   RO         6179    i.xProcessReceivedTCPPacket  freertos_tcp_ip.o
    0x08107b78   0x08107b78   0x0000001a   Code   RO         6343    i.xProcessReceivedUDPPacket  freertos_udp_ip.o
    0x08107b92   0x08107b92   0x00000016   Code   RO        10259    i.xQueueCreateMutex  queue.o
    0x08107ba8   0x08107ba8   0x00000028   Code   RO        10262    i.xQueueGenericCreateStatic  queue.o
    0x08107bd0   0x08107bd0   0x00000128   Code   RO        10277    i.xQueueSemaphoreTake  queue.o
    0x08107cf8   0x08107cf8   0x0000000c   Code   RO         6297    i.xSequenceGreaterThan  freertos_tcp_win.o
    0x08107d04   0x08107d04   0x00000012   Code   RO         5686    i.xSocketValid      freertos_sockets.o
    0x08107d16   0x08107d16   0x00000002   PAD
    0x08107d18   0x08107d18   0x00000044   Code   RO         6180    i.xTCPCheckNewClient  freertos_tcp_ip.o
    0x08107d5c   0x08107d5c   0x00000080   Code   RO         5687    i.xTCPTimerCheck    freertos_sockets.o
    0x08107ddc   0x08107ddc   0x00000010   Code   RO         8893    i.xTCPWindowRxEmpty  freertos_tiny_tcp.o
    0x08107dec   0x08107dec   0x0000000c   Code   RO         8894    i.xTCPWindowTxDone  freertos_tiny_tcp.o
    0x08107df8   0x08107df8   0x00000040   Code   RO         8895    i.xTCPWindowTxHasData  freertos_tiny_tcp.o
    0x08107e38   0x08107e38   0x00000060   Code   RO        10721    i.xTaskCreate       tasks.o
    0x08107e98   0x08107e98   0x00000054   Code   RO        10722    i.xTaskCreateStatic  tasks.o
    0x08107eec   0x08107eec   0x000000cc   Code   RO        10727    i.xTaskGenericNotifyWait  tasks.o
    0x08107fb8   0x08107fb8   0x0000000c   Code   RO        10728    i.xTaskGetCurrentTaskHandle  tasks.o
    0x08107fc4   0x08107fc4   0x0000001c   Code   RO        10730    i.xTaskGetSchedulerState  tasks.o
    0x08107fe0   0x08107fe0   0x00000104   Code   RO        10734    i.xTaskIncrementTick  tasks.o
    0x081080e4   0x081080e4   0x000000a0   Code   RO        10736    i.xTaskPriorityInherit  tasks.o
    0x08108184   0x08108184   0x0000002c   Code   RO        11925    locale$$code        c_w.l(lc_ctype_c.o)
    0x081081b0   0x081081b0   0x00000018   Code   RO        12062    x$fpl$dcmpinf       fz_wm.l(dcmpi.o)
    0x081081c8   0x081081c8   0x00000078   Code   RO        12064    x$fpl$dleqf         fz_wm.l(dleqf.o)
    0x08108240   0x08108240   0x00000154   Code   RO        11784    x$fpl$dmul          fz_wm.l(dmul.o)
    0x08108394   0x08108394   0x0000006c   Code   RO        12047    x$fpl$drleqf        fz_wm.l(drleqf.o)
    0x08108400   0x08108400   0x00000006   Code   RO        12000    x$fpl$ieeestatus    fz_wm.l(istatus.o)
    0x08108406   0x08108406   0x00000064   Code   RO        12125    x$fpl$retnan        fz_wm.l(retnan.o)
    0x0810846a   0x0810846a   0x0000005c   Code   RO        12100    x$fpl$scalbn        fz_wm.l(scalbn.o)
    0x081084c6   0x081084c6   0x00000030   Code   RO        12127    x$fpl$trapveneer    fz_wm.l(trapv.o)
    0x081084f6   0x081084f6   0x000000b8   Data   RO          489    .constdata          plaintextmqtt.o
    0x081085ae   0x081085ae   0x00000039   Data   RO         4854    .constdata          using_plaintext.o
    0x081085e7   0x081085e7   0x00000026   Data   RO         4945    .constdata          freertos_arp.o
    0x0810860d   0x0810860d   0x00000006   Data   RO         5168    .constdata          freertos_dns.o
    0x08108613   0x08108613   0x00000006   Data   RO         5170    .constdata          freertos_dns.o
    0x08108619   0x08108619   0x0000000c   Data   RO         5171    .constdata          freertos_dns.o
    0x08108625   0x08108625   0x00000003   PAD
    0x08108628   0x08108628   0x00000028   Data   RO         5689    .constdata          freertos_sockets.o
    0x08108650   0x08108650   0x00000018   Data   RO         8982    .constdata          freertos_udp_ipv4.o
    0x08108668   0x08108668   0x00000044   Data   RO         9247    .constdata          networkinterface.o
    0x081086ac   0x081086ac   0x00000058   Data   RO         4855    .conststring        using_plaintext.o
    0x08108704   0x08108704   0x00000008   Data   RO        11996    c$$dinf             fz_wm.l(fpconst.o)
    0x0810870c   0x0810870c   0x00000008   Data   RO        11999    c$$dmax             fz_wm.l(fpconst.o)


==============================================================================

Image component sizes


      Code (inc. data)   RO Data    RW Data    ZI Data      Debug   Object Name

        88          0          0          0          0       3126   backoff_algorithm.o
       376         32          4          8       1960       5276   bufferallocation_2.o
       278         22          0          0        916       5216   clib_arm.o
        76         12          0          0       1016      54583   cmsis_os2.o
       490         18          0         12          0       7610   commandframe.o
       134         18          0          8          0       4651   commandframe_1.o
      2186          6          0          0          0      25833   core_mqtt.o
      1972         30        267          0          0      25556   core_mqtt_serializer.o
      1162         18          0          0          0      14392   core_mqtt_state.o
       764         84          0          0        228       4473   driver_i2c.o
       250         62         12         14         50      18767   ethernettcpip.o
       406          4          0          0          0      42506   event_groups.o
      1556         70         38         20         96      36546   freertos_arp.o
         0          0          0          0          0      22252   freertos_dhcp.o
      1164         30         36          1          0      38835   freertos_dns.o
       520         30          0          4        176       7383   freertos_dns_cache.o
       420         24          0          0         20       4752   freertos_dns_callback.o
       168          0          0          0          0       4272   freertos_dns_networking.o
      1328         12          0          0          0       8310   freertos_dns_parser.o
       112          0          0          0          0      23096   freertos_icmp.o
      1762        112         16         26       3176      75100   freertos_ip.o
       608         80          0          4        100      18895   freertos_ip_timers.o
       344          0          0          0          0      31887   freertos_ip_utils.o
       530          6          0          0          0      27087   freertos_ipv4.o
       190          0          0          0          0      24916   freertos_ipv4_sockets.o
        30          0          0          0          0      22030   freertos_ipv4_utils.o
       764         44          0          8          0      33454   freertos_routing.o
      4550         76         40          4         40      67208   freertos_sockets.o
       432          0          0          0          0       9954   freertos_stream_buffer.o
      1134         22          0          8          0      33170   freertos_tcp_ip.o
       496          0          0          0          0      26664   freertos_tcp_reception.o
      1330         34          0          0          0      31095   freertos_tcp_state_handling.o
       258          0          0          0          0      23175   freertos_tcp_state_handling_ipv4.o
      1318          4          0          0          0      36650   freertos_tcp_transmission.o
       596          4          0          0          0      25676   freertos_tcp_transmission_ipv4.o
        14          0          0          0          0      22002   freertos_tcp_utils.o
        42          0          0          0          0      22131   freertos_tcp_utils_ipv4.o
       124          0          0          0          0       3951   freertos_tcp_win.o
       290          0          0          0          0       7025   freertos_tiny_tcp.o
        44          0          0          0          0      23197   freertos_udp_ip.o
       416          8         24          0          0      24375   freertos_udp_ipv4.o
       388         20          0         28      51200       5419   heap_4.o
       136          0          0          0          0      36694   list.o
       766         62          0          1         76      18623   main.o
       222          0          0          0          0       2298   mcp4725.o
       582        174          0         38       3334      13111   messagepass.o
      2614        242         68        232       2624     143495   networkinterface.o
       894          8          0          0          0       8163   phyhandling.o
      2500       1184        749         32        656      22358   plaintextmqtt.o
       462         52          0          4          0       9968   port.o
      1578         18          0          0          0      19970   queue.o
       340         82        175          0          0      21582   sockets_wrapper.o
        64         26        664          0       1536        880   startup_stm32h743xx.o
       216         46          0         12          0      23200   stm32h7xx_hal.o
       354         28          0          0          0      40761   stm32h7xx_hal_cortex.o
      4574         78          0          0          0      29524   stm32h7xx_hal_eth.o
       388          0          0          0          0       4269   stm32h7xx_hal_eth_ex.o
       580         50          0          0          0       3263   stm32h7xx_hal_gpio.o
      1438         32          0          0          0      11890   stm32h7xx_hal_i2c.o
       172          0          0          0          0       2007   stm32h7xx_hal_i2c_ex.o
       340         26          0          0          0    1281305   stm32h7xx_hal_msp.o
        84          6          0          0          0        765   stm32h7xx_hal_pwr_ex.o
      2322         98          0          0          0       7397   stm32h7xx_hal_rcc.o
       830         68          0          0          0       7268   stm32h7xx_hal_tim.o
         6          0          0          0          0       2172   stm32h7xx_hal_tim_ex.o
        16          0          0          0          0       2873   stm32h7xx_it.o
       548         80         16          8          0       2662   system_stm32h7xx.o
      3692        268          0         64       1220      80629   tasks.o
       768         72          0         20        200      11670   timers.o
       246         86        145          0          0       6045   using_plaintext.o

    ----------------------------------------------------------------------
     55972       3672       2296        568      68628    2767338   Object Totals
        24          0         32          0          0          0   (incl. Generated)
       106          4         10         12          4          0   (incl. Padding)

    ----------------------------------------------------------------------

      Code (inc. data)   RO Data    RW Data    ZI Data      Debug   Library Member Name

        90          0          0          0          0          0   __dczerorl2.o
         8          0          0          0          0         68   __main.o
       104          0          0          0          0         84   __printf.o
        14          0          0          0          0         68   __printf_wp.o
         0          0          0          0          0          0   __rtentry.o
        20          0          0          0          0          0   __rtentry2.o
         6          0          0          0          0          0   __rtentry4.o
        52          8          0          0          0          0   __scatter.o
        28          0          0          0          0          0   __scatter_zi.o
        28          0          0          0          0         68   _chval.o
        44          0          0          0          0        108   _printf_char.o
        48          6          0          0          0         96   _printf_char_common.o
         6          0          0          0          0          0   _printf_d.o
       120         16          0          0          0         92   _printf_dec.o
       178          0          0          0          0         88   _printf_intcommon.o
         0          0          0          0          0          0   _printf_percent.o
         4          0          0          0          0          0   _printf_percent_end.o
         6          0          0          0          0          0   _printf_s.o
        82          0          0          0          0         80   _printf_str.o
         6          0          0          0          0          0   _printf_u.o
        22          0          0          0          0        100   _rserrno.o
        64          0          0          0          0         84   _sgetc.o
        16          0          0          0          0         68   _snputc.o
        10          0          0          0          0         68   _sputc.o
        22          0          0          0          0         80   abort.o
        16          0          0          0          0         68   aeabi_memset.o
       228          4        148          0          0         96   bigflt0.o
      1924        136          0          0          0        756   btod.o
        48         34          0          0          0         76   defsig_abrt_inner.o
        14          0          0          0          0         80   defsig_abrt_outer.o
        10          0          0          0          0         68   defsig_exit.o
        50          0          0          0          0         88   defsig_general.o
        18          0          0          0          0         80   exit.o
         6          0          0          0          0        152   heapauxi.o
         0          0          0          0          0          0   indicate_semi.o
        18          0          0          0          0         76   isspace.o
        44         10        272          0          0         76   lc_ctype_c.o
        44         10         28          0          0         76   lc_numeric_c.o
         2          0          0          0          0          0   libinit.o
        38          0          0          0          0          0   libinit2.o
         2          0          0          0          0          0   libshutdown.o
         2          0          0          0          0          0   libshutdown2.o
         8          4          0          0         96         68   libspace.o
        38          0          0          0          0         68   llshl.o
       238          0          0          0          0        100   lludivv7m.o
        88          0          0          0          0         76   memcmp.o
        52          4          0          0          0         84   noretval__2snprintf.o
        40          6          0          0          0         84   noretval__2sprintf.o
       112         18          0          0        228        160   rand.o
        16          4          0          0          0         76   rt_ctype_table.o
         4          0          0          0          0         68   rt_errno_addr_twolibspace.o
        10          0          0          0          0         76   rt_locale_twolibspace.o
        68          0          0          0          0         68   rt_memclr.o
        78          0          0          0          0         80   rt_memclr_w.o
       138          0          0          0          0         68   rt_memcpy_v6.o
       100          0          0          0          0         80   rt_memcpy_w.o
       132          0          0          0          0         68   rt_memmove_v6.o
       122          0          0          0          0         80   rt_memmove_w.o
         2          0          0          0          0          0   rtexit.o
        10          0          0          0          0          0   rtexit2.o
      1272         16          0          0          0        168   scanf_fp.o
       800         14          0          0          0        100   scanf_hexfp.o
       308         16          0          0          0        100   scanf_infnan.o
        42          0          0          0          0         84   strcasecmp.o
        20          0          0          0          0         68   strchr.o
       104          0          0          0          0         68   strcmpv7m_pel.o
        72          0          0          0          0         80   strcpy.o
        62          0          0          0          0         76   strlen.o
       150          0          0          0          0         80   strncmp.o
        86          0          0          0          0         76   strncpy.o
       164         14          0          0          0        120   strtod.o
        12          4          0          0          0         68   sys_exit.o
        74          0          0          0          0         80   sys_stackheap_outer.o
        14          0          0          0          0         76   sys_wrch.o
        26          0          0          0          0         76   tolower.o
         2          0          0          0          0         68   use_no_semi.o
        98          4          0          0          0        140   d2f.o
        16          4          0          0          0        116   dcheck1.o
        24          0          0          0          0        116   dcmpi.o
       688        140          0          0          0        256   ddiv.o
       120          4          0          0          0        140   deqf.o
        90          4          0          0          0        140   dfixu.o
       120          4          0          0          0        140   dleqf.o
       340         12          0          0          0        152   dmul.o
       156          4          0          0          0        140   dnaninf.o
        12          0          0          0          0        116   dretinf.o
       108          0          0          0          0        128   drleqf.o
         0          0         16          0          0          0   fpconst.o
        10          0          0          0          0        116   fpinit.o
        10          0          0          0          0        116   fretinf.o
         6          0          0          0          0        116   istatus.o
       100          0          0          0          0        116   retnan.o
        92          0          0          0          0        116   scalbn.o
         4          0          0          0          0        116   scanf1.o
         8          0          0          0          0        132   scanf2.o
        48          0          0          0          0        116   trapv.o
         0          0          0          0          0          0   usenofp.o
        64         16          0          0          0        248   dunder.o
       140         22          0          0          0        132   frexp.o
       228          8          0          0          0        308   ldexp.o
       266         16          0          0          0        308   narrow.o
        40         10          0          0          0        128   strtod.o

    ----------------------------------------------------------------------
     10712        572        464          0        324       9188   Library Totals
        18          0          0          0          0          0   (incl. Padding)

    ----------------------------------------------------------------------

      Code (inc. data)   RO Data    RW Data    ZI Data      Debug   Library Name

      7906        324        448          0        324       5536   c_w.l
      2050        176         16          0          0       2528   fz_wm.l
       738         72          0          0          0       1124   m_wm.l

    ----------------------------------------------------------------------
     10712        572        464          0        324       9188   Library Totals

    ----------------------------------------------------------------------

==============================================================================


      Code (inc. data)   RO Data    RW Data    ZI Data      Debug   

     66684       4244       2760        568      68952    2714002   Grand Totals
     66684       4244       2760         64      68952    2714002   ELF Image Totals (compressed)
     66684       4244       2760         64          0          0   ROM Totals

==============================================================================

    Total RO  Size (Code + RO Data)                69444 (  67.82kB)
    Total RW  Size (RW Data + ZI Data)             69520 (  67.89kB)
    Total ROM Size (Code + RO Data + RW Data)      69508 (  67.88kB)

==============================================================================

