Component: ARM Compiler 5.06 update 6 (build 750) Tool: armlink [4d35ed]

==============================================================================

Section Cross References

    main.o(i.GetBoardAddress) refers to stm32h7xx_hal_gpio.o(i.HAL_GPIO_ReadPin) for HAL_GPIO_ReadPin
    main.o(i.MPU_Config) refers to stm32h7xx_hal_cortex.o(i.HAL_MPU_Disable) for HAL_MPU_Disable
    main.o(i.MPU_Config) refers to stm32h7xx_hal_cortex.o(i.HAL_MPU_ConfigRegion) for HAL_MPU_ConfigRegion
    main.o(i.MPU_Config) refers to stm32h7xx_hal_cortex.o(i.HAL_MPU_Enable) for HAL_MPU_Enable
    main.o(i.PeriphCommonClock_Config) refers to memseta.o(.text) for __aeabi_memclr4
    main.o(i.PeriphCommonClock_Config) refers to stm32h7xx_hal_rcc_ex.o(i.HAL_RCCEx_PeriphCLKConfig) for HAL_RCCEx_PeriphCLKConfig
    main.o(i.PeriphCommonClock_Config) refers to main.o(i.Error_Handler) for Error_Handler
    main.o(i.SystemClock_Config) refers to memseta.o(.text) for __aeabi_memclr4
    main.o(i.SystemClock_Config) refers to stm32h7xx_hal_pwr_ex.o(i.HAL_PWREx_ConfigSupply) for HAL_PWREx_ConfigSupply
    main.o(i.SystemClock_Config) refers to stm32h7xx_hal_rcc.o(i.HAL_RCC_OscConfig) for HAL_RCC_OscConfig
    main.o(i.SystemClock_Config) refers to main.o(i.Error_Handler) for Error_Handler
    main.o(i.SystemClock_Config) refers to stm32h7xx_hal_rcc.o(i.HAL_RCC_ClockConfig) for HAL_RCC_ClockConfig
    main.o(i.main) refers to driver_sleep.o(i.SleepMs) for SleepMs
    main.o(i.main) refers to main.o(i.MPU_Config) for MPU_Config
    main.o(i.main) refers to stm32h7xx_hal.o(i.HAL_Init) for HAL_Init
    main.o(i.main) refers to main.o(i.SystemClock_Config) for SystemClock_Config
    main.o(i.main) refers to main.o(i.PeriphCommonClock_Config) for PeriphCommonClock_Config
    main.o(i.main) refers to system_stm32h7xx.o(i.SystemInit) for SystemInit
    main.o(i.main) refers to memseta.o(.text) for __aeabi_memclr4
    main.o(i.main) refers to stm32h7xx_hal_gpio.o(i.HAL_GPIO_Init) for HAL_GPIO_Init
    main.o(i.main) refers to stm32h7xx_hal_gpio.o(i.HAL_GPIO_WritePin) for HAL_GPIO_WritePin
    main.o(i.main) refers to main.o(i.GetBoardAddress) for GetBoardAddress
    main.o(i.main) refers to app_usart.o(i.App_Usart_Init) for App_Usart_Init
    main.o(i.main) refers to app_link.o(i.App_Link_BinFileDownLoad) for App_Link_BinFileDownLoad
    main.o(i.main) refers to app_usart.o(i.App_Usart_Reset) for App_Usart_Reset
    main.o(i.main) refers to ota.o(i.OTA_CheckAndSwap_Early) for OTA_CheckAndSwap_Early
    main.o(i.main) refers to app_turntoapp.o(i.iap_load_app) for iap_load_app
    main.o(i.main) refers to main.o(.data) for g_Rs485Add
    app_link.o(i.App_Link_BinFileDownLoad) refers to app_link.o(i.App_Link_ReadFileSize) for App_Link_ReadFileSize
    app_link.o(i.App_Link_BinFileDownLoad) refers to driver_sleep.o(i.SleepMs) for SleepMs
    app_link.o(i.App_Link_BinFileDownLoad) refers to app_link.o(i.App_Link_FLASH_PagesMask) for App_Link_FLASH_PagesMask
    app_link.o(i.App_Link_BinFileDownLoad) refers to app_link.o(i.App_Link_ReadData) for App_Link_ReadData
    app_link.o(i.App_Link_BinFileDownLoad) refers to stm32h7xx_hal_flash.o(i.HAL_FLASH_Lock) for HAL_FLASH_Lock
    app_link.o(i.App_Link_BinFileDownLoad) refers to embeddedflashmemory.o(i.bsp_EraseCpuFlash) for bsp_EraseCpuFlash
    app_link.o(i.App_Link_BinFileDownLoad) refers to embeddedflashmemory.o(i.bsp_WriteCpuFlash) for bsp_WriteCpuFlash
    app_link.o(i.App_Link_BinFileDownLoad) refers to app_link.o(i.App_Link_TxAckPacket) for App_Link_TxAckPacket
    app_link.o(i.App_Link_BinFileDownLoad) refers to app_link.o(.data) for errormessage
    app_link.o(i.App_Link_CheckVerify) refers to app_link.o(i.App_Link_GetVerify) for App_Link_GetVerify
    app_link.o(i.App_Link_ReadData) refers to app_link.o(i.App_Link_TxAckPacket) for App_Link_TxAckPacket
    app_link.o(i.App_Link_ReadData) refers to app_usart.o(i.App_Usart_GetFrame) for App_Usart_GetFrame
    app_link.o(i.App_Link_ReadData) refers to app_link.o(i.App_Link_CheckVerify) for App_Link_CheckVerify
    app_link.o(i.App_Link_ReadData) refers to app_usart.o(i.App_Usart_ClearFrame) for App_Usart_ClearFrame
    app_link.o(i.App_Link_ReadData) refers to app_usart.o(.bss) for g_UsartStruct
    app_link.o(i.App_Link_ReadData) refers to app_link.o(.data) for errormessage
    app_link.o(i.App_Link_ReadFileSize) refers to app_link.o(i.App_Link_TxAckPacket) for App_Link_TxAckPacket
    app_link.o(i.App_Link_ReadFileSize) refers to app_usart.o(i.App_Usart_GetFrame) for App_Usart_GetFrame
    app_link.o(i.App_Link_ReadFileSize) refers to app_link.o(i.App_Link_CheckVerify) for App_Link_CheckVerify
    app_link.o(i.App_Link_ReadFileSize) refers to app_usart.o(i.App_Usart_ClearFrame) for App_Usart_ClearFrame
    app_link.o(i.App_Link_ReadFileSize) refers to app_usart.o(.bss) for g_UsartStruct
    app_link.o(i.App_Link_ReadFileSize) refers to app_link.o(.data) for errormessage
[...]
    Removing stm32h7xx_hal_flash_ex.o(i.HAL_FLASHEx_Unlock_Bank1), (52 bytes).
    Removing stm32h7xx_hal_flash_ex.o(i.HAL_FLASHEx_Unlock_Bank2), (60 bytes).
    Removing stm32h7xx_hal_rcc.o(.rev16_text), (4 bytes).
    Removing stm32h7xx_hal_rcc.o(.revsh_text), (4 bytes).
    Removing stm32h7xx_hal_rcc.o(.rrx_text), (6 bytes).
    Removing stm32h7xx_hal_rcc.o(i.HAL_RCC_CSSCallback), (2 bytes).
    Removing stm32h7xx_hal_rcc.o(i.HAL_RCC_DisableCSS), (20 bytes).
    Removing stm32h7xx_hal_rcc.o(i.HAL_RCC_EnableCSS), (20 bytes).
    Removing stm32h7xx_hal_rcc.o(i.HAL_RCC_GetClockConfig), (108 bytes).
    Removing stm32h7xx_hal_rcc.o(i.HAL_RCC_GetOscConfig), (408 bytes).
    Removing stm32h7xx_hal_rcc.o(i.HAL_RCC_MCOConfig), (188 bytes).
    Removing stm32h7xx_hal_rcc.o(i.HAL_RCC_NMI_IRQHandler), (36 bytes).
    Removing stm32h7xx_hal_rcc_ex.o(.rev16_text), (4 bytes).
    Removing stm32h7xx_hal_rcc_ex.o(.revsh_text), (4 bytes).
    Removing stm32h7xx_hal_rcc_ex.o(.rrx_text), (6 bytes).
    Removing stm32h7xx_hal_rcc_ex.o(i.HAL_RCCEx_CRSConfig), (124 bytes).
    Removing stm32h7xx_hal_rcc_ex.o(i.HAL_RCCEx_CRSGetSynchronizationInfo), (48 bytes).
    Removing stm32h7xx_hal_rcc_ex.o(i.HAL_RCCEx_CRSSoftwareSynchronizationGenerate), (20 bytes).
    Removing stm32h7xx_hal_rcc_ex.o(i.HAL_RCCEx_CRSWaitSynchronization), (208 bytes).
    Removing stm32h7xx_hal_rcc_ex.o(i.HAL_RCCEx_CRS_ErrorCallback), (2 bytes).
    Removing stm32h7xx_hal_rcc_ex.o(i.HAL_RCCEx_CRS_ExpectedSyncCallback), (2 bytes).
    Removing stm32h7xx_hal_rcc_ex.o(i.HAL_RCCEx_CRS_IRQHandler), (156 bytes).
    Removing stm32h7xx_hal_rcc_ex.o(i.HAL_RCCEx_CRS_SyncOkCallback), (2 bytes).
    Removing stm32h7xx_hal_rcc_ex.o(i.HAL_RCCEx_CRS_SyncWarnCallback), (2 bytes).
    Removing stm32h7xx_hal_rcc_ex.o(i.HAL_RCCEx_DisableLSECSS), (36 bytes).
    Removing stm32h7xx_hal_rcc_ex.o(i.HAL_RCCEx_EnableLSECSS), (20 bytes).
    Removing stm32h7xx_hal_rcc_ex.o(i.HAL_RCCEx_EnableLSECSS_IT), (64 bytes).
    Removing stm32h7xx_hal_rcc_ex.o(i.HAL_RCCEx_GetD1PCLK1Freq), (36 bytes).
    Removing stm32h7xx_hal_rcc_ex.o(i.HAL_RCCEx_GetD1SysClockFreq), (76 bytes).
    Removing stm32h7xx_hal_rcc_ex.o(i.HAL_RCCEx_GetPLL1ClockFreq), (560 bytes).
    Removing stm32h7xx_hal_rcc_ex.o(i.HAL_RCCEx_GetPeriphCLKConfig), (652 bytes).
    Removing stm32h7xx_hal_rcc_ex.o(i.HAL_RCCEx_GetPeriphCLKFreq), (2224 bytes).
    Removing stm32h7xx_hal_rcc_ex.o(i.HAL_RCCEx_KerWakeUpStopCLKConfig), (20 bytes).
    Removing stm32h7xx_hal_rcc_ex.o(i.HAL_RCCEx_LSECSS_Callback), (2 bytes).
    Removing stm32h7xx_hal_rcc_ex.o(i.HAL_RCCEx_LSECSS_IRQHandler), (36 bytes).
    Removing stm32h7xx_hal_rcc_ex.o(i.HAL_RCCEx_WWDGxSysResetConfig), (16 bytes).
    Removing stm32h7xx_hal_rcc_ex.o(i.HAL_RCCEx_WakeUpStopCLKConfig), (20 bytes).
    Removing stm32h7xx_hal_uart.o(.rev16_text), (4 bytes).
    Removing stm32h7xx_hal_uart.o(.revsh_text), (4 bytes).
    Removing stm32h7xx_hal_uart.o(.rrx_text), (6 bytes).
    Removing stm32h7xx_hal_uart.o(i.HAL_HalfDuplex_EnableReceiver), (102 bytes).
    Removing stm32h7xx_hal_uart.o(i.HAL_HalfDuplex_EnableTransmitter), (102 bytes).
    Removing stm32h7xx_hal_uart.o(i.HAL_HalfDuplex_Init), (124 bytes).
    Removing stm32h7xx_hal_uart.o(i.HAL_LIN_Init), (160 bytes).
    Removing stm32h7xx_hal_uart.o(i.HAL_LIN_SendBreak), (62 bytes).
    Removing stm32h7xx_hal_uart.o(i.HAL_MultiProcessor_DisableMuteMode), (72 bytes).
    Removing stm32h7xx_hal_uart.o(i.HAL_MultiProcessor_EnableMuteMode), (72 bytes).
    Removing stm32h7xx_hal_uart.o(i.HAL_MultiProcessor_EnterMuteMode), (14 bytes).
    Removing stm32h7xx_hal_uart.o(i.HAL_MultiProcessor_Init), (148 bytes).
    Removing stm32h7xx_hal_uart.o(i.HAL_UART_Abort), (336 bytes).
    Removing stm32h7xx_hal_uart.o(i.HAL_UART_AbortCpltCallback), (2 bytes).
    Removing stm32h7xx_hal_uart.o(i.HAL_UART_AbortReceive), (224 bytes).
    Removing stm32h7xx_hal_uart.o(i.HAL_UART_AbortReceiveCpltCallback), (2 bytes).
    Removing stm32h7xx_hal_uart.o(i.HAL_UART_AbortReceive_IT), (256 bytes).
    Removing stm32h7xx_hal_uart.o(i.HAL_UART_AbortTransmit), (176 bytes).
    Removing stm32h7xx_hal_uart.o(i.HAL_UART_AbortTransmitCpltCallback), (2 bytes).
    Removing stm32h7xx_hal_uart.o(i.HAL_UART_AbortTransmit_IT), (200 bytes).
    Removing stm32h7xx_hal_uart.o(i.HAL_UART_Abort_IT), (396 bytes).
    Removing stm32h7xx_hal_uart.o(i.HAL_UART_DMAPause), (164 bytes).
    Removing stm32h7xx_hal_uart.o(i.HAL_UART_DMAResume), (148 bytes).
    Removing stm32h7xx_hal_uart.o(i.HAL_UART_DMAStop), (190 bytes).
    Removing stm32h7xx_hal_uart.o(i.HAL_UART_DeInit), (76 bytes).
    Removing stm32h7xx_hal_uart.o(i.HAL_UART_DisableReceiverTimeout), (88 bytes).
    Removing stm32h7xx_hal_uart.o(i.HAL_UART_EnableReceiverTimeout), (88 bytes).
    Removing stm32h7xx_hal_uart.o(i.HAL_UART_GetError), (8 bytes).
    Removing stm32h7xx_hal_uart.o(i.HAL_UART_GetState), (16 bytes).
    Removing stm32h7xx_hal_uart.o(i.HAL_UART_MspDeInit), (2 bytes).
    Removing stm32h7xx_hal_uart.o(i.HAL_UART_MspInit), (2 bytes).
    Removing stm32h7xx_hal_uart.o(i.HAL_UART_Receive), (274 bytes).
    Removing stm32h7xx_hal_uart.o(i.HAL_UART_Receive_DMA), (92 bytes).
    Removing stm32h7xx_hal_uart.o(i.HAL_UART_ReceiverTimeout_Config), (28 bytes).
    Removing stm32h7xx_hal_uart.o(i.HAL_UART_RxCpltCallback), (2 bytes).
    Removing stm32h7xx_hal_uart.o(i.HAL_UART_RxHalfCpltCallback), (2 bytes).
    Removing stm32h7xx_hal_uart.o(i.HAL_UART_Transmit_DMA), (160 bytes).
    Removing stm32h7xx_hal_uart.o(i.HAL_UART_Transmit_IT), (172 bytes).
    Removing stm32h7xx_hal_uart.o(i.HAL_UART_TxHalfCpltCallback), (2 bytes).
    Removing stm32h7xx_hal_uart.o(i.UART_DMAError), (94 bytes).
    Removing stm32h7xx_hal_uart.o(i.UART_DMAReceiveCplt), (174 bytes).
    Removing stm32h7xx_hal_uart.o(i.UART_DMARxAbortCallback), (82 bytes).
    Removing stm32h7xx_hal_uart.o(i.UART_DMARxHalfCplt), (38 bytes).
    Removing stm32h7xx_hal_uart.o(i.UART_DMARxOnlyAbortCallback), (48 bytes).
    Removing stm32h7xx_hal_uart.o(i.UART_DMATransmitCplt), (84 bytes).
    Removing stm32h7xx_hal_uart.o(i.UART_DMATxAbortCallback), (92 bytes).
    Removing stm32h7xx_hal_uart.o(i.UART_DMATxHalfCplt), (14 bytes).
    Removing stm32h7xx_hal_uart.o(i.UART_DMATxOnlyAbortCallback), (46 bytes).
    Removing stm32h7xx_hal_uart.o(i.UART_EndTxTransfer), (64 bytes).
    Removing stm32h7xx_hal_uart.o(i.UART_Start_Receive_DMA), (200 bytes).
    Removing stm32h7xx_hal_uart.o(i.UART_TxISR_16BIT), (98 bytes).
    Removing stm32h7xx_hal_uart.o(i.UART_TxISR_16BIT_FIFOEN), (130 bytes).
    Removing stm32h7xx_hal_uart.o(i.UART_TxISR_8BIT), (92 bytes).
    Removing stm32h7xx_hal_uart.o(i.UART_TxISR_8BIT_FIFOEN), (126 bytes).
    Removing stm32h7xx_hal_uart_ex.o(.rev16_text), (4 bytes).
    Removing stm32h7xx_hal_uart_ex.o(.revsh_text), (4 bytes).
    Removing stm32h7xx_hal_uart_ex.o(.rrx_text), (6 bytes).
    Removing stm32h7xx_hal_uart_ex.o(i.HAL_MultiProcessorEx_AddressLength_Set), (64 bytes).
    Removing stm32h7xx_hal_uart_ex.o(i.HAL_RS485Ex_Init), (152 bytes).
    Removing stm32h7xx_hal_uart_ex.o(i.HAL_UARTEx_DisableStopMode), (64 bytes).
    Removing stm32h7xx_hal_uart_ex.o(i.HAL_UARTEx_EnableFifoMode), (88 bytes).
    Removing stm32h7xx_hal_uart_ex.o(i.HAL_UARTEx_EnableStopMode), (64 bytes).
    Removing stm32h7xx_hal_uart_ex.o(i.HAL_UARTEx_GetRxEventType), (6 bytes).
    Removing stm32h7xx_hal_uart_ex.o(i.HAL_UARTEx_ReceiveToIdle), (362 bytes).
    Removing stm32h7xx_hal_uart_ex.o(i.HAL_UARTEx_ReceiveToIdle_DMA), (98 bytes).
    Removing stm32h7xx_hal_uart_ex.o(i.HAL_UARTEx_ReceiveToIdle_IT), (98 bytes).
    Removing stm32h7xx_hal_uart_ex.o(i.HAL_UARTEx_StopModeWakeUpSourceConfig), (144 bytes).
    Removing stm32h7xx_hal_uart_ex.o(i.UARTEx_Wakeup_AddressConfig), (38 bytes).
    Removing stm32h7xx_hal_cortex.o(.rev16_text), (4 bytes).
    Removing stm32h7xx_hal_cortex.o(.revsh_text), (4 bytes).
    Removing stm32h7xx_hal_cortex.o(.rrx_text), (6 bytes).
    Removing stm32h7xx_hal_cortex.o(i.HAL_GetCurrentCPUID), (4 bytes).
    Removing stm32h7xx_hal_cortex.o(i.HAL_NVIC_ClearPendingIRQ), (36 bytes).
    Removing stm32h7xx_hal_cortex.o(i.HAL_NVIC_GetActive), (48 bytes).
    Removing stm32h7xx_hal_cortex.o(i.HAL_NVIC_GetPendingIRQ), (48 bytes).
    Removing stm32h7xx_hal_cortex.o(i.HAL_NVIC_GetPriority), (148 bytes).
    Removing stm32h7xx_hal_cortex.o(i.HAL_NVIC_GetPriorityGrouping), (8 bytes).
    Removing stm32h7xx_hal_cortex.o(i.HAL_NVIC_SetPendingIRQ), (36 bytes).
    Removing stm32h7xx_hal_cortex.o(i.HAL_NVIC_SystemReset), (68 bytes).
    Removing stm32h7xx_hal_cortex.o(i.HAL_SYSTICK_CLKSourceConfig), (40 bytes).
    Removing stm32h7xx_hal_cortex.o(i.HAL_SYSTICK_Callback), (2 bytes).
    Removing stm32h7xx_hal_cortex.o(i.HAL_SYSTICK_IRQHandler), (8 bytes).
    Removing stm32h7xx_hal_dma.o(.rev16_text), (4 bytes).
    Removing stm32h7xx_hal_dma.o(.revsh_text), (4 bytes).
    Removing stm32h7xx_hal_dma.o(.rrx_text), (6 bytes).
    Removing stm32h7xx_hal_dma.o(i.DMA_CalcBaseAndBitshift), (236 bytes).
    Removing stm32h7xx_hal_dma.o(i.DMA_CalcDMAMUXChannelBaseAndMask), (196 bytes).
    Removing stm32h7xx_hal_dma.o(i.DMA_CalcDMAMUXRequestGenBaseAndMask), (152 bytes).
    Removing stm32h7xx_hal_dma.o(i.DMA_CheckFifoParam), (174 bytes).
    Removing stm32h7xx_hal_dma.o(i.DMA_SetConfig), (628 bytes).
    Removing stm32h7xx_hal_dma.o(i.HAL_DMA_DeInit), (644 bytes).
    Removing stm32h7xx_hal_dma.o(i.HAL_DMA_GetError), (6 bytes).
    Removing stm32h7xx_hal_dma.o(i.HAL_DMA_GetState), (8 bytes).
    Removing stm32h7xx_hal_dma.o(i.HAL_DMA_IRQHandler), (2808 bytes).
    Removing stm32h7xx_hal_dma.o(i.HAL_DMA_Init), (1312 bytes).
    Removing stm32h7xx_hal_dma.o(i.HAL_DMA_PollForTransfer), (1492 bytes).
    Removing stm32h7xx_hal_dma.o(i.HAL_DMA_RegisterCallback), (102 bytes).
    Removing stm32h7xx_hal_dma.o(i.HAL_DMA_Start), (480 bytes).
    Removing stm32h7xx_hal_dma.o(i.HAL_DMA_Start_IT), (992 bytes).
    Removing stm32h7xx_hal_dma.o(i.HAL_DMA_UnRegisterCallback), (130 bytes).
    Removing stm32h7xx_hal_dma.o(.constdata), (8 bytes).
    Removing stm32h7xx_hal_dma_ex.o(.rev16_text), (4 bytes).
    Removing stm32h7xx_hal_dma_ex.o(.revsh_text), (4 bytes).
    Removing stm32h7xx_hal_dma_ex.o(.rrx_text), (6 bytes).
    Removing stm32h7xx_hal_dma_ex.o(i.DMA_MultiBufferSetConfig), (236 bytes).
    Removing stm32h7xx_hal_dma_ex.o(i.HAL_DMAEx_ChangeMemory), (208 bytes).
    Removing stm32h7xx_hal_dma_ex.o(i.HAL_DMAEx_ConfigMuxRequestGenerator), (276 bytes).
    Removing stm32h7xx_hal_dma_ex.o(i.HAL_DMAEx_ConfigMuxSync), (296 bytes).
    Removing stm32h7xx_hal_dma_ex.o(i.HAL_DMAEx_DisableMuxRequestGenerator), (32 bytes).
    Removing stm32h7xx_hal_dma_ex.o(i.HAL_DMAEx_EnableMuxRequestGenerator), (32 bytes).
    Removing stm32h7xx_hal_dma_ex.o(i.HAL_DMAEx_MUX_IRQHandler), (102 bytes).
    Removing stm32h7xx_hal_dma_ex.o(i.HAL_DMAEx_MultiBufferStart), (800 bytes).
    Removing stm32h7xx_hal_dma_ex.o(i.HAL_DMAEx_MultiBufferStart_IT), (1336 bytes).
    Removing stm32h7xx_hal_pwr.o(.rev16_text), (4 bytes).
    Removing stm32h7xx_hal_pwr.o(.revsh_text), (4 bytes).
    Removing stm32h7xx_hal_pwr.o(.rrx_text), (6 bytes).
    Removing stm32h7xx_hal_pwr.o(i.HAL_PWR_ConfigPVD), (188 bytes).
    Removing stm32h7xx_hal_pwr.o(i.HAL_PWR_DeInit), (2 bytes).
    Removing stm32h7xx_hal_pwr.o(i.HAL_PWR_DisableBkUpAccess), (20 bytes).
    Removing stm32h7xx_hal_pwr.o(i.HAL_PWR_DisablePVD), (20 bytes).
    Removing stm32h7xx_hal_pwr.o(i.HAL_PWR_DisableSEVOnPend), (20 bytes).
    Removing stm32h7xx_hal_pwr.o(i.HAL_PWR_DisableSleepOnExit), (20 bytes).
    Removing stm32h7xx_hal_pwr.o(i.HAL_PWR_DisableWakeUpPin), (20 bytes).
    Removing stm32h7xx_hal_pwr.o(i.HAL_PWR_EnableBkUpAccess), (20 bytes).
    Removing stm32h7xx_hal_pwr.o(i.HAL_PWR_EnablePVD), (20 bytes).
    Removing stm32h7xx_hal_pwr.o(i.HAL_PWR_EnableSEVOnPend), (20 bytes).
    Removing stm32h7xx_hal_pwr.o(i.HAL_PWR_EnableSleepOnExit), (20 bytes).
    Removing stm32h7xx_hal_pwr.o(i.HAL_PWR_EnableWakeUpPin), (24 bytes).
    Removing stm32h7xx_hal_pwr.o(i.HAL_PWR_EnterSLEEPMode), (28 bytes).
    Removing stm32h7xx_hal_pwr.o(i.HAL_PWR_EnterSTANDBYMode), (84 bytes).
    Removing stm32h7xx_hal_pwr.o(i.HAL_PWR_EnterSTOPMode), (116 bytes).
    Removing stm32h7xx_hal_pwr.o(i.HAL_PWR_PVDCallback), (2 bytes).
    Removing stm32h7xx_hal_pwr.o(i.HAL_PWR_PVD_IRQHandler), (40 bytes).
    Removing stm32h7xx_hal_pwr_ex.o(.rev16_text), (4 bytes).
    Removing stm32h7xx_hal_pwr_ex.o(.revsh_text), (4 bytes).
    Removing stm32h7xx_hal_pwr_ex.o(.rrx_text), (6 bytes).
    Removing stm32h7xx_hal_pwr_ex.o(i.HAL_PWREx_AVDCallback), (2 bytes).
    Removing stm32h7xx_hal_pwr_ex.o(i.HAL_PWREx_ClearPendingEvent), (4 bytes).
    Removing stm32h7xx_hal_pwr_ex.o(i.HAL_PWREx_ClearWakeupFlag), (32 bytes).
    Removing stm32h7xx_hal_pwr_ex.o(i.HAL_PWREx_ConfigAVD), (180 bytes).
    Removing stm32h7xx_hal_pwr_ex.o(i.HAL_PWREx_ConfigD3Domain), (20 bytes).
    Removing stm32h7xx_hal_pwr_ex.o(i.HAL_PWREx_ControlStopModeVoltageScaling), (24 bytes).
    Removing stm32h7xx_hal_pwr_ex.o(i.HAL_PWREx_ControlVoltageScaling), (244 bytes).
    Removing stm32h7xx_hal_pwr_ex.o(i.HAL_PWREx_DisableAVD), (20 bytes).
    Removing stm32h7xx_hal_pwr_ex.o(i.HAL_PWREx_DisableBatteryCharging), (20 bytes).
    Removing stm32h7xx_hal_pwr_ex.o(i.HAL_PWREx_DisableBkUpReg), (60 bytes).
    Removing stm32h7xx_hal_pwr_ex.o(i.HAL_PWREx_DisableFlashPowerDown), (20 bytes).
    Removing stm32h7xx_hal_pwr_ex.o(i.HAL_PWREx_DisableMonitoring), (20 bytes).
    Removing stm32h7xx_hal_pwr_ex.o(i.HAL_PWREx_DisableUSBReg), (60 bytes).
    Removing stm32h7xx_hal_pwr_ex.o(i.HAL_PWREx_DisableUSBVoltageDetector), (20 bytes).
    Removing stm32h7xx_hal_pwr_ex.o(i.HAL_PWREx_DisableWakeUpPin), (16 bytes).
    Removing stm32h7xx_hal_pwr_ex.o(i.HAL_PWREx_EnableAVD), (20 bytes).
    Removing stm32h7xx_hal_pwr_ex.o(i.HAL_PWREx_EnableBatteryCharging), (32 bytes).
    Removing stm32h7xx_hal_pwr_ex.o(i.HAL_PWREx_EnableBkUpReg), (60 bytes).
    Removing stm32h7xx_hal_pwr_ex.o(i.HAL_PWREx_EnableFlashPowerDown), (20 bytes).
    Removing stm32h7xx_hal_pwr_ex.o(i.HAL_PWREx_EnableMonitoring), (20 bytes).
    Removing stm32h7xx_hal_pwr_ex.o(i.HAL_PWREx_EnableUSBReg), (60 bytes).
    Removing stm32h7xx_hal_pwr_ex.o(i.HAL_PWREx_EnableUSBVoltageDetector), (20 bytes).
    Removing stm32h7xx_hal_pwr_ex.o(i.HAL_PWREx_EnableWakeUpPin), (148 bytes).
    Removing stm32h7xx_hal_pwr_ex.o(i.HAL_PWREx_EnterSTANDBYMode), (76 bytes).
    Removing stm32h7xx_hal_pwr_ex.o(i.HAL_PWREx_EnterSTOPMode), (152 bytes).
    Removing stm32h7xx_hal_pwr_ex.o(i.HAL_PWREx_GetStopModeVoltageRange), (16 bytes).
    Removing stm32h7xx_hal_pwr_ex.o(i.HAL_PWREx_GetSupplyConfig), (16 bytes).
    Removing stm32h7xx_hal_pwr_ex.o(i.HAL_PWREx_GetTemperatureLevel), (40 bytes).
    Removing stm32h7xx_hal_pwr_ex.o(i.HAL_PWREx_GetVBATLevel), (40 bytes).
    Removing stm32h7xx_hal_pwr_ex.o(i.HAL_PWREx_GetVoltageRange), (16 bytes).
    Removing stm32h7xx_hal_pwr_ex.o(i.HAL_PWREx_GetWakeupFlag), (16 bytes).
    Removing stm32h7xx_hal_pwr_ex.o(i.HAL_PWREx_PVD_AVD_IRQHandler), (92 bytes).
    Removing stm32h7xx_hal_pwr_ex.o(i.HAL_PWREx_WAKEUP_PIN_IRQHandler), (188 bytes).
    Removing stm32h7xx_hal_pwr_ex.o(i.HAL_PWREx_WKUP1_Callback), (2 bytes).
    Removing stm32h7xx_hal_pwr_ex.o(i.HAL_PWREx_WKUP2_Callback), (2 bytes).
    Removing stm32h7xx_hal_pwr_ex.o(i.HAL_PWREx_WKUP3_Callback), (2 bytes).
    Removing stm32h7xx_hal_pwr_ex.o(i.HAL_PWREx_WKUP4_Callback), (2 bytes).
    Removing stm32h7xx_hal_pwr_ex.o(i.HAL_PWREx_WKUP5_Callback), (2 bytes).
    Removing stm32h7xx_hal_pwr_ex.o(i.HAL_PWREx_WKUP6_Callback), (2 bytes).
    Removing startup_stm32h743xx.o(HEAP), (512 bytes).

349 unused section(s) (total 35822 bytes) removed from the image.

==============================================================================

Image Symbol Table

    Local Symbols

    Symbol Name                              Value     Ov Type        Size  Object(Section)

    ../clib/microlib/division.c              0x00000000   Number         0  uldiv.o ABSOLUTE
    ../clib/microlib/init/entry.s            0x00000000   Number         0  entry10b.o ABSOLUTE
    ../clib/microlib/init/entry.s            0x00000000   Number         0  entry9b.o ABSOLUTE
    ../clib/microlib/init/entry.s            0x00000000   Number         0  entry7a.o ABSOLUTE
    ../clib/microlib/init/entry.s            0x00000000   Number         0  entry10a.o ABSOLUTE
    ../clib/microlib/init/entry.s            0x00000000   Number         0  entry7b.o ABSOLUTE
    ../clib/microlib/init/entry.s            0x00000000   Number         0  entry8a.o ABSOLUTE
    ../clib/microlib/init/entry.s            0x00000000   Number         0  entry.o ABSOLUTE
    ../clib/microlib/init/entry.s            0x00000000   Number         0  entry11a.o ABSOLUTE
    ../clib/microlib/init/entry.s            0x00000000   Number         0  entry8b.o ABSOLUTE
    ../clib/microlib/init/entry.s            0x00000000   Number         0  entry9a.o ABSOLUTE
    ../clib/microlib/init/entry.s            0x00000000   Number         0  entry11b.o ABSOLUTE
    ../clib/microlib/init/entry.s            0x00000000   Number         0  entry2.o ABSOLUTE
    ../clib/microlib/init/entry.s            0x00000000   Number         0  entry5.o ABSOLUTE
    ../clib/microlib/longlong.c              0x00000000   Number         0  llshl.o ABSOLUTE
    ../clib/microlib/longlong.c              0x00000000   Number         0  llushr.o ABSOLUTE
    ../clib/microlib/string/memcpy.c         0x00000000   Number         0  memcpyb.o ABSOLUTE
    ../clib/microlib/string/memcpy.c         0x00000000   Number         0  memcpya.o ABSOLUTE
    ../clib/microlib/string/memset.c         0x00000000   Number         0  memseta.o ABSOLUTE
    Library\STM32H7xx_HAL_Driver\Src\stm32h7xx_hal.c 0x00000000   Number         0  stm32h7xx_hal.o ABSOLUTE
    Library\STM32H7xx_HAL_Driver\Src\stm32h7xx_hal_cortex.c 0x00000000   Number         0  stm32h7xx_hal_cortex.o ABSOLUTE
    Library\STM32H7xx_HAL_Driver\Src\stm32h7xx_hal_dma.c 0x00000000   Number         0  stm32h7xx_hal_dma.o ABSOLUTE
    Library\STM32H7xx_HAL_Driver\Src\stm32h7xx_hal_dma_ex.c 0x00000000   Number         0  stm32h7xx_hal_dma_ex.o ABSOLUTE
    Library\STM32H7xx_HAL_Driver\Src\stm32h7xx_hal_flash.c 0x00000000   Number         0  stm32h7xx_hal_flash.o ABSOLUTE
    Library\STM32H7xx_HAL_Driver\Src\stm32h7xx_hal_flash_ex.c 0x00000000   Number         0  stm32h7xx_hal_flash_ex.o ABSOLUTE
    Library\STM32H7xx_HAL_Driver\Src\stm32h7xx_hal_gpio.c 0x00000000   Number         0  stm32h7xx_hal_gpio.o ABSOLUTE
    Library\STM32H7xx_HAL_Driver\Src\stm32h7xx_hal_pwr.c 0x00000000   Number         0  stm32h7xx_hal_pwr.o ABSOLUTE
    Library\STM32H7xx_HAL_Driver\Src\stm32h7xx_hal_pwr_ex.c 0x00000000   Number         0  stm32h7xx_hal_pwr_ex.o ABSOLUTE
    Library\STM32H7xx_HAL_Driver\Src\stm32h7xx_hal_rcc.c 0x00000000   Number         0  stm32h7xx_hal_rcc.o ABSOLUTE
    Library\STM32H7xx_HAL_Driver\Src\stm32h7xx_hal_rcc_ex.c 0x00000000   Number         0  stm32h7xx_hal_rcc_ex.o ABSOLUTE
    Library\STM32H7xx_HAL_Driver\Src\stm32h7xx_hal_uart.c 0x00000000   Number         0  stm32h7xx_hal_uart.o ABSOLUTE
    Library\STM32H7xx_HAL_Driver\Src\stm32h7xx_hal_uart_ex.c 0x00000000   Number         0  stm32h7xx_hal_uart_ex.o ABSOLUTE
    Library\\STM32H7xx_HAL_Driver\\Src\\stm32h7xx_hal.c 0x00000000   Number         0  stm32h7xx_hal.o ABSOLUTE
    Library\\STM32H7xx_HAL_Driver\\Src\\stm32h7xx_hal_cortex.c 0x00000000   Number         0  stm32h7xx_hal_cortex.o ABSOLUTE
    Library\\STM32H7xx_HAL_Driver\\Src\\stm32h7xx_hal_dma.c 0x00000000   Number         0  stm32h7xx_hal_dma.o ABSOLUTE
    Library\\STM32H7xx_HAL_Driver\\Src\\stm32h7xx_hal_dma_ex.c 0x00000000   Number         0  stm32h7xx_hal_dma_ex.o ABSOLUTE
    Library\\STM32H7xx_HAL_Driver\\Src\\stm32h7xx_hal_flash.c 0x00000000   Number         0  stm32h7xx_hal_flash.o ABSOLUTE
    Library\\STM32H7xx_HAL_Driver\\Src\\stm32h7xx_hal_flash_ex.c 0x00000000   Number         0  stm32h7xx_hal_flash_ex.o ABSOLUTE
    Library\\STM32H7xx_HAL_Driver\\Src\\stm32h7xx_hal_gpio.c 0x00000000   Number         0  stm32h7xx_hal_gpio.o ABSOLUTE
    Library\\STM32H7xx_HAL_Driver\\Src\\stm32h7xx_hal_pwr.c 0x00000000   Number         0  stm32h7xx_hal_pwr.o ABSOLUTE
    Library\\STM32H7xx_HAL_Driver\\Src\\stm32h7xx_hal_pwr_ex.c 0x00000000   Number         0  stm32h7xx_hal_pwr_ex.o ABSOLUTE
    Library\\STM32H7xx_HAL_Driver\\Src\\stm32h7xx_hal_rcc.c 0x00000000   Number         0  stm32h7xx_hal_rcc.o ABSOLUTE
    Library\\STM32H7xx_HAL_Driver\\Src\\stm32h7xx_hal_rcc_ex.c 0x00000000   Number         0  stm32h7xx_hal_rcc_ex.o ABSOLUTE
    Library\\STM32H7xx_HAL_Driver\\Src\\stm32h7xx_hal_uart.c 0x00000000   Number         0  stm32h7xx_hal_uart.o ABSOLUTE
    Library\\STM32H7xx_HAL_Driver\\Src\\stm32h7xx_hal_uart_ex.c 0x00000000   Number         0  stm32h7xx_hal_uart_ex.o ABSOLUTE
    app\\src\\App_Link.c                     0x00000000   Number         0  app_link.o ABSOLUTE
    app\\src\\App_TurnToApp.c                0x00000000   Number         0  app_turntoapp.o ABSOLUTE
    app\\src\\App_Usart.c                    0x00000000   Number         0  app_usart.o ABSOLUTE
    app\\src\\main.c                         0x00000000   Number         0  main.o ABSOLUTE
    app\src\App_Link.c                       0x00000000   Number         0  app_link.o ABSOLUTE
    app\src\App_TurnToApp.c                  0x00000000   Number         0  app_turntoapp.o ABSOLUTE
    app\src\App_Usart.c                      0x00000000   Number         0  app_usart.o ABSOLUTE
    app\src\main.c                           0x00000000   Number         0  main.o ABSOLUTE
    dc.s                                     0x00000000   Number         0  dc.o ABSOLUTE
    driver\Driver_Sleep.c                    0x00000000   Number         0  driver_sleep.o ABSOLUTE
    driver\\embeddedFlashMemory.c            0x00000000   Number         0  embeddedflashmemory.o ABSOLUTE
    driver\\ota.c                            0x00000000   Number         0  ota.o ABSOLUTE
    driver\embeddedFlashMemory.c             0x00000000   Number         0  embeddedflashmemory.o ABSOLUTE
    driver\ota.c                             0x00000000   Number         0  ota.o ABSOLUTE
    handlers.s                               0x00000000   Number         0  handlers.o ABSOLUTE
    init.s                                   0x00000000   Number         0  init.o ABSOLUTE
    middle\Driver_Uart.c                     0x00000000   Number         0  driver_uart.o ABSOLUTE
    middle\\Driver_Uart.c                    0x00000000   Number         0  driver_uart.o ABSOLUTE
    startup\\system_stm32h7xx.c              0x00000000   Number         0  system_stm32h7xx.o ABSOLUTE
    startup\startup_stm32h743xx.s            0x00000000   Number         0  startup_stm32h743xx.o ABSOLUTE
    startup\system_stm32h7xx.c               0x00000000   Number         0  system_stm32h7xx.o ABSOLUTE
    RESET                                    0x08000000   Section      664  startup_stm32h743xx.o(RESET)
    .ARM.Collect$$$$00000000                 0x08000298   Section        0  entry.o(.ARM.Collect$$$$00000000)
    .ARM.Collect$$$$00000001                 0x08000298   Section        4  entry2.o(.ARM.Collect$$$$00000001)
    .ARM.Collect$$$$00000004                 0x0800029c   Section        4  entry5.o(.ARM.Collect$$$$00000004)
    .ARM.Collect$$$$00000008                 0x080002a0   Section        0  entry7b.o(.ARM.Collect$$$$00000008)
    .ARM.Collect$$$$0000000A                 0x080002a0   Section        0  entry8b.o(.ARM.Collect$$$$0000000A)
    .ARM.Collect$$$$0000000B                 0x080002a0   Section        8  entry9a.o(.ARM.Collect$$$$0000000B)
    .ARM.Collect$$$$0000000D                 0x080002a8   Section        0  entry10a.o(.ARM.Collect$$$$0000000D)
    .ARM.Collect$$$$0000000F                 0x080002a8   Section        0  entry11a.o(.ARM.Collect$$$$0000000F)
    .ARM.Collect$$$$00002712                 0x080002a8   Section        4  entry2.o(.ARM.Collect$$$$00002712)
    __lit__00000000                          0x080002a8   Data           4  entry2.o(.ARM.Collect$$$$00002712)
    .text                                    0x080002ac   Section       36  startup_stm32h743xx.o(.text)
    $v0                                      0x080002ac   Number         0  startup_stm32h743xx.o(.text)
    .text                                    0x080002d0   Section        0  uldiv.o(.text)
    .text                                    0x08000332   Section        0  memcpya.o(.text)
    .text                                    0x08000356   Section        0  memseta.o(.text)
    .text                                    0x0800037a   Section        0  llshl.o(.text)
    .text                                    0x08000398   Section        0  llushr.o(.text)
    .text                                    0x080003b8   Section       36  init.o(.text)
    i.App_Link_BinFileDownLoad               0x080003dc   Section        0  app_link.o(i.App_Link_BinFileDownLoad)
    i.App_Link_CheckVerify                   0x080004e8   Section        0  app_link.o(i.App_Link_CheckVerify)
    i.App_Link_FLASH_PagesMask               0x0800052e   Section        0  app_link.o(i.App_Link_FLASH_PagesMask)
    i.App_Link_GetVerify                     0x08000546   Section        0  app_link.o(i.App_Link_GetVerify)
    i.App_Link_ReadData                      0x0800056c   Section        0  app_link.o(i.App_Link_ReadData)
    i.App_Link_ReadFileSize                  0x08000654   Section        0  app_link.o(i.App_Link_ReadFileSize)
    i.App_Link_TxAckPacket                   0x08000718   Section        0  app_link.o(i.App_Link_TxAckPacket)
    i.App_Usart_ClearFrame                   0x08000750   Section        0  app_usart.o(i.App_Usart_ClearFrame)
    i.App_Usart_GetFrame                     0x08000760   Section        0  app_usart.o(i.App_Usart_GetFrame)
    i.App_Usart_Init                         0x08000774   Section        0  app_usart.o(i.App_Usart_Init)
    i.App_Usart_Reset                        0x080007a0   Section        0  app_usart.o(i.App_Usart_Reset)
    i.App_Usart_TxFrame                      0x080007b8   Section        0  app_usart.o(i.App_Usart_TxFrame)
    i.Error_Handler                          0x08000804   Section        0  main.o(i.Error_Handler)
    i.FLASH_Erase_Sector                     0x0800080c   Section        0  stm32h7xx_hal_flash_ex.o(i.FLASH_Erase_Sector)
    i.FLASH_MassErase                        0x0800086c   Section        0  stm32h7xx_hal_flash_ex.o(i.FLASH_MassErase)
    FLASH_MassErase                          0x0800086d   Thumb Code   150  stm32h7xx_hal_flash_ex.o(i.FLASH_MassErase)
    i.FLASH_WaitForLastOperation             0x0800090c   Section        0  stm32h7xx_hal_flash.o(i.FLASH_WaitForLastOperation)
    i.GetBoardAddress                        0x08000a10   Section        0  main.o(i.GetBoardAddress)
    i.HAL_DMA_Abort                          0x08000a84   Section        0  stm32h7xx_hal_dma.o(i.HAL_DMA_Abort)
    i.HAL_DMA_Abort_IT                       0x08000f60   Section        0  stm32h7xx_hal_dma.o(i.HAL_DMA_Abort_IT)
    i.HAL_FLASHEx_Erase                      0x080012f8   Section        0  stm32h7xx_hal_flash_ex.o(i.HAL_FLASHEx_Erase)
    i.HAL_FLASH_Lock                         0x08001434   Section        0  stm32h7xx_hal_flash.o(i.HAL_FLASH_Lock)
    i.HAL_FLASH_Program                      0x08001478   Section        0  stm32h7xx_hal_flash.o(i.HAL_FLASH_Program)
    i.HAL_FLASH_Unlock                       0x080015a4   Section        0  stm32h7xx_hal_flash.o(i.HAL_FLASH_Unlock)
    i.HAL_GPIO_DeInit                        0x08001604   Section        0  stm32h7xx_hal_gpio.o(i.HAL_GPIO_DeInit)
    i.HAL_GPIO_Init                          0x0800177c   Section        0  stm32h7xx_hal_gpio.o(i.HAL_GPIO_Init)
    i.HAL_GPIO_ReadPin                       0x08001978   Section        0  stm32h7xx_hal_gpio.o(i.HAL_GPIO_ReadPin)
    i.HAL_GPIO_WritePin                      0x08001988   Section        0  stm32h7xx_hal_gpio.o(i.HAL_GPIO_WritePin)
    i.HAL_GetREVID                           0x08001994   Section        0  stm32h7xx_hal.o(i.HAL_GetREVID)
    i.HAL_GetTick                            0x080019a0   Section        0  stm32h7xx_hal.o(i.HAL_GetTick)
    i.HAL_Init                               0x080019ac   Section        0  stm32h7xx_hal.o(i.HAL_Init)
    i.HAL_InitTick                           0x08001a0c   Section        0  stm32h7xx_hal.o(i.HAL_InitTick)
    i.HAL_MPU_ConfigRegion                   0x08001a64   Section        0  stm32h7xx_hal_cortex.o(i.HAL_MPU_ConfigRegion)
    i.HAL_MPU_Disable                        0x08001ac0   Section        0  stm32h7xx_hal_cortex.o(i.HAL_MPU_Disable)
    i.HAL_MPU_Enable                         0x08001aec   Section        0  stm32h7xx_hal_cortex.o(i.HAL_MPU_Enable)
    i.HAL_MspInit                            0x08001b2c   Section        0  stm32h7xx_hal.o(i.HAL_MspInit)
    i.HAL_NVIC_DisableIRQ                    0x08001b30   Section        0  stm32h7xx_hal_cortex.o(i.HAL_NVIC_DisableIRQ)
    i.HAL_NVIC_EnableIRQ                     0x08001b74   Section        0  stm32h7xx_hal_cortex.o(i.HAL_NVIC_EnableIRQ)
    i.HAL_NVIC_SetPriority                   0x08001b9c   Section        0  stm32h7xx_hal_cortex.o(i.HAL_NVIC_SetPriority)
    i.HAL_NVIC_SetPriorityGrouping           0x08001c18   Section        0  stm32h7xx_hal_cortex.o(i.HAL_NVIC_SetPriorityGrouping)
    i.HAL_PWREx_ConfigSupply                 0x08001c40   Section        0  stm32h7xx_hal_pwr_ex.o(i.HAL_PWREx_ConfigSupply)
    i.HAL_RCCEx_GetD3PCLK1Freq               0x08001ca0   Section        0  stm32h7xx_hal_rcc_ex.o(i.HAL_RCCEx_GetD3PCLK1Freq)
    i.HAL_RCCEx_GetPLL2ClockFreq             0x08001cc4   Section        0  stm32h7xx_hal_rcc_ex.o(i.HAL_RCCEx_GetPLL2ClockFreq)
    i.HAL_RCCEx_GetPLL3ClockFreq             0x08001ef4   Section        0  stm32h7xx_hal_rcc_ex.o(i.HAL_RCCEx_GetPLL3ClockFreq)
    i.HAL_RCCEx_PeriphCLKConfig              0x08002124   Section        0  stm32h7xx_hal_rcc_ex.o(i.HAL_RCCEx_PeriphCLKConfig)
    i.HAL_RCC_ClockConfig                    0x08002e8c   Section        0  stm32h7xx_hal_rcc.o(i.HAL_RCC_ClockConfig)
    i.HAL_RCC_DeInit                         0x080031ac   Section        0  stm32h7xx_hal_rcc.o(i.HAL_RCC_DeInit)
    i.HAL_RCC_GetHCLKFreq                    0x080033d8   Section        0  stm32h7xx_hal_rcc.o(i.HAL_RCC_GetHCLKFreq)
    i.HAL_RCC_GetPCLK1Freq                   0x08003424   Section        0  stm32h7xx_hal_rcc.o(i.HAL_RCC_GetPCLK1Freq)
    i.HAL_RCC_GetPCLK2Freq                   0x08003448   Section        0  stm32h7xx_hal_rcc.o(i.HAL_RCC_GetPCLK2Freq)
    i.HAL_RCC_GetSysClockFreq                0x0800346c   Section        0  stm32h7xx_hal_rcc.o(i.HAL_RCC_GetSysClockFreq)
    i.HAL_RCC_OscConfig                      0x08003698   Section        0  stm32h7xx_hal_rcc.o(i.HAL_RCC_OscConfig)
    i.HAL_SYSTICK_Config                     0x08003ef0   Section        0  stm32h7xx_hal_cortex.o(i.HAL_SYSTICK_Config)
    i.HAL_UARTEx_DisableFifoMode             0x08003f24   Section        0  stm32h7xx_hal_uart_ex.o(i.HAL_UARTEx_DisableFifoMode)
    i.HAL_UARTEx_RxEventCallback             0x08003f72   Section        0  stm32h7xx_hal_uart.o(i.HAL_UARTEx_RxEventCallback)
    i.HAL_UARTEx_RxFifoFullCallback          0x08003f74   Section        0  stm32h7xx_hal_uart_ex.o(i.HAL_UARTEx_RxFifoFullCallback)
    i.HAL_UARTEx_SetRxFifoThreshold          0x08003f76   Section        0  stm32h7xx_hal_uart_ex.o(i.HAL_UARTEx_SetRxFifoThreshold)
    i.HAL_UARTEx_SetTxFifoThreshold          0x08003fd4   Section        0  stm32h7xx_hal_uart_ex.o(i.HAL_UARTEx_SetTxFifoThreshold)
    i.HAL_UARTEx_TxFifoEmptyCallback         0x08004032   Section        0  stm32h7xx_hal_uart_ex.o(i.HAL_UARTEx_TxFifoEmptyCallback)
    i.HAL_UARTEx_WakeupCallback              0x08004034   Section        0  stm32h7xx_hal_uart_ex.o(i.HAL_UARTEx_WakeupCallback)
    i.HAL_UART_ErrorCallback                 0x08004036   Section        0  stm32h7xx_hal_uart.o(i.HAL_UART_ErrorCallback)
    i.HAL_UART_IRQHandler                    0x08004038   Section        0  stm32h7xx_hal_uart.o(i.HAL_UART_IRQHandler)
    i.HAL_UART_Init                          0x080044cc   Section        0  stm32h7xx_hal_uart.o(i.HAL_UART_Init)
    i.HAL_UART_MspDeInit                     0x08004544   Section        0  driver_uart.o(i.HAL_UART_MspDeInit)
    i.HAL_UART_MspInit                       0x08004570   Section        0  driver_uart.o(i.HAL_UART_MspInit)
    i.HAL_UART_Receive_IT                    0x08004610   Section        0  stm32h7xx_hal_uart.o(i.HAL_UART_Receive_IT)
    i.HAL_UART_RxCpltCallback                0x0800466c   Section        0  app_usart.o(i.HAL_UART_RxCpltCallback)
    i.HAL_UART_Transmit                      0x080047e0   Section        0  stm32h7xx_hal_uart.o(i.HAL_UART_Transmit)
    i.HAL_UART_TxCpltCallback                0x080048a2   Section        0  stm32h7xx_hal_uart.o(i.HAL_UART_TxCpltCallback)
    i.MPU_Config                             0x080048a4   Section        0  main.o(i.MPU_Config)
    i.OTA_CheckAndSwap_Early                 0x0800492a   Section        0  ota.o(i.OTA_CheckAndSwap_Early)
    i.OTA_SwapToBase_FromStaging             0x0800496c   Section        0  ota.o(i.OTA_SwapToBase_FromStaging)
    i.PeriphCommonClock_Config               0x08004978   Section        0  main.o(i.PeriphCommonClock_Config)
    i.RCCEx_PLL2_Config                      0x080049c0   Section        0  stm32h7xx_hal_rcc_ex.o(i.RCCEx_PLL2_Config)
    RCCEx_PLL2_Config                        0x080049c1   Thumb Code   350  stm32h7xx_hal_rcc_ex.o(i.RCCEx_PLL2_Config)
    i.RCCEx_PLL3_Config                      0x08004b24   Section        0  stm32h7xx_hal_rcc_ex.o(i.RCCEx_PLL3_Config)
    RCCEx_PLL3_Config                        0x08004b25   Thumb Code   350  stm32h7xx_hal_rcc_ex.o(i.RCCEx_PLL3_Config)
    i.SleepMs                                0x08004c88   Section        0  driver_sleep.o(i.SleepMs)
    i.SleepUs                                0x08004ca6   Section        0  driver_sleep.o(i.SleepUs)
    i.SysTick_Handler                        0x08004cc0   Section        0  main.o(i.SysTick_Handler)
    i.SystemClock_Config                     0x08004cc4   Section        0  main.o(i.SystemClock_Config)
    i.SystemInit                             0x08004e10   Section        0  system_stm32h7xx.o(i.SystemInit)
    i.UARTEx_SetNbDataToProcess              0x08004f14   Section        0  stm32h7xx_hal_uart_ex.o(i.UARTEx_SetNbDataToProcess)
    UARTEx_SetNbDataToProcess                0x08004f15   Thumb Code    78  stm32h7xx_hal_uart_ex.o(i.UARTEx_SetNbDataToProcess)
    i.UART_AdvFeatureConfig                  0x08004f6c   Section        0  stm32h7xx_hal_uart.o(i.UART_AdvFeatureConfig)
    i.UART_CheckIdleState                    0x08005064   Section        0  stm32h7xx_hal_uart.o(i.UART_CheckIdleState)
    i.UART_DMAAbortOnError                   0x0800514e   Section        0  stm32h7xx_hal_uart.o(i.UART_DMAAbortOnError)
    UART_DMAAbortOnError                     0x0800514f   Thumb Code    24  stm32h7xx_hal_uart.o(i.UART_DMAAbortOnError)
    i.UART_EndRxTransfer                     0x08005168   Section        0  stm32h7xx_hal_uart.o(i.UART_EndRxTransfer)
    UART_EndRxTransfer                       0x08005169   Thumb Code   104  stm32h7xx_hal_uart.o(i.UART_EndRxTransfer)
    i.UART_EndTransmit_IT                    0x080051d4   Section        0  stm32h7xx_hal_uart.o(i.UART_EndTransmit_IT)
    UART_EndTransmit_IT                      0x080051d5   Thumb Code    48  stm32h7xx_hal_uart.o(i.UART_EndTransmit_IT)
    i.UART_RxISR_16BIT                       0x08005204   Section        0  stm32h7xx_hal_uart.o(i.UART_RxISR_16BIT)
    UART_RxISR_16BIT                         0x08005205   Thumb Code   256  stm32h7xx_hal_uart.o(i.UART_RxISR_16BIT)
    i.UART_RxISR_16BIT_FIFOEN                0x08005308   Section        0  stm32h7xx_hal_uart.o(i.UART_RxISR_16BIT_FIFOEN)
    UART_RxISR_16BIT_FIFOEN                  0x08005309   Thumb Code   494  stm32h7xx_hal_uart.o(i.UART_RxISR_16BIT_FIFOEN)
    i.UART_RxISR_8BIT                        0x08005504   Section        0  stm32h7xx_hal_uart.o(i.UART_RxISR_8BIT)
    UART_RxISR_8BIT                          0x08005505   Thumb Code   254  stm32h7xx_hal_uart.o(i.UART_RxISR_8BIT)
    i.UART_RxISR_8BIT_FIFOEN                 0x08005608   Section        0  stm32h7xx_hal_uart.o(i.UART_RxISR_8BIT_FIFOEN)
    UART_RxISR_8BIT_FIFOEN                   0x08005609   Thumb Code   492  stm32h7xx_hal_uart.o(i.UART_RxISR_8BIT_FIFOEN)
    i.UART_SetConfig                         0x08005800   Section        0  stm32h7xx_hal_uart.o(i.UART_SetConfig)
    i.UART_Start_Receive_IT                  0x08005d8c   Section        0  stm32h7xx_hal_uart.o(i.UART_Start_Receive_IT)
    i.UART_WaitOnFlagUntilTimeout            0x08005ee8   Section        0  stm32h7xx_hal_uart.o(i.UART_WaitOnFlagUntilTimeout)
    i.USART1_IRQHandler                      0x08005f8c   Section        0  driver_uart.o(i.USART1_IRQHandler)
    i.UartInitial                            0x08005f9c   Section        0  driver_uart.o(i.UartInitial)
    i.UartTxFrame                            0x08006014   Section        0  driver_uart.o(i.UartTxFrame)
    i.__NVIC_GetPriorityGrouping             0x0800602c   Section        0  stm32h7xx_hal_cortex.o(i.__NVIC_GetPriorityGrouping)
    __NVIC_GetPriorityGrouping               0x0800602d   Thumb Code    10  stm32h7xx_hal_cortex.o(i.__NVIC_GetPriorityGrouping)
    i.__NVIC_SetPriority                     0x0800603c   Section        0  stm32h7xx_hal_cortex.o(i.__NVIC_SetPriority)
    __NVIC_SetPriority                       0x0800603d   Thumb Code    32  stm32h7xx_hal_cortex.o(i.__NVIC_SetPriority)
    i.__NVIC_SystemReset                     0x08006064   Section        0  ota.o(i.__NVIC_SystemReset)
    __NVIC_SystemReset                       0x08006065   Thumb Code    56  ota.o(i.__NVIC_SystemReset)
    i.__scatterload_copy                     0x080060a4   Section       14  handlers.o(i.__scatterload_copy)
    i.__scatterload_null                     0x080060b2   Section        2  handlers.o(i.__scatterload_null)
    i.__scatterload_zeroinit                 0x080060b4   Section       14  handlers.o(i.__scatterload_zeroinit)
    i.bsp_CmpCpuFlash                        0x080060c4   Section        0  embeddedflashmemory.o(i.bsp_CmpCpuFlash)
    i.bsp_EraseCpuFlash                      0x0800610c   Section        0  embeddedflashmemory.o(i.bsp_EraseCpuFlash)
    i.bsp_GetSector                          0x08006158   Section        0  embeddedflashmemory.o(i.bsp_GetSector)
    i.bsp_ReadCpuFlash                       0x0800627c   Section        0  embeddedflashmemory.o(i.bsp_ReadCpuFlash)
    i.bsp_WriteCpuFlash                      0x080062ac   Section        0  embeddedflashmemory.o(i.bsp_WriteCpuFlash)
    i.crc32_full_at                          0x08006370   Section        0  ota.o(i.crc32_full_at)
    crc32_full_at                            0x08006371   Thumb Code    56  ota.o(i.crc32_full_at)
    i.iap_load_app                           0x080063ac   Section        0  app_turntoapp.o(i.iap_load_app)
    i.main                                   0x08006418   Section        0  main.o(i.main)
    i.meta_clear                             0x080065d0   Section        0  ota.o(i.meta_clear)
    meta_clear                               0x080065d1   Thumb Code    10  ota.o(i.meta_clear)
    i.meta_read                              0x080065e0   Section        0  ota.o(i.meta_read)
    meta_read                                0x080065e1   Thumb Code    38  ota.o(i.meta_read)
    i.ram_swap_copy                          0x08006614   Section        0  ota.o(i.ram_swap_copy)
    ram_swap_copy                            0x08006615   Thumb Code   108  ota.o(i.ram_swap_copy)
    .constdata                               0x08006688   Section       16  system_stm32h7xx.o(.constdata)
    .constdata                               0x08006698   Section       24  stm32h7xx_hal_uart.o(.constdata)
    .constdata                               0x080066b0   Section       16  stm32h7xx_hal_uart_ex.o(.constdata)
    numerator                                0x080066b0   Data           8  stm32h7xx_hal_uart_ex.o(.constdata)
    denominator                              0x080066b8   Data           8  stm32h7xx_hal_uart_ex.o(.constdata)
    .data                                    0x24000000   Section        2  main.o(.data)
    .data                                    0x24000002   Section        1  app_link.o(.data)
    .data                                    0x24000003   Section        1  driver_uart.o(.data)
    .data                                    0x24000004   Section        8  system_stm32h7xx.o(.data)
    .data                                    0x2400000c   Section        9  stm32h7xx_hal.o(.data)
    .bss                                     0x24000018   Section      260  app_usart.o(.bss)
    .bss                                     0x2400011c   Section      148  driver_uart.o(.bss)
    .bss                                     0x240001b0   Section       28  stm32h7xx_hal_flash.o(.bss)
    STACK                                    0x240001d0   Section     1024  startup_stm32h743xx.o(STACK)

    Global Symbols

    Symbol Name                              Value     Ov Type        Size  Object(Section)

    BuildAttributes$$THM_ISAv4$E$P$D$K$B$S$7EM$VFPi5$EXTD16$VFPS$VFMA$PE$PLD8$A:L22UL41UL21$X:L11$S22US41US21$IEEE1$IW$USESV6$~STKCKD$USESV7$~SHL$OSPACE$EBA8$MICROLIB$REQ8$PRES8$EABIv2 0x00000000   Number         0  anon$$obj.o ABSOLUTE
    __ARM_use_no_argv                        0x00000000   Number         0  main.o ABSOLUTE
    __cpp_initialize__aeabi_                  - Undefined Weak Reference
    __cxa_finalize                            - Undefined Weak Reference
    __decompress                              - Undefined Weak Reference
    _clock_init                               - Undefined Weak Reference
    _microlib_exit                            - Undefined Weak Reference
    __Vectors_Size                           0x00000298   Number         0  startup_stm32h743xx.o ABSOLUTE
    __Vectors                                0x08000000   Data           4  startup_stm32h743xx.o(RESET)
    __Vectors_End                            0x08000298   Data           0  startup_stm32h743xx.o(RESET)
    __main                                   0x08000299   Thumb Code     0  entry.o(.ARM.Collect$$$$00000000)
    _main_stk                                0x08000299   Thumb Code     0  entry2.o(.ARM.Collect$$$$00000001)
    _main_scatterload                        0x0800029d   Thumb Code     0  entry5.o(.ARM.Collect$$$$00000004)
    __main_after_scatterload                 0x080002a1   Thumb Code     0  entry5.o(.ARM.Collect$$$$00000004)
    _main_clock                              0x080002a1   Thumb Code     0  entry7b.o(.ARM.Collect$$$$00000008)
    _main_cpp_init                           0x080002a1   Thumb Code     0  entry8b.o(.ARM.Collect$$$$0000000A)
    _main_init                               0x080002a1   Thumb Code     0  entry9a.o(.ARM.Collect$$$$0000000B)
    __rt_final_cpp                           0x080002a9   Thumb Code     0  entry10a.o(.ARM.Collect$$$$0000000D)
    __rt_final_exit                          0x080002a9   Thumb Code     0  entry11a.o(.ARM.Collect$$$$0000000F)
    Reset_Handler                            0x080002ad   Thumb Code     8  startup_stm32h743xx.o(.text)
    NMI_Handler                              0x080002b5   Thumb Code     2  startup_stm32h743xx.o(.text)
    HardFault_Handler                        0x080002b7   Thumb Code     2  startup_stm32h743xx.o(.text)
    MemManage_Handler                        0x080002b9   Thumb Code     2  startup_stm32h743xx.o(.text)
    BusFault_Handler                         0x080002bb   Thumb Code     2  startup_stm32h743xx.o(.text)
    UsageFault_Handler                       0x080002bd   Thumb Code     2  startup_stm32h743xx.o(.text)
    SVC_Handler                              0x080002bf   Thumb Code     2  startup_stm32h743xx.o(.text)
    DebugMon_Handler                         0x080002c1   Thumb Code     2  startup_stm32h743xx.o(.text)
    PendSV_Handler                           0x080002c3   Thumb Code     2  startup_stm32h743xx.o(.text)
    ADC3_IRQHandler                          0x080002c7   Thumb Code     0  startup_stm32h743xx.o(.text)
    ADC_IRQHandler                           0x080002c7   Thumb Code     0  startup_stm32h743xx.o(.text)
    BDMA_Channel0_IRQHandler                 0x080002c7   Thumb Code     0  startup_stm32h743xx.o(.text)
    BDMA_Channel1_IRQHandler                 0x080002c7   Thumb Code     0  startup_stm32h743xx.o(.text)
    BDMA_Channel2_IRQHandler                 0x080002c7   Thumb Code     0  startup_stm32h743xx.o(.text)
    BDMA_Channel3_IRQHandler                 0x080002c7   Thumb Code     0  startup_stm32h743xx.o(.text)
    BDMA_Channel4_IRQHandler                 0x080002c7   Thumb Code     0  startup_stm32h743xx.o(.text)
    BDMA_Channel5_IRQHandler                 0x080002c7   Thumb Code     0  startup_stm32h743xx.o(.text)
    BDMA_Channel6_IRQHandler                 0x080002c7   Thumb Code     0  startup_stm32h743xx.o(.text)
    BDMA_Channel7_IRQHandler                 0x080002c7   Thumb Code     0  startup_stm32h743xx.o(.text)
    CEC_IRQHandler                           0x080002c7   Thumb Code     0  startup_stm32h743xx.o(.text)
    COMP1_IRQHandler                         0x080002c7   Thumb Code     0  startup_stm32h743xx.o(.text)
    CRS_IRQHandler                           0x080002c7   Thumb Code     0  startup_stm32h743xx.o(.text)
    DCMI_IRQHandler                          0x080002c7   Thumb Code     0  startup_stm32h743xx.o(.text)
    DFSDM1_FLT0_IRQHandler                   0x080002c7   Thumb Code     0  startup_stm32h743xx.o(.text)
    DFSDM1_FLT1_IRQHandler                   0x080002c7   Thumb Code     0  startup_stm32h743xx.o(.text)
    DFSDM1_FLT2_IRQHandler                   0x080002c7   Thumb Code     0  startup_stm32h743xx.o(.text)
    DFSDM1_FLT3_IRQHandler                   0x080002c7   Thumb Code     0  startup_stm32h743xx.o(.text)
    DMA1_Stream0_IRQHandler                  0x080002c7   Thumb Code     0  startup_stm32h743xx.o(.text)
    DMA1_Stream1_IRQHandler                  0x080002c7   Thumb Code     0  startup_stm32h743xx.o(.text)
    DMA1_Stream2_IRQHandler                  0x080002c7   Thumb Code     0  startup_stm32h743xx.o(.text)
    DMA1_Stream3_IRQHandler                  0x080002c7   Thumb Code     0  startup_stm32h743xx.o(.text)
    DMA1_Stream4_IRQHandler                  0x080002c7   Thumb Code     0  startup_stm32h743xx.o(.text)
    DMA1_Stream5_IRQHandler                  0x080002c7   Thumb Code     0  startup_stm32h743xx.o(.text)
    DMA1_Stream6_IRQHandler                  0x080002c7   Thumb Code     0  startup_stm32h743xx.o(.text)
    DMA1_Stream7_IRQHandler                  0x080002c7   Thumb Code     0  startup_stm32h743xx.o(.text)
    DMA2D_IRQHandler                         0x080002c7   Thumb Code     0  startup_stm32h743xx.o(.text)
    DMA2_Stream0_IRQHandler                  0x080002c7   Thumb Code     0  startup_stm32h743xx.o(.text)
    DMA2_Stream1_IRQHandler                  0x080002c7   Thumb Code     0  startup_stm32h743xx.o(.text)
    DMA2_Stream2_IRQHandler                  0x080002c7   Thumb Code     0  startup_stm32h743xx.o(.text)
    DMA2_Stream3_IRQHandler                  0x080002c7   Thumb Code     0  startup_stm32h743xx.o(.text)
    DMA2_Stream4_IRQHandler                  0x080002c7   Thumb Code     0  startup_stm32h743xx.o(.text)
    DMA2_Stream5_IRQHandler                  0x080002c7   Thumb Code     0  startup_stm32h743xx.o(.text)
    DMA2_Stream6_IRQHandler                  0x080002c7   Thumb Code     0  startup_stm32h743xx.o(.text)
    DMA2_Stream7_IRQHandler                  0x080002c7   Thumb Code     0  startup_stm32h743xx.o(.text)
    DMAMUX1_OVR_IRQHandler                   0x080002c7   Thumb Code     0  startup_stm32h743xx.o(.text)
    DMAMUX2_OVR_IRQHandler                   0x080002c7   Thumb Code     0  startup_stm32h743xx.o(.text)
    ECC_IRQHandler                           0x080002c7   Thumb Code     0  startup_stm32h743xx.o(.text)
    ETH_IRQHandler                           0x080002c7   Thumb Code     0  startup_stm32h743xx.o(.text)
    ETH_WKUP_IRQHandler                      0x080002c7   Thumb Code     0  startup_stm32h743xx.o(.text)
    EXTI0_IRQHandler                         0x080002c7   Thumb Code     0  startup_stm32h743xx.o(.text)
    EXTI15_10_IRQHandler                     0x080002c7   Thumb Code     0  startup_stm32h743xx.o(.text)
    EXTI1_IRQHandler                         0x080002c7   Thumb Code     0  startup_stm32h743xx.o(.text)
    EXTI2_IRQHandler                         0x080002c7   Thumb Code     0  startup_stm32h743xx.o(.text)
    EXTI3_IRQHandler                         0x080002c7   Thumb Code     0  startup_stm32h743xx.o(.text)
    EXTI4_IRQHandler                         0x080002c7   Thumb Code     0  startup_stm32h743xx.o(.text)
    EXTI9_5_IRQHandler                       0x080002c7   Thumb Code     0  startup_stm32h743xx.o(.text)
    FDCAN1_IT0_IRQHandler                    0x080002c7   Thumb Code     0  startup_stm32h743xx.o(.text)
    FDCAN1_IT1_IRQHandler                    0x080002c7   Thumb Code     0  startup_stm32h743xx.o(.text)
    FDCAN2_IT0_IRQHandler                    0x080002c7   Thumb Code     0  startup_stm32h743xx.o(.text)
    FDCAN2_IT1_IRQHandler                    0x080002c7   Thumb Code     0  startup_stm32h743xx.o(.text)
    FDCAN_CAL_IRQHandler                     0x080002c7   Thumb Code     0  startup_stm32h743xx.o(.text)
    FLASH_IRQHandler                         0x080002c7   Thumb Code     0  startup_stm32h743xx.o(.text)
    FMC_IRQHandler                           0x080002c7   Thumb Code     0  startup_stm32h743xx.o(.text)
    FPU_IRQHandler                           0x080002c7   Thumb Code     0  startup_stm32h743xx.o(.text)
    HRTIM1_FLT_IRQHandler                    0x080002c7   Thumb Code     0  startup_stm32h743xx.o(.text)
    HRTIM1_Master_IRQHandler                 0x080002c7   Thumb Code     0  startup_stm32h743xx.o(.text)
    HRTIM1_TIMA_IRQHandler                   0x080002c7   Thumb Code     0  startup_stm32h743xx.o(.text)
    HRTIM1_TIMB_IRQHandler                   0x080002c7   Thumb Code     0  startup_stm32h743xx.o(.text)
    HRTIM1_TIMC_IRQHandler                   0x080002c7   Thumb Code     0  startup_stm32h743xx.o(.text)
    HRTIM1_TIMD_IRQHandler                   0x080002c7   Thumb Code     0  startup_stm32h743xx.o(.text)
    HRTIM1_TIME_IRQHandler                   0x080002c7   Thumb Code     0  startup_stm32h743xx.o(.text)
    HSEM1_IRQHandler                         0x080002c7   Thumb Code     0  startup_stm32h743xx.o(.text)
    I2C1_ER_IRQHandler                       0x080002c7   Thumb Code     0  startup_stm32h743xx.o(.text)
    I2C1_EV_IRQHandler                       0x080002c7   Thumb Code     0  startup_stm32h743xx.o(.text)
    I2C2_ER_IRQHandler                       0x080002c7   Thumb Code     0  startup_stm32h743xx.o(.text)
    I2C2_EV_IRQHandler                       0x080002c7   Thumb Code     0  startup_stm32h743xx.o(.text)
    I2C3_ER_IRQHandler                       0x080002c7   Thumb Code     0  startup_stm32h743xx.o(.text)
    I2C3_EV_IRQHandler                       0x080002c7   Thumb Code     0  startup_stm32h743xx.o(.text)
    I2C4_ER_IRQHandler                       0x080002c7   Thumb Code     0  startup_stm32h743xx.o(.text)
    I2C4_EV_IRQHandler                       0x080002c7   Thumb Code     0  startup_stm32h743xx.o(.text)
    JPEG_IRQHandler                          0x080002c7   Thumb Code     0  startup_stm32h743xx.o(.text)
    LPTIM1_IRQHandler                        0x080002c7   Thumb Code     0  startup_stm32h743xx.o(.text)
    LPTIM2_IRQHandler                        0x080002c7   Thumb Code     0  startup_stm32h743xx.o(.text)
    LPTIM3_IRQHandler                        0x080002c7   Thumb Code     0  startup_stm32h743xx.o(.text)
    LPTIM4_IRQHandler                        0x080002c7   Thumb Code     0  startup_stm32h743xx.o(.text)
    LPTIM5_IRQHandler                        0x080002c7   Thumb Code     0  startup_stm32h743xx.o(.text)
    LPUART1_IRQHandler                       0x080002c7   Thumb Code     0  startup_stm32h743xx.o(.text)
    LTDC_ER_IRQHandler                       0x080002c7   Thumb Code     0  startup_stm32h743xx.o(.text)
    LTDC_IRQHandler                          0x080002c7   Thumb Code     0  startup_stm32h743xx.o(.text)
    MDIOS_IRQHandler                         0x080002c7   Thumb Code     0  startup_stm32h743xx.o(.text)
    MDIOS_WKUP_IRQHandler                    0x080002c7   Thumb Code     0  startup_stm32h743xx.o(.text)
    MDMA_IRQHandler                          0x080002c7   Thumb Code     0  startup_stm32h743xx.o(.text)
    OTG_FS_EP1_IN_IRQHandler                 0x080002c7   Thumb Code     0  startup_stm32h743xx.o(.text)
    OTG_FS_EP1_OUT_IRQHandler                0x080002c7   Thumb Code     0  startup_stm32h743xx.o(.text)
    OTG_FS_IRQHandler                        0x080002c7   Thumb Code     0  startup_stm32h743xx.o(.text)
    OTG_FS_WKUP_IRQHandler                   0x080002c7   Thumb Code     0  startup_stm32h743xx.o(.text)
    OTG_HS_EP1_IN_IRQHandler                 0x080002c7   Thumb Code     0  startup_stm32h743xx.o(.text)
    OTG_HS_EP1_OUT_IRQHandler                0x080002c7   Thumb Code     0  startup_stm32h743xx.o(.text)
    OTG_HS_IRQHandler                        0x080002c7   Thumb Code     0  startup_stm32h743xx.o(.text)
    OTG_HS_WKUP_IRQHandler                   0x080002c7   Thumb Code     0  startup_stm32h743xx.o(.text)
    PVD_AVD_IRQHandler                       0x080002c7   Thumb Code     0  startup_stm32h743xx.o(.text)
    QUADSPI_IRQHandler                       0x080002c7   Thumb Code     0  startup_stm32h743xx.o(.text)
    RCC_IRQHandler                           0x080002c7   Thumb Code     0  startup_stm32h743xx.o(.text)
    RNG_IRQHandler                           0x080002c7   Thumb Code     0  startup_stm32h743xx.o(.text)
    RTC_Alarm_IRQHandler                     0x080002c7   Thumb Code     0  startup_stm32h743xx.o(.text)
    RTC_WKUP_IRQHandler                      0x080002c7   Thumb Code     0  startup_stm32h743xx.o(.text)
    SAI1_IRQHandler                          0x080002c7   Thumb Code     0  startup_stm32h743xx.o(.text)
    SAI2_IRQHandler                          0x080002c7   Thumb Code     0  startup_stm32h743xx.o(.text)
    SAI3_IRQHandler                          0x080002c7   Thumb Code     0  startup_stm32h743xx.o(.text)
    SAI4_IRQHandler                          0x080002c7   Thumb Code     0  startup_stm32h743xx.o(.text)
    SDMMC1_IRQHandler                        0x080002c7   Thumb Code     0  startup_stm32h743xx.o(.text)
    SDMMC2_IRQHandler                        0x080002c7   Thumb Code     0  startup_stm32h743xx.o(.text)
    SPDIF_RX_IRQHandler                      0x080002c7   Thumb Code     0  startup_stm32h743xx.o(.text)
    SPI1_IRQHandler                          0x080002c7   Thumb Code     0  startup_stm32h743xx.o(.text)
    SPI2_IRQHandler                          0x080002c7   Thumb Code     0  startup_stm32h743xx.o(.text)
    SPI3_IRQHandler                          0x080002c7   Thumb Code     0  startup_stm32h743xx.o(.text)
    SPI4_IRQHandler                          0x080002c7   Thumb Code     0  startup_stm32h743xx.o(.text)
    SPI5_IRQHandler                          0x080002c7   Thumb Code     0  startup_stm32h743xx.o(.text)
    SPI6_IRQHandler                          0x080002c7   Thumb Code     0  startup_stm32h743xx.o(.text)
    SWPMI1_IRQHandler                        0x080002c7   Thumb Code     0  startup_stm32h743xx.o(.text)
    TAMP_STAMP_IRQHandler                    0x080002c7   Thumb Code     0  startup_stm32h743xx.o(.text)
    TIM15_IRQHandler                         0x080002c7   Thumb Code     0  startup_stm32h743xx.o(.text)
    TIM16_IRQHandler                         0x080002c7   Thumb Code     0  startup_stm32h743xx.o(.text)
    TIM17_IRQHandler                         0x080002c7   Thumb Code     0  startup_stm32h743xx.o(.text)
    TIM1_BRK_IRQHandler                      0x080002c7   Thumb Code     0  startup_stm32h743xx.o(.text)
    TIM1_CC_IRQHandler                       0x080002c7   Thumb Code     0  startup_stm32h743xx.o(.text)
    TIM1_TRG_COM_IRQHandler                  0x080002c7   Thumb Code     0  startup_stm32h743xx.o(.text)
    TIM1_UP_IRQHandler                       0x080002c7   Thumb Code     0  startup_stm32h743xx.o(.text)
    TIM2_IRQHandler                          0x080002c7   Thumb Code     0  startup_stm32h743xx.o(.text)
    TIM3_IRQHandler                          0x080002c7   Thumb Code     0  startup_stm32h743xx.o(.text)
    TIM4_IRQHandler                          0x080002c7   Thumb Code     0  startup_stm32h743xx.o(.text)
    TIM5_IRQHandler                          0x080002c7   Thumb Code     0  startup_stm32h743xx.o(.text)
    TIM6_DAC_IRQHandler                      0x080002c7   Thumb Code     0  startup_stm32h743xx.o(.text)
    TIM7_IRQHandler                          0x080002c7   Thumb Code     0  startup_stm32h743xx.o(.text)
    TIM8_BRK_TIM12_IRQHandler                0x080002c7   Thumb Code     0  startup_stm32h743xx.o(.text)
    TIM8_CC_IRQHandler                       0x080002c7   Thumb Code     0  startup_stm32h743xx.o(.text)
    TIM8_TRG_COM_TIM14_IRQHandler            0x080002c7   Thumb Code     0  startup_stm32h743xx.o(.text)
    TIM8_UP_TIM13_IRQHandler                 0x080002c7   Thumb Code     0  startup_stm32h743xx.o(.text)
    UART4_IRQHandler                         0x080002c7   Thumb Code     0  startup_stm32h743xx.o(.text)
    UART5_IRQHandler                         0x080002c7   Thumb Code     0  startup_stm32h743xx.o(.text)
    UART7_IRQHandler                         0x080002c7   Thumb Code     0  startup_stm32h743xx.o(.text)
    UART8_IRQHandler                         0x080002c7   Thumb Code     0  startup_stm32h743xx.o(.text)
    USART2_IRQHandler                        0x080002c7   Thumb Code     0  startup_stm32h743xx.o(.text)
    USART3_IRQHandler                        0x080002c7   Thumb Code     0  startup_stm32h743xx.o(.text)
    USART6_IRQHandler                        0x080002c7   Thumb Code     0  startup_stm32h743xx.o(.text)
    WAKEUP_PIN_IRQHandler                    0x080002c7   Thumb Code     0  startup_stm32h743xx.o(.text)
    WWDG_IRQHandler                          0x080002c7   Thumb Code     0  startup_stm32h743xx.o(.text)
    __aeabi_uldivmod                         0x080002d1   Thumb Code    98  uldiv.o(.text)
    __aeabi_memcpy                           0x08000333   Thumb Code    36  memcpya.o(.text)
    __aeabi_memcpy4                          0x08000333   Thumb Code     0  memcpya.o(.text)
    __aeabi_memcpy8                          0x08000333   Thumb Code     0  memcpya.o(.text)
    __aeabi_memset                           0x08000357   Thumb Code    14  memseta.o(.text)
    __aeabi_memset4                          0x08000357   Thumb Code     0  memseta.o(.text)
    __aeabi_memset8                          0x08000357   Thumb Code     0  memseta.o(.text)
    __aeabi_memclr                           0x08000365   Thumb Code     4  memseta.o(.text)
    __aeabi_memclr4                          0x08000365   Thumb Code     0  memseta.o(.text)
    __aeabi_memclr8                          0x08000365   Thumb Code     0  memseta.o(.text)
    _memset$wrapper                          0x08000369   Thumb Code    18  memseta.o(.text)
    __aeabi_llsl                             0x0800037b   Thumb Code    30  llshl.o(.text)
    _ll_shift_l                              0x0800037b   Thumb Code     0  llshl.o(.text)
    __aeabi_llsr                             0x08000399   Thumb Code    32  llushr.o(.text)
    _ll_ushift_r                             0x08000399   Thumb Code     0  llushr.o(.text)
    __scatterload                            0x080003b9   Thumb Code    28  init.o(.text)
    __scatterload_rt2                        0x080003b9   Thumb Code     0  init.o(.text)
    App_Link_BinFileDownLoad                 0x080003dd   Thumb Code   234  app_link.o(i.App_Link_BinFileDownLoad)
    App_Link_CheckVerify                     0x080004e9   Thumb Code    70  app_link.o(i.App_Link_CheckVerify)
    App_Link_FLASH_PagesMask                 0x0800052f   Thumb Code    24  app_link.o(i.App_Link_FLASH_PagesMask)
    App_Link_GetVerify                       0x08000547   Thumb Code    36  app_link.o(i.App_Link_GetVerify)
    App_Link_ReadData                        0x0800056d   Thumb Code   222  app_link.o(i.App_Link_ReadData)
    App_Link_ReadFileSize                    0x08000655   Thumb Code   184  app_link.o(i.App_Link_ReadFileSize)
    App_Link_TxAckPacket                     0x08000719   Thumb Code    52  app_link.o(i.App_Link_TxAckPacket)
    App_Usart_ClearFrame                     0x08000751   Thumb Code    12  app_usart.o(i.App_Usart_ClearFrame)
    App_Usart_GetFrame                       0x08000761   Thumb Code    14  app_usart.o(i.App_Usart_GetFrame)
    App_Usart_Init                           0x08000775   Thumb Code    38  app_usart.o(i.App_Usart_Init)
    App_Usart_Reset                          0x080007a1   Thumb Code    18  app_usart.o(i.App_Usart_Reset)
    App_Usart_TxFrame                        0x080007b9   Thumb Code    72  app_usart.o(i.App_Usart_TxFrame)
    Error_Handler                            0x08000805   Thumb Code     6  main.o(i.Error_Handler)
    FLASH_Erase_Sector                       0x0800080d   Thumb Code    88  stm32h7xx_hal_flash_ex.o(i.FLASH_Erase_Sector)
    FLASH_WaitForLastOperation               0x0800090d   Thumb Code   230  stm32h7xx_hal_flash.o(i.FLASH_WaitForLastOperation)
    GetBoardAddress                          0x08000a11   Thumb Code   106  main.o(i.GetBoardAddress)
    HAL_DMA_Abort                            0x08000a85   Thumb Code  1236  stm32h7xx_hal_dma.o(i.HAL_DMA_Abort)
    HAL_DMA_Abort_IT                         0x08000f61   Thumb Code   906  stm32h7xx_hal_dma.o(i.HAL_DMA_Abort_IT)
    HAL_FLASHEx_Erase                        0x080012f9   Thumb Code   302  stm32h7xx_hal_flash_ex.o(i.HAL_FLASHEx_Erase)
    HAL_FLASH_Lock                           0x08001435   Thumb Code    58  stm32h7xx_hal_flash.o(i.HAL_FLASH_Lock)
    HAL_FLASH_Program                        0x08001479   Thumb Code   286  stm32h7xx_hal_flash.o(i.HAL_FLASH_Program)
    HAL_FLASH_Unlock                         0x080015a5   Thumb Code    78  stm32h7xx_hal_flash.o(i.HAL_FLASH_Unlock)
    HAL_GPIO_DeInit                          0x08001605   Thumb Code   328  stm32h7xx_hal_gpio.o(i.HAL_GPIO_DeInit)
    HAL_GPIO_Init                            0x0800177d   Thumb Code   456  stm32h7xx_hal_gpio.o(i.HAL_GPIO_Init)
    HAL_GPIO_ReadPin                         0x08001979   Thumb Code    16  stm32h7xx_hal_gpio.o(i.HAL_GPIO_ReadPin)
    HAL_GPIO_WritePin                        0x08001989   Thumb Code    12  stm32h7xx_hal_gpio.o(i.HAL_GPIO_WritePin)
    HAL_GetREVID                             0x08001995   Thumb Code     8  stm32h7xx_hal.o(i.HAL_GetREVID)
    HAL_GetTick                              0x080019a1   Thumb Code     6  stm32h7xx_hal.o(i.HAL_GetTick)
    HAL_Init                                 0x080019ad   Thumb Code    80  stm32h7xx_hal.o(i.HAL_Init)
    HAL_InitTick                             0x08001a0d   Thumb Code    74  stm32h7xx_hal.o(i.HAL_InitTick)
    HAL_MPU_ConfigRegion                     0x08001a65   Thumb Code    88  stm32h7xx_hal_cortex.o(i.HAL_MPU_ConfigRegion)
    HAL_MPU_Disable                          0x08001ac1   Thumb Code    38  stm32h7xx_hal_cortex.o(i.HAL_MPU_Disable)
    HAL_MPU_Enable                           0x08001aed   Thumb Code    58  stm32h7xx_hal_cortex.o(i.HAL_MPU_Enable)
    HAL_MspInit                              0x08001b2d   Thumb Code     2  stm32h7xx_hal.o(i.HAL_MspInit)
    HAL_NVIC_DisableIRQ                      0x08001b31   Thumb Code    62  stm32h7xx_hal_cortex.o(i.HAL_NVIC_DisableIRQ)
    HAL_NVIC_EnableIRQ                       0x08001b75   Thumb Code    40  stm32h7xx_hal_cortex.o(i.HAL_NVIC_EnableIRQ)
    HAL_NVIC_SetPriority                     0x08001b9d   Thumb Code   122  stm32h7xx_hal_cortex.o(i.HAL_NVIC_SetPriority)
    HAL_NVIC_SetPriorityGrouping             0x08001c19   Thumb Code    32  stm32h7xx_hal_cortex.o(i.HAL_NVIC_SetPriorityGrouping)
    HAL_PWREx_ConfigSupply                   0x08001c41   Thumb Code    90  stm32h7xx_hal_pwr_ex.o(i.HAL_PWREx_ConfigSupply)
    HAL_RCCEx_GetD3PCLK1Freq                 0x08001ca1   Thumb Code    26  stm32h7xx_hal_rcc_ex.o(i.HAL_RCCEx_GetD3PCLK1Freq)
    HAL_RCCEx_GetPLL2ClockFreq               0x08001cc5   Thumb Code   536  stm32h7xx_hal_rcc_ex.o(i.HAL_RCCEx_GetPLL2ClockFreq)
    HAL_RCCEx_GetPLL3ClockFreq               0x08001ef5   Thumb Code   536  stm32h7xx_hal_rcc_ex.o(i.HAL_RCCEx_GetPLL3ClockFreq)
    HAL_RCCEx_PeriphCLKConfig                0x08002125   Thumb Code  3432  stm32h7xx_hal_rcc_ex.o(i.HAL_RCCEx_PeriphCLKConfig)
    HAL_RCC_ClockConfig                      0x08002e8d   Thumb Code   774  stm32h7xx_hal_rcc.o(i.HAL_RCC_ClockConfig)
    HAL_RCC_DeInit                           0x080031ad   Thumb Code   516  stm32h7xx_hal_rcc.o(i.HAL_RCC_DeInit)
    HAL_RCC_GetHCLKFreq                      0x080033d9   Thumb Code    60  stm32h7xx_hal_rcc.o(i.HAL_RCC_GetHCLKFreq)
    HAL_RCC_GetPCLK1Freq                     0x08003425   Thumb Code    26  stm32h7xx_hal_rcc.o(i.HAL_RCC_GetPCLK1Freq)
    HAL_RCC_GetPCLK2Freq                     0x08003449   Thumb Code    26  stm32h7xx_hal_rcc.o(i.HAL_RCC_GetPCLK2Freq)
    HAL_RCC_GetSysClockFreq                  0x0800346d   Thumb Code   524  stm32h7xx_hal_rcc.o(i.HAL_RCC_GetSysClockFreq)
    HAL_RCC_OscConfig                        0x08003699   Thumb Code  2130  stm32h7xx_hal_rcc.o(i.HAL_RCC_OscConfig)
    HAL_SYSTICK_Config                       0x08003ef1   Thumb Code    52  stm32h7xx_hal_cortex.o(i.HAL_SYSTICK_Config)
    HAL_UARTEx_DisableFifoMode               0x08003f25   Thumb Code    78  stm32h7xx_hal_uart_ex.o(i.HAL_UARTEx_DisableFifoMode)
    HAL_UARTEx_RxEventCallback               0x08003f73   Thumb Code     2  stm32h7xx_hal_uart.o(i.HAL_UARTEx_RxEventCallback)
    HAL_UARTEx_RxFifoFullCallback            0x08003f75   Thumb Code     2  stm32h7xx_hal_uart_ex.o(i.HAL_UARTEx_RxFifoFullCallback)
    HAL_UARTEx_SetRxFifoThreshold            0x08003f77   Thumb Code    94  stm32h7xx_hal_uart_ex.o(i.HAL_UARTEx_SetRxFifoThreshold)
    HAL_UARTEx_SetTxFifoThreshold            0x08003fd5   Thumb Code    94  stm32h7xx_hal_uart_ex.o(i.HAL_UARTEx_SetTxFifoThreshold)
    HAL_UARTEx_TxFifoEmptyCallback           0x08004033   Thumb Code     2  stm32h7xx_hal_uart_ex.o(i.HAL_UARTEx_TxFifoEmptyCallback)
    HAL_UARTEx_WakeupCallback                0x08004035   Thumb Code     2  stm32h7xx_hal_uart_ex.o(i.HAL_UARTEx_WakeupCallback)
    HAL_UART_ErrorCallback                   0x08004037   Thumb Code     2  stm32h7xx_hal_uart.o(i.HAL_UART_ErrorCallback)
    HAL_UART_IRQHandler                      0x08004039   Thumb Code  1172  stm32h7xx_hal_uart.o(i.HAL_UART_IRQHandler)
    HAL_UART_Init                            0x080044cd   Thumb Code   120  stm32h7xx_hal_uart.o(i.HAL_UART_Init)
    HAL_UART_MspDeInit                       0x08004545   Thumb Code    34  driver_uart.o(i.HAL_UART_MspDeInit)
    HAL_UART_MspInit                         0x08004571   Thumb Code   152  driver_uart.o(i.HAL_UART_MspInit)
    HAL_UART_Receive_IT                      0x08004611   Thumb Code    88  stm32h7xx_hal_uart.o(i.HAL_UART_Receive_IT)
    HAL_UART_RxCpltCallback                  0x0800466d   Thumb Code   360  app_usart.o(i.HAL_UART_RxCpltCallback)
    HAL_UART_Transmit                        0x080047e1   Thumb Code   194  stm32h7xx_hal_uart.o(i.HAL_UART_Transmit)
    HAL_UART_TxCpltCallback                  0x080048a3   Thumb Code     2  stm32h7xx_hal_uart.o(i.HAL_UART_TxCpltCallback)
    MPU_Config                               0x080048a5   Thumb Code   134  main.o(i.MPU_Config)
    OTA_CheckAndSwap_Early                   0x0800492b   Thumb Code    66  ota.o(i.OTA_CheckAndSwap_Early)
    OTA_SwapToBase_FromStaging               0x0800496d   Thumb Code    12  ota.o(i.OTA_SwapToBase_FromStaging)
    PeriphCommonClock_Config                 0x08004979   Thumb Code    72  main.o(i.PeriphCommonClock_Config)
    SleepMs                                  0x08004c89   Thumb Code    30  driver_sleep.o(i.SleepMs)
    SleepUs                                  0x08004ca7   Thumb Code    26  driver_sleep.o(i.SleepUs)
    SysTick_Handler                          0x08004cc1   Thumb Code     2  main.o(i.SysTick_Handler)
    SystemClock_Config                       0x08004cc5   Thumb Code   318  main.o(i.SystemClock_Config)
    SystemInit                               0x08004e11   Thumb Code   220  system_stm32h7xx.o(i.SystemInit)
    UART_AdvFeatureConfig                    0x08004f6d   Thumb Code   248  stm32h7xx_hal_uart.o(i.UART_AdvFeatureConfig)
    UART_CheckIdleState                      0x08005065   Thumb Code   234  stm32h7xx_hal_uart.o(i.UART_CheckIdleState)
    UART_SetConfig                           0x08005801   Thumb Code  1402  stm32h7xx_hal_uart.o(i.UART_SetConfig)
    UART_Start_Receive_IT                    0x08005d8d   Thumb Code   332  stm32h7xx_hal_uart.o(i.UART_Start_Receive_IT)
    UART_WaitOnFlagUntilTimeout              0x08005ee9   Thumb Code   162  stm32h7xx_hal_uart.o(i.UART_WaitOnFlagUntilTimeout)
    USART1_IRQHandler                        0x08005f8d   Thumb Code    10  driver_uart.o(i.USART1_IRQHandler)
    UartInitial                              0x08005f9d   Thumb Code   108  driver_uart.o(i.UartInitial)
    UartTxFrame                              0x08006015   Thumb Code    20  driver_uart.o(i.UartTxFrame)
    __scatterload_copy                       0x080060a5   Thumb Code    14  handlers.o(i.__scatterload_copy)
    __scatterload_null                       0x080060b3   Thumb Code     2  handlers.o(i.__scatterload_null)
    __scatterload_zeroinit                   0x080060b5   Thumb Code    14  handlers.o(i.__scatterload_zeroinit)
    bsp_CmpCpuFlash                          0x080060c5   Thumb Code    68  embeddedflashmemory.o(i.bsp_CmpCpuFlash)
    bsp_EraseCpuFlash                        0x0800610d   Thumb Code    76  embeddedflashmemory.o(i.bsp_EraseCpuFlash)
    bsp_GetSector                            0x08006159   Thumb Code   232  embeddedflashmemory.o(i.bsp_GetSector)
    bsp_ReadCpuFlash                         0x0800627d   Thumb Code    44  embeddedflashmemory.o(i.bsp_ReadCpuFlash)
    bsp_WriteCpuFlash                        0x080062ad   Thumb Code   192  embeddedflashmemory.o(i.bsp_WriteCpuFlash)
    iap_load_app                             0x080063ad   Thumb Code    94  app_turntoapp.o(i.iap_load_app)
    main                                     0x08006419   Thumb Code   410  main.o(i.main)
    D1CorePrescTable                         0x08006688   Data          16  system_stm32h7xx.o(.constdata)
    UARTPrescTable                           0x08006698   Data          24  stm32h7xx_hal_uart.o(.constdata)
    Region$$Table$$Base                      0x080066c0   Number         0  anon$$obj.o(Region$$Table)
    Region$$Table$$Limit                     0x080066e0   Number         0  anon$$obj.o(Region$$Table)
    g_Rs485Add                               0x24000000   Data           2  main.o(.data)
    errormessage                             0x24000002   Data           1  app_link.o(.data)
    UsartRXTemp                              0x24000003   Data           1  driver_uart.o(.data)
    SystemCoreClock                          0x24000004   Data           4  system_stm32h7xx.o(.data)
    SystemD2Clock                            0x24000008   Data           4  system_stm32h7xx.o(.data)
    uwTick                                   0x2400000c   Data           4  stm32h7xx_hal.o(.data)
    uwTickPrio                               0x24000010   Data           4  stm32h7xx_hal.o(.data)
    uwTickFreq                               0x24000014   Data           1  stm32h7xx_hal.o(.data)
    g_UsartStruct                            0x24000018   Data         260  app_usart.o(.bss)
    huart                                    0x2400011c   Data         148  driver_uart.o(.bss)
    pFlash                                   0x240001b0   Data          28  stm32h7xx_hal_flash.o(.bss)
    __initial_sp                             0x240005d0   Data           0  startup_stm32h743xx.o(STACK)



==============================================================================

Memory Map of the image

  Image Entry point : 0x08000299

  Load Region LR_IROM1 (Base: 0x08000000, Size: 0x000066f8, Max: 0x00007fff, ABSOLUTE)

    Execution Region ER_IROM1 (Exec base: 0x08000000, Load base: 0x08000000, Size: 0x000066e0, Max: 0x00007fff, ABSOLUTE)

    Exec Addr    Load Addr    Size         Type   Attr      Idx    E Section Name        Object

    0x08000000   0x08000000   0x00000298   Data   RO         2883    RESET               startup_stm32h743xx.o
    0x08000298   0x08000298   0x00000000   Code   RO         2888  * .ARM.Collect$$$$00000000  mc_w.l(entry.o)
    0x08000298   0x08000298   0x00000004   Code   RO         2899    .ARM.Collect$$$$00000001  mc_w.l(entry2.o)
    0x0800029c   0x0800029c   0x00000004   Code   RO         2902    .ARM.Collect$$$$00000004  mc_w.l(entry5.o)
    0x080002a0   0x080002a0   0x00000000   Code   RO         2904    .ARM.Collect$$$$00000008  mc_w.l(entry7b.o)
    0x080002a0   0x080002a0   0x00000000   Code   RO         2906    .ARM.Collect$$$$0000000A  mc_w.l(entry8b.o)
    0x080002a0   0x080002a0   0x00000008   Code   RO         2907    .ARM.Collect$$$$0000000B  mc_w.l(entry9a.o)
    0x080002a8   0x080002a8   0x00000000   Code   RO         2909    .ARM.Collect$$$$0000000D  mc_w.l(entry10a.o)
    0x080002a8   0x080002a8   0x00000000   Code   RO         2911    .ARM.Collect$$$$0000000F  mc_w.l(entry11a.o)
    0x080002a8   0x080002a8   0x00000004   Code   RO         2900    .ARM.Collect$$$$00002712  mc_w.l(entry2.o)
    0x080002ac   0x080002ac   0x00000024   Code   RO         2884    .text               startup_stm32h743xx.o
    0x080002d0   0x080002d0   0x00000062   Code   RO         2891    .text               mc_w.l(uldiv.o)
    0x08000332   0x08000332   0x00000024   Code   RO         2893    .text               mc_w.l(memcpya.o)
    0x08000356   0x08000356   0x00000024   Code   RO         2895    .text               mc_w.l(memseta.o)
    0x0800037a   0x0800037a   0x0000001e   Code   RO         2913    .text               mc_w.l(llshl.o)
    0x08000398   0x08000398   0x00000020   Code   RO         2915    .text               mc_w.l(llushr.o)
    0x080003b8   0x080003b8   0x00000024   Code   RO         2917    .text               mc_w.l(init.o)
    0x080003dc   0x080003dc   0x0000010c   Code   RO          182    i.App_Link_BinFileDownLoad  app_link.o
    0x080004e8   0x080004e8   0x00000046   Code   RO          183    i.App_Link_CheckVerify  app_link.o
    0x0800052e   0x0800052e   0x00000018   Code   RO          184    i.App_Link_FLASH_PagesMask  app_link.o
    0x08000546   0x08000546   0x00000024   Code   RO          185    i.App_Link_GetVerify  app_link.o
    0x0800056a   0x0800056a   0x00000002   PAD
    0x0800056c   0x0800056c   0x000000e8   Code   RO          186    i.App_Link_ReadData  app_link.o
    0x08000654   0x08000654   0x000000c4   Code   RO          187    i.App_Link_ReadFileSize  app_link.o
    0x08000718   0x08000718   0x00000038   Code   RO          188    i.App_Link_TxAckPacket  app_link.o
    0x08000750   0x08000750   0x00000010   Code   RO          276    i.App_Usart_ClearFrame  app_usart.o
    0x08000760   0x08000760   0x00000014   Code   RO          277    i.App_Usart_GetFrame  app_usart.o
    0x08000774   0x08000774   0x0000002c   Code   RO          278    i.App_Usart_Init    app_usart.o
    0x080007a0   0x080007a0   0x00000018   Code   RO          280    i.App_Usart_Reset   app_usart.o
    0x080007b8   0x080007b8   0x0000004c   Code   RO          281    i.App_Usart_TxFrame  app_usart.o
    0x08000804   0x08000804   0x00000006   Code   RO            4    i.Error_Handler     main.o
    0x0800080a   0x0800080a   0x00000002   PAD
    0x0800080c   0x0800080c   0x00000060   Code   RO         1173    i.FLASH_Erase_Sector  stm32h7xx_hal_flash_ex.o
    0x0800086c   0x0800086c   0x000000a0   Code   RO         1174    i.FLASH_MassErase   stm32h7xx_hal_flash_ex.o
    0x0800090c   0x0800090c   0x00000104   Code   RO         1065    i.FLASH_WaitForLastOperation  stm32h7xx_hal_flash.o
    0x08000a10   0x08000a10   0x00000074   Code   RO            5    i.GetBoardAddress   main.o
    0x08000a84   0x08000a84   0x000004dc   Code   RO         2324    i.HAL_DMA_Abort     stm32h7xx_hal_dma.o
    0x08000f60   0x08000f60   0x00000398   Code   RO         2325    i.HAL_DMA_Abort_IT  stm32h7xx_hal_dma.o
    0x080012f8   0x080012f8   0x0000013c   Code   RO         1191    i.HAL_FLASHEx_Erase  stm32h7xx_hal_flash_ex.o
    0x08001434   0x08001434   0x00000044   Code   RO         1069    i.HAL_FLASH_Lock    stm32h7xx_hal_flash.o
    0x08001478   0x08001478   0x0000012c   Code   RO         1074    i.HAL_FLASH_Program  stm32h7xx_hal_flash.o
    0x080015a4   0x080015a4   0x00000060   Code   RO         1076    i.HAL_FLASH_Unlock  stm32h7xx_hal_flash.o
    0x08001604   0x08001604   0x00000178   Code   RO          685    i.HAL_GPIO_DeInit   stm32h7xx_hal_gpio.o
    0x0800177c   0x0800177c   0x000001fc   Code   RO          688    i.HAL_GPIO_Init     stm32h7xx_hal_gpio.o
    0x08001978   0x08001978   0x00000010   Code   RO          690    i.HAL_GPIO_ReadPin  stm32h7xx_hal_gpio.o
    0x08001988   0x08001988   0x0000000c   Code   RO          692    i.HAL_GPIO_WritePin  stm32h7xx_hal_gpio.o
    0x08001994   0x08001994   0x0000000c   Code   RO          769    i.HAL_GetREVID      stm32h7xx_hal.o
    0x080019a0   0x080019a0   0x0000000c   Code   RO          770    i.HAL_GetTick       stm32h7xx_hal.o
    0x080019ac   0x080019ac   0x00000060   Code   RO          777    i.HAL_Init          stm32h7xx_hal.o
    0x08001a0c   0x08001a0c   0x00000058   Code   RO          778    i.HAL_InitTick      stm32h7xx_hal.o
    0x08001a64   0x08001a64   0x0000005c   Code   RO         2174    i.HAL_MPU_ConfigRegion  stm32h7xx_hal_cortex.o
    0x08001ac0   0x08001ac0   0x0000002c   Code   RO         2175    i.HAL_MPU_Disable   stm32h7xx_hal_cortex.o
    0x08001aec   0x08001aec   0x00000040   Code   RO         2176    i.HAL_MPU_Enable    stm32h7xx_hal_cortex.o
    0x08001b2c   0x08001b2c   0x00000002   Code   RO          780    i.HAL_MspInit       stm32h7xx_hal.o
    0x08001b2e   0x08001b2e   0x00000002   PAD
    0x08001b30   0x08001b30   0x00000044   Code   RO         2178    i.HAL_NVIC_DisableIRQ  stm32h7xx_hal_cortex.o
    0x08001b74   0x08001b74   0x00000028   Code   RO         2179    i.HAL_NVIC_EnableIRQ  stm32h7xx_hal_cortex.o
    0x08001b9c   0x08001b9c   0x0000007a   Code   RO         2185    i.HAL_NVIC_SetPriority  stm32h7xx_hal_cortex.o
    0x08001c16   0x08001c16   0x00000002   PAD
    0x08001c18   0x08001c18   0x00000028   Code   RO         2186    i.HAL_NVIC_SetPriorityGrouping  stm32h7xx_hal_cortex.o
    0x08001c40   0x08001c40   0x00000060   Code   RO         2631    i.HAL_PWREx_ConfigSupply  stm32h7xx_hal_pwr_ex.o
    0x08001ca0   0x08001ca0   0x00000024   Code   RO         1455    i.HAL_RCCEx_GetD3PCLK1Freq  stm32h7xx_hal_rcc_ex.o
    0x08001cc4   0x08001cc4   0x00000230   Code   RO         1457    i.HAL_RCCEx_GetPLL2ClockFreq  stm32h7xx_hal_rcc_ex.o
    0x08001ef4   0x08001ef4   0x00000230   Code   RO         1458    i.HAL_RCCEx_GetPLL3ClockFreq  stm32h7xx_hal_rcc_ex.o
    0x08002124   0x08002124   0x00000d68   Code   RO         1464    i.HAL_RCCEx_PeriphCLKConfig  stm32h7xx_hal_rcc_ex.o
    0x08002e8c   0x08002e8c   0x00000320   Code   RO         1340    i.HAL_RCC_ClockConfig  stm32h7xx_hal_rcc.o
    0x080031ac   0x080031ac   0x0000022c   Code   RO         1341    i.HAL_RCC_DeInit    stm32h7xx_hal_rcc.o
    0x080033d8   0x080033d8   0x0000004c   Code   RO         1345    i.HAL_RCC_GetHCLKFreq  stm32h7xx_hal_rcc.o
    0x08003424   0x08003424   0x00000024   Code   RO         1347    i.HAL_RCC_GetPCLK1Freq  stm32h7xx_hal_rcc.o
    0x08003448   0x08003448   0x00000024   Code   RO         1348    i.HAL_RCC_GetPCLK2Freq  stm32h7xx_hal_rcc.o
    0x0800346c   0x0800346c   0x0000022c   Code   RO         1349    i.HAL_RCC_GetSysClockFreq  stm32h7xx_hal_rcc.o
    0x08003698   0x08003698   0x00000858   Code   RO         1352    i.HAL_RCC_OscConfig  stm32h7xx_hal_rcc.o
    0x08003ef0   0x08003ef0   0x00000034   Code   RO         2190    i.HAL_SYSTICK_Config  stm32h7xx_hal_cortex.o
    0x08003f24   0x08003f24   0x0000004e   Code   RO         2050    i.HAL_UARTEx_DisableFifoMode  stm32h7xx_hal_uart_ex.o
    0x08003f72   0x08003f72   0x00000002   Code   RO         1634    i.HAL_UARTEx_RxEventCallback  stm32h7xx_hal_uart.o
    0x08003f74   0x08003f74   0x00000002   Code   RO         2058    i.HAL_UARTEx_RxFifoFullCallback  stm32h7xx_hal_uart_ex.o
    0x08003f76   0x08003f76   0x0000005e   Code   RO         2059    i.HAL_UARTEx_SetRxFifoThreshold  stm32h7xx_hal_uart_ex.o
    0x08003fd4   0x08003fd4   0x0000005e   Code   RO         2060    i.HAL_UARTEx_SetTxFifoThreshold  stm32h7xx_hal_uart_ex.o
    0x08004032   0x08004032   0x00000002   Code   RO         2062    i.HAL_UARTEx_TxFifoEmptyCallback  stm32h7xx_hal_uart_ex.o
    0x08004034   0x08004034   0x00000002   Code   RO         2063    i.HAL_UARTEx_WakeupCallback  stm32h7xx_hal_uart_ex.o
    0x08004036   0x08004036   0x00000002   Code   RO         1650    i.HAL_UART_ErrorCallback  stm32h7xx_hal_uart.o
    0x08004038   0x08004038   0x00000494   Code   RO         1653    i.HAL_UART_IRQHandler  stm32h7xx_hal_uart.o
    0x080044cc   0x080044cc   0x00000078   Code   RO         1654    i.HAL_UART_Init     stm32h7xx_hal_uart.o
    0x08004544   0x08004544   0x0000002c   Code   RO          397    i.HAL_UART_MspDeInit  driver_uart.o
    0x08004570   0x08004570   0x000000a0   Code   RO          398    i.HAL_UART_MspInit  driver_uart.o
    0x08004610   0x08004610   0x0000005c   Code   RO         1659    i.HAL_UART_Receive_IT  stm32h7xx_hal_uart.o
    0x0800466c   0x0800466c   0x00000174   Code   RO          282    i.HAL_UART_RxCpltCallback  app_usart.o
    0x080047e0   0x080047e0   0x000000c2   Code   RO         1663    i.HAL_UART_Transmit  stm32h7xx_hal_uart.o
    0x080048a2   0x080048a2   0x00000002   Code   RO         1666    i.HAL_UART_TxCpltCallback  stm32h7xx_hal_uart.o
    0x080048a4   0x080048a4   0x00000086   Code   RO            6    i.MPU_Config        main.o
    0x0800492a   0x0800492a   0x00000042   Code   RO          560    i.OTA_CheckAndSwap_Early  ota.o
    0x0800496c   0x0800496c   0x0000000c   Code   RO          561    i.OTA_SwapToBase_FromStaging  ota.o
    0x08004978   0x08004978   0x00000048   Code   RO            7    i.PeriphCommonClock_Config  main.o
    0x080049c0   0x080049c0   0x00000164   Code   RO         1467    i.RCCEx_PLL2_Config  stm32h7xx_hal_rcc_ex.o
    0x08004b24   0x08004b24   0x00000164   Code   RO         1468    i.RCCEx_PLL3_Config  stm32h7xx_hal_rcc_ex.o
    0x08004c88   0x08004c88   0x0000001e   Code   RO          373    i.SleepMs           driver_sleep.o
    0x08004ca6   0x08004ca6   0x0000001a   Code   RO          374    i.SleepUs           driver_sleep.o
    0x08004cc0   0x08004cc0   0x00000002   Code   RO            8    i.SysTick_Handler   main.o
    0x08004cc2   0x08004cc2   0x00000002   PAD
    0x08004cc4   0x08004cc4   0x0000014c   Code   RO            9    i.SystemClock_Config  main.o
    0x08004e10   0x08004e10   0x00000104   Code   RO          649    i.SystemInit        system_stm32h7xx.o
    0x08004f14   0x08004f14   0x00000058   Code   RO         2064    i.UARTEx_SetNbDataToProcess  stm32h7xx_hal_uart_ex.o
    0x08004f6c   0x08004f6c   0x000000f8   Code   RO         1668    i.UART_AdvFeatureConfig  stm32h7xx_hal_uart.o
    0x08005064   0x08005064   0x000000ea   Code   RO         1669    i.UART_CheckIdleState  stm32h7xx_hal_uart.o
    0x0800514e   0x0800514e   0x00000018   Code   RO         1670    i.UART_DMAAbortOnError  stm32h7xx_hal_uart.o
    0x08005166   0x08005166   0x00000002   PAD
    0x08005168   0x08005168   0x0000006c   Code   RO         1680    i.UART_EndRxTransfer  stm32h7xx_hal_uart.o
    0x080051d4   0x080051d4   0x00000030   Code   RO         1681    i.UART_EndTransmit_IT  stm32h7xx_hal_uart.o
    0x08005204   0x08005204   0x00000104   Code   RO         1683    i.UART_RxISR_16BIT  stm32h7xx_hal_uart.o
    0x08005308   0x08005308   0x000001fc   Code   RO         1684    i.UART_RxISR_16BIT_FIFOEN  stm32h7xx_hal_uart.o
    0x08005504   0x08005504   0x00000104   Code   RO         1685    i.UART_RxISR_8BIT   stm32h7xx_hal_uart.o
    0x08005608   0x08005608   0x000001f8   Code   RO         1686    i.UART_RxISR_8BIT_FIFOEN  stm32h7xx_hal_uart.o
    0x08005800   0x08005800   0x0000058c   Code   RO         1687    i.UART_SetConfig    stm32h7xx_hal_uart.o
    0x08005d8c   0x08005d8c   0x0000015c   Code   RO         1689    i.UART_Start_Receive_IT  stm32h7xx_hal_uart.o
    0x08005ee8   0x08005ee8   0x000000a2   Code   RO         1694    i.UART_WaitOnFlagUntilTimeout  stm32h7xx_hal_uart.o
    0x08005f8a   0x08005f8a   0x00000002   PAD
    0x08005f8c   0x08005f8c   0x00000010   Code   RO          399    i.USART1_IRQHandler  driver_uart.o
    0x08005f9c   0x08005f9c   0x00000078   Code   RO          400    i.UartInitial       driver_uart.o
    0x08006014   0x08006014   0x00000018   Code   RO          401    i.UartTxFrame       driver_uart.o
    0x0800602c   0x0800602c   0x00000010   Code   RO         2192    i.__NVIC_GetPriorityGrouping  stm32h7xx_hal_cortex.o
    0x0800603c   0x0800603c   0x00000028   Code   RO         2193    i.__NVIC_SetPriority  stm32h7xx_hal_cortex.o
    0x08006064   0x08006064   0x00000040   Code   RO          562    i.__NVIC_SystemReset  ota.o
    0x080060a4   0x080060a4   0x0000000e   Code   RO         2921    i.__scatterload_copy  mc_w.l(handlers.o)
    0x080060b2   0x080060b2   0x00000002   Code   RO         2922    i.__scatterload_null  mc_w.l(handlers.o)
    0x080060b4   0x080060b4   0x0000000e   Code   RO         2923    i.__scatterload_zeroinit  mc_w.l(handlers.o)
    0x080060c2   0x080060c2   0x00000002   PAD
    0x080060c4   0x080060c4   0x00000048   Code   RO          462    i.bsp_CmpCpuFlash   embeddedflashmemory.o
    0x0800610c   0x0800610c   0x0000004c   Code   RO          463    i.bsp_EraseCpuFlash  embeddedflashmemory.o
    0x08006158   0x08006158   0x00000124   Code   RO          464    i.bsp_GetSector     embeddedflashmemory.o
    0x0800627c   0x0800627c   0x00000030   Code   RO          465    i.bsp_ReadCpuFlash  embeddedflashmemory.o
    0x080062ac   0x080062ac   0x000000c4   Code   RO          466    i.bsp_WriteCpuFlash  embeddedflashmemory.o
    0x08006370   0x08006370   0x0000003c   Code   RO          564    i.crc32_full_at     ota.o
    0x080063ac   0x080063ac   0x0000006c   Code   RO          343    i.iap_load_app      app_turntoapp.o
    0x08006418   0x08006418   0x000001b8   Code   RO           10    i.main              main.o
    0x080065d0   0x080065d0   0x00000010   Code   RO          565    i.meta_clear        ota.o
    0x080065e0   0x080065e0   0x00000034   Code   RO          566    i.meta_read         ota.o
    0x08006614   0x08006614   0x00000074   Code   RO          567    i.ram_swap_copy     ota.o
    0x08006688   0x08006688   0x00000010   Data   RO          650    .constdata          system_stm32h7xx.o
    0x08006698   0x08006698   0x00000018   Data   RO         1695    .constdata          stm32h7xx_hal_uart.o
    0x080066b0   0x080066b0   0x00000010   Data   RO         2066    .constdata          stm32h7xx_hal_uart_ex.o
    0x080066c0   0x080066c0   0x00000020   Data   RO         2919    Region$$Table       anon$$obj.o


    Execution Region RW_IRAM2 (Exec base: 0x24000000, Load base: 0x080066e0, Size: 0x000005d0, Max: 0x00080000, ABSOLUTE)

    Exec Addr    Load Addr    Size         Type   Attr      Idx    E Section Name        Object

    0x24000000   0x080066e0   0x00000002   Data   RW           11    .data               main.o
    0x24000002   0x080066e2   0x00000001   Data   RW          193    .data               app_link.o
    0x24000003   0x080066e3   0x00000001   Data   RW          403    .data               driver_uart.o
    0x24000004   0x080066e4   0x00000008   Data   RW          651    .data               system_stm32h7xx.o
    0x2400000c   0x080066ec   0x00000009   Data   RW          799    .data               stm32h7xx_hal.o
    0x24000015   0x080066f5   0x00000003   PAD
    0x24000018        -       0x00000104   Zero   RW          283    .bss                app_usart.o
    0x2400011c        -       0x00000094   Zero   RW          402    .bss                driver_uart.o
    0x240001b0        -       0x0000001c   Zero   RW         1077    .bss                stm32h7xx_hal_flash.o
    0x240001cc   0x080066f5   0x00000004   PAD
    0x240001d0        -       0x00000400   Zero   RW         2881    STACK               startup_stm32h743xx.o


==============================================================================

Image component sizes


      Code (inc. data)   RO Data    RW Data    ZI Data      Debug   Object Name

       882         60          0          1          0       6437   app_link.o
       108         14          0          0          0       6971   app_turntoapp.o
       552         38          0          0        260       5453   app_usart.o
        56          0          0          0          0       1068   driver_sleep.o
       364         40          0          1        148       4332   driver_uart.o
       684         72          0          0          0      10549   embeddedflashmemory.o
      1102         54          0          2          0    1278044   main.o
       386         40          0          0          0       5238   ota.o
        36          8        664          0       1024        828   startup_stm32h743xx.o
       210         40          0          9          0      22788   stm32h7xx_hal.o
       578         44          0          0          0      43055   stm32h7xx_hal_cortex.o
      2164         34          0          0          0       4327   stm32h7xx_hal_dma.o
       724         72          0          0         28      14582   stm32h7xx_hal_flash.o
       572         32          0          0          0       2893   stm32h7xx_hal_flash_ex.o
       912        100          0          0          0       3801   stm32h7xx_hal_gpio.o
        96          6          0          0          0        773   stm32h7xx_hal_pwr_ex.o
      4196        154          0          0          0       7993   stm32h7xx_hal_rcc.o
      5300        108          0          0          0       7393   stm32h7xx_hal_rcc_ex.o
      5708        204         24          0          0      38490   stm32h7xx_hal_uart.o
       360         10         16          0          0       5542   stm32h7xx_hal_uart_ex.o
       260         40         16          8          0       1438   system_stm32h7xx.o

    ----------------------------------------------------------------------
     25264       1170        752         24       1464    1471995   Object Totals
         0          0         32          0          0          0   (incl. Generated)
        14          0          0          3          4          0   (incl. Padding)

    ----------------------------------------------------------------------

      Code (inc. data)   RO Data    RW Data    ZI Data      Debug   Library Member Name

         0          0          0          0          0          0   entry.o
         0          0          0          0          0          0   entry10a.o
         0          0          0          0          0          0   entry11a.o
         8          4          0          0          0          0   entry2.o
         4          0          0          0          0          0   entry5.o
         0          0          0          0          0          0   entry7b.o
         0          0          0          0          0          0   entry8b.o
         8          4          0          0          0          0   entry9a.o
        30          0          0          0          0          0   handlers.o
        36          8          0          0          0         68   init.o
        30          0          0          0          0         68   llshl.o
        32          0          0          0          0         68   llushr.o
        36          0          0          0          0         68   memcpya.o
        36          0          0          0          0        108   memseta.o
        98          0          0          0          0         92   uldiv.o

    ----------------------------------------------------------------------
       320         16          0          0          0        472   Library Totals
         2          0          0          0          0          0   (incl. Padding)

    ----------------------------------------------------------------------

      Code (inc. data)   RO Data    RW Data    ZI Data      Debug   Library Name

       318         16          0          0          0        472   mc_w.l

    ----------------------------------------------------------------------
       320         16          0          0          0        472   Library Totals

    ----------------------------------------------------------------------

==============================================================================


      Code (inc. data)   RO Data    RW Data    ZI Data      Debug   

     25584       1186        752         24       1464    1462315   Grand Totals
     25584       1186        752         24       1464    1462315   ELF Image Totals
     25584       1186        752         24          0          0   ROM Totals

==============================================================================

    Total RO  Size (Code + RO Data)                26336 (  25.72kB)
    Total RW  Size (RW Data + ZI Data)              1488 (   1.45kB)
    Total ROM Size (Code + RO Data + RW Data)      26360 (  25.74kB)

==============================================================================

