<!doctype html public "-//w3c//dtd html 4.0 transitional//en">
<html><head>
<title>Static Call Graph - [.\Objects\Laser_coc_V1.0]</title></head>
<body><HR>
<H1>Static Call Graph for image .\Objects\Laser_coc_V1.0</H1><HR>
<BR><P>#&#060CALLGRAPH&#062# ARM Linker, 5060750: Last Updated: Wed Jan 14 10:31:50 2026
<BR><P>
<H3>Maximum Stack Usage =       1184 bytes + Unknown(Cycles, Untraceable Function Pointers)</H3><H3>
Call chain for Maximum Stack Depth:</H3>
prvMQTTConnectTask &rArr; prvConnectToServerWithBackoffRetries &rArr; Plaintext_FreeRTOS_Connect &rArr; Sockets_Connect &rArr; FreeRTOS_gethostbyname &rArr; FreeRTOS_gethostbyname_a &rArr; prvPrepareLookup &rArr; prvGetHostByName &rArr; prvGetHostByNameOp_WithRetry &rArr; prvGetHostByNameOp &rArr; prvDNSReply &rArr; DNS_ParseDNSReply &rArr; parseDNSAnswer &rArr; FreeRTOS_dns_update &rArr; FreeRTOS_ProcessDNSCache &rArr; prvGetCacheIPEntry &rArr; prvReadDNSCache &rArr; pxNew_AddrInfo &rArr; pvPortMalloc &rArr; xTaskResumeAll &rArr; xTaskIncrementTick
<P>
<H3>
Mutually Recursive functions
</H3> <LI><a href="#[82]">ADC3_IRQHandler</a>&nbsp;&nbsp;&nbsp;&rArr;&nbsp;&nbsp;&nbsp;<a href="#[82]">ADC3_IRQHandler</a><BR>
 <LI><a href="#[1dd]">FreeRTOS_listen</a>&nbsp;&nbsp;&nbsp;&rArr;&nbsp;&nbsp;&nbsp;<a href="#[1e1]">vTCPStateChange</a><BR>
 <LI><a href="#[3da]">prvTCPSetSocketCount</a>&nbsp;&nbsp;&nbsp;&rArr;&nbsp;&nbsp;&nbsp;<a href="#[361]">vSocketClose</a><BR>
</UL>
<P>
<H3>
Function Pointers
</H3><UL>
 <LI><a href="#[82]">ADC3_IRQHandler</a> from startup_stm32h743xx.o(.text) referenced from startup_stm32h743xx.o(RESET)
 <LI><a href="#[1d]">ADC_IRQHandler</a> from startup_stm32h743xx.o(.text) referenced from startup_stm32h743xx.o(RESET)
 <LI><a href="#[e9]">APCModePIDOpertion</a> from functionset.o(i.APCModePIDOpertion) referenced from functionset.o(i.SampMonitEntry)
 <LI><a href="#[e8]">APCModePIDSampling</a> from functionset.o(i.APCModePIDSampling) referenced from functionset.o(i.SampMonitEntry)
 <LI><a href="#[84]">BDMA_Channel0_IRQHandler</a> from startup_stm32h743xx.o(.text) referenced from startup_stm32h743xx.o(RESET)
 <LI><a href="#[85]">BDMA_Channel1_IRQHandler</a> from startup_stm32h743xx.o(.text) referenced from startup_stm32h743xx.o(RESET)
 <LI><a href="#[86]">BDMA_Channel2_IRQHandler</a> from startup_stm32h743xx.o(.text) referenced from startup_stm32h743xx.o(RESET)
 <LI><a href="#[87]">BDMA_Channel3_IRQHandler</a> from startup_stm32h743xx.o(.text) referenced from startup_stm32h743xx.o(RESET)
 <LI><a href="#[88]">BDMA_Channel4_IRQHandler</a> from startup_stm32h743xx.o(.text) referenced from startup_stm32h743xx.o(RESET)
 <LI><a href="#[89]">BDMA_Channel5_IRQHandler</a> from startup_stm32h743xx.o(.text) referenced from startup_stm32h743xx.o(RESET)
 <LI><a href="#[8a]">BDMA_Channel6_IRQHandler</a> from startup_stm32h743xx.o(.text) referenced from startup_stm32h743xx.o(RESET)
 <LI><a href="#[8b]">BDMA_Channel7_IRQHandler</a> from startup_stm32h743xx.o(.text) referenced from startup_stm32h743xx.o(RESET)
 <LI><a href="#[5]">BusFault_Handler</a> from stm32h7xx_it.o(i.BusFault_Handler) referenced from startup_stm32h743xx.o(RESET)
 <LI><a href="#[63]">CEC_IRQHandler</a> from startup_stm32h743xx.o(.text) referenced from startup_stm32h743xx.o(RESET)
 <LI><a href="#[8c]">COMP1_IRQHandler</a> from startup_stm32h743xx.o(.text) referenced from startup_stm32h743xx.o(RESET)
 <LI><a href="#[92]">CRS_IRQHandler</a> from startup_stm32h743xx.o(.text) referenced from startup_stm32h743xx.o(RESET)
 <LI><a href="#[ac]">CallIDN</a> from messagepass.o(i.CallIDN) referenced from messagepass.o(i.MessagePassInit)
 <LI><a href="#[b0]">CheckAPCModePara</a> from messagepass.o(i.CheckAPCModePara) referenced from messagepass.o(i.MessagePassInit)
 <LI><a href="#[ae]">CheckLDBurnInMode</a> from messagepass.o(i.CheckLDBurnInMode) referenced from messagepass.o(i.MessagePassInit)
 <LI><a href="#[c0]">CheckLDCurrentGear</a> from messagepass.o(i.CheckLDCurrentGear) referenced from messagepass.o(i.MessagePassInit)
 <LI><a href="#[b4]">CheckLDCurrentProcess</a> from messagepass.o(i.CheckLDCurrentProcess) referenced from messagepass.o(i.MessagePassInit)
 <LI><a href="#[ca]">CheckLDScanCurrentProcess</a> from messagepass.o(i.CheckLDScanCurrentProcess) referenced from messagepass.o(i.MessagePassInit)
 <LI><a href="#[c2]">CheckMPDCurrentLevel</a> from messagepass.o(i.CheckMPDCurrentLevel) referenced from messagepass.o(i.MessagePassInit)
 <LI><a href="#[b7]">CheckMPDVoltageProcess</a> from messagepass.o(i.CheckMPDVoltageProcess) referenced from messagepass.o(i.MessagePassInit)
 <LI><a href="#[c4]">CheckPDCurrentLevel</a> from messagepass.o(i.CheckPDCurrentLevel) referenced from messagepass.o(i.MessagePassInit)
 <LI><a href="#[b9]">CheckPDVoltageProcess</a> from messagepass.o(i.CheckPDVoltageProcess) referenced from messagepass.o(i.MessagePassInit)
 <LI><a href="#[be]">CheckTimeUp</a> from messagepass.o(i.CheckTimeUp) referenced from messagepass.o(i.MessagePassInit)
 <LI><a href="#[af]">ConfigAPCModePara</a> from messagepass.o(i.ConfigAPCModePara) referenced from messagepass.o(i.MessagePassInit)
 <LI><a href="#[c6]">ConfigChannelProcess</a> from messagepass.o(i.ConfigChannelProcess) referenced from messagepass.o(i.MessagePassInit)
 <LI><a href="#[ad]">ConfigLDBurnInMode</a> from messagepass.o(i.ConfigLDBurnInMode) referenced from messagepass.o(i.MessagePassInit)
 <LI><a href="#[bf]">ConfigLDCurrentGear</a> from messagepass.o(i.ConfigLDCurrentGear) referenced from messagepass.o(i.MessagePassInit)
 <LI><a href="#[b3]">ConfigLDCurrentProcess</a> from messagepass.o(i.ConfigLDCurrentProcess) referenced from messagepass.o(i.MessagePassInit)
 <LI><a href="#[c9]">ConfigLDScanCurrentProcess</a> from messagepass.o(i.ConfigLDScanCurrentProcess) referenced from messagepass.o(i.MessagePassInit)
 <LI><a href="#[c1]">ConfigMPDCurrentLevel</a> from messagepass.o(i.ConfigMPDCurrentLevel) referenced from messagepass.o(i.MessagePassInit)
 <LI><a href="#[b6]">ConfigMPDVoltageProcess</a> from messagepass.o(i.ConfigMPDVoltageProcess) referenced from messagepass.o(i.MessagePassInit)
 <LI><a href="#[c3]">ConfigPDCurrentLevel</a> from messagepass.o(i.ConfigPDCurrentLevel) referenced from messagepass.o(i.MessagePassInit)
 <LI><a href="#[b8]">ConfigPDVoltageProcess</a> from messagepass.o(i.ConfigPDVoltageProcess) referenced from messagepass.o(i.MessagePassInit)
 <LI><a href="#[c5]">ConfigPWRLimit</a> from messagepass.o(i.ConfigPWRLimit) referenced from messagepass.o(i.MessagePassInit)
 <LI><a href="#[b1]">ConfigPortSwitch</a> from messagepass.o(i.ConfigPortSwitch) referenced from messagepass.o(i.MessagePassInit)
 <LI><a href="#[bd]">ConfigTimeUp</a> from messagepass.o(i.ConfigTimeUp) referenced from messagepass.o(i.MessagePassInit)
 <LI><a href="#[dc]">ControlLedStatus</a> from messagepass.o(i.ControlLedStatus) referenced from messagepass.o(i.MessagePassInit)
 <LI><a href="#[54]">DCMI_IRQHandler</a> from startup_stm32h743xx.o(.text) referenced from startup_stm32h743xx.o(RESET)
 <LI><a href="#[73]">DFSDM1_FLT0_IRQHandler</a> from startup_stm32h743xx.o(.text) referenced from startup_stm32h743xx.o(RESET)
 <LI><a href="#[74]">DFSDM1_FLT1_IRQHandler</a> from startup_stm32h743xx.o(.text) referenced from startup_stm32h743xx.o(RESET)
 <LI><a href="#[75]">DFSDM1_FLT2_IRQHandler</a> from startup_stm32h743xx.o(.text) referenced from startup_stm32h743xx.o(RESET)
 <LI><a href="#[76]">DFSDM1_FLT3_IRQHandler</a> from startup_stm32h743xx.o(.text) referenced from startup_stm32h743xx.o(RESET)
 <LI><a href="#[16]">DMA1_Stream0_IRQHandler</a> from startup_stm32h743xx.o(.text) referenced from startup_stm32h743xx.o(RESET)
 <LI><a href="#[17]">DMA1_Stream1_IRQHandler</a> from startup_stm32h743xx.o(.text) referenced from startup_stm32h743xx.o(RESET)
 <LI><a href="#[18]">DMA1_Stream2_IRQHandler</a> from startup_stm32h743xx.o(.text) referenced from startup_stm32h743xx.o(RESET)
 <LI><a href="#[19]">DMA1_Stream3_IRQHandler</a> from startup_stm32h743xx.o(.text) referenced from startup_stm32h743xx.o(RESET)
 <LI><a href="#[1a]">DMA1_Stream4_IRQHandler</a> from startup_stm32h743xx.o(.text) referenced from startup_stm32h743xx.o(RESET)
 <LI><a href="#[1b]">DMA1_Stream5_IRQHandler</a> from startup_stm32h743xx.o(.text) referenced from startup_stm32h743xx.o(RESET)
 <LI><a href="#[1c]">DMA1_Stream6_IRQHandler</a> from startup_stm32h743xx.o(.text) referenced from startup_stm32h743xx.o(RESET)
 <LI><a href="#[39]">DMA1_Stream7_IRQHandler</a> from startup_stm32h743xx.o(.text) referenced from startup_stm32h743xx.o(RESET)
 <LI><a href="#[5f]">DMA2D_IRQHandler</a> from startup_stm32h743xx.o(.text) referenced from startup_stm32h743xx.o(RESET)
 <LI><a href="#[42]">DMA2_Stream0_IRQHandler</a> from startup_stm32h743xx.o(.text) referenced from startup_stm32h743xx.o(RESET)
 <LI><a href="#[43]">DMA2_Stream1_IRQHandler</a> from startup_stm32h743xx.o(.text) referenced from startup_stm32h743xx.o(RESET)
 <LI><a href="#[44]">DMA2_Stream2_IRQHandler</a> from startup_stm32h743xx.o(.text) referenced from startup_stm32h743xx.o(RESET)
 <LI><a href="#[45]">DMA2_Stream3_IRQHandler</a> from startup_stm32h743xx.o(.text) referenced from startup_stm32h743xx.o(RESET)
 <LI><a href="#[46]">DMA2_Stream4_IRQHandler</a> from startup_stm32h743xx.o(.text) referenced from startup_stm32h743xx.o(RESET)
 <LI><a href="#[4a]">DMA2_Stream5_IRQHandler</a> from startup_stm32h743xx.o(.text) referenced from startup_stm32h743xx.o(RESET)
 <LI><a href="#[4b]">DMA2_Stream6_IRQHandler</a> from startup_stm32h743xx.o(.text) referenced from startup_stm32h743xx.o(RESET)
 <LI><a href="#[4c]">DMA2_Stream7_IRQHandler</a> from startup_stm32h743xx.o(.text) referenced from startup_stm32h743xx.o(RESET)
 <LI><a href="#[6b]">DMAMUX1_OVR_IRQHandler</a> from startup_stm32h743xx.o(.text) referenced from startup_stm32h743xx.o(RESET)
 <LI><a href="#[83]">DMAMUX2_OVR_IRQHandler</a> from startup_stm32h743xx.o(.text) referenced from startup_stm32h743xx.o(RESET)
 <LI><a href="#[8]">DebugMon_Handler</a> from stm32h7xx_it.o(i.DebugMon_Handler) referenced from startup_stm32h743xx.o(RESET)
 <LI><a href="#[9e]">DriverSPIRegWrite</a> from sgm5348.o(i.DriverSPIRegWrite) referenced from controlparam.o(i.ConfigSGM5348Init)
 <LI><a href="#[93]">ECC_IRQHandler</a> from startup_stm32h743xx.o(.text) referenced from startup_stm32h743xx.o(RESET)
 <LI><a href="#[47]">ETH_IRQHandler</a> from networkinterface.o(i.ETH_IRQHandler) referenced from startup_stm32h743xx.o(RESET)
 <LI><a href="#[48]">ETH_WKUP_IRQHandler</a> from startup_stm32h743xx.o(.text) referenced from startup_stm32h743xx.o(RESET)
 <LI><a href="#[11]">EXTI0_IRQHandler</a> from startup_stm32h743xx.o(.text) referenced from startup_stm32h743xx.o(RESET)
 <LI><a href="#[33]">EXTI15_10_IRQHandler</a> from startup_stm32h743xx.o(.text) referenced from startup_stm32h743xx.o(RESET)
 <LI><a href="#[12]">EXTI1_IRQHandler</a> from startup_stm32h743xx.o(.text) referenced from startup_stm32h743xx.o(RESET)
 <LI><a href="#[13]">EXTI2_IRQHandler</a> from startup_stm32h743xx.o(.text) referenced from startup_stm32h743xx.o(RESET)
 <LI><a href="#[14]">EXTI3_IRQHandler</a> from startup_stm32h743xx.o(.text) referenced from startup_stm32h743xx.o(RESET)
 <LI><a href="#[15]">EXTI4_IRQHandler</a> from startup_stm32h743xx.o(.text) referenced from startup_stm32h743xx.o(RESET)
 <LI><a href="#[22]">EXTI9_5_IRQHandler</a> from startup_stm32h743xx.o(.text) referenced from startup_stm32h743xx.o(RESET)
 <LI><a href="#[1e]">FDCAN1_IT0_IRQHandler</a> from startup_stm32h743xx.o(.text) referenced from startup_stm32h743xx.o(RESET)
 <LI><a href="#[20]">FDCAN1_IT1_IRQHandler</a> from startup_stm32h743xx.o(.text) referenced from startup_stm32h743xx.o(RESET)
 <LI><a href="#[1f]">FDCAN2_IT0_IRQHandler</a> from startup_stm32h743xx.o(.text) referenced from startup_stm32h743xx.o(RESET)
 <LI><a href="#[21]">FDCAN2_IT1_IRQHandler</a> from startup_stm32h743xx.o(.text) referenced from startup_stm32h743xx.o(RESET)
 <LI><a href="#[49]">FDCAN_CAL_IRQHandler</a> from startup_stm32h743xx.o(.text) referenced from startup_stm32h743xx.o(RESET)
 <LI><a href="#[f]">FLASH_IRQHandler</a> from startup_stm32h743xx.o(.text) referenced from startup_stm32h743xx.o(RESET)
 <LI><a href="#[3a]">FMC_IRQHandler</a> from startup_stm32h743xx.o(.text) referenced from startup_stm32h743xx.o(RESET)
 <LI><a href="#[56]">FPU_IRQHandler</a> from startup_stm32h743xx.o(.text) referenced from startup_stm32h743xx.o(RESET)
 <LI><a href="#[a1]">FirstLedControlEntry</a> from controlparam.o(i.FirstLedControlEntry) referenced from controlparam.o(i.ControlParamInit)
 <LI><a href="#[e1]">GetCalDataProcess</a> from messagepass.o(i.GetCalDataProcess) referenced from messagepass.o(i.MessagePassInit)
 <LI><a href="#[72]">HRTIM1_FLT_IRQHandler</a> from startup_stm32h743xx.o(.text) referenced from startup_stm32h743xx.o(RESET)
 <LI><a href="#[6c]">HRTIM1_Master_IRQHandler</a> from startup_stm32h743xx.o(.text) referenced from startup_stm32h743xx.o(RESET)
 <LI><a href="#[6d]">HRTIM1_TIMA_IRQHandler</a> from startup_stm32h743xx.o(.text) referenced from startup_stm32h743xx.o(RESET)
 <LI><a href="#[6e]">HRTIM1_TIMB_IRQHandler</a> from startup_stm32h743xx.o(.text) referenced from startup_stm32h743xx.o(RESET)
 <LI><a href="#[6f]">HRTIM1_TIMC_IRQHandler</a> from startup_stm32h743xx.o(.text) referenced from startup_stm32h743xx.o(RESET)
 <LI><a href="#[70]">HRTIM1_TIMD_IRQHandler</a> from startup_stm32h743xx.o(.text) referenced from startup_stm32h743xx.o(RESET)
 <LI><a href="#[71]">HRTIM1_TIME_IRQHandler</a> from startup_stm32h743xx.o(.text) referenced from startup_stm32h743xx.o(RESET)
 <LI><a href="#[81]">HSEM1_IRQHandler</a> from startup_stm32h743xx.o(.text) referenced from startup_stm32h743xx.o(RESET)
 <LI><a href="#[3]">HardFault_Handler</a> from stm32h7xx_it.o(i.HardFault_Handler) referenced from startup_stm32h743xx.o(RESET)
 <LI><a href="#[2b]">I2C1_ER_IRQHandler</a> from startup_stm32h743xx.o(.text) referenced from startup_stm32h743xx.o(RESET)
 <LI><a href="#[2a]">I2C1_EV_IRQHandler</a> from startup_stm32h743xx.o(.text) referenced from startup_stm32h743xx.o(RESET)
 <LI><a href="#[2d]">I2C2_ER_IRQHandler</a> from startup_stm32h743xx.o(.text) referenced from startup_stm32h743xx.o(RESET)
 <LI><a href="#[2c]">I2C2_EV_IRQHandler</a> from startup_stm32h743xx.o(.text) referenced from startup_stm32h743xx.o(RESET)
 <LI><a href="#[4f]">I2C3_ER_IRQHandler</a> from startup_stm32h743xx.o(.text) referenced from startup_stm32h743xx.o(RESET)
 <LI><a href="#[4e]">I2C3_EV_IRQHandler</a> from startup_stm32h743xx.o(.text) referenced from startup_stm32h743xx.o(RESET)
 <LI><a href="#[65]">I2C4_ER_IRQHandler</a> from startup_stm32h743xx.o(.text) referenced from startup_stm32h743xx.o(RESET)
 <LI><a href="#[64]">I2C4_EV_IRQHandler</a> from startup_stm32h743xx.o(.text) referenced from startup_stm32h743xx.o(RESET)
 <LI><a href="#[7e]">JPEG_IRQHandler</a> from startup_stm32h743xx.o(.text) referenced from startup_stm32h743xx.o(RESET)
 <LI><a href="#[62]">LPTIM1_IRQHandler</a> from startup_stm32h743xx.o(.text) referenced from startup_stm32h743xx.o(RESET)
 <LI><a href="#[8d]">LPTIM2_IRQHandler</a> from startup_stm32h743xx.o(.text) referenced from startup_stm32h743xx.o(RESET)
 <LI><a href="#[8e]">LPTIM3_IRQHandler</a> from startup_stm32h743xx.o(.text) referenced from startup_stm32h743xx.o(RESET)
 <LI><a href="#[8f]">LPTIM4_IRQHandler</a> from startup_stm32h743xx.o(.text) referenced from startup_stm32h743xx.o(RESET)
 <LI><a href="#[90]">LPTIM5_IRQHandler</a> from startup_stm32h743xx.o(.text) referenced from startup_stm32h743xx.o(RESET)
 <LI><a href="#[91]">LPUART1_IRQHandler</a> from startup_stm32h743xx.o(.text) referenced from startup_stm32h743xx.o(RESET)
 <LI><a href="#[5e]">LTDC_ER_IRQHandler</a> from startup_stm32h743xx.o(.text) referenced from startup_stm32h743xx.o(RESET)
 <LI><a href="#[5d]">LTDC_IRQHandler</a> from startup_stm32h743xx.o(.text) referenced from startup_stm32h743xx.o(RESET)
 <LI><a href="#[9f]">LinkLedControlEntry</a> from controlparam.o(i.LinkLedControlEntry) referenced from controlparam.o(i.ControlParamInit)
 <LI><a href="#[7d]">MDIOS_IRQHandler</a> from startup_stm32h743xx.o(.text) referenced from startup_stm32h743xx.o(RESET)
 <LI><a href="#[7c]">MDIOS_WKUP_IRQHandler</a> from startup_stm32h743xx.o(.text) referenced from startup_stm32h743xx.o(RESET)
 <LI><a href="#[7f]">MDMA_IRQHandler</a> from startup_stm32h743xx.o(.text) referenced from startup_stm32h743xx.o(RESET)
 <LI><a href="#[4]">MemManage_Handler</a> from stm32h7xx_it.o(i.MemManage_Handler) referenced from startup_stm32h743xx.o(RESET)
 <LI><a href="#[e6]">MessageAnalyseEntry</a> from messagepass.o(i.MessageAnalyseEntry) referenced from messagepass.o(i.MessagePassInit)
 <LI><a href="#[2]">NMI_Handler</a> from stm32h7xx_it.o(i.NMI_Handler) referenced from startup_stm32h743xx.o(RESET)
 <LI><a href="#[68]">OTG_FS_EP1_IN_IRQHandler</a> from startup_stm32h743xx.o(.text) referenced from startup_stm32h743xx.o(RESET)
 <LI><a href="#[67]">OTG_FS_EP1_OUT_IRQHandler</a> from startup_stm32h743xx.o(.text) referenced from startup_stm32h743xx.o(RESET)
 <LI><a href="#[6a]">OTG_FS_IRQHandler</a> from startup_stm32h743xx.o(.text) referenced from startup_stm32h743xx.o(RESET)
 <LI><a href="#[69]">OTG_FS_WKUP_IRQHandler</a> from startup_stm32h743xx.o(.text) referenced from startup_stm32h743xx.o(RESET)
 <LI><a href="#[51]">OTG_HS_EP1_IN_IRQHandler</a> from startup_stm32h743xx.o(.text) referenced from startup_stm32h743xx.o(RESET)
 <LI><a href="#[50]">OTG_HS_EP1_OUT_IRQHandler</a> from startup_stm32h743xx.o(.text) referenced from startup_stm32h743xx.o(RESET)
 <LI><a href="#[53]">OTG_HS_IRQHandler</a> from startup_stm32h743xx.o(.text) referenced from startup_stm32h743xx.o(RESET)
 <LI><a href="#[52]">OTG_HS_WKUP_IRQHandler</a> from startup_stm32h743xx.o(.text) referenced from startup_stm32h743xx.o(RESET)
 <LI><a href="#[e4]">OtaCommit</a> from messagepass.o(i.OtaCommit) referenced from messagepass.o(i.MessagePassInit)
 <LI><a href="#[e3]">OtaStart</a> from messagepass.o(i.OtaStart) referenced from messagepass.o(i.MessagePassInit)
 <LI><a href="#[e5]">OtaVerfyMark</a> from messagepass.o(i.OtaVerfyMark) referenced from messagepass.o(i.MessagePassInit)
 <LI><a href="#[a9]">OtherItemEntry</a> from functionset.o(i.OtherItemEntry) referenced from functionset.o(i.FunctionSetInit)
 <LI><a href="#[c]">PVD_AVD_IRQHandler</a> from startup_stm32h743xx.o(.text) referenced from startup_stm32h743xx.o(RESET)
 <LI><a href="#[9]">PendSV_Handler</a> from port.o(.emb_text) referenced from startup_stm32h743xx.o(RESET)
 <LI><a href="#[f2]">Plaintext_FreeRTOS_recv</a> from using_plaintext.o(i.Plaintext_FreeRTOS_recv) referenced from plaintextmqtt.o(i.prvCreateMQTTConnectionWithBroker)
 <LI><a href="#[f1]">Plaintext_FreeRTOS_send</a> from using_plaintext.o(i.Plaintext_FreeRTOS_send) referenced from plaintextmqtt.o(i.prvCreateMQTTConnectionWithBroker)
 <LI><a href="#[61]">QUADSPI_IRQHandler</a> from startup_stm32h743xx.o(.text) referenced from startup_stm32h743xx.o(RESET)
 <LI><a href="#[10]">RCC_IRQHandler</a> from startup_stm32h743xx.o(.text) referenced from startup_stm32h743xx.o(RESET)
 <LI><a href="#[55]">RNG_IRQHandler</a> from startup_stm32h743xx.o(.text) referenced from startup_stm32h743xx.o(RESET)
 <LI><a href="#[34]">RTC_Alarm_IRQHandler</a> from startup_stm32h743xx.o(.text) referenced from startup_stm32h743xx.o(RESET)
 <LI><a href="#[e]">RTC_WKUP_IRQHandler</a> from startup_stm32h743xx.o(.text) referenced from startup_stm32h743xx.o(RESET)
 <LI><a href="#[d8]">ReadBoardLineInf</a> from messagepass.o(i.ReadBoardLineInf) referenced from messagepass.o(i.MessagePassInit)
 <LI><a href="#[d6]">ReadBurnInBoard</a> from messagepass.o(i.ReadBurnInBoard) referenced from messagepass.o(i.MessagePassInit)
 <LI><a href="#[b2]">ReadDrvierType</a> from messagepass.o(i.ReadDrvierType) referenced from messagepass.o(i.MessagePassInit)
 <LI><a href="#[d2]">ReadDutAllResult</a> from messagepass.o(i.ReadDutAllResult) referenced from messagepass.o(i.MessagePassInit)
 <LI><a href="#[d1]">ReadDutBitResult</a> from messagepass.o(i.ReadDutBitResult) referenced from messagepass.o(i.MessagePassInit)
 <LI><a href="#[d9]">ReadIICBoardInf</a> from messagepass.o(i.ReadIICBoardInf) referenced from messagepass.o(i.MessagePassInit)
 <LI><a href="#[ce]">ReadLDCurrentProcess</a> from messagepass.o(i.ReadLDCurrentProcess) referenced from messagepass.o(i.MessagePassInit)
 <LI><a href="#[cd]">ReadLDIthProcess</a> from messagepass.o(i.ReadLDIthProcess) referenced from messagepass.o(i.MessagePassInit)
 <LI><a href="#[cc]">ReadLDScanStatusProcess</a> from messagepass.o(i.ReadLDScanStatusProcess) referenced from messagepass.o(i.MessagePassInit)
 <LI><a href="#[cf]">ReadLDVoltageProcess</a> from messagepass.o(i.ReadLDVoltageProcess) referenced from messagepass.o(i.MessagePassInit)
 <LI><a href="#[d4]">ReadMonitAllResult</a> from messagepass.o(i.ReadMonitAllResult) referenced from messagepass.o(i.MessagePassInit)
 <LI><a href="#[d3]">ReadMonitBitResult</a> from messagepass.o(i.ReadMonitBitResult) referenced from messagepass.o(i.MessagePassInit)
 <LI><a href="#[d0]">ReadPDCurrentProcess</a> from messagepass.o(i.ReadPDCurrentProcess) referenced from messagepass.o(i.MessagePassInit)
 <LI><a href="#[bb]">ReadPowerStatusProcess</a> from messagepass.o(i.ReadPowerStatusProcess) referenced from messagepass.o(i.MessagePassInit)
 <LI><a href="#[b5]">ReadSetupAllStatus</a> from messagepass.o(i.ReadSetupAllStatus) referenced from messagepass.o(i.MessagePassInit)
 <LI><a href="#[d7]">ReadTempInf</a> from messagepass.o(i.ReadTempInf) referenced from messagepass.o(i.MessagePassInit)
 <LI><a href="#[1]">Reset_Handler</a> from startup_stm32h743xx.o(.text) referenced from startup_stm32h743xx.o(RESET)
 <LI><a href="#[9c]">Rs485ReceiveEntry</a> from comhandle.o(i.Rs485ReceiveEntry) referenced from comhandle.o(i.ComHandleInit)
 <LI><a href="#[a0]">RunLedControlEntry</a> from controlparam.o(i.RunLedControlEntry) referenced from controlparam.o(i.ControlParamInit)
 <LI><a href="#[5c]">SAI1_IRQHandler</a> from startup_stm32h743xx.o(.text) referenced from startup_stm32h743xx.o(RESET)
 <LI><a href="#[60]">SAI2_IRQHandler</a> from startup_stm32h743xx.o(.text) referenced from startup_stm32h743xx.o(RESET)
 <LI><a href="#[77]">SAI3_IRQHandler</a> from startup_stm32h743xx.o(.text) referenced from startup_stm32h743xx.o(RESET)
 <LI><a href="#[94]">SAI4_IRQHandler</a> from startup_stm32h743xx.o(.text) referenced from startup_stm32h743xx.o(RESET)
 <LI><a href="#[3b]">SDMMC1_IRQHandler</a> from startup_stm32h743xx.o(.text) referenced from startup_stm32h743xx.o(RESET)
 <LI><a href="#[80]">SDMMC2_IRQHandler</a> from startup_stm32h743xx.o(.text) referenced from startup_stm32h743xx.o(RESET)
 <LI><a href="#[66]">SPDIF_RX_IRQHandler</a> from startup_stm32h743xx.o(.text) referenced from startup_stm32h743xx.o(RESET)
 <LI><a href="#[2e]">SPI1_IRQHandler</a> from startup_stm32h743xx.o(.text) referenced from startup_stm32h743xx.o(RESET)
 <LI><a href="#[2f]">SPI2_IRQHandler</a> from startup_stm32h743xx.o(.text) referenced from startup_stm32h743xx.o(RESET)
 <LI><a href="#[3d]">SPI3_IRQHandler</a> from startup_stm32h743xx.o(.text) referenced from startup_stm32h743xx.o(RESET)
 <LI><a href="#[59]">SPI4_IRQHandler</a> from startup_stm32h743xx.o(.text) referenced from startup_stm32h743xx.o(RESET)
 <LI><a href="#[5a]">SPI5_IRQHandler</a> from startup_stm32h743xx.o(.text) referenced from startup_stm32h743xx.o(RESET)
 <LI><a href="#[5b]">SPI6_IRQHandler</a> from startup_stm32h743xx.o(.text) referenced from startup_stm32h743xx.o(RESET)
 <LI><a href="#[7]">SVC_Handler</a> from port.o(.emb_text) referenced from startup_stm32h743xx.o(RESET)
 <LI><a href="#[78]">SWPMI1_IRQHandler</a> from startup_stm32h743xx.o(.text) referenced from startup_stm32h743xx.o(RESET)
 <LI><a href="#[a7]">SampDutEntry</a> from functionset.o(i.SampDutEntry) referenced from functionset.o(i.FunctionSetInit)
 <LI><a href="#[a8]">SampMonitEntry</a> from functionset.o(i.SampMonitEntry) referenced from functionset.o(i.FunctionSetInit)
 <LI><a href="#[a6]">ScanLDIthEntry</a> from functionset.o(i.ScanLDIthEntry) referenced from functionset.o(i.FunctionSetInit)
 <LI><a href="#[a2]">SecondLedControlEntry</a> from controlparam.o(i.SecondLedControlEntry) referenced from controlparam.o(i.ControlParamInit)
 <LI><a href="#[e2]">SetAPCModelPID</a> from messagepass.o(i.SetAPCModelPID) referenced from messagepass.o(i.MessagePassInit)
 <LI><a href="#[da]">SetAutoOutage</a> from messagepass.o(i.SetAutoOutage) referenced from messagepass.o(i.MessagePassInit)
 <LI><a href="#[e0]">SetCalDataProcess</a> from messagepass.o(i.SetCalDataProcess) referenced from messagepass.o(i.MessagePassInit)
 <LI><a href="#[bc]">SetLDAllPowerDownProcess</a> from messagepass.o(i.SetLDAllPowerDownProcess) referenced from messagepass.o(i.MessagePassInit)
 <LI><a href="#[ba]">SetLDVCCSwitchProcess</a> from messagepass.o(i.SetLDVCCSwitchProcess) referenced from messagepass.o(i.MessagePassInit)
 <LI><a href="#[db]">SetOnChipFlag</a> from messagepass.o(i.SetOnChipFlag) referenced from messagepass.o(i.MessagePassInit)
 <LI><a href="#[ab]">SetReset</a> from messagepass.o(i.SetReset) referenced from messagepass.o(i.MessagePassInit)
 <LI><a href="#[a5]">SetupAllEntry</a> from functionset.o(i.SetupAllEntry) referenced from functionset.o(i.FunctionSetInit)
 <LI><a href="#[cb]">StartLDScanTestProcess</a> from messagepass.o(i.StartLDScanTestProcess) referenced from messagepass.o(i.MessagePassInit)
 <LI><a href="#[a]">SysTick_Handler</a> from cmsis_os2.o(i.SysTick_Handler) referenced from startup_stm32h743xx.o(RESET)
 <LI><a href="#[97]">SystemInit</a> from system_stm32h7xx.o(i.SystemInit) referenced from startup_stm32h743xx.o(.text)
 <LI><a href="#[d]">TAMP_STAMP_IRQHandler</a> from startup_stm32h743xx.o(.text) referenced from startup_stm32h743xx.o(RESET)
 <LI><a href="#[79]">TIM15_IRQHandler</a> from startup_stm32h743xx.o(.text) referenced from startup_stm32h743xx.o(RESET)
 <LI><a href="#[7a]">TIM16_IRQHandler</a> from startup_stm32h743xx.o(.text) referenced from startup_stm32h743xx.o(RESET)
 <LI><a href="#[7b]">TIM17_IRQHandler</a> from startup_stm32h743xx.o(.text) referenced from startup_stm32h743xx.o(RESET)
 <LI><a href="#[23]">TIM1_BRK_IRQHandler</a> from startup_stm32h743xx.o(.text) referenced from startup_stm32h743xx.o(RESET)
 <LI><a href="#[26]">TIM1_CC_IRQHandler</a> from startup_stm32h743xx.o(.text) referenced from startup_stm32h743xx.o(RESET)
 <LI><a href="#[25]">TIM1_TRG_COM_IRQHandler</a> from startup_stm32h743xx.o(.text) referenced from startup_stm32h743xx.o(RESET)
 <LI><a href="#[24]">TIM1_UP_IRQHandler</a> from startup_stm32h743xx.o(.text) referenced from startup_stm32h743xx.o(RESET)
 <LI><a href="#[27]">TIM2_IRQHandler</a> from startup_stm32h743xx.o(.text) referenced from startup_stm32h743xx.o(RESET)
 <LI><a href="#[28]">TIM3_IRQHandler</a> from startup_stm32h743xx.o(.text) referenced from startup_stm32h743xx.o(RESET)
 <LI><a href="#[29]">TIM4_IRQHandler</a> from startup_stm32h743xx.o(.text) referenced from startup_stm32h743xx.o(RESET)
 <LI><a href="#[3c]">TIM5_IRQHandler</a> from startup_stm32h743xx.o(.text) referenced from startup_stm32h743xx.o(RESET)
 <LI><a href="#[40]">TIM6_DAC_IRQHandler</a> from startup_stm32h743xx.o(.text) referenced from startup_stm32h743xx.o(RESET)
 <LI><a href="#[41]">TIM7_IRQHandler</a> from stm32h7xx_hal_msp.o(i.TIM7_IRQHandler) referenced from startup_stm32h743xx.o(RESET)
 <LI><a href="#[35]">TIM8_BRK_TIM12_IRQHandler</a> from startup_stm32h743xx.o(.text) referenced from startup_stm32h743xx.o(RESET)
 <LI><a href="#[38]">TIM8_CC_IRQHandler</a> from startup_stm32h743xx.o(.text) referenced from startup_stm32h743xx.o(RESET)
 <LI><a href="#[37]">TIM8_TRG_COM_TIM14_IRQHandler</a> from startup_stm32h743xx.o(.text) referenced from startup_stm32h743xx.o(RESET)
 <LI><a href="#[36]">TIM8_UP_TIM13_IRQHandler</a> from startup_stm32h743xx.o(.text) referenced from startup_stm32h743xx.o(RESET)
 <LI><a href="#[c8]">TaskSampResume</a> from messagepass.o(i.TaskSampResume) referenced from messagepass.o(i.MessagePassInit)
 <LI><a href="#[c7]">TaskSampSuspend</a> from messagepass.o(i.TaskSampSuspend) referenced from messagepass.o(i.MessagePassInit)
 <LI><a href="#[a3]">ThirdLedControlEntry</a> from controlparam.o(i.ThirdLedControlEntry) referenced from controlparam.o(i.ControlParamInit)
 <LI><a href="#[dd]">TransBandSpeed</a> from messagepass.o(i.TransBandSpeed) referenced from messagepass.o(i.MessagePassInit)
 <LI><a href="#[9d]">TransReceiveEntry</a> from comhandle.o(i.TransReceiveEntry) referenced from comhandle.o(i.ComHandleInit)
 <LI><a href="#[de]">TranspondAscii</a> from messagepass.o(i.TranspondAscii) referenced from messagepass.o(i.MessagePassInit)
 <LI><a href="#[df]">TranspondHex</a> from messagepass.o(i.TranspondHex) referenced from messagepass.o(i.MessagePassInit)
 <LI><a href="#[3e]">UART4_IRQHandler</a> from startup_stm32h743xx.o(.text) referenced from startup_stm32h743xx.o(RESET)
 <LI><a href="#[3f]">UART5_IRQHandler</a> from startup_stm32h743xx.o(.text) referenced from startup_stm32h743xx.o(RESET)
 <LI><a href="#[57]">UART7_IRQHandler</a> from startup_stm32h743xx.o(.text) referenced from startup_stm32h743xx.o(RESET)
 <LI><a href="#[58]">UART8_IRQHandler</a> from startup_stm32h743xx.o(.text) referenced from startup_stm32h743xx.o(RESET)
 <LI><a href="#[aa]">UART_DMAAbortOnError</a> from stm32h7xx_hal_uart.o(i.UART_DMAAbortOnError) referenced from stm32h7xx_hal_uart.o(i.HAL_UART_IRQHandler)
 <LI><a href="#[ea]">UART_RxISR_16BIT</a> from stm32h7xx_hal_uart.o(i.UART_RxISR_16BIT) referenced from stm32h7xx_hal_uart.o(i.UART_RxISR_16BIT_FIFOEN)
 <LI><a href="#[ea]">UART_RxISR_16BIT</a> from stm32h7xx_hal_uart.o(i.UART_RxISR_16BIT) referenced from stm32h7xx_hal_uart.o(i.UART_Start_Receive_IT)
 <LI><a href="#[ec]">UART_RxISR_16BIT_FIFOEN</a> from stm32h7xx_hal_uart.o(i.UART_RxISR_16BIT_FIFOEN) referenced from stm32h7xx_hal_uart.o(i.UART_Start_Receive_IT)
 <LI><a href="#[eb]">UART_RxISR_8BIT</a> from stm32h7xx_hal_uart.o(i.UART_RxISR_8BIT) referenced from stm32h7xx_hal_uart.o(i.UART_RxISR_8BIT_FIFOEN)
 <LI><a href="#[eb]">UART_RxISR_8BIT</a> from stm32h7xx_hal_uart.o(i.UART_RxISR_8BIT) referenced from stm32h7xx_hal_uart.o(i.UART_Start_Receive_IT)
 <LI><a href="#[ed]">UART_RxISR_8BIT_FIFOEN</a> from stm32h7xx_hal_uart.o(i.UART_RxISR_8BIT_FIFOEN) referenced from stm32h7xx_hal_uart.o(i.UART_Start_Receive_IT)
 <LI><a href="#[30]">USART1_IRQHandler</a> from driver_uart.o(i.USART1_IRQHandler) referenced from startup_stm32h743xx.o(RESET)
 <LI><a href="#[31]">USART2_IRQHandler</a> from startup_stm32h743xx.o(.text) referenced from startup_stm32h743xx.o(RESET)
 <LI><a href="#[32]">USART3_IRQHandler</a> from driver_uart.o(i.USART3_IRQHandler) referenced from startup_stm32h743xx.o(RESET)
 <LI><a href="#[4d]">USART6_IRQHandler</a> from startup_stm32h743xx.o(.text) referenced from startup_stm32h743xx.o(RESET)
 <LI><a href="#[e7]">UartSendMessage</a> from comhandle.o(i.UartSendMessage) referenced from comhandle.o(i.Rs485ReceiveEntry)
 <LI><a href="#[6]">UsageFault_Handler</a> from stm32h7xx_it.o(i.UsageFault_Handler) referenced from startup_stm32h743xx.o(RESET)
 <LI><a href="#[95]">WAKEUP_PIN_IRQHandler</a> from startup_stm32h743xx.o(.text) referenced from startup_stm32h743xx.o(RESET)
 <LI><a href="#[b]">WWDG_IRQHandler</a> from startup_stm32h743xx.o(.text) referenced from startup_stm32h743xx.o(RESET)
 <LI><a href="#[d5]">WriteBurnInBoard</a> from messagepass.o(i.WriteBurnInBoard) referenced from messagepass.o(i.MessagePassInit)
 <LI><a href="#[98]">__main</a> from entry.o(.ARM.Collect$$$$00000000) referenced from startup_stm32h743xx.o(.text)
 <LI><a href="#[9a]">_sbackspace</a> from _sgetc.o(.text) referenced from strtod.o(.text)
 <LI><a href="#[99]">_sgetc</a> from _sgetc.o(.text) referenced from strtod.o(.text)
 <LI><a href="#[ee]">_snputc</a> from printfa.o(i._snputc) referenced from printfa.o(i.__0snprintf)
 <LI><a href="#[ef]">_sputc</a> from printfa.o(i._sputc) referenced from printfa.o(i.__0sprintf)
 <LI><a href="#[9b]">isspace</a> from isspace_o.o(.text) referenced from strtod.o(.text)
 <LI><a href="#[96]">main</a> from main.o(i.main) referenced from entry9a.o(.ARM.Collect$$$$0000000B)
 <LI><a href="#[fc]">prvAddAllowedMACAddress</a> from networkinterface.o(i.prvAddAllowedMACAddress) referenced from networkinterface.o(i.pxSTM32_FillInterfaceDescriptor)
 <LI><a href="#[f5]">prvEMACHandlerTask</a> from networkinterface.o(i.prvEMACHandlerTask) referenced from networkinterface.o(i.prvEMACTaskStart)
 <LI><a href="#[f3]">prvEventCallback</a> from plaintextmqtt.o(i.prvEventCallback) referenced from plaintextmqtt.o(i.prvCreateMQTTConnectionWithBroker)
 <LI><a href="#[fb]">prvGetPhyLinkStatus</a> from networkinterface.o(i.prvGetPhyLinkStatus) referenced from networkinterface.o(i.pxSTM32_FillInterfaceDescriptor)
 <LI><a href="#[f4]">prvGetTimeMs</a> from plaintextmqtt.o(i.prvGetTimeMs) referenced from plaintextmqtt.o(i.prvCreateMQTTConnectionWithBroker)
 <LI><a href="#[a4]">prvIPTask</a> from freertos_ip.o(i.prvIPTask) referenced from freertos_ip.o(i.FreeRTOS_IPInit_Multi)
 <LI><a href="#[f0]">prvIdleTask</a> from tasks.o(i.prvIdleTask) referenced from tasks.o(i.prvCreateIdleTasks)
 <LI><a href="#[fe]">prvMQTTConnectTask</a> from plaintextmqtt.o(i.prvMQTTConnectTask) referenced from plaintextmqtt.o(i.vStartSimpleMQTTDemo)
 <LI><a href="#[100]">prvMQTTPublishTask</a> from plaintextmqtt.o(i.prvMQTTPublishTask) referenced from plaintextmqtt.o(i.vStartSimpleMQTTDemo)
 <LI><a href="#[ff]">prvMQTTSubscribeTask</a> from plaintextmqtt.o(i.prvMQTTSubscribeTask) referenced from plaintextmqtt.o(i.vStartSimpleMQTTDemo)
 <LI><a href="#[f9]">prvNetworkInterfaceInitialise</a> from networkinterface.o(i.prvNetworkInterfaceInitialise) referenced from networkinterface.o(i.pxSTM32_FillInterfaceDescriptor)
 <LI><a href="#[fa]">prvNetworkInterfaceOutput</a> from networkinterface.o(i.prvNetworkInterfaceOutput) referenced from networkinterface.o(i.pxSTM32_FillInterfaceDescriptor)
 <LI><a href="#[f7]">prvPhyReadReg</a> from networkinterface.o(i.prvPhyReadReg) referenced from networkinterface.o(i.prvPhyInit)
 <LI><a href="#[f6]">prvPhyWriteReg</a> from networkinterface.o(i.prvPhyWriteReg) referenced from networkinterface.o(i.prvPhyInit)
 <LI><a href="#[fd]">prvRemoveAllowedMACAddress</a> from networkinterface.o(i.prvRemoveAllowedMACAddress) referenced from networkinterface.o(i.pxSTM32_FillInterfaceDescriptor)
 <LI><a href="#[f8]">prvTaskExitError</a> from port.o(i.prvTaskExitError) referenced from port.o(i.pxPortInitialiseStack)
 <LI><a href="#[101]">prvTimerTask</a> from timers.o(i.prvTimerTask) referenced from timers.o(i.xTimerCreateTimerTask)
</UL>
<P>
<H3>
Global Symbols
</H3>
<P><STRONG><a name="[98]"></a>__main</STRONG> (Thumb, 0 bytes, Stack size unknown bytes, entry.o(.ARM.Collect$$$$00000000))
<BR>[Address Reference Count : 1]<UL><LI> startup_stm32h743xx.o(.text)
</UL>
<P><STRONG><a name="[42c]"></a>_main_stk</STRONG> (Thumb, 0 bytes, Stack size unknown bytes, entry2.o(.ARM.Collect$$$$00000001))

<P><STRONG><a name="[102]"></a>_main_scatterload</STRONG> (Thumb, 0 bytes, Stack size unknown bytes, entry5.o(.ARM.Collect$$$$00000004))
<BR><BR>[Calls]<UL><LI><a href="#[103]">&gt;&gt;</a>&nbsp;&nbsp;&nbsp;__scatterload
</UL>

<P><STRONG><a name="[122]"></a>__main_after_scatterload</STRONG> (Thumb, 0 bytes, Stack size unknown bytes, entry5.o(.ARM.Collect$$$$00000004))
<BR><BR>[Called By]<UL><LI><a href="#[103]">&gt;&gt;</a>&nbsp;&nbsp;&nbsp;__scatterload
</UL>

<P><STRONG><a name="[42d]"></a>_main_clock</STRONG> (Thumb, 0 bytes, Stack size unknown bytes, entry7b.o(.ARM.Collect$$$$00000008))

<P><STRONG><a name="[42e]"></a>_main_cpp_init</STRONG> (Thumb, 0 bytes, Stack size unknown bytes, entry8b.o(.ARM.Collect$$$$0000000A))

<P><STRONG><a name="[42f]"></a>_main_init</STRONG> (Thumb, 0 bytes, Stack size unknown bytes, entry9a.o(.ARM.Collect$$$$0000000B))

<P><STRONG><a name="[430]"></a>__rt_final_cpp</STRONG> (Thumb, 0 bytes, Stack size unknown bytes, entry10a.o(.ARM.Collect$$$$0000000D))

<P><STRONG><a name="[431]"></a>__rt_final_exit</STRONG> (Thumb, 0 bytes, Stack size unknown bytes, entry11a.o(.ARM.Collect$$$$0000000F))

<P><STRONG><a name="[7]"></a>SVC_Handler</STRONG> (Thumb, 28 bytes, Stack size 0 bytes, port.o(.emb_text))
<BR>[Address Reference Count : 1]<UL><LI> startup_stm32h743xx.o(RESET)
</UL>
<P><STRONG><a name="[41e]"></a>__asm___6_port_c_39a90d8d__prvStartFirstTask</STRONG> (Thumb, 36 bytes, Stack size 0 bytes, port.o(.emb_text))
<BR><BR>[Called By]<UL><LI><a href="#[40e]">&gt;&gt;</a>&nbsp;&nbsp;&nbsp;xPortStartScheduler
</UL>

<P><STRONG><a name="[41d]"></a>__asm___6_port_c_39a90d8d__prvEnableVFP</STRONG> (Thumb, 16 bytes, Stack size 0 bytes, port.o(.emb_text))
<BR><BR>[Called By]<UL><LI><a href="#[40e]">&gt;&gt;</a>&nbsp;&nbsp;&nbsp;xPortStartScheduler
</UL>

<P><STRONG><a name="[9]"></a>PendSV_Handler</STRONG> (Thumb, 92 bytes, Stack size 0 bytes, port.o(.emb_text))
<BR><BR>[Stack]<UL><LI>Max Depth = 16<LI>Call Chain = PendSV_Handler &rArr; vTaskSwitchContext
</UL>
<BR>[Calls]<UL><LI><a href="#[104]">&gt;&gt;</a>&nbsp;&nbsp;&nbsp;vTaskSwitchContext
</UL>
<BR>[Address Reference Count : 1]<UL><LI> startup_stm32h743xx.o(RESET)
</UL>
<P><STRONG><a name="[432]"></a>vPortGetIPSR</STRONG> (Thumb, 6 bytes, Stack size 0 bytes, port.o(.emb_text), UNUSED)

<P><STRONG><a name="[1]"></a>Reset_Handler</STRONG> (Thumb, 8 bytes, Stack size 0 bytes, startup_stm32h743xx.o(.text))
<BR>[Address Reference Count : 1]<UL><LI> startup_stm32h743xx.o(RESET)
</UL>
<P><STRONG><a name="[82]"></a>ADC3_IRQHandler</STRONG> (Thumb, 0 bytes, Stack size 0 bytes, startup_stm32h743xx.o(.text))
<BR><BR>[Calls]<UL><LI><a href="#[82]">&gt;&gt;</a>&nbsp;&nbsp;&nbsp;ADC3_IRQHandler
</UL>
<BR>[Called By]<UL><LI><a href="#[82]">&gt;&gt;</a>&nbsp;&nbsp;&nbsp;ADC3_IRQHandler
</UL>
<BR>[Address Reference Count : 1]<UL><LI> startup_stm32h743xx.o(RESET)
</UL>
<P><STRONG><a name="[1d]"></a>ADC_IRQHandler</STRONG> (Thumb, 0 bytes, Stack size 0 bytes, startup_stm32h743xx.o(.text))
<BR>[Address Reference Count : 1]<UL><LI> startup_stm32h743xx.o(RESET)
</UL>
<P><STRONG><a name="[84]"></a>BDMA_Channel0_IRQHandler</STRONG> (Thumb, 0 bytes, Stack size 0 bytes, startup_stm32h743xx.o(.text))
<BR>[Address Reference Count : 1]<UL><LI> startup_stm32h743xx.o(RESET)
</UL>
<P><STRONG><a name="[85]"></a>BDMA_Channel1_IRQHandler</STRONG> (Thumb, 0 bytes, Stack size 0 bytes, startup_stm32h743xx.o(.text))
<BR>[Address Reference Count : 1]<UL><LI> startup_stm32h743xx.o(RESET)
</UL>
<P><STRONG><a name="[86]"></a>BDMA_Channel2_IRQHandler</STRONG> (Thumb, 0 bytes, Stack size 0 bytes, startup_stm32h743xx.o(.text))
<BR>[Address Reference Count : 1]<UL><LI> startup_stm32h743xx.o(RESET)
</UL>
<P><STRONG><a name="[87]"></a>BDMA_Channel3_IRQHandler</STRONG> (Thumb, 0 bytes, Stack size 0 bytes, startup_stm32h743xx.o(.text))
<BR>[Address Reference Count : 1]<UL><LI> startup_stm32h743xx.o(RESET)
</UL>
<P><STRONG><a name="[88]"></a>BDMA_Channel4_IRQHandler</STRONG> (Thumb, 0 bytes, Stack size 0 bytes, startup_stm32h743xx.o(.text))
<BR>[Address Reference Count : 1]<UL><LI> startup_stm32h743xx.o(RESET)
</UL>
<P><STRONG><a name="[89]"></a>BDMA_Channel5_IRQHandler</STRONG> (Thumb, 0 bytes, Stack size 0 bytes, startup_stm32h743xx.o(.text))
<BR>[Address Reference Count : 1]<UL><LI> startup_stm32h743xx.o(RESET)
</UL>
<P><STRONG><a name="[8a]"></a>BDMA_Channel6_IRQHandler</STRONG> (Thumb, 0 bytes, Stack size 0 bytes, startup_stm32h743xx.o(.text))
<BR>[Address Reference Count : 1]<UL><LI> startup_stm32h743xx.o(RESET)
</UL>
<P><STRONG><a name="[8b]"></a>BDMA_Channel7_IRQHandler</STRONG> (Thumb, 0 bytes, Stack size 0 bytes, startup_stm32h743xx.o(.text))
<BR>[Address Reference Count : 1]<UL><LI> startup_stm32h743xx.o(RESET)
</UL>
<P><STRONG><a name="[63]"></a>CEC_IRQHandler</STRONG> (Thumb, 0 bytes, Stack size 0 bytes, startup_stm32h743xx.o(.text))
<BR>[Address Reference Count : 1]<UL><LI> startup_stm32h743xx.o(RESET)
</UL>
<P><STRONG><a name="[8c]"></a>COMP1_IRQHandler</STRONG> (Thumb, 0 bytes, Stack size 0 bytes, startup_stm32h743xx.o(.text))
<BR>[Address Reference Count : 1]<UL><LI> startup_stm32h743xx.o(RESET)
</UL>
<P><STRONG><a name="[92]"></a>CRS_IRQHandler</STRONG> (Thumb, 0 bytes, Stack size 0 bytes, startup_stm32h743xx.o(.text))
<BR>[Address Reference Count : 1]<UL><LI> startup_stm32h743xx.o(RESET)
</UL>
<P><STRONG><a name="[54]"></a>DCMI_IRQHandler</STRONG> (Thumb, 0 bytes, Stack size 0 bytes, startup_stm32h743xx.o(.text))
<BR>[Address Reference Count : 1]<UL><LI> startup_stm32h743xx.o(RESET)
</UL>
<P><STRONG><a name="[73]"></a>DFSDM1_FLT0_IRQHandler</STRONG> (Thumb, 0 bytes, Stack size 0 bytes, startup_stm32h743xx.o(.text))
<BR>[Address Reference Count : 1]<UL><LI> startup_stm32h743xx.o(RESET)
</UL>
<P><STRONG><a name="[74]"></a>DFSDM1_FLT1_IRQHandler</STRONG> (Thumb, 0 bytes, Stack size 0 bytes, startup_stm32h743xx.o(.text))
<BR>[Address Reference Count : 1]<UL><LI> startup_stm32h743xx.o(RESET)
</UL>
<P><STRONG><a name="[75]"></a>DFSDM1_FLT2_IRQHandler</STRONG> (Thumb, 0 bytes, Stack size 0 bytes, startup_stm32h743xx.o(.text))
<BR>[Address Reference Count : 1]<UL><LI> startup_stm32h743xx.o(RESET)
</UL>
<P><STRONG><a name="[76]"></a>DFSDM1_FLT3_IRQHandler</STRONG> (Thumb, 0 bytes, Stack size 0 bytes, startup_stm32h743xx.o(.text))
<BR>[Address Reference Count : 1]<UL><LI> startup_stm32h743xx.o(RESET)
</UL>
<P><STRONG><a name="[16]"></a>DMA1_Stream0_IRQHandler</STRONG> (Thumb, 0 bytes, Stack size 0 bytes, startup_stm32h743xx.o(.text))
<BR>[Address Reference Count : 1]<UL><LI> startup_stm32h743xx.o(RESET)
</UL>
<P><STRONG><a name="[17]"></a>DMA1_Stream1_IRQHandler</STRONG> (Thumb, 0 bytes, Stack size 0 bytes, startup_stm32h743xx.o(.text))
<BR>[Address Reference Count : 1]<UL><LI> startup_stm32h743xx.o(RESET)
</UL>
<P><STRONG><a name="[18]"></a>DMA1_Stream2_IRQHandler</STRONG> (Thumb, 0 bytes, Stack size 0 bytes, startup_stm32h743xx.o(.text))
<BR>[Address Reference Count : 1]<UL><LI> startup_stm32h743xx.o(RESET)
</UL>
<P><STRONG><a name="[19]"></a>DMA1_Stream3_IRQHandler</STRONG> (Thumb, 0 bytes, Stack size 0 bytes, startup_stm32h743xx.o(.text))
<BR>[Address Reference Count : 1]<UL><LI> startup_stm32h743xx.o(RESET)
</UL>
<P><STRONG><a name="[1a]"></a>DMA1_Stream4_IRQHandler</STRONG> (Thumb, 0 bytes, Stack size 0 bytes, startup_stm32h743xx.o(.text))
<BR>[Address Reference Count : 1]<UL><LI> startup_stm32h743xx.o(RESET)
</UL>
<P><STRONG><a name="[1b]"></a>DMA1_Stream5_IRQHandler</STRONG> (Thumb, 0 bytes, Stack size 0 bytes, startup_stm32h743xx.o(.text))
<BR>[Address Reference Count : 1]<UL><LI> startup_stm32h743xx.o(RESET)
</UL>
<P><STRONG><a name="[1c]"></a>DMA1_Stream6_IRQHandler</STRONG> (Thumb, 0 bytes, Stack size 0 bytes, startup_stm32h743xx.o(.text))
<BR>[Address Reference Count : 1]<UL><LI> startup_stm32h743xx.o(RESET)
</UL>
<P><STRONG><a name="[39]"></a>DMA1_Stream7_IRQHandler</STRONG> (Thumb, 0 bytes, Stack size 0 bytes, startup_stm32h743xx.o(.text))
<BR>[Address Reference Count : 1]<UL><LI> startup_stm32h743xx.o(RESET)
</UL>
<P><STRONG><a name="[5f]"></a>DMA2D_IRQHandler</STRONG> (Thumb, 0 bytes, Stack size 0 bytes, startup_stm32h743xx.o(.text))
<BR>[Address Reference Count : 1]<UL><LI> startup_stm32h743xx.o(RESET)
</UL>
<P><STRONG><a name="[42]"></a>DMA2_Stream0_IRQHandler</STRONG> (Thumb, 0 bytes, Stack size 0 bytes, startup_stm32h743xx.o(.text))
<BR>[Address Reference Count : 1]<UL><LI> startup_stm32h743xx.o(RESET)
</UL>
<P><STRONG><a name="[43]"></a>DMA2_Stream1_IRQHandler</STRONG> (Thumb, 0 bytes, Stack size 0 bytes, startup_stm32h743xx.o(.text))
<BR>[Address Reference Count : 1]<UL><LI> startup_stm32h743xx.o(RESET)
</UL>
<P><STRONG><a name="[44]"></a>DMA2_Stream2_IRQHandler</STRONG> (Thumb, 0 bytes, Stack size 0 bytes, startup_stm32h743xx.o(.text))
<BR>[Address Reference Count : 1]<UL><LI> startup_stm32h743xx.o(RESET)
</UL>
<P><STRONG><a name="[45]"></a>DMA2_Stream3_IRQHandler</STRONG> (Thumb, 0 bytes, Stack size 0 bytes, startup_stm32h743xx.o(.text))
<BR>[Address Reference Count : 1]<UL><LI> startup_stm32h743xx.o(RESET)
</UL>
<P><STRONG><a name="[46]"></a>DMA2_Stream4_IRQHandler</STRONG> (Thumb, 0 bytes, Stack size 0 bytes, startup_stm32h743xx.o(.text))
<BR>[Address Reference Count : 1]<UL><LI> startup_stm32h743xx.o(RESET)
</UL>
<P><STRONG><a name="[4a]"></a>DMA2_Stream5_IRQHandler</STRONG> (Thumb, 0 bytes, Stack size 0 bytes, startup_stm32h743xx.o(.text))
<BR>[Address Reference Count : 1]<UL><LI> startup_stm32h743xx.o(RESET)
</UL>
<P><STRONG><a name="[4b]"></a>DMA2_Stream6_IRQHandler</STRONG> (Thumb, 0 bytes, Stack size 0 bytes, startup_stm32h743xx.o(.text))
<BR>[Address Reference Count : 1]<UL><LI> startup_stm32h743xx.o(RESET)
</UL>
<P><STRONG><a name="[4c]"></a>DMA2_Stream7_IRQHandler</STRONG> (Thumb, 0 bytes, Stack size 0 bytes, startup_stm32h743xx.o(.text))
<BR>[Address Reference Count : 1]<UL><LI> startup_stm32h743xx.o(RESET)
</UL>
<P><STRONG><a name="[6b]"></a>DMAMUX1_OVR_IRQHandler</STRONG> (Thumb, 0 bytes, Stack size 0 bytes, startup_stm32h743xx.o(.text))
<BR>[Address Reference Count : 1]<UL><LI> startup_stm32h743xx.o(RESET)
</UL>
<P><STRONG><a name="[83]"></a>DMAMUX2_OVR_IRQHandler</STRONG> (Thumb, 0 bytes, Stack size 0 bytes, startup_stm32h743xx.o(.text))
<BR>[Address Reference Count : 1]<UL><LI> startup_stm32h743xx.o(RESET)
</UL>
<P><STRONG><a name="[93]"></a>ECC_IRQHandler</STRONG> (Thumb, 0 bytes, Stack size 0 bytes, startup_stm32h743xx.o(.text))
<BR>[Address Reference Count : 1]<UL><LI> startup_stm32h743xx.o(RESET)
</UL>
<P><STRONG><a name="[48]"></a>ETH_WKUP_IRQHandler</STRONG> (Thumb, 0 bytes, Stack size 0 bytes, startup_stm32h743xx.o(.text))
<BR>[Address Reference Count : 1]<UL><LI> startup_stm32h743xx.o(RESET)
</UL>
<P><STRONG><a name="[11]"></a>EXTI0_IRQHandler</STRONG> (Thumb, 0 bytes, Stack size 0 bytes, startup_stm32h743xx.o(.text))
<BR>[Address Reference Count : 1]<UL><LI> startup_stm32h743xx.o(RESET)
</UL>
<P><STRONG><a name="[33]"></a>EXTI15_10_IRQHandler</STRONG> (Thumb, 0 bytes, Stack size 0 bytes, startup_stm32h743xx.o(.text))
<BR>[Address Reference Count : 1]<UL><LI> startup_stm32h743xx.o(RESET)
</UL>
<P><STRONG><a name="[12]"></a>EXTI1_IRQHandler</STRONG> (Thumb, 0 bytes, Stack size 0 bytes, startup_stm32h743xx.o(.text))
<BR>[Address Reference Count : 1]<UL><LI> startup_stm32h743xx.o(RESET)
</UL>
<P><STRONG><a name="[13]"></a>EXTI2_IRQHandler</STRONG> (Thumb, 0 bytes, Stack size 0 bytes, startup_stm32h743xx.o(.text))
<BR>[Address Reference Count : 1]<UL><LI> startup_stm32h743xx.o(RESET)
</UL>
<P><STRONG><a name="[14]"></a>EXTI3_IRQHandler</STRONG> (Thumb, 0 bytes, Stack size 0 bytes, startup_stm32h743xx.o(.text))
<BR>[Address Reference Count : 1]<UL><LI> startup_stm32h743xx.o(RESET)
</UL>
<P><STRONG><a name="[15]"></a>EXTI4_IRQHandler</STRONG> (Thumb, 0 bytes, Stack size 0 bytes, startup_stm32h743xx.o(.text))
<BR>[Address Reference Count : 1]<UL><LI> startup_stm32h743xx.o(RESET)
</UL>
<P><STRONG><a name="[22]"></a>EXTI9_5_IRQHandler</STRONG> (Thumb, 0 bytes, Stack size 0 bytes, startup_stm32h743xx.o(.text))
<BR>[Address Reference Count : 1]<UL><LI> startup_stm32h743xx.o(RESET)
</UL>
<P><STRONG><a name="[1e]"></a>FDCAN1_IT0_IRQHandler</STRONG> (Thumb, 0 bytes, Stack size 0 bytes, startup_stm32h743xx.o(.text))
<BR>[Address Reference Count : 1]<UL><LI> startup_stm32h743xx.o(RESET)
</UL>
<P><STRONG><a name="[20]"></a>FDCAN1_IT1_IRQHandler</STRONG> (Thumb, 0 bytes, Stack size 0 bytes, startup_stm32h743xx.o(.text))
<BR>[Address Reference Count : 1]<UL><LI> startup_stm32h743xx.o(RESET)
</UL>
<P><STRONG><a name="[1f]"></a>FDCAN2_IT0_IRQHandler</STRONG> (Thumb, 0 bytes, Stack size 0 bytes, startup_stm32h743xx.o(.text))
<BR>[Address Reference Count : 1]<UL><LI> startup_stm32h743xx.o(RESET)
</UL>
<P><STRONG><a name="[21]"></a>FDCAN2_IT1_IRQHandler</STRONG> (Thumb, 0 bytes, Stack size 0 bytes, startup_stm32h743xx.o(.text))
<BR>[Address Reference Count : 1]<UL><LI> startup_stm32h743xx.o(RESET)
</UL>
<P><STRONG><a name="[49]"></a>FDCAN_CAL_IRQHandler</STRONG> (Thumb, 0 bytes, Stack size 0 bytes, startup_stm32h743xx.o(.text))
<BR>[Address Reference Count : 1]<UL><LI> startup_stm32h743xx.o(RESET)
</UL>
<P><STRONG><a name="[f]"></a>FLASH_IRQHandler</STRONG> (Thumb, 0 bytes, Stack size 0 bytes, startup_stm32h743xx.o(.text))
<BR>[Address Reference Count : 1]<UL><LI> startup_stm32h743xx.o(RESET)
</UL>
<P><STRONG><a name="[3a]"></a>FMC_IRQHandler</STRONG> (Thumb, 0 bytes, Stack size 0 bytes, startup_stm32h743xx.o(.text))
<BR>[Address Reference Count : 1]<UL><LI> startup_stm32h743xx.o(RESET)
</UL>
<P><STRONG><a name="[56]"></a>FPU_IRQHandler</STRONG> (Thumb, 0 bytes, Stack size 0 bytes, startup_stm32h743xx.o(.text))
<BR>[Address Reference Count : 1]<UL><LI> startup_stm32h743xx.o(RESET)
</UL>
<P><STRONG><a name="[72]"></a>HRTIM1_FLT_IRQHandler</STRONG> (Thumb, 0 bytes, Stack size 0 bytes, startup_stm32h743xx.o(.text))
<BR>[Address Reference Count : 1]<UL><LI> startup_stm32h743xx.o(RESET)
</UL>
<P><STRONG><a name="[6c]"></a>HRTIM1_Master_IRQHandler</STRONG> (Thumb, 0 bytes, Stack size 0 bytes, startup_stm32h743xx.o(.text))
<BR>[Address Reference Count : 1]<UL><LI> startup_stm32h743xx.o(RESET)
</UL>
<P><STRONG><a name="[6d]"></a>HRTIM1_TIMA_IRQHandler</STRONG> (Thumb, 0 bytes, Stack size 0 bytes, startup_stm32h743xx.o(.text))
<BR>[Address Reference Count : 1]<UL><LI> startup_stm32h743xx.o(RESET)
</UL>
<P><STRONG><a name="[6e]"></a>HRTIM1_TIMB_IRQHandler</STRONG> (Thumb, 0 bytes, Stack size 0 bytes, startup_stm32h743xx.o(.text))
<BR>[Address Reference Count : 1]<UL><LI> startup_stm32h743xx.o(RESET)
</UL>
<P><STRONG><a name="[6f]"></a>HRTIM1_TIMC_IRQHandler</STRONG> (Thumb, 0 bytes, Stack size 0 bytes, startup_stm32h743xx.o(.text))
<BR>[Address Reference Count : 1]<UL><LI> startup_stm32h743xx.o(RESET)
</UL>
<P><STRONG><a name="[70]"></a>HRTIM1_TIMD_IRQHandler</STRONG> (Thumb, 0 bytes, Stack size 0 bytes, startup_stm32h743xx.o(.text))
<BR>[Address Reference Count : 1]<UL><LI> startup_stm32h743xx.o(RESET)
</UL>
<P><STRONG><a name="[71]"></a>HRTIM1_TIME_IRQHandler</STRONG> (Thumb, 0 bytes, Stack size 0 bytes, startup_stm32h743xx.o(.text))
<BR>[Address Reference Count : 1]<UL><LI> startup_stm32h743xx.o(RESET)
</UL>
<P><STRONG><a name="[81]"></a>HSEM1_IRQHandler</STRONG> (Thumb, 0 bytes, Stack size 0 bytes, startup_stm32h743xx.o(.text))
<BR>[Address Reference Count : 1]<UL><LI> startup_stm32h743xx.o(RESET)
</UL>
<P><STRONG><a name="[2b]"></a>I2C1_ER_IRQHandler</STRONG> (Thumb, 0 bytes, Stack size 0 bytes, startup_stm32h743xx.o(.text))
<BR>[Address Reference Count : 1]<UL><LI> startup_stm32h743xx.o(RESET)
</UL>
<P><STRONG><a name="[2a]"></a>I2C1_EV_IRQHandler</STRONG> (Thumb, 0 bytes, Stack size 0 bytes, startup_stm32h743xx.o(.text))
<BR>[Address Reference Count : 1]<UL><LI> startup_stm32h743xx.o(RESET)
</UL>
<P><STRONG><a name="[2d]"></a>I2C2_ER_IRQHandler</STRONG> (Thumb, 0 bytes, Stack size 0 bytes, startup_stm32h743xx.o(.text))
<BR>[Address Reference Count : 1]<UL><LI> startup_stm32h743xx.o(RESET)
</UL>
<P><STRONG><a name="[2c]"></a>I2C2_EV_IRQHandler</STRONG> (Thumb, 0 bytes, Stack size 0 bytes, startup_stm32h743xx.o(.text))
<BR>[Address Reference Count : 1]<UL><LI> startup_stm32h743xx.o(RESET)
</UL>
<P><STRONG><a name="[4f]"></a>I2C3_ER_IRQHandler</STRONG> (Thumb, 0 bytes, Stack size 0 bytes, startup_stm32h743xx.o(.text))
<BR>[Address Reference Count : 1]<UL><LI> startup_stm32h743xx.o(RESET)
</UL>
<P><STRONG><a name="[4e]"></a>I2C3_EV_IRQHandler</STRONG> (Thumb, 0 bytes, Stack size 0 bytes, startup_stm32h743xx.o(.text))
<BR>[Address Reference Count : 1]<UL><LI> startup_stm32h743xx.o(RESET)
</UL>
<P><STRONG><a name="[65]"></a>I2C4_ER_IRQHandler</STRONG> (Thumb, 0 bytes, Stack size 0 bytes, startup_stm32h743xx.o(.text))
<BR>[Address Reference Count : 1]<UL><LI> startup_stm32h743xx.o(RESET)
</UL>
<P><STRONG><a name="[64]"></a>I2C4_EV_IRQHandler</STRONG> (Thumb, 0 bytes, Stack size 0 bytes, startup_stm32h743xx.o(.text))
<BR>[Address Reference Count : 1]<UL><LI> startup_stm32h743xx.o(RESET)
</UL>
<P><STRONG><a name="[7e]"></a>JPEG_IRQHandler</STRONG> (Thumb, 0 bytes, Stack size 0 bytes, startup_stm32h743xx.o(.text))
<BR>[Address Reference Count : 1]<UL><LI> startup_stm32h743xx.o(RESET)
</UL>
<P><STRONG><a name="[62]"></a>LPTIM1_IRQHandler</STRONG> (Thumb, 0 bytes, Stack size 0 bytes, startup_stm32h743xx.o(.text))
<BR>[Address Reference Count : 1]<UL><LI> startup_stm32h743xx.o(RESET)
</UL>
<P><STRONG><a name="[8d]"></a>LPTIM2_IRQHandler</STRONG> (Thumb, 0 bytes, Stack size 0 bytes, startup_stm32h743xx.o(.text))
<BR>[Address Reference Count : 1]<UL><LI> startup_stm32h743xx.o(RESET)
</UL>
<P><STRONG><a name="[8e]"></a>LPTIM3_IRQHandler</STRONG> (Thumb, 0 bytes, Stack size 0 bytes, startup_stm32h743xx.o(.text))
<BR>[Address Reference Count : 1]<UL><LI> startup_stm32h743xx.o(RESET)
</UL>
<P><STRONG><a name="[8f]"></a>LPTIM4_IRQHandler</STRONG> (Thumb, 0 bytes, Stack size 0 bytes, startup_stm32h743xx.o(.text))
<BR>[Address Reference Count : 1]<UL><LI> startup_stm32h743xx.o(RESET)
</UL>
<P><STRONG><a name="[90]"></a>LPTIM5_IRQHandler</STRONG> (Thumb, 0 bytes, Stack size 0 bytes, startup_stm32h743xx.o(.text))
<BR>[Address Reference Count : 1]<UL><LI> startup_stm32h743xx.o(RESET)
</UL>
<P><STRONG><a name="[91]"></a>LPUART1_IRQHandler</STRONG> (Thumb, 0 bytes, Stack size 0 bytes, startup_stm32h743xx.o(.text))
<BR>[Address Reference Count : 1]<UL><LI> startup_stm32h743xx.o(RESET)
</UL>
<P><STRONG><a name="[5e]"></a>LTDC_ER_IRQHandler</STRONG> (Thumb, 0 bytes, Stack size 0 bytes, startup_stm32h743xx.o(.text))
<BR>[Address Reference Count : 1]<UL><LI> startup_stm32h743xx.o(RESET)
</UL>
<P><STRONG><a name="[5d]"></a>LTDC_IRQHandler</STRONG> (Thumb, 0 bytes, Stack size 0 bytes, startup_stm32h743xx.o(.text))
<BR>[Address Reference Count : 1]<UL><LI> startup_stm32h743xx.o(RESET)
</UL>
<P><STRONG><a name="[7d]"></a>MDIOS_IRQHandler</STRONG> (Thumb, 0 bytes, Stack size 0 bytes, startup_stm32h743xx.o(.text))
<BR>[Address Reference Count : 1]<UL><LI> startup_stm32h743xx.o(RESET)
</UL>
<P><STRONG><a name="[7c]"></a>MDIOS_WKUP_IRQHandler</STRONG> (Thumb, 0 bytes, Stack size 0 bytes, startup_stm32h743xx.o(.text))
<BR>[Address Reference Count : 1]<UL><LI> startup_stm32h743xx.o(RESET)
</UL>
<P><STRONG><a name="[7f]"></a>MDMA_IRQHandler</STRONG> (Thumb, 0 bytes, Stack size 0 bytes, startup_stm32h743xx.o(.text))
<BR>[Address Reference Count : 1]<UL><LI> startup_stm32h743xx.o(RESET)
</UL>
<P><STRONG><a name="[68]"></a>OTG_FS_EP1_IN_IRQHandler</STRONG> (Thumb, 0 bytes, Stack size 0 bytes, startup_stm32h743xx.o(.text))
<BR>[Address Reference Count : 1]<UL><LI> startup_stm32h743xx.o(RESET)
</UL>
<P><STRONG><a name="[67]"></a>OTG_FS_EP1_OUT_IRQHandler</STRONG> (Thumb, 0 bytes, Stack size 0 bytes, startup_stm32h743xx.o(.text))
<BR>[Address Reference Count : 1]<UL><LI> startup_stm32h743xx.o(RESET)
</UL>
<P><STRONG><a name="[6a]"></a>OTG_FS_IRQHandler</STRONG> (Thumb, 0 bytes, Stack size 0 bytes, startup_stm32h743xx.o(.text))
<BR>[Address Reference Count : 1]<UL><LI> startup_stm32h743xx.o(RESET)
</UL>
<P><STRONG><a name="[69]"></a>OTG_FS_WKUP_IRQHandler</STRONG> (Thumb, 0 bytes, Stack size 0 bytes, startup_stm32h743xx.o(.text))
<BR>[Address Reference Count : 1]<UL><LI> startup_stm32h743xx.o(RESET)
</UL>
<P><STRONG><a name="[51]"></a>OTG_HS_EP1_IN_IRQHandler</STRONG> (Thumb, 0 bytes, Stack size 0 bytes, startup_stm32h743xx.o(.text))
<BR>[Address Reference Count : 1]<UL><LI> startup_stm32h743xx.o(RESET)
</UL>
<P><STRONG><a name="[50]"></a>OTG_HS_EP1_OUT_IRQHandler</STRONG> (Thumb, 0 bytes, Stack size 0 bytes, startup_stm32h743xx.o(.text))
<BR>[Address Reference Count : 1]<UL><LI> startup_stm32h743xx.o(RESET)
</UL>
<P><STRONG><a name="[53]"></a>OTG_HS_IRQHandler</STRONG> (Thumb, 0 bytes, Stack size 0 bytes, startup_stm32h743xx.o(.text))
<BR>[Address Reference Count : 1]<UL><LI> startup_stm32h743xx.o(RESET)
</UL>
<P><STRONG><a name="[52]"></a>OTG_HS_WKUP_IRQHandler</STRONG> (Thumb, 0 bytes, Stack size 0 bytes, startup_stm32h743xx.o(.text))
<BR>[Address Reference Count : 1]<UL><LI> startup_stm32h743xx.o(RESET)
</UL>
<P><STRONG><a name="[c]"></a>PVD_AVD_IRQHandler</STRONG> (Thumb, 0 bytes, Stack size 0 bytes, startup_stm32h743xx.o(.text))
<BR>[Address Reference Count : 1]<UL><LI> startup_stm32h743xx.o(RESET)
</UL>
<P><STRONG><a name="[61]"></a>QUADSPI_IRQHandler</STRONG> (Thumb, 0 bytes, Stack size 0 bytes, startup_stm32h743xx.o(.text))
<BR>[Address Reference Count : 1]<UL><LI> startup_stm32h743xx.o(RESET)
</UL>
<P><STRONG><a name="[10]"></a>RCC_IRQHandler</STRONG> (Thumb, 0 bytes, Stack size 0 bytes, startup_stm32h743xx.o(.text))
<BR>[Address Reference Count : 1]<UL><LI> startup_stm32h743xx.o(RESET)
</UL>
<P><STRONG><a name="[55]"></a>RNG_IRQHandler</STRONG> (Thumb, 0 bytes, Stack size 0 bytes, startup_stm32h743xx.o(.text))
<BR>[Address Reference Count : 1]<UL><LI> startup_stm32h743xx.o(RESET)
</UL>
<P><STRONG><a name="[34]"></a>RTC_Alarm_IRQHandler</STRONG> (Thumb, 0 bytes, Stack size 0 bytes, startup_stm32h743xx.o(.text))
<BR>[Address Reference Count : 1]<UL><LI> startup_stm32h743xx.o(RESET)
</UL>
<P><STRONG><a name="[e]"></a>RTC_WKUP_IRQHandler</STRONG> (Thumb, 0 bytes, Stack size 0 bytes, startup_stm32h743xx.o(.text))
<BR>[Address Reference Count : 1]<UL><LI> startup_stm32h743xx.o(RESET)
</UL>
<P><STRONG><a name="[5c]"></a>SAI1_IRQHandler</STRONG> (Thumb, 0 bytes, Stack size 0 bytes, startup_stm32h743xx.o(.text))
<BR>[Address Reference Count : 1]<UL><LI> startup_stm32h743xx.o(RESET)
</UL>
<P><STRONG><a name="[60]"></a>SAI2_IRQHandler</STRONG> (Thumb, 0 bytes, Stack size 0 bytes, startup_stm32h743xx.o(.text))
<BR>[Address Reference Count : 1]<UL><LI> startup_stm32h743xx.o(RESET)
</UL>
<P><STRONG><a name="[77]"></a>SAI3_IRQHandler</STRONG> (Thumb, 0 bytes, Stack size 0 bytes, startup_stm32h743xx.o(.text))
<BR>[Address Reference Count : 1]<UL><LI> startup_stm32h743xx.o(RESET)
</UL>
<P><STRONG><a name="[94]"></a>SAI4_IRQHandler</STRONG> (Thumb, 0 bytes, Stack size 0 bytes, startup_stm32h743xx.o(.text))
<BR>[Address Reference Count : 1]<UL><LI> startup_stm32h743xx.o(RESET)
</UL>
<P><STRONG><a name="[3b]"></a>SDMMC1_IRQHandler</STRONG> (Thumb, 0 bytes, Stack size 0 bytes, startup_stm32h743xx.o(.text))
<BR>[Address Reference Count : 1]<UL><LI> startup_stm32h743xx.o(RESET)
</UL>
<P><STRONG><a name="[80]"></a>SDMMC2_IRQHandler</STRONG> (Thumb, 0 bytes, Stack size 0 bytes, startup_stm32h743xx.o(.text))
<BR>[Address Reference Count : 1]<UL><LI> startup_stm32h743xx.o(RESET)
</UL>
<P><STRONG><a name="[66]"></a>SPDIF_RX_IRQHandler</STRONG> (Thumb, 0 bytes, Stack size 0 bytes, startup_stm32h743xx.o(.text))
<BR>[Address Reference Count : 1]<UL><LI> startup_stm32h743xx.o(RESET)
</UL>
<P><STRONG><a name="[2e]"></a>SPI1_IRQHandler</STRONG> (Thumb, 0 bytes, Stack size 0 bytes, startup_stm32h743xx.o(.text))
<BR>[Address Reference Count : 1]<UL><LI> startup_stm32h743xx.o(RESET)
</UL>
<P><STRONG><a name="[2f]"></a>SPI2_IRQHandler</STRONG> (Thumb, 0 bytes, Stack size 0 bytes, startup_stm32h743xx.o(.text))
<BR>[Address Reference Count : 1]<UL><LI> startup_stm32h743xx.o(RESET)
</UL>
<P><STRONG><a name="[3d]"></a>SPI3_IRQHandler</STRONG> (Thumb, 0 bytes, Stack size 0 bytes, startup_stm32h743xx.o(.text))
<BR>[Address Reference Count : 1]<UL><LI> startup_stm32h743xx.o(RESET)
</UL>
<P><STRONG><a name="[59]"></a>SPI4_IRQHandler</STRONG> (Thumb, 0 bytes, Stack size 0 bytes, startup_stm32h743xx.o(.text))
<BR>[Address Reference Count : 1]<UL><LI> startup_stm32h743xx.o(RESET)
</UL>
<P><STRONG><a name="[5a]"></a>SPI5_IRQHandler</STRONG> (Thumb, 0 bytes, Stack size 0 bytes, startup_stm32h743xx.o(.text))
<BR>[Address Reference Count : 1]<UL><LI> startup_stm32h743xx.o(RESET)
</UL>
<P><STRONG><a name="[5b]"></a>SPI6_IRQHandler</STRONG> (Thumb, 0 bytes, Stack size 0 bytes, startup_stm32h743xx.o(.text))
<BR>[Address Reference Count : 1]<UL><LI> startup_stm32h743xx.o(RESET)
</UL>
<P><STRONG><a name="[78]"></a>SWPMI1_IRQHandler</STRONG> (Thumb, 0 bytes, Stack size 0 bytes, startup_stm32h743xx.o(.text))
<BR>[Address Reference Count : 1]<UL><LI> startup_stm32h743xx.o(RESET)
</UL>
<P><STRONG><a name="[d]"></a>TAMP_STAMP_IRQHandler</STRONG> (Thumb, 0 bytes, Stack size 0 bytes, startup_stm32h743xx.o(.text))
<BR>[Address Reference Count : 1]<UL><LI> startup_stm32h743xx.o(RESET)
</UL>
<P><STRONG><a name="[79]"></a>TIM15_IRQHandler</STRONG> (Thumb, 0 bytes, Stack size 0 bytes, startup_stm32h743xx.o(.text))
<BR>[Address Reference Count : 1]<UL><LI> startup_stm32h743xx.o(RESET)
</UL>
<P><STRONG><a name="[7a]"></a>TIM16_IRQHandler</STRONG> (Thumb, 0 bytes, Stack size 0 bytes, startup_stm32h743xx.o(.text))
<BR>[Address Reference Count : 1]<UL><LI> startup_stm32h743xx.o(RESET)
</UL>
<P><STRONG><a name="[7b]"></a>TIM17_IRQHandler</STRONG> (Thumb, 0 bytes, Stack size 0 bytes, startup_stm32h743xx.o(.text))
<BR>[Address Reference Count : 1]<UL><LI> startup_stm32h743xx.o(RESET)
</UL>
<P><STRONG><a name="[23]"></a>TIM1_BRK_IRQHandler</STRONG> (Thumb, 0 bytes, Stack size 0 bytes, startup_stm32h743xx.o(.text))
<BR>[Address Reference Count : 1]<UL><LI> startup_stm32h743xx.o(RESET)
</UL>
<P><STRONG><a name="[26]"></a>TIM1_CC_IRQHandler</STRONG> (Thumb, 0 bytes, Stack size 0 bytes, startup_stm32h743xx.o(.text))
<BR>[Address Reference Count : 1]<UL><LI> startup_stm32h743xx.o(RESET)
</UL>
<P><STRONG><a name="[25]"></a>TIM1_TRG_COM_IRQHandler</STRONG> (Thumb, 0 bytes, Stack size 0 bytes, startup_stm32h743xx.o(.text))
<BR>[Address Reference Count : 1]<UL><LI> startup_stm32h743xx.o(RESET)
</UL>
<P><STRONG><a name="[24]"></a>TIM1_UP_IRQHandler</STRONG> (Thumb, 0 bytes, Stack size 0 bytes, startup_stm32h743xx.o(.text))
<BR>[Address Reference Count : 1]<UL><LI> startup_stm32h743xx.o(RESET)
</UL>
<P><STRONG><a name="[27]"></a>TIM2_IRQHandler</STRONG> (Thumb, 0 bytes, Stack size 0 bytes, startup_stm32h743xx.o(.text))
<BR>[Address Reference Count : 1]<UL><LI> startup_stm32h743xx.o(RESET)
</UL>
<P><STRONG><a name="[28]"></a>TIM3_IRQHandler</STRONG> (Thumb, 0 bytes, Stack size 0 bytes, startup_stm32h743xx.o(.text))
<BR>[Address Reference Count : 1]<UL><LI> startup_stm32h743xx.o(RESET)
</UL>
<P><STRONG><a name="[29]"></a>TIM4_IRQHandler</STRONG> (Thumb, 0 bytes, Stack size 0 bytes, startup_stm32h743xx.o(.text))
<BR>[Address Reference Count : 1]<UL><LI> startup_stm32h743xx.o(RESET)
</UL>
<P><STRONG><a name="[3c]"></a>TIM5_IRQHandler</STRONG> (Thumb, 0 bytes, Stack size 0 bytes, startup_stm32h743xx.o(.text))
<BR>[Address Reference Count : 1]<UL><LI> startup_stm32h743xx.o(RESET)
</UL>
<P><STRONG><a name="[40]"></a>TIM6_DAC_IRQHandler</STRONG> (Thumb, 0 bytes, Stack size 0 bytes, startup_stm32h743xx.o(.text))
<BR>[Address Reference Count : 1]<UL><LI> startup_stm32h743xx.o(RESET)
</UL>
<P><STRONG><a name="[35]"></a>TIM8_BRK_TIM12_IRQHandler</STRONG> (Thumb, 0 bytes, Stack size 0 bytes, startup_stm32h743xx.o(.text))
<BR>[Address Reference Count : 1]<UL><LI> startup_stm32h743xx.o(RESET)
</UL>
<P><STRONG><a name="[38]"></a>TIM8_CC_IRQHandler</STRONG> (Thumb, 0 bytes, Stack size 0 bytes, startup_stm32h743xx.o(.text))
<BR>[Address Reference Count : 1]<UL><LI> startup_stm32h743xx.o(RESET)
</UL>
<P><STRONG><a name="[37]"></a>TIM8_TRG_COM_TIM14_IRQHandler</STRONG> (Thumb, 0 bytes, Stack size 0 bytes, startup_stm32h743xx.o(.text))
<BR>[Address Reference Count : 1]<UL><LI> startup_stm32h743xx.o(RESET)
</UL>
<P><STRONG><a name="[36]"></a>TIM8_UP_TIM13_IRQHandler</STRONG> (Thumb, 0 bytes, Stack size 0 bytes, startup_stm32h743xx.o(.text))
<BR>[Address Reference Count : 1]<UL><LI> startup_stm32h743xx.o(RESET)
</UL>
<P><STRONG><a name="[3e]"></a>UART4_IRQHandler</STRONG> (Thumb, 0 bytes, Stack size 0 bytes, startup_stm32h743xx.o(.text))
<BR>[Address Reference Count : 1]<UL><LI> startup_stm32h743xx.o(RESET)
</UL>
<P><STRONG><a name="[3f]"></a>UART5_IRQHandler</STRONG> (Thumb, 0 bytes, Stack size 0 bytes, startup_stm32h743xx.o(.text))
<BR>[Address Reference Count : 1]<UL><LI> startup_stm32h743xx.o(RESET)
</UL>
<P><STRONG><a name="[57]"></a>UART7_IRQHandler</STRONG> (Thumb, 0 bytes, Stack size 0 bytes, startup_stm32h743xx.o(.text))
<BR>[Address Reference Count : 1]<UL><LI> startup_stm32h743xx.o(RESET)
</UL>
<P><STRONG><a name="[58]"></a>UART8_IRQHandler</STRONG> (Thumb, 0 bytes, Stack size 0 bytes, startup_stm32h743xx.o(.text))
<BR>[Address Reference Count : 1]<UL><LI> startup_stm32h743xx.o(RESET)
</UL>
<P><STRONG><a name="[31]"></a>USART2_IRQHandler</STRONG> (Thumb, 0 bytes, Stack size 0 bytes, startup_stm32h743xx.o(.text))
<BR>[Address Reference Count : 1]<UL><LI> startup_stm32h743xx.o(RESET)
</UL>
<P><STRONG><a name="[4d]"></a>USART6_IRQHandler</STRONG> (Thumb, 0 bytes, Stack size 0 bytes, startup_stm32h743xx.o(.text))
<BR>[Address Reference Count : 1]<UL><LI> startup_stm32h743xx.o(RESET)
</UL>
<P><STRONG><a name="[95]"></a>WAKEUP_PIN_IRQHandler</STRONG> (Thumb, 0 bytes, Stack size 0 bytes, startup_stm32h743xx.o(.text))
<BR>[Address Reference Count : 1]<UL><LI> startup_stm32h743xx.o(RESET)
</UL>
<P><STRONG><a name="[b]"></a>WWDG_IRQHandler</STRONG> (Thumb, 0 bytes, Stack size 0 bytes, startup_stm32h743xx.o(.text))
<BR>[Address Reference Count : 1]<UL><LI> startup_stm32h743xx.o(RESET)
</UL>
<P><STRONG><a name="[105]"></a>__aeabi_uldivmod</STRONG> (Thumb, 98 bytes, Stack size 40 bytes, uldiv.o(.text))
<BR><BR>[Stack]<UL><LI>Max Depth = 40<LI>Call Chain = __aeabi_uldivmod
</UL>
<BR>[Calls]<UL><LI><a href="#[106]">&gt;&gt;</a>&nbsp;&nbsp;&nbsp;__aeabi_llsr
<LI><a href="#[107]">&gt;&gt;</a>&nbsp;&nbsp;&nbsp;__aeabi_llsl
</UL>
<BR>[Called By]<UL><LI><a href="#[380]">&gt;&gt;</a>&nbsp;&nbsp;&nbsp;prvMQTTSubscribeWithBackoffRetries
<LI><a href="#[322]">&gt;&gt;</a>&nbsp;&nbsp;&nbsp;prvConnectToServerWithBackoffRetries
<LI><a href="#[14b]">&gt;&gt;</a>&nbsp;&nbsp;&nbsp;DriverDelayBlockMs
<LI><a href="#[273]">&gt;&gt;</a>&nbsp;&nbsp;&nbsp;LDCurrentSetdown
<LI><a href="#[25f]">&gt;&gt;</a>&nbsp;&nbsp;&nbsp;UART_SetConfig
<LI><a href="#[2b9]">&gt;&gt;</a>&nbsp;&nbsp;&nbsp;Sockets_Connect
<LI><a href="#[3cc]">&gt;&gt;</a>&nbsp;&nbsp;&nbsp;prvTCPNextTimeout
<LI><a href="#[2d5]">&gt;&gt;</a>&nbsp;&nbsp;&nbsp;_printf_core
<LI><a href="#[2d9]">&gt;&gt;</a>&nbsp;&nbsp;&nbsp;_fp_digits
</UL>

<P><STRONG><a name="[3f2]"></a>rand</STRONG> (Thumb, 20 bytes, Stack size 0 bytes, rand.o(.text))
<BR><BR>[Called By]<UL><LI><a href="#[323]">&gt;&gt;</a>&nbsp;&nbsp;&nbsp;uxRand
</UL>

<P><STRONG><a name="[433]"></a>srand</STRONG> (Thumb, 6 bytes, Stack size 0 bytes, rand.o(.text), UNUSED)

<P><STRONG><a name="[434]"></a>___aeabi_memcpy8$move</STRONG> (Thumb, 0 bytes, Stack size 8 bytes, memmovea.o(.text), UNUSED)

<P><STRONG><a name="[2e4]"></a>__aeabi_memcpy</STRONG> (Thumb, 64 bytes, Stack size 8 bytes, memmovea.o(.text))
<BR><BR>[Stack]<UL><LI>Max Depth = 8<LI>Call Chain = __aeabi_memcpy
</UL>
<BR>[Called By]<UL><LI><a href="#[33f]">&gt;&gt;</a>&nbsp;&nbsp;&nbsp;prvMQTTProcessIncomingPublish
<LI><a href="#[325]">&gt;&gt;</a>&nbsp;&nbsp;&nbsp;prvCopyDataToQueue
<LI><a href="#[324]">&gt;&gt;</a>&nbsp;&nbsp;&nbsp;prvCopyDataFromQueue
<LI><a href="#[2a0]">&gt;&gt;</a>&nbsp;&nbsp;&nbsp;serializePublishCommon
<LI><a href="#[2a4]">&gt;&gt;</a>&nbsp;&nbsp;&nbsp;encodeString
<LI><a href="#[1ee]">&gt;&gt;</a>&nbsp;&nbsp;&nbsp;prvSendTo_ActualSend
<LI><a href="#[1e7]">&gt;&gt;</a>&nbsp;&nbsp;&nbsp;prvRecvFrom_CopyPacket
<LI><a href="#[3a4]">&gt;&gt;</a>&nbsp;&nbsp;&nbsp;xProcessReceivedTCPPacket
<LI><a href="#[175]">&gt;&gt;</a>&nbsp;&nbsp;&nbsp;pxDuplicateNetworkBufferWithDescriptor
<LI><a href="#[1c0]">&gt;&gt;</a>&nbsp;&nbsp;&nbsp;vARPGenerateRequestPacket
<LI><a href="#[170]">&gt;&gt;</a>&nbsp;&nbsp;&nbsp;parseDNSAnswer
<LI><a href="#[402]">&gt;&gt;</a>&nbsp;&nbsp;&nbsp;vProcessGeneratedUDPPacket_IPv4
<LI><a href="#[417]">&gt;&gt;</a>&nbsp;&nbsp;&nbsp;xGetSourceAddrFromBuffer
<LI><a href="#[352]">&gt;&gt;</a>&nbsp;&nbsp;&nbsp;uxStreamBufferGet
<LI><a href="#[304]">&gt;&gt;</a>&nbsp;&nbsp;&nbsp;uxStreamBufferAdd
<LI><a href="#[3c5]">&gt;&gt;</a>&nbsp;&nbsp;&nbsp;prvTCPBufferResize
<LI><a href="#[35b]">&gt;&gt;</a>&nbsp;&nbsp;&nbsp;prvHandleListen_IPV4
<LI><a href="#[2e2]">&gt;&gt;</a>&nbsp;&nbsp;&nbsp;bsp_WriteCpuFlash
</UL>

<P><STRONG><a name="[172]"></a>__aeabi_memcpy4</STRONG> (Thumb, 0 bytes, Stack size 8 bytes, memmovea.o(.text))
<BR><BR>[Stack]<UL><LI>Max Depth = 8<LI>Call Chain = __aeabi_memcpy4
</UL>
<BR>[Called By]<UL><LI><a href="#[1cc]">&gt;&gt;</a>&nbsp;&nbsp;&nbsp;FreeRTOS_connect
<LI><a href="#[2e5]">&gt;&gt;</a>&nbsp;&nbsp;&nbsp;logConnackResponse
<LI><a href="#[368]">&gt;&gt;</a>&nbsp;&nbsp;&nbsp;prvProcessNetworkDownEvent
<LI><a href="#[1a5]">&gt;&gt;</a>&nbsp;&nbsp;&nbsp;FreeRTOS_FillEndPoint
<LI><a href="#[16c]">&gt;&gt;</a>&nbsp;&nbsp;&nbsp;DNS_ParseDNSReply
<LI><a href="#[1c6]">&gt;&gt;</a>&nbsp;&nbsp;&nbsp;prvUpdateCacheEntry
<LI><a href="#[1c7]">&gt;&gt;</a>&nbsp;&nbsp;&nbsp;prvInsertCacheEntry
<LI><a href="#[1c5]">&gt;&gt;</a>&nbsp;&nbsp;&nbsp;prvGetCacheIPEntry
<LI><a href="#[417]">&gt;&gt;</a>&nbsp;&nbsp;&nbsp;xGetSourceAddrFromBuffer
<LI><a href="#[17c]">&gt;&gt;</a>&nbsp;&nbsp;&nbsp;FreeRTOS_sendto
<LI><a href="#[165]">&gt;&gt;</a>&nbsp;&nbsp;&nbsp;FreeRTOS_bind
<LI><a href="#[fa]">&gt;&gt;</a>&nbsp;&nbsp;&nbsp;prvNetworkInterfaceOutput
</UL>

<P><STRONG><a name="[31c]"></a>__aeabi_memmove</STRONG> (Thumb, 0 bytes, Stack size 8 bytes, memmovea.o(.text))
<BR><BR>[Stack]<UL><LI>Max Depth = 8<LI>Call Chain = __aeabi_memmove
</UL>
<BR>[Called By]<UL><LI><a href="#[31b]">&gt;&gt;</a>&nbsp;&nbsp;&nbsp;prvCheckIP4HeaderOptions
</UL>

<P><STRONG><a name="[435]"></a>__aeabi_memmove4</STRONG> (Thumb, 0 bytes, Stack size 8 bytes, memmovea.o(.text), UNUSED)

<P><STRONG><a name="[436]"></a>__aeabi_memmove8</STRONG> (Thumb, 0 bytes, Stack size 8 bytes, memmovea.o(.text), UNUSED)

<P><STRONG><a name="[109]"></a>__aeabi_memset</STRONG> (Thumb, 14 bytes, Stack size 0 bytes, memseta.o(.text))
<BR><BR>[Called By]<UL><LI><a href="#[32d]">&gt;&gt;</a>&nbsp;&nbsp;&nbsp;prvInitialiseNewTask
<LI><a href="#[10a]">&gt;&gt;</a>&nbsp;&nbsp;&nbsp;_memset$wrapper
<LI><a href="#[108]">&gt;&gt;</a>&nbsp;&nbsp;&nbsp;__aeabi_memclr
</UL>

<P><STRONG><a name="[437]"></a>__aeabi_memset4</STRONG> (Thumb, 0 bytes, Stack size 0 bytes, memseta.o(.text), UNUSED)

<P><STRONG><a name="[438]"></a>__aeabi_memset8</STRONG> (Thumb, 0 bytes, Stack size 0 bytes, memseta.o(.text), UNUSED)

<P><STRONG><a name="[108]"></a>__aeabi_memclr</STRONG> (Thumb, 4 bytes, Stack size 0 bytes, memseta.o(.text))
<BR><BR>[Calls]<UL><LI><a href="#[109]">&gt;&gt;</a>&nbsp;&nbsp;&nbsp;__aeabi_memset
</UL>
<BR>[Called By]<UL><LI><a href="#[d5]">&gt;&gt;</a>&nbsp;&nbsp;&nbsp;WriteBurnInBoard
<LI><a href="#[df]">&gt;&gt;</a>&nbsp;&nbsp;&nbsp;TranspondHex
<LI><a href="#[de]">&gt;&gt;</a>&nbsp;&nbsp;&nbsp;TranspondAscii
<LI><a href="#[dd]">&gt;&gt;</a>&nbsp;&nbsp;&nbsp;TransBandSpeed
<LI><a href="#[c7]">&gt;&gt;</a>&nbsp;&nbsp;&nbsp;TaskSampSuspend
<LI><a href="#[c8]">&gt;&gt;</a>&nbsp;&nbsp;&nbsp;TaskSampResume
<LI><a href="#[cb]">&gt;&gt;</a>&nbsp;&nbsp;&nbsp;StartLDScanTestProcess
<LI><a href="#[db]">&gt;&gt;</a>&nbsp;&nbsp;&nbsp;SetOnChipFlag
<LI><a href="#[ba]">&gt;&gt;</a>&nbsp;&nbsp;&nbsp;SetLDVCCSwitchProcess
<LI><a href="#[bc]">&gt;&gt;</a>&nbsp;&nbsp;&nbsp;SetLDAllPowerDownProcess
<LI><a href="#[e0]">&gt;&gt;</a>&nbsp;&nbsp;&nbsp;SetCalDataProcess
<LI><a href="#[da]">&gt;&gt;</a>&nbsp;&nbsp;&nbsp;SetAutoOutage
<LI><a href="#[e2]">&gt;&gt;</a>&nbsp;&nbsp;&nbsp;SetAPCModelPID
<LI><a href="#[b5]">&gt;&gt;</a>&nbsp;&nbsp;&nbsp;ReadSetupAllStatus
<LI><a href="#[bb]">&gt;&gt;</a>&nbsp;&nbsp;&nbsp;ReadPowerStatusProcess
<LI><a href="#[d0]">&gt;&gt;</a>&nbsp;&nbsp;&nbsp;ReadPDCurrentProcess
<LI><a href="#[d3]">&gt;&gt;</a>&nbsp;&nbsp;&nbsp;ReadMonitBitResult
<LI><a href="#[d4]">&gt;&gt;</a>&nbsp;&nbsp;&nbsp;ReadMonitAllResult
<LI><a href="#[cf]">&gt;&gt;</a>&nbsp;&nbsp;&nbsp;ReadLDVoltageProcess
<LI><a href="#[cc]">&gt;&gt;</a>&nbsp;&nbsp;&nbsp;ReadLDScanStatusProcess
<LI><a href="#[cd]">&gt;&gt;</a>&nbsp;&nbsp;&nbsp;ReadLDIthProcess
<LI><a href="#[ce]">&gt;&gt;</a>&nbsp;&nbsp;&nbsp;ReadLDCurrentProcess
<LI><a href="#[d9]">&gt;&gt;</a>&nbsp;&nbsp;&nbsp;ReadIICBoardInf
<LI><a href="#[d1]">&gt;&gt;</a>&nbsp;&nbsp;&nbsp;ReadDutBitResult
<LI><a href="#[d2]">&gt;&gt;</a>&nbsp;&nbsp;&nbsp;ReadDutAllResult
<LI><a href="#[d6]">&gt;&gt;</a>&nbsp;&nbsp;&nbsp;ReadBurnInBoard
<LI><a href="#[d8]">&gt;&gt;</a>&nbsp;&nbsp;&nbsp;ReadBoardLineInf
<LI><a href="#[e5]">&gt;&gt;</a>&nbsp;&nbsp;&nbsp;OtaVerfyMark
<LI><a href="#[e3]">&gt;&gt;</a>&nbsp;&nbsp;&nbsp;OtaStart
<LI><a href="#[e4]">&gt;&gt;</a>&nbsp;&nbsp;&nbsp;OtaCommit
<LI><a href="#[e1]">&gt;&gt;</a>&nbsp;&nbsp;&nbsp;GetCalDataProcess
<LI><a href="#[dc]">&gt;&gt;</a>&nbsp;&nbsp;&nbsp;ControlLedStatus
<LI><a href="#[bd]">&gt;&gt;</a>&nbsp;&nbsp;&nbsp;ConfigTimeUp
<LI><a href="#[c5]">&gt;&gt;</a>&nbsp;&nbsp;&nbsp;ConfigPWRLimit
<LI><a href="#[b8]">&gt;&gt;</a>&nbsp;&nbsp;&nbsp;ConfigPDVoltageProcess
<LI><a href="#[c3]">&gt;&gt;</a>&nbsp;&nbsp;&nbsp;ConfigPDCurrentLevel
<LI><a href="#[b6]">&gt;&gt;</a>&nbsp;&nbsp;&nbsp;ConfigMPDVoltageProcess
<LI><a href="#[c1]">&gt;&gt;</a>&nbsp;&nbsp;&nbsp;ConfigMPDCurrentLevel
<LI><a href="#[c9]">&gt;&gt;</a>&nbsp;&nbsp;&nbsp;ConfigLDScanCurrentProcess
<LI><a href="#[b3]">&gt;&gt;</a>&nbsp;&nbsp;&nbsp;ConfigLDCurrentProcess
<LI><a href="#[bf]">&gt;&gt;</a>&nbsp;&nbsp;&nbsp;ConfigLDCurrentGear
<LI><a href="#[ad]">&gt;&gt;</a>&nbsp;&nbsp;&nbsp;ConfigLDBurnInMode
<LI><a href="#[c6]">&gt;&gt;</a>&nbsp;&nbsp;&nbsp;ConfigChannelProcess
<LI><a href="#[af]">&gt;&gt;</a>&nbsp;&nbsp;&nbsp;ConfigAPCModePara
<LI><a href="#[be]">&gt;&gt;</a>&nbsp;&nbsp;&nbsp;CheckTimeUp
<LI><a href="#[b9]">&gt;&gt;</a>&nbsp;&nbsp;&nbsp;CheckPDVoltageProcess
<LI><a href="#[c4]">&gt;&gt;</a>&nbsp;&nbsp;&nbsp;CheckPDCurrentLevel
<LI><a href="#[b7]">&gt;&gt;</a>&nbsp;&nbsp;&nbsp;CheckMPDVoltageProcess
<LI><a href="#[c2]">&gt;&gt;</a>&nbsp;&nbsp;&nbsp;CheckMPDCurrentLevel
<LI><a href="#[ca]">&gt;&gt;</a>&nbsp;&nbsp;&nbsp;CheckLDScanCurrentProcess
<LI><a href="#[b4]">&gt;&gt;</a>&nbsp;&nbsp;&nbsp;CheckLDCurrentProcess
<LI><a href="#[c0]">&gt;&gt;</a>&nbsp;&nbsp;&nbsp;CheckLDCurrentGear
<LI><a href="#[ae]">&gt;&gt;</a>&nbsp;&nbsp;&nbsp;CheckLDBurnInMode
<LI><a href="#[b0]">&gt;&gt;</a>&nbsp;&nbsp;&nbsp;CheckAPCModePara
<LI><a href="#[ac]">&gt;&gt;</a>&nbsp;&nbsp;&nbsp;CallIDN
<LI><a href="#[27e]">&gt;&gt;</a>&nbsp;&nbsp;&nbsp;handleSessionResumption
<LI><a href="#[1dd]">&gt;&gt;</a>&nbsp;&nbsp;&nbsp;FreeRTOS_listen
<LI><a href="#[3ce]">&gt;&gt;</a>&nbsp;&nbsp;&nbsp;prvTCPPrepareConnect_IPV4
</UL>

<P><STRONG><a name="[15b]"></a>__aeabi_memclr4</STRONG> (Thumb, 0 bytes, Stack size 0 bytes, memseta.o(.text))
<BR><BR>[Called By]<UL><LI><a href="#[15a]">&gt;&gt;</a>&nbsp;&nbsp;&nbsp;ControlHardAddress
<LI><a href="#[2cb]">&gt;&gt;</a>&nbsp;&nbsp;&nbsp;SystemClock_Config
<LI><a href="#[232]">&gt;&gt;</a>&nbsp;&nbsp;&nbsp;HAL_MspInit
<LI><a href="#[28e]">&gt;&gt;</a>&nbsp;&nbsp;&nbsp;MQTT_Init
<LI><a href="#[383]">&gt;&gt;</a>&nbsp;&nbsp;&nbsp;prvMQTTPublishToTopicString
<LI><a href="#[32b]">&gt;&gt;</a>&nbsp;&nbsp;&nbsp;prvCreateMQTTConnectionWithBroker
<LI><a href="#[2c0]">&gt;&gt;</a>&nbsp;&nbsp;&nbsp;ReadSampDUT
<LI><a href="#[2c1]">&gt;&gt;</a>&nbsp;&nbsp;&nbsp;ReadPDandMPD
<LI><a href="#[152]">&gt;&gt;</a>&nbsp;&nbsp;&nbsp;string2hex
<LI><a href="#[df]">&gt;&gt;</a>&nbsp;&nbsp;&nbsp;TranspondHex
<LI><a href="#[e0]">&gt;&gt;</a>&nbsp;&nbsp;&nbsp;SetCalDataProcess
<LI><a href="#[e2]">&gt;&gt;</a>&nbsp;&nbsp;&nbsp;SetAPCModelPID
<LI><a href="#[e1]">&gt;&gt;</a>&nbsp;&nbsp;&nbsp;GetCalDataProcess
<LI><a href="#[13b]">&gt;&gt;</a>&nbsp;&nbsp;&nbsp;RS485ControlInit
<LI><a href="#[181]">&gt;&gt;</a>&nbsp;&nbsp;&nbsp;DriverGPIO_Init
<LI><a href="#[32e]">&gt;&gt;</a>&nbsp;&nbsp;&nbsp;prvCreateTask
<LI><a href="#[32c]">&gt;&gt;</a>&nbsp;&nbsp;&nbsp;prvCreateStaticTask
<LI><a href="#[38b]">&gt;&gt;</a>&nbsp;&nbsp;&nbsp;vPhyInitialise
<LI><a href="#[3e4]">&gt;&gt;</a>&nbsp;&nbsp;&nbsp;pxSTM32_FillInterfaceDescriptor
<LI><a href="#[20e]">&gt;&gt;</a>&nbsp;&nbsp;&nbsp;HAL_ETH_MspInit
<LI><a href="#[169]">&gt;&gt;</a>&nbsp;&nbsp;&nbsp;FreeRTOS_socket
<LI><a href="#[2b9]">&gt;&gt;</a>&nbsp;&nbsp;&nbsp;Sockets_Connect
<LI><a href="#[27e]">&gt;&gt;</a>&nbsp;&nbsp;&nbsp;handleSessionResumption
<LI><a href="#[303]">&gt;&gt;</a>&nbsp;&nbsp;&nbsp;prvTCPCreateStream
<LI><a href="#[399]">&gt;&gt;</a>&nbsp;&nbsp;&nbsp;vSocketBind
<LI><a href="#[1d2]">&gt;&gt;</a>&nbsp;&nbsp;&nbsp;FreeRTOS_dnsclear
<LI><a href="#[1a5]">&gt;&gt;</a>&nbsp;&nbsp;&nbsp;FreeRTOS_FillEndPoint
<LI><a href="#[16c]">&gt;&gt;</a>&nbsp;&nbsp;&nbsp;DNS_ParseDNSReply
<LI><a href="#[164]">&gt;&gt;</a>&nbsp;&nbsp;&nbsp;DNS_BindSocket
<LI><a href="#[30a]">&gt;&gt;</a>&nbsp;&nbsp;&nbsp;pxNew_AddrInfo
<LI><a href="#[346]">&gt;&gt;</a>&nbsp;&nbsp;&nbsp;prvGetHostByNameOp
<LI><a href="#[341]">&gt;&gt;</a>&nbsp;&nbsp;&nbsp;prvFillSockAddress
<LI><a href="#[1a4]">&gt;&gt;</a>&nbsp;&nbsp;&nbsp;FreeRTOS_ClearARP
<LI><a href="#[1dd]">&gt;&gt;</a>&nbsp;&nbsp;&nbsp;FreeRTOS_listen
<LI><a href="#[3d1]">&gt;&gt;</a>&nbsp;&nbsp;&nbsp;prvTCPReturnPacket_IPV4
<LI><a href="#[33a]">&gt;&gt;</a>&nbsp;&nbsp;&nbsp;prvEthConfigInit
<LI><a href="#[227]">&gt;&gt;</a>&nbsp;&nbsp;&nbsp;HAL_I2C_MspInit
<LI><a href="#[25e]">&gt;&gt;</a>&nbsp;&nbsp;&nbsp;HAL_UART_MspInit
<LI><a href="#[244]">&gt;&gt;</a>&nbsp;&nbsp;&nbsp;HAL_SPI_MspInit
</UL>

<P><STRONG><a name="[439]"></a>__aeabi_memclr8</STRONG> (Thumb, 0 bytes, Stack size 0 bytes, memseta.o(.text), UNUSED)

<P><STRONG><a name="[10a]"></a>_memset$wrapper</STRONG> (Thumb, 18 bytes, Stack size 8 bytes, memseta.o(.text), UNUSED)
<BR><BR>[Calls]<UL><LI><a href="#[109]">&gt;&gt;</a>&nbsp;&nbsp;&nbsp;__aeabi_memset
</UL>

<P><STRONG><a name="[2cf]"></a>strcat</STRONG> (Thumb, 24 bytes, Stack size 0 bytes, strcat.o(.text))
<BR><BR>[Called By]<UL><LI><a href="#[9d]">&gt;&gt;</a>&nbsp;&nbsp;&nbsp;TransReceiveEntry
</UL>

<P><STRONG><a name="[37c]"></a>strncpy</STRONG> (Thumb, 24 bytes, Stack size 8 bytes, strncpy.o(.text))
<BR><BR>[Stack]<UL><LI>Max Depth = 8<LI>Call Chain = strncpy
</UL>
<BR>[Called By]<UL><LI><a href="#[38f]">&gt;&gt;</a>&nbsp;&nbsp;&nbsp;xDNSSetCallBack
<LI><a href="#[30a]">&gt;&gt;</a>&nbsp;&nbsp;&nbsp;pxNew_AddrInfo
<LI><a href="#[1c7]">&gt;&gt;</a>&nbsp;&nbsp;&nbsp;prvInsertCacheEntry
</UL>

<P><STRONG><a name="[342]"></a>strchr</STRONG> (Thumb, 20 bytes, Stack size 0 bytes, strchr.o(.text))
<BR><BR>[Called By]<UL><LI><a href="#[341]">&gt;&gt;</a>&nbsp;&nbsp;&nbsp;prvFillSockAddress
</UL>

<P><STRONG><a name="[135]"></a>strlen</STRONG> (Thumb, 14 bytes, Stack size 0 bytes, strlen.o(.text))
<BR><BR>[Called By]<UL><LI><a href="#[380]">&gt;&gt;</a>&nbsp;&nbsp;&nbsp;prvMQTTSubscribeWithBackoffRetries
<LI><a href="#[33f]">&gt;&gt;</a>&nbsp;&nbsp;&nbsp;prvMQTTProcessIncomingPublish
<LI><a href="#[32b]">&gt;&gt;</a>&nbsp;&nbsp;&nbsp;prvCreateMQTTConnectionWithBroker
<LI><a href="#[152]">&gt;&gt;</a>&nbsp;&nbsp;&nbsp;string2hex
<LI><a href="#[d5]">&gt;&gt;</a>&nbsp;&nbsp;&nbsp;WriteBurnInBoard
<LI><a href="#[df]">&gt;&gt;</a>&nbsp;&nbsp;&nbsp;TranspondHex
<LI><a href="#[de]">&gt;&gt;</a>&nbsp;&nbsp;&nbsp;TranspondAscii
<LI><a href="#[dd]">&gt;&gt;</a>&nbsp;&nbsp;&nbsp;TransBandSpeed
<LI><a href="#[c7]">&gt;&gt;</a>&nbsp;&nbsp;&nbsp;TaskSampSuspend
<LI><a href="#[c8]">&gt;&gt;</a>&nbsp;&nbsp;&nbsp;TaskSampResume
<LI><a href="#[cb]">&gt;&gt;</a>&nbsp;&nbsp;&nbsp;StartLDScanTestProcess
<LI><a href="#[db]">&gt;&gt;</a>&nbsp;&nbsp;&nbsp;SetOnChipFlag
<LI><a href="#[ba]">&gt;&gt;</a>&nbsp;&nbsp;&nbsp;SetLDVCCSwitchProcess
<LI><a href="#[bc]">&gt;&gt;</a>&nbsp;&nbsp;&nbsp;SetLDAllPowerDownProcess
<LI><a href="#[e0]">&gt;&gt;</a>&nbsp;&nbsp;&nbsp;SetCalDataProcess
<LI><a href="#[da]">&gt;&gt;</a>&nbsp;&nbsp;&nbsp;SetAutoOutage
<LI><a href="#[e2]">&gt;&gt;</a>&nbsp;&nbsp;&nbsp;SetAPCModelPID
<LI><a href="#[d7]">&gt;&gt;</a>&nbsp;&nbsp;&nbsp;ReadTempInf
<LI><a href="#[b5]">&gt;&gt;</a>&nbsp;&nbsp;&nbsp;ReadSetupAllStatus
<LI><a href="#[bb]">&gt;&gt;</a>&nbsp;&nbsp;&nbsp;ReadPowerStatusProcess
<LI><a href="#[d0]">&gt;&gt;</a>&nbsp;&nbsp;&nbsp;ReadPDCurrentProcess
[...]
</UL>

<P><STRONG><a name="[377]"></a>prvInitialiseMutex</STRONG> (Thumb, 30 bytes, Stack size 8 bytes, queue.o(i.prvInitialiseMutex))
<BR><BR>[Stack]<UL><LI>Max Depth = 120<LI>Call Chain = prvInitialiseMutex &rArr; xQueueGenericSend &rArr; vTaskPlaceOnEventList &rArr; prvAddCurrentTaskToDelayedList &rArr; vListInsert
</UL>
<BR>[Calls]<UL><LI><a href="#[136]">&gt;&gt;</a>&nbsp;&nbsp;&nbsp;xQueueGenericSend
</UL>
<BR>[Called By]<UL><LI><a href="#[338]">&gt;&gt;</a>&nbsp;&nbsp;&nbsp;xQueueCreateMutexStatic
</UL>

<P><STRONG><a name="[378]"></a>prvInitialiseNewQueue</STRONG> (Thumb, 42 bytes, Stack size 24 bytes, queue.o(i.prvInitialiseNewQueue))
<BR><BR>[Stack]<UL><LI>Max Depth = 64<LI>Call Chain = prvInitialiseNewQueue &rArr; xQueueGenericReset &rArr; xTaskRemoveFromEventList
</UL>
<BR>[Calls]<UL><LI><a href="#[379]">&gt;&gt;</a>&nbsp;&nbsp;&nbsp;xQueueGenericReset
</UL>
<BR>[Called By]<UL><LI><a href="#[13c]">&gt;&gt;</a>&nbsp;&nbsp;&nbsp;xQueueGenericCreate
<LI><a href="#[1b1]">&gt;&gt;</a>&nbsp;&nbsp;&nbsp;xQueueGenericCreateStatic
</UL>

<P><STRONG><a name="[37e]"></a>prvIsQueueEmpty</STRONG> (Thumb, 26 bytes, Stack size 16 bytes, queue.o(i.prvIsQueueEmpty))
<BR><BR>[Stack]<UL><LI>Max Depth = 16<LI>Call Chain = prvIsQueueEmpty
</UL>
<BR>[Calls]<UL><LI><a href="#[2fa]">&gt;&gt;</a>&nbsp;&nbsp;&nbsp;vPortExitCritical
<LI><a href="#[2f9]">&gt;&gt;</a>&nbsp;&nbsp;&nbsp;vPortEnterCritical
</UL>
<BR>[Called By]<UL><LI><a href="#[2ae]">&gt;&gt;</a>&nbsp;&nbsp;&nbsp;xQueueReceive
<LI><a href="#[1a3]">&gt;&gt;</a>&nbsp;&nbsp;&nbsp;xQueueSemaphoreTake
</UL>

<P><STRONG><a name="[37f]"></a>prvIsQueueFull</STRONG> (Thumb, 30 bytes, Stack size 16 bytes, queue.o(i.prvIsQueueFull))
<BR><BR>[Stack]<UL><LI>Max Depth = 16<LI>Call Chain = prvIsQueueFull
</UL>
<BR>[Calls]<UL><LI><a href="#[2fa]">&gt;&gt;</a>&nbsp;&nbsp;&nbsp;vPortExitCritical
<LI><a href="#[2f9]">&gt;&gt;</a>&nbsp;&nbsp;&nbsp;vPortEnterCritical
</UL>
<BR>[Called By]<UL><LI><a href="#[136]">&gt;&gt;</a>&nbsp;&nbsp;&nbsp;xQueueGenericSend
</UL>

<P><STRONG><a name="[3df]"></a>prvUnlockQueue</STRONG> (Thumb, 126 bytes, Stack size 16 bytes, queue.o(i.prvUnlockQueue))
<BR><BR>[Stack]<UL><LI>Max Depth = 32<LI>Call Chain = prvUnlockQueue &rArr; xTaskRemoveFromEventList
</UL>
<BR>[Calls]<UL><LI><a href="#[2fa]">&gt;&gt;</a>&nbsp;&nbsp;&nbsp;vPortExitCritical
<LI><a href="#[2f9]">&gt;&gt;</a>&nbsp;&nbsp;&nbsp;vPortEnterCritical
<LI><a href="#[3e0]">&gt;&gt;</a>&nbsp;&nbsp;&nbsp;xTaskRemoveFromEventList
<LI><a href="#[3e1]">&gt;&gt;</a>&nbsp;&nbsp;&nbsp;vTaskMissedYield
</UL>
<BR>[Called By]<UL><LI><a href="#[2ae]">&gt;&gt;</a>&nbsp;&nbsp;&nbsp;xQueueReceive
<LI><a href="#[136]">&gt;&gt;</a>&nbsp;&nbsp;&nbsp;xQueueGenericSend
<LI><a href="#[1a3]">&gt;&gt;</a>&nbsp;&nbsp;&nbsp;xQueueSemaphoreTake
<LI><a href="#[3ae]">&gt;&gt;</a>&nbsp;&nbsp;&nbsp;vQueueWaitForMessageRestricted
</UL>

<P><STRONG><a name="[311]"></a>prvAddCurrentTaskToDelayedList</STRONG> (Thumb, 150 bytes, Stack size 32 bytes, tasks.o(i.prvAddCurrentTaskToDelayedList))
<BR><BR>[Stack]<UL><LI>Max Depth = 40<LI>Call Chain = prvAddCurrentTaskToDelayedList &rArr; vListInsert
</UL>
<BR>[Calls]<UL><LI><a href="#[312]">&gt;&gt;</a>&nbsp;&nbsp;&nbsp;uxListRemove
<LI><a href="#[313]">&gt;&gt;</a>&nbsp;&nbsp;&nbsp;vListInsert
</UL>
<BR>[Called By]<UL><LI><a href="#[15f]">&gt;&gt;</a>&nbsp;&nbsp;&nbsp;vTaskDelay
<LI><a href="#[331]">&gt;&gt;</a>&nbsp;&nbsp;&nbsp;xTaskGenericNotifyWait
<LI><a href="#[403]">&gt;&gt;</a>&nbsp;&nbsp;&nbsp;vTaskPlaceOnEventListRestricted
<LI><a href="#[409]">&gt;&gt;</a>&nbsp;&nbsp;&nbsp;vTaskPlaceOnEventList
<LI><a href="#[40a]">&gt;&gt;</a>&nbsp;&nbsp;&nbsp;vTaskPlaceOnUnorderedEventList
</UL>

<P><STRONG><a name="[315]"></a>prvAddNewTaskToReadyList</STRONG> (Thumb, 220 bytes, Stack size 8 bytes, tasks.o(i.prvAddNewTaskToReadyList))
<BR><BR>[Stack]<UL><LI>Max Depth = 16<LI>Call Chain = prvAddNewTaskToReadyList &rArr; prvInitialiseTaskLists
</UL>
<BR>[Calls]<UL><LI><a href="#[2fa]">&gt;&gt;</a>&nbsp;&nbsp;&nbsp;vPortExitCritical
<LI><a href="#[2f9]">&gt;&gt;</a>&nbsp;&nbsp;&nbsp;vPortEnterCritical
<LI><a href="#[316]">&gt;&gt;</a>&nbsp;&nbsp;&nbsp;prvInitialiseTaskLists
</UL>
<BR>[Called By]<UL><LI><a href="#[13d]">&gt;&gt;</a>&nbsp;&nbsp;&nbsp;xTaskCreate
<LI><a href="#[1b4]">&gt;&gt;</a>&nbsp;&nbsp;&nbsp;xTaskCreateStatic
</UL>

<P><STRONG><a name="[320]"></a>prvCheckTasksWaitingTermination</STRONG> (Thumb, 60 bytes, Stack size 8 bytes, tasks.o(i.prvCheckTasksWaitingTermination))
<BR><BR>[Stack]<UL><LI>Max Depth = 80<LI>Call Chain = prvCheckTasksWaitingTermination &rArr; prvDeleteTCB &rArr; vPortFree &rArr; xTaskResumeAll &rArr; xTaskIncrementTick
</UL>
<BR>[Calls]<UL><LI><a href="#[2fa]">&gt;&gt;</a>&nbsp;&nbsp;&nbsp;vPortExitCritical
<LI><a href="#[2f9]">&gt;&gt;</a>&nbsp;&nbsp;&nbsp;vPortEnterCritical
<LI><a href="#[321]">&gt;&gt;</a>&nbsp;&nbsp;&nbsp;prvDeleteTCB
<LI><a href="#[312]">&gt;&gt;</a>&nbsp;&nbsp;&nbsp;uxListRemove
</UL>
<BR>[Called By]<UL><LI><a href="#[f0]">&gt;&gt;</a>&nbsp;&nbsp;&nbsp;prvIdleTask
</UL>

<P><STRONG><a name="[329]"></a>prvCreateIdleTasks</STRONG> (Thumb, 138 bytes, Stack size 64 bytes, tasks.o(i.prvCreateIdleTasks))
<BR><BR>[Stack]<UL><LI>Max Depth = 232<LI>Call Chain = prvCreateIdleTasks &rArr; xTaskCreateStatic &rArr; prvCreateStaticTask &rArr; prvInitialiseNewTask
</UL>
<BR>[Calls]<UL><LI><a href="#[32a]">&gt;&gt;</a>&nbsp;&nbsp;&nbsp;vApplicationGetIdleTaskMemory
<LI><a href="#[1b4]">&gt;&gt;</a>&nbsp;&nbsp;&nbsp;xTaskCreateStatic
</UL>
<BR>[Called By]<UL><LI><a href="#[309]">&gt;&gt;</a>&nbsp;&nbsp;&nbsp;vTaskStartScheduler
</UL>

<P><STRONG><a name="[32c]"></a>prvCreateStaticTask</STRONG> (Thumb, 76 bytes, Stack size 72 bytes, tasks.o(i.prvCreateStaticTask))
<BR><BR>[Stack]<UL><LI>Max Depth = 112<LI>Call Chain = prvCreateStaticTask &rArr; prvInitialiseNewTask
</UL>
<BR>[Calls]<UL><LI><a href="#[32d]">&gt;&gt;</a>&nbsp;&nbsp;&nbsp;prvInitialiseNewTask
<LI><a href="#[15b]">&gt;&gt;</a>&nbsp;&nbsp;&nbsp;__aeabi_memclr4
</UL>
<BR>[Called By]<UL><LI><a href="#[1b4]">&gt;&gt;</a>&nbsp;&nbsp;&nbsp;xTaskCreateStatic
</UL>

<P><STRONG><a name="[32e]"></a>prvCreateTask</STRONG> (Thumb, 94 bytes, Stack size 56 bytes, tasks.o(i.prvCreateTask))
<BR><BR>[Stack]<UL><LI>Max Depth = 136<LI>Call Chain = prvCreateTask &rArr; pvPortMalloc &rArr; xTaskResumeAll &rArr; xTaskIncrementTick
</UL>
<BR>[Calls]<UL><LI><a href="#[1d4]">&gt;&gt;</a>&nbsp;&nbsp;&nbsp;vPortFree
<LI><a href="#[1f8]">&gt;&gt;</a>&nbsp;&nbsp;&nbsp;pvPortMalloc
<LI><a href="#[32d]">&gt;&gt;</a>&nbsp;&nbsp;&nbsp;prvInitialiseNewTask
<LI><a href="#[15b]">&gt;&gt;</a>&nbsp;&nbsp;&nbsp;__aeabi_memclr4
</UL>
<BR>[Called By]<UL><LI><a href="#[13d]">&gt;&gt;</a>&nbsp;&nbsp;&nbsp;xTaskCreate
</UL>

<P><STRONG><a name="[321]"></a>prvDeleteTCB</STRONG> (Thumb, 40 bytes, Stack size 8 bytes, tasks.o(i.prvDeleteTCB))
<BR><BR>[Stack]<UL><LI>Max Depth = 72<LI>Call Chain = prvDeleteTCB &rArr; vPortFree &rArr; xTaskResumeAll &rArr; xTaskIncrementTick
</UL>
<BR>[Calls]<UL><LI><a href="#[1d4]">&gt;&gt;</a>&nbsp;&nbsp;&nbsp;vPortFree
</UL>
<BR>[Called By]<UL><LI><a href="#[320]">&gt;&gt;</a>&nbsp;&nbsp;&nbsp;prvCheckTasksWaitingTermination
</UL>

<P><STRONG><a name="[f0]"></a>prvIdleTask</STRONG> (Thumb, 8 bytes, Stack size 0 bytes, tasks.o(i.prvIdleTask))
<BR><BR>[Stack]<UL><LI>Max Depth = 80<LI>Call Chain = prvIdleTask &rArr; prvCheckTasksWaitingTermination &rArr; prvDeleteTCB &rArr; vPortFree &rArr; xTaskResumeAll &rArr; xTaskIncrementTick
</UL>
<BR>[Calls]<UL><LI><a href="#[320]">&gt;&gt;</a>&nbsp;&nbsp;&nbsp;prvCheckTasksWaitingTermination
</UL>
<BR>[Address Reference Count : 1]<UL><LI> tasks.o(i.prvCreateIdleTasks)
</UL>
<P><STRONG><a name="[32d]"></a>prvInitialiseNewTask</STRONG> (Thumb, 134 bytes, Stack size 40 bytes, tasks.o(i.prvInitialiseNewTask))
<BR><BR>[Stack]<UL><LI>Max Depth = 40<LI>Call Chain = prvInitialiseNewTask
</UL>
<BR>[Calls]<UL><LI><a href="#[1fc]">&gt;&gt;</a>&nbsp;&nbsp;&nbsp;vListInitialiseItem
<LI><a href="#[37a]">&gt;&gt;</a>&nbsp;&nbsp;&nbsp;pxPortInitialiseStack
<LI><a href="#[109]">&gt;&gt;</a>&nbsp;&nbsp;&nbsp;__aeabi_memset
</UL>
<BR>[Called By]<UL><LI><a href="#[32e]">&gt;&gt;</a>&nbsp;&nbsp;&nbsp;prvCreateTask
<LI><a href="#[32c]">&gt;&gt;</a>&nbsp;&nbsp;&nbsp;prvCreateStaticTask
</UL>

<P><STRONG><a name="[316]"></a>prvInitialiseTaskLists</STRONG> (Thumb, 70 bytes, Stack size 8 bytes, tasks.o(i.prvInitialiseTaskLists))
<BR><BR>[Stack]<UL><LI>Max Depth = 8<LI>Call Chain = prvInitialiseTaskLists
</UL>
<BR>[Calls]<UL><LI><a href="#[1fa]">&gt;&gt;</a>&nbsp;&nbsp;&nbsp;vListInitialise
</UL>
<BR>[Called By]<UL><LI><a href="#[315]">&gt;&gt;</a>&nbsp;&nbsp;&nbsp;prvAddNewTaskToReadyList
</UL>

<P><STRONG><a name="[40f]"></a>prvResetNextTaskUnblockTime</STRONG> (Thumb, 40 bytes, Stack size 0 bytes, tasks.o(i.prvResetNextTaskUnblockTime))
<BR><BR>[Called By]<UL><LI><a href="#[163]">&gt;&gt;</a>&nbsp;&nbsp;&nbsp;vTaskSuspend
<LI><a href="#[3ad]">&gt;&gt;</a>&nbsp;&nbsp;&nbsp;xTaskResumeAll
<LI><a href="#[41f]">&gt;&gt;</a>&nbsp;&nbsp;&nbsp;xTaskIncrementTick
</UL>

<P><STRONG><a name="[40c]"></a>prvTaskIsTaskSuspended</STRONG> (Thumb, 86 bytes, Stack size 8 bytes, tasks.o(i.prvTaskIsTaskSuspended))
<BR><BR>[Stack]<UL><LI>Max Depth = 8<LI>Call Chain = prvTaskIsTaskSuspended
</UL>
<BR>[Called By]<UL><LI><a href="#[161]">&gt;&gt;</a>&nbsp;&nbsp;&nbsp;vTaskResume
</UL>

<P><STRONG><a name="[31a]"></a>prvCheckForValidListAndQueue</STRONG> (Thumb, 62 bytes, Stack size 8 bytes, timers.o(i.prvCheckForValidListAndQueue))
<BR><BR>[Stack]<UL><LI>Max Depth = 104<LI>Call Chain = prvCheckForValidListAndQueue &rArr; xQueueGenericCreateStatic &rArr; prvInitialiseNewQueue &rArr; xQueueGenericReset &rArr; xTaskRemoveFromEventList
</UL>
<BR>[Calls]<UL><LI><a href="#[1b1]">&gt;&gt;</a>&nbsp;&nbsp;&nbsp;xQueueGenericCreateStatic
<LI><a href="#[2fa]">&gt;&gt;</a>&nbsp;&nbsp;&nbsp;vPortExitCritical
<LI><a href="#[2f9]">&gt;&gt;</a>&nbsp;&nbsp;&nbsp;vPortEnterCritical
<LI><a href="#[1fa]">&gt;&gt;</a>&nbsp;&nbsp;&nbsp;vListInitialise
</UL>
<BR>[Called By]<UL><LI><a href="#[40d]">&gt;&gt;</a>&nbsp;&nbsp;&nbsp;xTimerCreateTimerTask
</UL>

<P><STRONG><a name="[3de]"></a>prvGetNextExpireTime</STRONG> (Thumb, 36 bytes, Stack size 0 bytes, timers.o(i.prvGetNextExpireTime))
<BR><BR>[Called By]<UL><LI><a href="#[101]">&gt;&gt;</a>&nbsp;&nbsp;&nbsp;prvTimerTask
</UL>

<P><STRONG><a name="[37d]"></a>prvInsertTimerInActiveList</STRONG> (Thumb, 80 bytes, Stack size 24 bytes, timers.o(i.prvInsertTimerInActiveList))
<BR><BR>[Stack]<UL><LI>Max Depth = 32<LI>Call Chain = prvInsertTimerInActiveList &rArr; vListInsert
</UL>
<BR>[Calls]<UL><LI><a href="#[313]">&gt;&gt;</a>&nbsp;&nbsp;&nbsp;vListInsert
</UL>
<BR>[Called By]<UL><LI><a href="#[393]">&gt;&gt;</a>&nbsp;&nbsp;&nbsp;prvReloadTimer
<LI><a href="#[3a9]">&gt;&gt;</a>&nbsp;&nbsp;&nbsp;prvProcessReceivedCommands
</UL>

<P><STRONG><a name="[392]"></a>prvProcessExpiredTimer</STRONG> (Thumb, 62 bytes, Stack size 16 bytes, timers.o(i.prvProcessExpiredTimer))
<BR><BR>[Stack]<UL><LI>Max Depth = 64<LI>Call Chain = prvProcessExpiredTimer &rArr; prvReloadTimer &rArr; prvInsertTimerInActiveList &rArr; vListInsert
</UL>
<BR>[Calls]<UL><LI><a href="#[312]">&gt;&gt;</a>&nbsp;&nbsp;&nbsp;uxListRemove
<LI><a href="#[393]">&gt;&gt;</a>&nbsp;&nbsp;&nbsp;prvReloadTimer
</UL>
<BR>[Called By]<UL><LI><a href="#[3b6]">&gt;&gt;</a>&nbsp;&nbsp;&nbsp;prvSwitchTimerLists
<LI><a href="#[3ab]">&gt;&gt;</a>&nbsp;&nbsp;&nbsp;prvProcessTimerOrBlockTask
</UL>

<P><STRONG><a name="[3a9]"></a>prvProcessReceivedCommands</STRONG> (Thumb, 282 bytes, Stack size 40 bytes, timers.o(i.prvProcessReceivedCommands))
<BR><BR>[Stack]<UL><LI>Max Depth = 144<LI>Call Chain = prvProcessReceivedCommands &rArr; xQueueReceive &rArr; vTaskPlaceOnEventList &rArr; prvAddCurrentTaskToDelayedList &rArr; vListInsert
</UL>
<BR>[Calls]<UL><LI><a href="#[2ae]">&gt;&gt;</a>&nbsp;&nbsp;&nbsp;xQueueReceive
<LI><a href="#[1d4]">&gt;&gt;</a>&nbsp;&nbsp;&nbsp;vPortFree
<LI><a href="#[312]">&gt;&gt;</a>&nbsp;&nbsp;&nbsp;uxListRemove
<LI><a href="#[3aa]">&gt;&gt;</a>&nbsp;&nbsp;&nbsp;prvSampleTimeNow
<LI><a href="#[393]">&gt;&gt;</a>&nbsp;&nbsp;&nbsp;prvReloadTimer
<LI><a href="#[37d]">&gt;&gt;</a>&nbsp;&nbsp;&nbsp;prvInsertTimerInActiveList
</UL>
<BR>[Called By]<UL><LI><a href="#[101]">&gt;&gt;</a>&nbsp;&nbsp;&nbsp;prvTimerTask
</UL>

<P><STRONG><a name="[3ab]"></a>prvProcessTimerOrBlockTask</STRONG> (Thumb, 102 bytes, Stack size 24 bytes, timers.o(i.prvProcessTimerOrBlockTask))
<BR><BR>[Stack]<UL><LI>Max Depth = 120<LI>Call Chain = prvProcessTimerOrBlockTask &rArr; prvSampleTimeNow &rArr; prvSwitchTimerLists &rArr; prvProcessExpiredTimer &rArr; prvReloadTimer &rArr; prvInsertTimerInActiveList &rArr; vListInsert
</UL>
<BR>[Calls]<UL><LI><a href="#[3ad]">&gt;&gt;</a>&nbsp;&nbsp;&nbsp;xTaskResumeAll
<LI><a href="#[3ac]">&gt;&gt;</a>&nbsp;&nbsp;&nbsp;vTaskSuspendAll
<LI><a href="#[3ae]">&gt;&gt;</a>&nbsp;&nbsp;&nbsp;vQueueWaitForMessageRestricted
<LI><a href="#[3aa]">&gt;&gt;</a>&nbsp;&nbsp;&nbsp;prvSampleTimeNow
<LI><a href="#[392]">&gt;&gt;</a>&nbsp;&nbsp;&nbsp;prvProcessExpiredTimer
</UL>
<BR>[Called By]<UL><LI><a href="#[101]">&gt;&gt;</a>&nbsp;&nbsp;&nbsp;prvTimerTask
</UL>

<P><STRONG><a name="[393]"></a>prvReloadTimer</STRONG> (Thumb, 40 bytes, Stack size 16 bytes, timers.o(i.prvReloadTimer))
<BR><BR>[Stack]<UL><LI>Max Depth = 48<LI>Call Chain = prvReloadTimer &rArr; prvInsertTimerInActiveList &rArr; vListInsert
</UL>
<BR>[Calls]<UL><LI><a href="#[37d]">&gt;&gt;</a>&nbsp;&nbsp;&nbsp;prvInsertTimerInActiveList
</UL>
<BR>[Called By]<UL><LI><a href="#[3a9]">&gt;&gt;</a>&nbsp;&nbsp;&nbsp;prvProcessReceivedCommands
<LI><a href="#[392]">&gt;&gt;</a>&nbsp;&nbsp;&nbsp;prvProcessExpiredTimer
</UL>

<P><STRONG><a name="[3aa]"></a>prvSampleTimeNow</STRONG> (Thumb, 40 bytes, Stack size 16 bytes, timers.o(i.prvSampleTimeNow))
<BR><BR>[Stack]<UL><LI>Max Depth = 96<LI>Call Chain = prvSampleTimeNow &rArr; prvSwitchTimerLists &rArr; prvProcessExpiredTimer &rArr; prvReloadTimer &rArr; prvInsertTimerInActiveList &rArr; vListInsert
</UL>
<BR>[Calls]<UL><LI><a href="#[1c3]">&gt;&gt;</a>&nbsp;&nbsp;&nbsp;xTaskGetTickCount
<LI><a href="#[3b6]">&gt;&gt;</a>&nbsp;&nbsp;&nbsp;prvSwitchTimerLists
</UL>
<BR>[Called By]<UL><LI><a href="#[3ab]">&gt;&gt;</a>&nbsp;&nbsp;&nbsp;prvProcessTimerOrBlockTask
<LI><a href="#[3a9]">&gt;&gt;</a>&nbsp;&nbsp;&nbsp;prvProcessReceivedCommands
</UL>

<P><STRONG><a name="[3b6]"></a>prvSwitchTimerLists</STRONG> (Thumb, 58 bytes, Stack size 16 bytes, timers.o(i.prvSwitchTimerLists))
<BR><BR>[Stack]<UL><LI>Max Depth = 80<LI>Call Chain = prvSwitchTimerLists &rArr; prvProcessExpiredTimer &rArr; prvReloadTimer &rArr; prvInsertTimerInActiveList &rArr; vListInsert
</UL>
<BR>[Calls]<UL><LI><a href="#[392]">&gt;&gt;</a>&nbsp;&nbsp;&nbsp;prvProcessExpiredTimer
</UL>
<BR>[Called By]<UL><LI><a href="#[3aa]">&gt;&gt;</a>&nbsp;&nbsp;&nbsp;prvSampleTimeNow
</UL>

<P><STRONG><a name="[101]"></a>prvTimerTask</STRONG> (Thumb, 26 bytes, Stack size 8 bytes, timers.o(i.prvTimerTask))
<BR><BR>[Stack]<UL><LI>Max Depth = 152<LI>Call Chain = prvTimerTask &rArr; prvProcessReceivedCommands &rArr; xQueueReceive &rArr; vTaskPlaceOnEventList &rArr; prvAddCurrentTaskToDelayedList &rArr; vListInsert
</UL>
<BR>[Calls]<UL><LI><a href="#[3ab]">&gt;&gt;</a>&nbsp;&nbsp;&nbsp;prvProcessTimerOrBlockTask
<LI><a href="#[3a9]">&gt;&gt;</a>&nbsp;&nbsp;&nbsp;prvProcessReceivedCommands
<LI><a href="#[3de]">&gt;&gt;</a>&nbsp;&nbsp;&nbsp;prvGetNextExpireTime
</UL>
<BR>[Address Reference Count : 1]<UL><LI> timers.o(i.xTimerCreateTimerTask)
</UL>
<P><STRONG><a name="[3e3]"></a>prvHeapInit</STRONG> (Thumb, 88 bytes, Stack size 12 bytes, heap_4.o(i.prvHeapInit))
<BR><BR>[Stack]<UL><LI>Max Depth = 12<LI>Call Chain = prvHeapInit
</UL>
<BR>[Called By]<UL><LI><a href="#[1f8]">&gt;&gt;</a>&nbsp;&nbsp;&nbsp;pvPortMalloc
</UL>

<P><STRONG><a name="[401]"></a>prvInsertBlockIntoFreeList</STRONG> (Thumb, 96 bytes, Stack size 8 bytes, heap_4.o(i.prvInsertBlockIntoFreeList))
<BR><BR>[Stack]<UL><LI>Max Depth = 8<LI>Call Chain = prvInsertBlockIntoFreeList
</UL>
<BR>[Called By]<UL><LI><a href="#[1d4]">&gt;&gt;</a>&nbsp;&nbsp;&nbsp;vPortFree
</UL>

<P><STRONG><a name="[f8]"></a>prvTaskExitError</STRONG> (Thumb, 26 bytes, Stack size 0 bytes, port.o(i.prvTaskExitError))
<BR>[Address Reference Count : 1]<UL><LI> port.o(i.pxPortInitialiseStack)
</UL>
<P><STRONG><a name="[412]"></a>__NVIC_SystemReset</STRONG> (Thumb, 32 bytes, Stack size 0 bytes, ota.o(i.__NVIC_SystemReset))
<BR><BR>[Called By]<UL><LI><a href="#[2b4]">&gt;&gt;</a>&nbsp;&nbsp;&nbsp;verfy_ota_and_mark
</UL>

<P><STRONG><a name="[411]"></a>crc32_full_at</STRONG> (Thumb, 56 bytes, Stack size 12 bytes, ota.o(i.crc32_full_at))
<BR><BR>[Stack]<UL><LI>Max Depth = 12<LI>Call Chain = crc32_full_at
</UL>
<BR>[Called By]<UL><LI><a href="#[2b4]">&gt;&gt;</a>&nbsp;&nbsp;&nbsp;verfy_ota_and_mark
</UL>

<P><STRONG><a name="[2d9]"></a>_fp_digits</STRONG> (Thumb, 366 bytes, Stack size 64 bytes, printfa.o(i._fp_digits), UNUSED)
<BR><BR>[Calls]<UL><LI><a href="#[116]">&gt;&gt;</a>&nbsp;&nbsp;&nbsp;__aeabi_dmul
<LI><a href="#[117]">&gt;&gt;</a>&nbsp;&nbsp;&nbsp;__aeabi_ddiv
<LI><a href="#[110]">&gt;&gt;</a>&nbsp;&nbsp;&nbsp;__aeabi_dadd
<LI><a href="#[12d]">&gt;&gt;</a>&nbsp;&nbsp;&nbsp;__aeabi_cdrcmple
<LI><a href="#[105]">&gt;&gt;</a>&nbsp;&nbsp;&nbsp;__aeabi_uldivmod
<LI><a href="#[121]">&gt;&gt;</a>&nbsp;&nbsp;&nbsp;__aeabi_d2ulz
</UL>
<BR>[Called By]<UL><LI><a href="#[2d5]">&gt;&gt;</a>&nbsp;&nbsp;&nbsp;_printf_core
</UL>

<P><STRONG><a name="[2d5]"></a>_printf_core</STRONG> (Thumb, 1744 bytes, Stack size 136 bytes, printfa.o(i._printf_core), UNUSED)
<BR><BR>[Calls]<UL><LI><a href="#[105]">&gt;&gt;</a>&nbsp;&nbsp;&nbsp;__aeabi_uldivmod
<LI><a href="#[2dc]">&gt;&gt;</a>&nbsp;&nbsp;&nbsp;__aeabi_uidivmod
<LI><a href="#[2da]">&gt;&gt;</a>&nbsp;&nbsp;&nbsp;_printf_pre_padding
<LI><a href="#[2db]">&gt;&gt;</a>&nbsp;&nbsp;&nbsp;_printf_post_padding
<LI><a href="#[2d9]">&gt;&gt;</a>&nbsp;&nbsp;&nbsp;_fp_digits
</UL>
<BR>[Called By]<UL><LI><a href="#[2d6]">&gt;&gt;</a>&nbsp;&nbsp;&nbsp;__0sprintf
<LI><a href="#[2d4]">&gt;&gt;</a>&nbsp;&nbsp;&nbsp;__0snprintf
</UL>

<P><STRONG><a name="[2db]"></a>_printf_post_padding</STRONG> (Thumb, 36 bytes, Stack size 24 bytes, printfa.o(i._printf_post_padding), UNUSED)
<BR><BR>[Called By]<UL><LI><a href="#[2d5]">&gt;&gt;</a>&nbsp;&nbsp;&nbsp;_printf_core
</UL>

<P><STRONG><a name="[2da]"></a>_printf_pre_padding</STRONG> (Thumb, 46 bytes, Stack size 24 bytes, printfa.o(i._printf_pre_padding), UNUSED)
<BR><BR>[Called By]<UL><LI><a href="#[2d5]">&gt;&gt;</a>&nbsp;&nbsp;&nbsp;_printf_core
</UL>

<P><STRONG><a name="[ee]"></a>_snputc</STRONG> (Thumb, 22 bytes, Stack size 0 bytes, printfa.o(i._snputc))
<BR>[Address Reference Count : 1]<UL><LI> printfa.o(i.__0snprintf)
</UL>
<P><STRONG><a name="[ef]"></a>_sputc</STRONG> (Thumb, 10 bytes, Stack size 0 bytes, printfa.o(i._sputc))
<BR><BR>[Called By]<UL><LI><a href="#[2d6]">&gt;&gt;</a>&nbsp;&nbsp;&nbsp;__0sprintf
</UL>
<BR>[Address Reference Count : 1]<UL><LI> printfa.o(i.__0sprintf)
</UL>
<P><STRONG><a name="[11c]"></a>_local_sscanf</STRONG> (Thumb, 54 bytes, Stack size 56 bytes, strtod.o(.text))
<BR><BR>[Stack]<UL><LI>Max Depth = 160<LI>Call Chain = _local_sscanf &rArr; _scanf_real
</UL>
<BR>[Calls]<UL><LI><a href="#[11d]">&gt;&gt;</a>&nbsp;&nbsp;&nbsp;_scanf_real
</UL>
<BR>[Called By]<UL><LI><a href="#[11e]">&gt;&gt;</a>&nbsp;&nbsp;&nbsp;__strtod_int
</UL>

<P><STRONG><a name="[123]"></a>_fp_value</STRONG> (Thumb, 296 bytes, Stack size 64 bytes, scanf_fp.o(.text), UNUSED)
<BR><BR>[Calls]<UL><LI><a href="#[116]">&gt;&gt;</a>&nbsp;&nbsp;&nbsp;__aeabi_dmul
<LI><a href="#[117]">&gt;&gt;</a>&nbsp;&nbsp;&nbsp;__aeabi_ddiv
<LI><a href="#[124]">&gt;&gt;</a>&nbsp;&nbsp;&nbsp;__aeabi_ul2d
</UL>
<BR>[Called By]<UL><LI><a href="#[125]">&gt;&gt;</a>&nbsp;&nbsp;&nbsp;_scanf_really_real
</UL>
<P>
<H3>
Undefined Global Symbols
</H3><HR></body></html>
