<html>
<body>
<pre>
<h1>µVision Build Log</h1>
<h2>Tool Versions:</h2>
IDE-Version: ¦ÌVision V5.38.0.0
Copyright (C) 2022 ARM Ltd and ARM Germany GmbH. All rights reserved.
License Information: A 274392137@qq.com, A, LIC=UJWP0-BV898-TGH7T-RYKS1-5RI7Z-6GXWK
 
Tool Versions:
Toolchain:       MDK-ARM Plus  Version: 5.31.0.0
Toolchain Path:  D:\Keil_v5\ARM\ARMCC\Bin
C Compiler:      Armcc.exe V5.06 update 6 (build 750)
Assembler:       Armasm.exe V5.06 update 6 (build 750)
Linker/Locator:  ArmLink.exe V5.06 update 6 (build 750)
Library Manager: ArmAr.exe V5.06 update 6 (build 750)
Hex Converter:   FromElf.exe V5.06 update 6 (build 750)
CPU DLL:         SARMCM3.DLL V5.31.0.0
Dialog DLL:      DCM.DLL V1.17.3.0
Target DLL:      STLink\ST-LINKIII-KEIL_SWO.dll V3.0.7.0
Dialog DLL:      TCM.DLL V1.46.0.0
 
<h2>Project:</h2>
E:\work\COCBurnIn\Embedded\Laser_coc_V1.0\Laser_coc_V1.0.uvprojx
Project File Date:  12/04/2025

<h2>Output:</h2>
*** Using Compiler 'V5.06 update 6 (build 750)', folder: 'D:\Keil_v5\ARM\ARMCC\Bin'
Rebuild target 'Target 1'
assembling startup_stm32h743xx.s...
compiling os_systick.c...
compiling system_stm32h7xx.c...
compiling core_mqtt.c...
compiling core_mqtt_serializer.c...
compiling core_mqtt_state.c...
compiling clib_arm.c...
compiling PlaintextMQTT.c...
Source\app\PlaintextMQTT.c(415): warning:  #550-D: variable "xNetworkStatus"  was set but never used
  		PlaintextTransportStatus_t xNetworkStatus;
Source\app\PlaintextMQTT.c(417): warning:  #177-D: variable "xMQTTStatus"  was declared but never referenced
  		MQTTStatus_t xMQTTStatus;
Source\app\PlaintextMQTT.c(487): warning:  #550-D: variable "xMQTTStatus"  was set but never used
      MQTTStatus_t xMQTTStatus;
Source\app\PlaintextMQTT.c(567): warning:  #550-D: variable "xResult"  was set but never used
      MQTTStatus_t xResult;
Source\app\PlaintextMQTT.c(639): warning:  #188-D: enumerated type mixed with another type
          xTopicFilterContext[ ulTopicCount ].xSubAckStatus = pucPayload[ ulTopicCount ];
Source\app\PlaintextMQTT.c(626): warning:  #550-D: variable "xResult"  was set but never used
      MQTTStatus_t xResult = MQTTSuccess;
Source\app\PlaintextMQTT.c(647): warning:  #550-D: variable "xResult"  was set but never used
      MQTTStatus_t xResult = MQTTSuccess;
Source\app\PlaintextMQTT.c(751): warning:  #550-D: variable "xResult"  was set but never used
      MQTTStatus_t xResult;
Source\app\PlaintextMQTT.c(783): warning:  #550-D: variable "xResult"  was set but never used
      MQTTStatus_t xResult;
Source\app\PlaintextMQTT.c(258): warning:  #177-D: function "prvMQTTPublishToTopic"  was declared but never referenced
  static void prvMQTTPublishToTopic( MQTTContext_t * pxMQTTContext );
Source\app\PlaintextMQTT.c(781): warning:  #177-D: function "prvMQTTUnsubscribeFromTopic"  was declared but never referenced
  static void prvMQTTUnsubscribeFromTopic( MQTTContext_t * pxMQTTContext )
Source\app\PlaintextMQTT.c: 11 warnings, 0 errors
compiling backoff_algorithm.c...
compiling cmsis_os2.c...
compiling using_plaintext.c...
compiling sockets_wrapper.c...
compiling FreeRTOS_DHCP.c...
compiling FreeRTOS_ARP.c...
compiling stm32h7xx_hal_flash.c...
compiling stm32h7xx_hal_cortex.c...
compiling FreeRTOS_DNS.c...
compiling stm32h7xx_hal_spi_ex.c...
compiling stm32h7xx_hal_pwr.c...
compiling stm32h7xx_hal_rcc_ex.c...
compiling stm32h7xx_hal_tim_ex.c...
compiling stm32h7xx_hal_pwr_ex.c...
compiling ComHandle.c...
compiling stm32h7xx_hal_uart_ex.c...
compiling stm32h7xx_hal_i2c_ex.c...
compiling stm32h7xx_hal_flash_ex.c...
compiling stm32h7xx_hal_gpio.c...
compiling stm32h7xx_hal_spi.c...
compiling stm32h7xx_hal_dma.c...
compiling stm32h7xx_it.c...
compiling stm32h7xx_hal_tim.c...
compiling FreeRTOS_IP.c...
compiling stm32h7xx_hal_rcc.c...
compiling FreeRTOS_TCP_IP.c...
compiling FreeRTOS_Sockets.c...
compiling FreeRTOS_TCP_WIN.c...
Source\component\FreeRTOS-Plus-TCP\FreeRTOS_TCP_WIN.c(317): warning:  #177-D: function "xSequenceGreaterThanOrEqual"  was declared but never referenced
      static portINLINE BaseType_t xSequenceGreaterThanOrEqual( uint32_t a,
Source\component\FreeRTOS-Plus-TCP\FreeRTOS_TCP_WIN.c(357): warning:  #177-D: function "vTCPTimerSet"  was declared but never referenced
      static portINLINE void vTCPTimerSet( TCPTimer_t * pxTimer )
Source\component\FreeRTOS-Plus-TCP\FreeRTOS_TCP_WIN.c(372): warning:  #177-D: function "ulTimerGetAge"  was declared but never referenced
      static portINLINE uint32_t ulTimerGetAge( const TCPTimer_t * pxTimer )
Source\component\FreeRTOS-Plus-TCP\FreeRTOS_TCP_WIN.c: 3 warnings, 0 errors
compiling FreeRTOS_UDP_IP.c...
compiling FreeRTOS_DNS_Callback.c...
compiling FreeRTOS_Stream_Buffer.c...
compiling stm32h7xx_hal_dma_ex.c...
compiling stm32h7xx_hal.c...
compiling FreeRTOS_BitConfig.c...
compiling stm32h7xx_hal_i2c.c...
compiling FreeRTOS_DNS_Cache.c...
compiling FreeRTOS_DHCPv6.c...
compiling FreeRTOS_DNS_Parser.c...
compiling stm32h7xx_hal_uart.c...
compiling FreeRTOS_DNS_Networking.c...
compiling FreeRTOS_IP_Utils.c...
compiling FreeRTOS_IPv4.c...
Source\component\FreeRTOS-Plus-TCP\FreeRTOS_IPv4.c(85): warning:  #191-D: type qualifier is meaningless on cast type
          const IPPacket_t * const pxIPPacket = ( ( const IPPacket_t * const ) pvEthernetBuffer );
Source\component\FreeRTOS-Plus-TCP\FreeRTOS_IPv4.c: 1 warning, 0 errors
compiling FreeRTOS_ICMP.c...
compiling FreeRTOS_IP_Timers.c...
compiling FreeRTOS_IPv4_Sockets.c...
compiling FunctionSet.c...
Source\app\FunctionSet.c(449): warning:  #177-D: variable "vol_int16"  was declared but never referenced
  	int16_t  vol_int16 = 0;
Source\app\FunctionSet.c(450): warning:  #177-D: variable "cur_int16"  was declared but never referenced
  	int16_t  cur_int16 = 0;
Source\app\FunctionSet.c(493): warning:  #177-D: variable "pd_int16"  was declared but never referenced
  	int16_t  pd_int16 = 0;
Source\app\FunctionSet.c(494): warning:  #177-D: variable "mpd_int16"  was declared but never referenced
  	int16_t  mpd_int16 = 0;
Source\app\FunctionSet.c: 4 warnings, 0 errors
compiling FreeRTOS_IPv6.c...
compiling main.c...
compiling EthernetTCPIP.c...
Source\app\EthernetTCPIP.c(179): warning:  #177-D: variable "pcSuccess"  was declared but never referenced
      static const uint8_t * pcSuccess = ( uint8_t * ) "Ping reply received - ";
Source\app\EthernetTCPIP.c(180): warning:  #177-D: variable "pcInvalidChecksum"  was declared but never referenced
      static const uint8_t * pcInvalidChecksum = ( uint8_t * ) "Ping reply received with invalid checksum - ";
Source\app\EthernetTCPIP.c(181): warning:  #177-D: variable "pcInvalidData"  was declared but never referenced
      static const uint8_t * pcInvalidData = ( uint8_t * ) "Ping reply received with invalid data - ";
Source\app\EthernetTCPIP.c: 3 warnings, 0 errors
compiling FreeRTOS_IPv6_Sockets.c...
compiling FreeRTOS_IPv4_Utils.c...
compiling FreeRTOS_ND.c...
compiling stm32h7xx_hal_msp.c...
compiling FreeRTOS_RA.c...
compiling FreeRTOS_TCP_Reception.c...
compiling FreeRTOS_TCP_State_Handling_IPv4.c...
compiling CommandFrame.c...
compiling FreeRTOS_TCP_IP_IPv6.c...
compiling FreeRTOS_TCP_IP_IPv4.c...
compiling FreeRTOS_IPv6_Utils.c...
compiling FreeRTOS_TCP_State_Handling.c...
compiling CommandFrame_1.c...
compiling croutine.c...
compiling event_groups.c...
compiling FreeRTOS_TCP_Utils_IPv4.c...
compiling FreeRTOS_TCP_Transmission_IPv6.c...
compiling MessagePass.c...
compiling list.c...
compiling FreeRTOS_Routing.c...
compiling FreeRTOS_TCP_Utils.c...
compiling phyHandling.c...
compiling FreeRTOS_TCP_Transmission_IPv4.c...
compiling BufferAllocation_2.c...
compiling PID.c...
compiling FreeRTOS_TCP_Transmission.c...
compiling FreeRTOS_UDP_IPv6.c...
compiling retarget_io.c...
compiling FreeRTOS_UDP_IPv4.c...
compiling FreeRTOS_Tiny_TCP.c...
compiling FreeRTOS_TCP_Utils_IPv6.c...
compiling FreeRTOS_TCP_State_Handling_IPv6.c...
compiling ControlParam.c...
compiling queue.c...
compiling stream_buffer.c...
compiling tasks.c...
compiling timers.c...
compiling heap_4.c...
compiling port.c...
compiling stm32h7xx_hal_eth_ex.c...
compiling ota.c...
Source\middle\OTA\src\ota.c(28): warning:  #1254-D: arithmetic on pointer to void or function type
  	memcpy(m, (void *)Flage_PAGE_ADDR, sizeof(*m));    
Source\middle\OTA\src\ota.c: 1 warning, 0 errors
compiling stm32h7xx_hal_eth.c...
compiling Driver_Uart.c...
compiling TCA9548.c...
compiling EmbeddedFlashMemory.c...
compiling TMP112.c...
compiling SGM5348.c...
compiling ADS1115.c...
compiling AT24CM01.c...
compiling Driver_I2C.c...
compiling TCA9535.c...
compiling NetworkInterface.c...
Source\component\NetworkInterface\NetworkInterface.c(619): warning:  #191-D: type qualifier is meaningless on cast type
          const EthernetHeader_t * const pxEthHeader = ( const EthernetHeader_t * const ) pxDescriptor->pucEthernetBuffer;
Source\component\NetworkInterface\NetworkInterface.c(624): warning:  #191-D: type qualifier is meaningless on cast type
                  const IPPacket_t * const pxIPPacket = ( const IPPacket_t * const ) pxDescriptor->pucEthernetBuffer;
Source\component\NetworkInterface\NetworkInterface.c(629): warning:  #191-D: type qualifier is meaningless on cast type
                          ICMPPacket_t * const pxICMPPacket = ( ICMPPacket_t * const ) pxDescriptor->pucEthernetBuffer;
Source\component\NetworkInterface\NetworkInterface.c(2037): warning:  #940-D: missing return statement at end of non-void function "pxFillInterfaceDescriptor" 
      }
Source\component\NetworkInterface\NetworkInterface.c: 4 warnings, 0 errors
linking...
Program Size: Code=143860 RO-data=2972 RW-data=784 ZI-data=165264  
After Build - User command #1: fromelf.exe --bin -o "E:\work\COCBurnIn\Embedded\Laser_coc_V1.0\Objects\Laser_coc_V1.bin" "E:\work\COCBurnIn\Embedded\Laser_coc_V1.0\Objects\Laser_coc_V1.0"
".\Objects\Laser_coc_V1.0" - 0 Error(s), 27 Warning(s).

<h2>Software Packages used:</h2>

Package Vendor: Keil
                http://www.keil.com/pack/Keil.ARM_Compiler.1.6.3.pack
                Keil.ARM_Compiler.1.6.3
                Keil ARM Compiler extensions for ARM Compiler 5 and ARM Compiler 6
   * Component: STDERR Variant: Breakpoint Version: 1.2.0

Package Vendor: Keil
                https://www.keil.com/pack/Keil.STM32H7xx_DFP.4.0.0.pack
                Keil.STM32H7xx_DFP.4.0.0
                STMicroelectronics STM32H7 Series Device Support

<h2>Collection of Component include folders:</h2>
  ./RTE/_Target_1

<h2>Collection of Component Files used:</h2>

   * Component: Keil.ARM Compiler::Compiler:I/O:STDERR:Breakpoint:1.2.0
      Source file:   Source/retarget_io.c
Build Time Elapsed:  00:00:23
</pre>
</body>
</html>
